OnePlus android 6.0

在锁屏后CodeAlarmReceiver & XmlAlarmReceiver & XmlAlarmRepeatingReceiver都按照1分钟一次运行

锁屏时间
06-16 19:53:25.805  1412  1412 E OnePlusProcessManager: mScreenStateReceiver: action=android.intent.action.SCREEN_OFF

解屏时间 
06-16 20:04:26.863  1412  1412 E OnePlusProcessManager: mScreenStateReceiver: action=android.intent.action.SCREEN_ON

其中 uiCount bgCount 在下面的时间点开始受CPU休眠影响间接输出日志
06-16 19:53:33.599 26242 26242 D BgTest  : uiCount 128
06-16 19:53:43.326 26242 26242 D BgTest  : uiCount 129
06-16 19:53:47.639 26242 26242 D BgTest  : uiCount 130

CodeAlarmReceiver每分钟规律输出日志如下：
06-16 19:52:25.235 26242 26242 D com.sodino.postdelay.CodeAlarmReceiver: onReceive code 2017-06-16 19:52:25.234
06-16 19:53:26.997 26242 26242 D com.sodino.postdelay.CodeAlarmReceiver: onReceive code 2017-06-16 19:53:26.997
06-16 19:54:27.000 26242 26242 D com.sodino.postdelay.CodeAlarmReceiver: onReceive code 2017-06-16 19:54:27.000
06-16 19:55:27.009 26242 26242 D com.sodino.postdelay.CodeAlarmReceiver: onReceive code 2017-06-16 19:55:27.007
06-16 19:56:27.016 26242 26242 D com.sodino.postdelay.CodeAlarmReceiver: onReceive code 2017-06-16 19:56:27.015
06-16 19:57:27.025 26242 26242 D com.sodino.postdelay.CodeAlarmReceiver: onReceive code 2017-06-16 19:57:27.023
06-16 19:58:27.033 26242 26242 D com.sodino.postdelay.CodeAlarmReceiver: onReceive code 2017-06-16 19:58:27.032
06-16 19:59:27.039 26242 26242 D com.sodino.postdelay.CodeAlarmReceiver: onReceive code 2017-06-16 19:59:27.038
06-16 20:00:27.155 26242 26242 D com.sodino.postdelay.CodeAlarmReceiver: onReceive code 2017-06-16 20:00:27.154
06-16 20:01:27.162 26242 26242 D com.sodino.postdelay.CodeAlarmReceiver: onReceive code 2017-06-16 20:01:27.161
06-16 20:02:27.171 26242 26242 D com.sodino.postdelay.CodeAlarmReceiver: onReceive code 2017-06-16 20:02:27.170
06-16 20:03:27.180 26242 26242 D com.sodino.postdelay.CodeAlarmReceiver: onReceive code 2017-06-16 20:03:27.179
06-16 20:04:27.190 26242 26242 D com.sodino.postdelay.CodeAlarmReceiver: onReceive code 2017-06-16 20:04:27.190


XmlAlarmReceiver每分钟规律输出日志如下：
06-16 19:52:24.241 26242 26242 D com.sodino.postdelay.XmlAlarmReceiver: onReceive xml 2017-06-16 19:52:24.240
06-16 19:53:24.257 26242 26242 D com.sodino.postdelay.XmlAlarmReceiver: onReceive xml 2017-06-16 19:53:24.256
06-16 19:54:24.271 26242 26242 D com.sodino.postdelay.XmlAlarmReceiver: onReceive xml 2017-06-16 19:54:24.269
06-16 19:55:24.289 26242 26242 D com.sodino.postdelay.XmlAlarmReceiver: onReceive xml 2017-06-16 19:55:24.289
06-16 19:56:24.302 26242 26242 D com.sodino.postdelay.XmlAlarmReceiver: onReceive xml 2017-06-16 19:56:24.301
06-16 19:57:24.317 26242 26242 D com.sodino.postdelay.XmlAlarmReceiver: onReceive xml 2017-06-16 19:57:24.316
06-16 19:58:24.324 26242 26242 D com.sodino.postdelay.XmlAlarmReceiver: onReceive xml 2017-06-16 19:58:24.324
06-16 19:59:24.331 26242 26242 D com.sodino.postdelay.XmlAlarmReceiver: onReceive xml 2017-06-16 19:59:24.331
06-16 20:00:24.345 26242 26242 D com.sodino.postdelay.XmlAlarmReceiver: onReceive xml 2017-06-16 20:00:24.344
06-16 20:01:24.356 26242 26242 D com.sodino.postdelay.XmlAlarmReceiver: onReceive xml 2017-06-16 20:01:24.355
06-16 20:02:25.623 26242 26242 D com.sodino.postdelay.XmlAlarmReceiver: onReceive xml 2017-06-16 20:02:25.622
06-16 20:03:25.637 26242 26242 D com.sodino.postdelay.XmlAlarmReceiver: onReceive xml 2017-06-16 20:03:25.636
06-16 20:04:25.686 26242 26242 D com.sodino.postdelay.XmlAlarmReceiver: onReceive xml 2017-06-16 20:04:25.686

XmlAlarmRepeatingReceiver每分钟规律输出日志如下：
06-16 19:53:05.395 26242 26242 D com.sodino.postdelay.XmlAlarmRepeatingReceiver: onReceive xml.repating 2017-06-16 19:53:05.394
06-16 19:53:28.432 26242 26242 D com.sodino.postdelay.XmlAlarmRepeatingReceiver: onReceive xml.repating 2017-06-16 19:53:28.430
06-16 19:54:29.604 26242 26242 D com.sodino.postdelay.XmlAlarmRepeatingReceiver: onReceive xml.repating 2017-06-16 19:54:29.602
06-16 19:55:30.713 26242 26242 D com.sodino.postdelay.XmlAlarmRepeatingReceiver: onReceive xml.repating 2017-06-16 19:55:30.712
06-16 19:56:31.818 26242 26242 D com.sodino.postdelay.XmlAlarmRepeatingReceiver: onReceive xml.repating 2017-06-16 19:56:31.818
06-16 19:57:32.916 26242 26242 D com.sodino.postdelay.XmlAlarmRepeatingReceiver: onReceive xml.repating 2017-06-16 19:57:32.916
06-16 19:58:36.687 26242 26242 D com.sodino.postdelay.XmlAlarmRepeatingReceiver: onReceive xml.repating 2017-06-16 19:58:36.686
06-16 19:59:38.631 26242 26242 D com.sodino.postdelay.XmlAlarmRepeatingReceiver: onReceive xml.repating 2017-06-16 19:59:38.631
06-16 20:00:40.632 26242 26242 D com.sodino.postdelay.XmlAlarmRepeatingReceiver: onReceive xml.repating 2017-06-16 20:00:40.632
06-16 20:01:42.643 26242 26242 D com.sodino.postdelay.XmlAlarmRepeatingReceiver: onReceive xml.repating 2017-06-16 20:01:42.642
06-16 20:03:02.652 26242 26242 D com.sodino.postdelay.XmlAlarmRepeatingReceiver: onReceive xml.repating 2017-06-16 20:03:02.651
06-16 20:03:28.545 26242 26242 D com.sodino.postdelay.XmlAlarmRepeatingReceiver: onReceive xml.repating 2017-06-16 20:03:28.544



--------- beginning of main
06-16 19:51:23.067  9561  9717 I tnet-jni: 1185 - [SpdySessionCallBack.putSSLMeta] - org.android.spdy.SpdySession@e0e019d
06-16 19:51:23.068  9561  9717 I tnet-jni: 1185 - [spdyStreamResponseRecv] - 
06-16 19:51:23.068  9561  9717 I tnet-jni: 1185 - [SpdySessionCallBack.spdyOnStreamResponse] - org.android.spdy.SpdySession@e0e019d
06-16 19:51:23.073  9561  9717 I tnet-jni: 1185 - [spdyStreamCloseCallback] - 
06-16 19:51:23.073  9561  9717 I tnet-jni: 1185 - [SpdySessionCallBack.spdyStreamCloseCallback] - org.android.spdy.SpdySession@e0e019d
06-16 19:51:23.073  9561  9717 I tnet-jni: 1185 - index=1    endtime=1497608483073
06-16 19:51:23.107  9561  9717 I tnet-jni: 1185 - [spdyCustomControlFrameRecvCallback] - 
06-16 19:51:23.108  9561  9717 I tnet-jni: 1185 - [SpdySessionCallBack.spdyCustomControlFrameRecvCallback] - org.android.spdy.SpdySession@e0e019d
06-16 19:51:23.127  9561  9719 I tnet-jni: 1186 - [sendCustomControlFrame] - type: 200
06-16 19:51:23.150   451   451 W auditd  : type=1400 "StartThread""s1302""proc"
06-16 19:51:23.151   451   451 W auditd  : type=1400 "StartThread""touchpanel""proc"
06-16 19:51:23.151   451   451 W auditd  : type=1400 "StartThread""cmdline""proc"
06-16 19:51:23.165   451   451 W auditd  : type=1400 "StartThread""429""proc"
06-16 19:51:23.167   451   451 W auditd  : type=1400 "StartThread""452""proc"
06-16 19:51:23.167   451   451 W auditd  : type=1400 "StartThread""514""proc"
06-16 19:51:23.167   451   451 W auditd  : type=1400 "StartThread""515""proc"
06-16 19:51:23.168   451   451 W auditd  : type=1400 "StartThread""516""proc"
06-16 19:51:23.168   451   451 W auditd  : type=1400 "StartThread""517""proc"
06-16 19:51:23.168   451   451 W auditd  : type=1400 "StartThread""518""proc"
06-16 19:51:23.168   451   451 W auditd  : type=1400 "StartThread""521""proc"
06-16 19:51:23.169   451   451 W auditd  : type=1400 "StartThread""527""proc"
06-16 19:51:23.170   451   451 W auditd  : type=1400 "StartThread""529""proc"
06-16 19:51:23.170   451   451 W auditd  : type=1400 "StartThread""531""proc"
06-16 19:51:23.170   451   451 W auditd  : type=1400 "StartThread""567""proc"
06-16 19:51:23.178   451   451 W auditd  : type=1400 "StartThread""588""proc"
06-16 19:51:23.179   451   451 W auditd  : type=1400 "StartThread""594""proc"
06-16 19:51:23.179   451   451 W auditd  : type=1400 "StartThread""cmdline""proc"
06-16 19:51:23.179   451   451 W auditd  : type=1400 "StartThread""cmdline""proc"
06-16 19:51:23.180   451   451 W auditd  : type=1400 "StartThread""820""proc"
06-16 19:51:23.438 15447 27039 D MLog    :  response = {"code":2,"token":"3e5441f1bb91ee62882be83814057a12","reason":"invalid version"}
06-16 19:51:23.439 15447 27039 D MLog    :  bind token failed 
06-16 19:51:23.757 10685 10715 I EventController: handleEvent msg.what = 13002 refs = null
06-16 19:51:23.760 26249 26286 I EventController: handleEvent msg.what = 13002 refs = null
06-16 19:51:23.760 10872 10901 I EventController: handleEvent msg.what = 13002 refs = null
06-16 19:51:23.760 10780 10810 I EventController: handleEvent msg.what = 13002 refs = null
06-16 19:51:23.761 10692 10721 I EventController: handleEvent msg.what = 13002 refs = [java.lang.ref.WeakReference@63c0fa9]
--------- beginning of system
06-16 19:51:23.935  1412  1886 V AlarmManager: Triggering alarm #0: Alarm{87de3ac type 0 when 1497608483936 com.ss.android.article.news}operation =Intent { act=com.huawei.intent.action.PUSH_OFF pkg=com.ss.android.article.news (has extras) }
06-16 19:51:23.949  9561  9561 I PushLogSC2815_news: [main-1]enter PushService:onDestroy(), needExitService is:true(news/null:-1)
06-16 19:51:24.089   825  1791 D audio_hw_primary: out_standby: enter: stream (0xf2b3c380) usecase(1: low-latency-playback)
06-16 19:51:24.121 10685 10715 I EventController: handleEvent msg.what = 1205 refs = [java.lang.ref.WeakReference@9d860e7]
06-16 19:51:24.124 10872 10901 I EventController: handleEvent msg.what = 1205 refs = null
06-16 19:51:24.125 26249 26286 I EventController: handleEvent msg.what = 1205 refs = null
06-16 19:51:24.126 10780 10810 I EventController: handleEvent msg.what = 1205 refs = null
06-16 19:51:24.125 10692 10721 I EventController: handleEvent msg.what = 1205 refs = null
06-16 19:51:24.127   825  1791 D audio_hw_primary: disable_audio_route: reset and update mixer path: low-latency-playback quat_i2s
06-16 19:51:24.130   825  1791 D soundtrigger: audio_extn_sound_trigger_update_stream_status: uc_id 1 of type 0 for Event 2, with Raise=0
06-16 19:51:24.130   825  1791 D hardware_info: hw_info_append_hw_type : device_name = speaker
06-16 19:51:24.130   825  1791 D audio_hw_primary: disable_snd_device: snd_device(2: speaker)
06-16 19:51:24.133   825  1791 D aud_dev_arbi: releaseOneDevice: not sending command, device argument (2) does not match any registered device
06-16 19:51:24.133   825  1791 D aud_dev_arbi: releaseOneDevice: device 2 owner is 0
06-16 19:51:24.133   825  1791 I soundtrigger: audio_extn_sound_trigger_update_device_status: device 0x2 of type 0 for Event 0, with Raise=0
06-16 19:51:24.194   451   451 W auditd  : type=1400 "StartThread""s1302""proc"
06-16 19:51:24.194   451   451 W auditd  : type=1400 "StartThread""touchpanel""proc"
06-16 19:51:24.196   451   451 W auditd  : type=1400 "StartThread""cmdline""proc"
06-16 19:51:24.209   825  1912 D APM::AudioPolicyManager: getOutput() device 2, stream 1, samplingRate 0, format 0, channelMask 3, flags 0
06-16 19:51:24.209   825  1912 D AudioPolicyManagerCustom: getOutput() The last flag  8
06-16 19:51:24.209   825  1912 D AudioPolicyManagerCustom: getOutputForDevice() returns output 6
06-16 19:51:24.212   825 31196 D APM::AudioPolicyManager: getOutput() device 2, stream 1, samplingRate 0, format 0, channelMask 3, flags 0
06-16 19:51:24.212   825 31196 D AudioPolicyManagerCustom: getOutput() The last flag  8
06-16 19:51:24.212   825 31196 D AudioPolicyManagerCustom: getOutputForDevice() returns output 6
06-16 19:51:24.213   825  1787 D APM::AudioPolicyManager: startOutput() output 2, stream 1, session 369
06-16 19:51:24.213   825  1787 D AudioPolicyManagerCustom: getNewOutputDevice() selected device 2
06-16 19:51:24.213   825  1787 D APM::AudioPolicyManager: setOutputDevice() device 0002 delayMs 0
06-16 19:51:24.214   825  1791 D audio_hw_primary: out_set_parameters: enter: usecase(1: low-latency-playback) kvpairs: routing=2
06-16 19:51:24.214   825  1791 D audio_hw_extn: audio_extn_set_anc_parameters: anc_enabled:0
06-16 19:51:24.215   825  1791 D audio_hw_spkr_prot: audio_extn_fbsp_set_parameters: Speaker protection disabled
06-16 19:51:24.215   825  1787 D APM::AudioPolicyManager: startOutput()--
06-16 19:51:24.217   451   451 W auditd  : type=1400 "StartThread""429""proc"
06-16 19:51:24.217   451   451 W auditd  : type=1400 "StartThread""452""proc"
06-16 19:51:24.217   451   451 W auditd  : type=1400 "StartThread""514""proc"
06-16 19:51:24.217   451   451 W auditd  : type=1400 "StartThread""515""proc"
06-16 19:51:24.218   451   451 W auditd  : type=1400 "StartThread""516""proc"
06-16 19:51:24.218   451   451 W auditd  : type=1400 "StartThread""517""proc"
06-16 19:51:24.218   451   451 W auditd  : type=1400 "StartThread""518""proc"
06-16 19:51:24.218   451   451 W auditd  : type=1400 "StartThread""521""proc"
06-16 19:51:24.218   451   451 W auditd  : type=1400 "StartThread""527""proc"
06-16 19:51:24.218   451   451 W auditd  : type=1400 "StartThread""529""proc"
06-16 19:51:24.218   451   451 W auditd  : type=1400 "StartThread""531""proc"
06-16 19:51:24.218   451   451 W auditd  : type=1400 "StartThread""567""proc"
06-16 19:51:24.218   451   451 W auditd  : type=1400 "StartThread""588""proc"
06-16 19:51:24.218   451   451 W auditd  : type=1400 "StartThread""594""proc"
06-16 19:51:24.219   451   451 W auditd  : type=1400 "StartThread""cmdline""proc"
06-16 19:51:24.219   451   451 W auditd  : type=1400 "StartThread""cmdline""proc"
06-16 19:51:24.219   451   451 W auditd  : type=1400 "StartThread""820""proc"
06-16 19:51:24.224 26242 26242 D com.sodino.postdelay.TestAlarmService: onCreate()
06-16 19:51:24.225 26242 26242 D com.sodino.postdelay.TestAlarmService: registerXmlAlarmRepeating()
06-16 19:51:24.225   825  1791 D audio_hw_primary: start_output_stream: enter: stream(0xf2b3c380)usecase(1: low-latency-playback) devices(0x2)
06-16 19:51:24.227   825  1791 D audio_hw_primary: select_devices: out_snd_device(2: speaker) in_snd_device(0: )
06-16 19:51:24.227   825  1791 I msm8974_platform: platform_check_and_set_codec_backend_cfg: Usecase bitwidth 16, samplerate 48000
06-16 19:51:24.227   825  1791 I msm8974_platform: platform_check_and_set_codec_backend_cfg: new_snd_devices[0] is 2
06-16 19:51:24.228   825  1791 I msm8974_platform: platform_check_codec_backend_cfg Codec selected backend: 0 current bit width: 16 and sample rate: 48000
06-16 19:51:24.228   825  1791 D msm8974_platform: platform_check_codec_backend_cfg: resetting sample_rate back to default, backend_idx: 0
06-16 19:51:24.228   825  1791 I msm8974_platform: platform_check_codec_backend_cfg Codec selected backend: 0 updated bit width: 16 and sample rate: 48000
06-16 19:51:24.228   825  1791 D hardware_info: hw_info_append_hw_type : device_name = speaker
06-16 19:51:24.228   825  1791 D audio_hw_primary: enable_snd_device: snd_device(2: speaker)
06-16 19:51:24.228   825  1791 I soundtrigger: audio_extn_sound_trigger_update_device_status: device 0x2 of type 0 for Event 1, with Raise=0
06-16 19:51:24.228   825  1791 D aud_dev_arbi: acquireOneDevice: device owner for device 2 is 1
06-16 19:51:24.229 26242 26242 D com.sodino.postdelay.TestAlarmService: registerXmlAlarm()
06-16 19:51:24.232 26242 26242 D com.sodino.postdelay.TestAlarmService: Schedule intentXml alarm at 2017-06-16 19:52:24.230
06-16 19:51:24.232 26242 26242 D com.sodino.postdelay.TestAlarmService: Alarm scheule using setExactAndAllowWhileIdle
06-16 19:51:24.233  3603  3609 E ANDR-PERF-RESOURCEQS: Failed to apply optimization [4, 0]
06-16 19:51:24.237 26242 26242 D com.sodino.postdelay.TestAlarmService: Schedule intentCode alarm at 2017-06-16 19:52:24.236
06-16 19:51:24.237 26242 26242 D com.sodino.postdelay.TestAlarmService: Alarm scheule using setExactAndAllowWhileIdle
06-16 19:51:24.238   825  1791 I audio_hw_primary: select_devices Selected apptype: 69937
06-16 19:51:24.238   825  1791 D soundtrigger: audio_extn_sound_trigger_update_stream_status: uc_id 1 of type 0 for Event 3, with Raise=0
06-16 19:51:24.238   825  1791 I audio_hw_utils: audio_extn_utils_send_app_type_cfg PLAYBACK app_type 69937, acdb_dev_id 15, sample_rate 48000
06-16 19:51:24.239   825  1791 D ACDB-LOADER: ACDB -> send_audio_cal, acdb_id = 15, path = 0, app id = 0x11131, sample rate = 48000
06-16 19:51:24.239   825  1791 D ACDB-LOADER: ACDB -> AUDIO_SET_VOL_CAL cal type = 12
06-16 19:51:24.239   825  1791 D ACDB-LOADER: ACDB -> audstrm_cal->cal_type.cal_data.cal_size = 16
06-16 19:51:24.239   825  1791 D ACDB-LOADER: ACDB -> GET_AFE_TOPOLOGY_ID for adcd_id 15, Topology Id 1025e
06-16 19:51:24.239   825  1791 D ACDB-LOADER: ACDB -> send_hw_delay : acdb_id = 15 path = 0
06-16 19:51:24.239   825  1791 D audio_hw_primary: enable_audio_route: apply mixer and update path: low-latency-playback quat_i2s
06-16 19:51:24.240   825  1791 D audio_hw_primary: select_devices: done
06-16 19:51:24.243   825  1791 D msm8974_platform: platform_set_channel_map mixer_ctl_name:Playback Channel Map15
06-16 19:51:24.243   825  1791 D msm8974_platform: platform_set_channel_map: set mapping(1 2 0 0 0 0 0 0) for channel:2
06-16 19:51:24.292   825  1791 D audio_hw_primary: start_output_stream: exit
06-16 19:51:24.315   825  1791 D AudioFlinger: mixer(0xf1f00000) throttle end: throttle time(10)
06-16 19:51:24.538   825  1787 D APM::AudioPolicyManager: stopOutput() output 2, stream 1, session 369
06-16 19:51:24.538   825  1787 D AudioPolicyManagerCustom: getNewOutputDevice() selected device 0
06-16 19:51:24.539   825  1787 D APM::AudioPolicyManager: setOutputDevice() device 0000 delayMs 96
06-16 19:51:24.963  9561  9561 W Performance: More than 500 ms to handle , msg.target = Handler (android.app.ActivityThread$H) {9743edd} , msg.callback = null, msg.what = 116 , takenTime = 1013 , startTime = 146007777
06-16 19:51:24.982  1966  1966 W ProcessCpuTracker: Skipping unknown process pid 27104
06-16 19:51:25.203   451   451 W auditd  : type=1400 "FloatingWindow-""1005""proc"
06-16 19:51:25.203   451   451 W auditd  : type=1400 "FloatingWindow-""1016""proc"
06-16 19:51:25.205   451   451 W auditd  : type=1400 "FloatingWindow-""1022""proc"
06-16 19:51:25.205   451   451 W auditd  : type=1400 "FloatingWindow-""1032""proc"
06-16 19:51:25.205   451   451 W auditd  : type=1400 "FloatingWindow-""1412""proc"
06-16 19:51:25.205   451   451 W auditd  : type=1400 "FloatingWindow-""1951""proc"
06-16 19:51:25.205   451   451 W auditd  : type=1400 "FloatingWindow-""1966""proc"
06-16 19:51:25.205   451   451 W auditd  : type=1400 "FloatingWindow-""2096""proc"
06-16 19:51:25.205   451   451 W auditd  : type=1400 "FloatingWindow-""2273""proc"
06-16 19:51:25.205   451   451 W auditd  : type=1400 "FloatingWindow-""2580""proc"
06-16 19:51:25.205   451   451 W auditd  : type=1400 "FloatingWindow-""2585""proc"
06-16 19:51:25.205   451   451 W auditd  : type=1400 "FloatingWindow-""2594""proc"
06-16 19:51:25.205   451   451 W auditd  : type=1400 "FloatingWindow-""2611""proc"
06-16 19:51:25.205   451   451 W auditd  : type=1400 "FloatingWindow-""2621""proc"
06-16 19:51:25.206   451   451 W auditd  : type=1400 "FloatingWindow-""2630""proc"
06-16 19:51:25.206   451   451 W auditd  : type=1400 "FloatingWindow-""2645""proc"
06-16 19:51:25.206   451   451 W auditd  : type=1400 "FloatingWindow-""2653""proc"
06-16 19:51:25.206   451   451 W auditd  : type=1400 "FloatingWindow-""2660""proc"
06-16 19:51:25.206   451   451 W auditd  : type=1400 "FloatingWindow-""2667""proc"
06-16 19:51:25.206   451   451 W auditd  : type=1400 "FloatingWindow-""2674""proc"
06-16 19:51:25.214 26242 26242 D BgTest  : uiCount 0
06-16 19:51:25.217 26242 27124 D BgTest  : bgCount 0
06-16 19:51:26.014  1412  1905 D ConnectivityService: handlePromptUnvalidated 404
06-16 19:51:26.019  1412  1905 D ConnectivityService: handlePromptUnvalidated mIsCaptivePortalCheckEnabled false
06-16 19:51:26.210 25700 26705 I DpmTcmClient: RegisterTcmMonitor from: com.android.okhttp.TcmIdleTimerMonitor
06-16 19:51:26.216 26242 26242 D BgTest  : uiCount 1
06-16 19:51:26.218 26242 27124 D BgTest  : bgCount 1
06-16 19:51:26.240   451   451 W auditd  : type=1400 "StartThread""s1302""proc"
06-16 19:51:26.240   451   451 W auditd  : type=1400 "StartThread""touchpanel""proc"
06-16 19:51:26.240   451   451 W auditd  : type=1400 "StartThread""cmdline""proc"
06-16 19:51:26.248   451   451 W auditd  : type=1400 "StartThread""429""proc"
06-16 19:51:26.249   451   451 W auditd  : type=1400 "StartThread""452""proc"
06-16 19:51:26.249   451   451 W auditd  : type=1400 "StartThread""514""proc"
06-16 19:51:26.249   451   451 W auditd  : type=1400 "StartThread""515""proc"
06-16 19:51:26.249   451   451 W auditd  : type=1400 "StartThread""516""proc"
06-16 19:51:26.249   451   451 W auditd  : type=1400 "StartThread""517""proc"
06-16 19:51:26.250   451   451 W auditd  : type=1400 "StartThread""518""proc"
06-16 19:51:26.250   451   451 W auditd  : type=1400 "StartThread""521""proc"
06-16 19:51:26.250   451   451 W auditd  : type=1400 "StartThread""527""proc"
06-16 19:51:26.250   451   451 W auditd  : type=1400 "StartThread""529""proc"
06-16 19:51:26.250   451   451 W auditd  : type=1400 "StartThread""531""proc"
06-16 19:51:26.251   451   451 W auditd  : type=1400 "StartThread""567""proc"
06-16 19:51:26.251   451   451 W auditd  : type=1400 "StartThread""588""proc"
06-16 19:51:26.257   451   451 W auditd  : type=1400 "StartThread""594""proc"
06-16 19:51:26.257   451   451 W auditd  : type=1400 "StartThread""cmdline""proc"
06-16 19:51:26.258   451   451 W auditd  : type=1400 "StartThread""cmdline""proc"
06-16 19:51:26.258   451   451 W auditd  : type=1400 "StartThread""820""proc"
06-16 19:51:26.722 10685 10715 I EventController: handleEvent msg.what = 13002 refs = null
06-16 19:51:26.724 10692 10721 I EventController: handleEvent msg.what = 13002 refs = [java.lang.ref.WeakReference@63c0fa9]
06-16 19:51:26.726 26249 26286 I EventController: handleEvent msg.what = 13002 refs = null
06-16 19:51:26.726 10872 10901 I EventController: handleEvent msg.what = 13002 refs = null
06-16 19:51:26.727 10780 10810 I EventController: handleEvent msg.what = 13002 refs = null
06-16 19:51:26.917 24277 24339 D UTAnalytics:CleanTask: pid:24277 clean TimeoutEvent,
06-16 19:51:26.968 24277 24339 D UTAnalytics:CommitTask: pid:24277 check&commit event:65133,
06-16 19:51:26.968 24277 24376 D UTAnalytics:CommitTask: pid:24277 check&commit event:65501,
06-16 19:51:26.968 24277 24339 D UTAnalytics:CommitTask: pid:24277 next:65133,
06-16 19:51:26.968 24277 24376 D UTAnalytics:CommitTask: pid:24277 next:65501,
06-16 19:51:26.969 24277 24339 D UTAnalytics:CommitTask: pid:24277 check&commit event:65502,
06-16 19:51:26.969 24277 24376 D UTAnalytics:CommitTask: pid:24277 check&commit event:65503,
06-16 19:51:26.969 24277 24339 D UTAnalytics:CommitTask: pid:24277 next:65502,
06-16 19:51:26.969 24277 24376 D UTAnalytics:CommitTask: pid:24277 next:65503,
06-16 19:51:26.989  1966  1966 W ProcessCpuTracker: Skipping unknown process pid 27164
06-16 19:51:27.124 10685 10715 I EventController: handleEvent msg.what = 1206 refs = [java.lang.ref.WeakReference@851d494]
06-16 19:51:27.134 10872 10901 I EventController: handleEvent msg.what = 1206 refs = null
06-16 19:51:27.135 10692 10721 I EventController: handleEvent msg.what = 1206 refs = null
06-16 19:51:27.135 26249 26286 I EventController: handleEvent msg.what = 1206 refs = null
06-16 19:51:27.136 10780 10810 I EventController: handleEvent msg.what = 1206 refs = null
06-16 19:51:27.218 26242 26242 D BgTest  : uiCount 2
06-16 19:51:27.224 26242 27124 D BgTest  : bgCount 2
06-16 19:51:27.258   451   451 W auditd  : type=1400 "StartThread""s1302""proc"
06-16 19:51:27.260   451   451 W auditd  : type=1400 "StartThread""touchpanel""proc"
06-16 19:51:27.260   451   451 W auditd  : type=1400 "StartThread""cmdline""proc"
06-16 19:51:27.265   451   451 W auditd  : type=1400 "StartThread""429""proc"
06-16 19:51:27.265   451   451 W auditd  : type=1400 "StartThread""452""proc"
06-16 19:51:27.265   451   451 W auditd  : type=1400 "StartThread""514""proc"
06-16 19:51:27.265   451   451 W auditd  : type=1400 "StartThread""515""proc"
06-16 19:51:27.265   451   451 W auditd  : type=1400 "StartThread""516""proc"
06-16 19:51:27.265   451   451 W auditd  : type=1400 "StartThread""517""proc"
06-16 19:51:27.265   451   451 W auditd  : type=1400 "StartThread""518""proc"
06-16 19:51:27.265   451   451 W auditd  : type=1400 "StartThread""521""proc"
06-16 19:51:27.265   451   451 W auditd  : type=1400 "StartThread""527""proc"
06-16 19:51:27.265   451   451 W auditd  : type=1400 "StartThread""529""proc"
06-16 19:51:27.265   451   451 W auditd  : type=1400 "StartThread""531""proc"
06-16 19:51:27.265   451   451 W auditd  : type=1400 "StartThread""567""proc"
06-16 19:51:27.265   451   451 W auditd  : type=1400 "StartThread""588""proc"
06-16 19:51:27.265   451   451 W auditd  : type=1400 "StartThread""594""proc"
06-16 19:51:27.265   451   451 W auditd  : type=1400 "StartThread""cmdline""proc"
06-16 19:51:27.265   451   451 W auditd  : type=1400 "StartThread""cmdline""proc"
06-16 19:51:27.265   451   451 W auditd  : type=1400 "StartThread""820""proc"
06-16 19:51:27.280 24277 24339 D UTAnalytics:UploadEngine: pid:24277 UTDC.bBackground:false,AppInfoUtil.isForeground(UTDC.getContext()) ,true,
06-16 19:51:27.282 24277 24339 D UTAnalytics:UploadTask: pid:24277 mPeriod:30000,
06-16 19:51:27.460   825  1791 D audio_hw_primary: out_standby: enter: stream (0xf2b3c380) usecase(1: low-latency-playback)
06-16 19:51:27.503   825  1791 D audio_hw_primary: disable_audio_route: reset and update mixer path: low-latency-playback quat_i2s
06-16 19:51:27.510   825  1791 D soundtrigger: audio_extn_sound_trigger_update_stream_status: uc_id 1 of type 0 for Event 2, with Raise=0
06-16 19:51:27.511   825  1791 D hardware_info: hw_info_append_hw_type : device_name = speaker
06-16 19:51:27.511   825  1791 D audio_hw_primary: disable_snd_device: snd_device(2: speaker)
06-16 19:51:27.535   825  1791 D aud_dev_arbi: releaseOneDevice: not sending command, device argument (2) does not match any registered device
06-16 19:51:27.535   825  1791 D aud_dev_arbi: releaseOneDevice: device 2 owner is 0
06-16 19:51:27.535   825  1791 I soundtrigger: audio_extn_sound_trigger_update_device_status: device 0x2 of type 0 for Event 0, with Raise=0
06-16 19:51:28.220 26242 26242 D BgTest  : uiCount 3
06-16 19:51:28.229 26242 27124 D BgTest  : bgCount 3
06-16 19:51:28.231 10685 10715 I EventController: handleEvent msg.what = 13002 refs = null
06-16 19:51:28.233 26249 26286 I EventController: handleEvent msg.what = 13002 refs = null
06-16 19:51:28.233 10872 10901 I EventController: handleEvent msg.what = 13002 refs = null
06-16 19:51:28.233 10780 10810 I EventController: handleEvent msg.what = 13002 refs = null
06-16 19:51:28.234 10692 10721 I EventController: handleEvent msg.what = 13002 refs = [java.lang.ref.WeakReference@63c0fa9]
06-16 19:51:28.267  3629  3629 D AbstractProcessor: onBatteryChange Percent:44 State:2 
06-16 19:51:28.267  1412  1412 I DeviceIdleController: updateChargingLocked: charging=true
06-16 19:51:28.267  1412  1412 I DeviceIdleController: becomeActiveLocked, reason = charging
06-16 19:51:28.273   451   451 W auditd  : type=1400 "StartThread""s1302""proc"
06-16 19:51:28.273   451   451 W auditd  : type=1400 "StartThread""touchpanel""proc"
06-16 19:51:28.273   451   451 W auditd  : type=1400 "StartThread""cmdline""proc"
06-16 19:51:28.278   451   451 W auditd  : type=1400 "StartThread""429""proc"
06-16 19:51:28.278   451   451 W auditd  : type=1400 "StartThread""452""proc"
06-16 19:51:28.279   451   451 W auditd  : type=1400 "StartThread""514""proc"
06-16 19:51:28.279   451   451 W auditd  : type=1400 "StartThread""515""proc"
06-16 19:51:28.279   451   451 W auditd  : type=1400 "StartThread""516""proc"
06-16 19:51:28.279   451   451 W auditd  : type=1400 "StartThread""517""proc"
06-16 19:51:28.279   451   451 W auditd  : type=1400 "StartThread""518""proc"
06-16 19:51:28.279   451   451 W auditd  : type=1400 "StartThread""521""proc"
06-16 19:51:28.279   451   451 W auditd  : type=1400 "StartThread""527""proc"
06-16 19:51:28.279   451   451 W auditd  : type=1400 "StartThread""529""proc"
06-16 19:51:28.279   451   451 W auditd  : type=1400 "StartThread""531""proc"
06-16 19:51:28.279   451   451 W auditd  : type=1400 "StartThread""567""proc"
06-16 19:51:28.279   451   451 W auditd  : type=1400 "StartThread""588""proc"
06-16 19:51:28.279   451   451 W auditd  : type=1400 "StartThread""594""proc"
06-16 19:51:28.280   451   451 W auditd  : type=1400 "StartThread""cmdline""proc"
06-16 19:51:28.280   451   451 W auditd  : type=1400 "StartThread""cmdline""proc"
06-16 19:51:28.280   451   451 W auditd  : type=1400 "StartThread""820""proc"
06-16 19:51:28.893  5419 28265 D QtiGbaAuthService: getGbaUserAgent(com.tencent.android.qqdownloader) not exempt
06-16 19:51:28.965 10685 10861 E lenzli  : processFlag: daemon, [pool-4-protocalManager-thread-2:1022] b.a(147): get net work environment:daemon
06-16 19:51:28.969 10685 10715 I EventController: handleEvent msg.what = 13026 refs = [java.lang.ref.WeakReference@6c003b3]
06-16 19:51:28.974 10685 10715 I EventController: handleEvent msg.what = 13020 refs = [java.lang.ref.WeakReference@68207eb]
06-16 19:51:28.975 10685 10715 I EventController: handleEvent msg.what = 13020 refs = [java.lang.ref.WeakReference@68207eb]
06-16 19:51:28.975 10692 10721 I EventController: handleEvent msg.what = 13026 refs = [java.lang.ref.WeakReference@57a9ad6]
06-16 19:51:28.976 26249 26286 I EventController: handleEvent msg.what = 13026 refs = null
06-16 19:51:28.977 10780 10810 I EventController: handleEvent msg.what = 13026 refs = [java.lang.ref.WeakReference@19c3d27]
06-16 19:51:28.977 10872 10901 I EventController: handleEvent msg.what = 13026 refs = null
06-16 19:51:28.978 10685 10715 I EventController: handleEvent msg.what = 13020 refs = [java.lang.ref.WeakReference@68207eb]
06-16 19:51:28.978 10685 10715 I EventController: handleEvent msg.what = 13020 refs = [java.lang.ref.WeakReference@68207eb]
06-16 19:51:28.978 10692 10721 I EventController: handleEvent msg.what = 13020 refs = [java.lang.ref.WeakReference@936fedf]
06-16 19:51:28.979 10685 10715 I EventController: handleEvent msg.what = 13020 refs = [java.lang.ref.WeakReference@68207eb]
06-16 19:51:28.979 10692 10721 I EventController: handleEvent msg.what = 13020 refs = [java.lang.ref.WeakReference@936fedf]
06-16 19:51:28.979 10692 10721 I EventController: handleEvent msg.what = 13020 refs = [java.lang.ref.WeakReference@936fedf]
06-16 19:51:28.979 10692 10721 I EventController: handleEvent msg.what = 13020 refs = [java.lang.ref.WeakReference@936fedf]
06-16 19:51:28.981 10692 10718 I EventController: handleEvent msg.what = 13020 refs = [java.lang.ref.WeakReference@936fedf]
06-16 19:51:28.982 10872 10901 I EventController: handleEvent msg.what = 13020 refs = [java.lang.ref.WeakReference@808b99e]
06-16 19:51:28.982 10872 10901 I EventController: handleEvent msg.what = 13020 refs = [java.lang.ref.WeakReference@808b99e]
06-16 19:51:28.982 10872 10901 I EventController: handleEvent msg.what = 13020 refs = [java.lang.ref.WeakReference@808b99e]
06-16 19:51:28.984 26249 26286 I EventController: handleEvent msg.what = 13020 refs = null
06-16 19:51:28.984 26249 26286 I EventController: handleEvent msg.what = 13020 refs = null
06-16 19:51:28.984 26249 26286 I EventController: handleEvent msg.what = 13020 refs = null
06-16 19:51:28.984 26249 26286 I EventController: handleEvent msg.what = 13020 refs = null
06-16 19:51:28.985 10780 10807 I EventController: handleEvent msg.what = 13020 refs = [java.lang.ref.WeakReference@2e9d960]
06-16 19:51:28.985 10872 10901 I EventController: handleEvent msg.what = 13020 refs = [java.lang.ref.WeakReference@808b99e]
06-16 19:51:28.986 10692 10721 I EventController: handleEvent msg.what = 13020 refs = [java.lang.ref.WeakReference@936fedf]
06-16 19:51:28.986 10780 10810 I EventController: handleEvent msg.what = 13020 refs = [java.lang.ref.WeakReference@2e9d960]
06-16 19:51:28.986 10872 10901 I EventController: handleEvent msg.what = 13020 refs = [java.lang.ref.WeakReference@808b99e]
06-16 19:51:28.987 10780 10810 I EventController: handleEvent msg.what = 13020 refs = [java.lang.ref.WeakReference@2e9d960]
06-16 19:51:28.987 26249 26286 I EventController: handleEvent msg.what = 13020 refs = null
06-16 19:51:28.987 10780 10810 I EventController: handleEvent msg.what = 13020 refs = [java.lang.ref.WeakReference@2e9d960]
06-16 19:51:28.990 10872 10901 I EventController: handleEvent msg.what = 13020 refs = [java.lang.ref.WeakReference@808b99e]
06-16 19:51:28.990 10685 10717 I EventController: handleEvent msg.what = 13020 refs = [java.lang.ref.WeakReference@68207eb]
06-16 19:51:28.991 10692 10721 I EventController: handleEvent msg.what = 13020 refs = [java.lang.ref.WeakReference@936fedf]
06-16 19:51:28.991 10780 10810 I EventController: handleEvent msg.what = 13020 refs = [java.lang.ref.WeakReference@2e9d960]
06-16 19:51:28.991 10780 10810 I EventController: handleEvent msg.what = 13020 refs = [java.lang.ref.WeakReference@2e9d960]
06-16 19:51:28.995 26249 26286 I EventController: handleEvent msg.what = 13020 refs = null
06-16 19:51:28.995 10685 10715 I EventController: handleEvent msg.what = 13020 refs = [java.lang.ref.WeakReference@68207eb]
06-16 19:51:28.995 10685 10715 I EventController: handleEvent msg.what = 13020 refs = [java.lang.ref.WeakReference@68207eb]
06-16 19:51:28.997 10685 10717 I EventController: handleEvent msg.what = 13020 refs = [java.lang.ref.WeakReference@68207eb]
06-16 19:51:28.997 10872 10901 I EventController: handleEvent msg.what = 13020 refs = [java.lang.ref.WeakReference@808b99e]
06-16 19:51:28.997 10692 10721 I EventController: handleEvent msg.what = 13020 refs = [java.lang.ref.WeakReference@936fedf]
06-16 19:51:28.997 10780 10810 I EventController: handleEvent msg.what = 13020 refs = [java.lang.ref.WeakReference@2e9d960]
06-16 19:51:28.998 10872 10901 I EventController: handleEvent msg.what = 13020 refs = [java.lang.ref.WeakReference@808b99e]
06-16 19:51:28.998 10692 10721 I EventController: handleEvent msg.what = 13020 refs = [java.lang.ref.WeakReference@936fedf]
06-16 19:51:28.998 26249 26286 I EventController: handleEvent msg.what = 13020 refs = null
06-16 19:51:28.998 26249 26286 I EventController: handleEvent msg.what = 13020 refs = null
06-16 19:51:28.998 26249 26286 I EventController: handleEvent msg.what = 13020 refs = null
06-16 19:51:29.000 10872 10901 I EventController: handleEvent msg.what = 13020 refs = [java.lang.ref.WeakReference@808b99e]
06-16 19:51:29.000 10780 10810 I EventController: handleEvent msg.what = 13020 refs = [java.lang.ref.WeakReference@2e9d960]
06-16 19:51:29.000 10780 10810 I EventController: handleEvent msg.what = 13020 refs = [java.lang.ref.WeakReference@2e9d960]
06-16 19:51:29.070 10685 10715 I EventController: handleEvent msg.what = 13020 refs = [java.lang.ref.WeakReference@68207eb]
06-16 19:51:29.072 10685 10715 I EventController: handleEvent msg.what = 13010 refs = [java.lang.ref.WeakReference@3d36d25, java.lang.ref.WeakReference@be4eefa]
06-16 19:51:29.072 10685 10715 I EventController: handleEvent msg.what = 13020 refs = [java.lang.ref.WeakReference@68207eb]
06-16 19:51:29.072 10685 10715 I EventController: handleEvent msg.what = 13020 refs = [java.lang.ref.WeakReference@68207eb]
06-16 19:51:29.073 26249 26286 I EventController: handleEvent msg.what = 13020 refs = null
06-16 19:51:29.073 26249 26286 I EventController: handleEvent msg.what = 13010 refs = null
06-16 19:51:29.073 10780 10810 I EventController: handleEvent msg.what = 13020 refs = [java.lang.ref.WeakReference@2e9d960]
06-16 19:51:29.073 10780 10810 I EventController: handleEvent msg.what = 13010 refs = null
06-16 19:51:29.073 10692 10721 I EventController: handleEvent msg.what = 13020 refs = [java.lang.ref.WeakReference@936fedf]
06-16 19:51:29.074 10780 10810 I EventController: handleEvent msg.what = 13020 refs = [java.lang.ref.WeakReference@2e9d960]
06-16 19:51:29.074 10692 10721 I EventController: handleEvent msg.what = 13010 refs = [java.lang.ref.WeakReference@57be504, java.lang.ref.WeakReference@a9feaed, java.lang.ref.WeakReference@62344e0]
06-16 19:51:29.074 10780 10810 I EventController: handleEvent msg.what = 13020 refs = [java.lang.ref.WeakReference@2e9d960]
06-16 19:51:29.074 10692 10721 I EventController: handleEvent msg.what = 13020 refs = [java.lang.ref.WeakReference@936fedf]
06-16 19:51:29.074 10692 10721 I EventController: handleEvent msg.what = 13020 refs = [java.lang.ref.WeakReference@936fedf]
06-16 19:51:29.074 26249 26286 I EventController: handleEvent msg.what = 13020 refs = null
06-16 19:51:29.075 10872 10901 I EventController: handleEvent msg.what = 13020 refs = [java.lang.ref.WeakReference@808b99e]
06-16 19:51:29.075 10692 10718 I EventController: handleEvent msg.what = 13020 refs = [java.lang.ref.WeakReference@936fedf]
06-16 19:51:29.077 26249 26286 I EventController: handleEvent msg.what = 13020 refs = null
06-16 19:51:29.078 10692 10718 I EventController: handleEvent msg.what = 13020 refs = [java.lang.ref.WeakReference@936fedf]
06-16 19:51:29.078 10780 10810 I EventController: handleEvent msg.what = 13020 refs = [java.lang.ref.WeakReference@2e9d960]
06-16 19:51:29.079 10692 10718 I EventController: handleEvent msg.what = 13020 refs = [java.lang.ref.WeakReference@936fedf]
06-16 19:51:29.078 26249 26286 I EventController: handleEvent msg.what = 13020 refs = null
06-16 19:51:29.079 10692 10718 I EventController: handleEvent msg.what = 13020 refs = [java.lang.ref.WeakReference@936fedf]
06-16 19:51:29.079 10872 10901 I EventController: handleEvent msg.what = 13010 refs = null
06-16 19:51:29.079 10685 10717 I EventController: handleEvent msg.what = 13020 refs = [java.lang.ref.WeakReference@68207eb]
06-16 19:51:29.079 10872 10901 I EventController: handleEvent msg.what = 13020 refs = [java.lang.ref.WeakReference@808b99e]
06-16 19:51:29.079 10685 10717 I EventController: handleEvent msg.what = 13020 refs = [java.lang.ref.WeakReference@68207eb]
06-16 19:51:29.080 10872 10901 I EventController: handleEvent msg.what = 13020 refs = [java.lang.ref.WeakReference@808b99e]
06-16 19:51:29.080 10872 10901 I EventController: handleEvent msg.what = 13020 refs = [java.lang.ref.WeakReference@808b99e]
06-16 19:51:29.081 10872 10901 I EventController: handleEvent msg.what = 13020 refs = [java.lang.ref.WeakReference@808b99e]
06-16 19:51:29.081 10780 10810 I EventController: handleEvent msg.what = 13020 refs = [java.lang.ref.WeakReference@2e9d960]
06-16 19:51:29.082 26249 26286 I EventController: handleEvent msg.what = 13020 refs = null
06-16 19:51:29.083 10872 10901 I EventController: handleEvent msg.what = 13020 refs = [java.lang.ref.WeakReference@808b99e]
06-16 19:51:29.084 10685 10715 I EventController: handleEvent msg.what = 13020 refs = [java.lang.ref.WeakReference@68207eb]
06-16 19:51:29.084 26249 26286 I EventController: handleEvent msg.what = 13020 refs = null
06-16 19:51:29.085 10780 10810 I EventController: handleEvent msg.what = 13020 refs = [java.lang.ref.WeakReference@2e9d960]
06-16 19:51:29.086 10780 10810 I EventController: handleEvent msg.what = 13020 refs = [java.lang.ref.WeakReference@2e9d960]
06-16 19:51:29.086 10692 10721 I EventController: handleEvent msg.what = 13020 refs = [java.lang.ref.WeakReference@936fedf]
06-16 19:51:29.087 10872 10901 I EventController: handleEvent msg.what = 13020 refs = [java.lang.ref.WeakReference@808b99e]
06-16 19:51:29.087 10872 10901 I EventController: handleEvent msg.what = 13020 refs = [java.lang.ref.WeakReference@808b99e]
06-16 19:51:29.088 10780 10810 I EventController: handleEvent msg.what = 13020 refs = [java.lang.ref.WeakReference@2e9d960]
06-16 19:51:29.088 26249 26286 I EventController: handleEvent msg.what = 13020 refs = null
06-16 19:51:29.088 10685 10717 I EventController: handleEvent msg.what = 13020 refs = [java.lang.ref.WeakReference@68207eb]
06-16 19:51:29.089 10685 10717 I EventController: handleEvent msg.what = 13020 refs = [java.lang.ref.WeakReference@68207eb]
06-16 19:51:29.089 26249 26286 I EventController: handleEvent msg.what = 13020 refs = null
06-16 19:51:29.106 10692 10718 I EventController: handleEvent msg.what = 13020 refs = [java.lang.ref.WeakReference@936fedf]
06-16 19:51:29.108 26249 26286 I EventController: handleEvent msg.what = 13020 refs = null
06-16 19:51:29.108 10685 10717 I EventController: handleEvent msg.what = 13020 refs = [java.lang.ref.WeakReference@68207eb]
06-16 19:51:29.108 10780 10810 I EventController: handleEvent msg.what = 13020 refs = [java.lang.ref.WeakReference@2e9d960]
06-16 19:51:29.108 10872 10901 I EventController: handleEvent msg.what = 13020 refs = [java.lang.ref.WeakReference@808b99e]
06-16 19:51:29.221 26242 26242 D BgTest  : uiCount 4
06-16 19:51:29.235 26242 27124 D BgTest  : bgCount 4
06-16 19:51:29.288   451   451 W auditd  : type=1400 "StartThread""s1302""proc"
06-16 19:51:29.289   451   451 W auditd  : type=1400 "StartThread""touchpanel""proc"
06-16 19:51:29.290   451   451 W auditd  : type=1400 "StartThread""cmdline""proc"
06-16 19:51:29.317   451   451 W auditd  : type=1400 "StartThread""429""proc"
06-16 19:51:29.317   451   451 W auditd  : type=1400 "StartThread""452""proc"
06-16 19:51:29.318   451   451 W auditd  : type=1400 "StartThread""514""proc"
06-16 19:51:29.320   451   451 W auditd  : type=1400 "StartThread""515""proc"
06-16 19:51:29.320   451   451 W auditd  : type=1400 "StartThread""516""proc"
06-16 19:51:29.321   451   451 W auditd  : type=1400 "StartThread""517""proc"
06-16 19:51:29.321   451   451 W auditd  : type=1400 "StartThread""518""proc"
06-16 19:51:29.322   451   451 W auditd  : type=1400 "StartThread""521""proc"
06-16 19:51:29.322   451   451 W auditd  : type=1400 "StartThread""527""proc"
06-16 19:51:29.322   451   451 W auditd  : type=1400 "StartThread""529""proc"
06-16 19:51:29.322   451   451 W auditd  : type=1400 "StartThread""531""proc"
06-16 19:51:29.322   451   451 W auditd  : type=1400 "StartThread""567""proc"
06-16 19:51:29.322   451   451 W auditd  : type=1400 "StartThread""588""proc"
06-16 19:51:29.322   451   451 W auditd  : type=1400 "StartThread""594""proc"
06-16 19:51:29.322   451   451 W auditd  : type=1400 "StartThread""cmdline""proc"
06-16 19:51:29.323   451   451 W auditd  : type=1400 "StartThread""cmdline""proc"
06-16 19:51:29.323   451   451 W auditd  : type=1400 "StartThread""820""proc"
06-16 19:51:30.223 26242 26242 D BgTest  : uiCount 5
06-16 19:51:30.241 26242 27124 D BgTest  : bgCount 5
06-16 19:51:30.331   451   451 W auditd  : type=1400 "StartThread""s1302""proc"
06-16 19:51:30.332   451   451 W auditd  : type=1400 "StartThread""touchpanel""proc"
06-16 19:51:30.334   451   451 W auditd  : type=1400 "StartThread""cmdline""proc"
06-16 19:51:30.357   451   451 W auditd  : type=1400 "StartThread""429""proc"
06-16 19:51:30.358   451   451 W auditd  : type=1400 "StartThread""452""proc"
06-16 19:51:30.360   451   451 W auditd  : type=1400 "StartThread""514""proc"
06-16 19:51:30.361   451   451 W auditd  : type=1400 "StartThread""515""proc"
06-16 19:51:30.363   451   451 W auditd  : type=1400 "StartThread""516""proc"
06-16 19:51:30.364   451   451 W auditd  : type=1400 "StartThread""517""proc"
06-16 19:51:30.365   451   451 W auditd  : type=1400 "StartThread""518""proc"
06-16 19:51:30.366   451   451 W auditd  : type=1400 "StartThread""521""proc"
06-16 19:51:30.366   451   451 W auditd  : type=1400 "StartThread""527""proc"
06-16 19:51:30.366   451   451 W auditd  : type=1400 "StartThread""529""proc"
06-16 19:51:30.366   451   451 W auditd  : type=1400 "StartThread""531""proc"
06-16 19:51:30.366   451   451 W auditd  : type=1400 "StartThread""567""proc"
06-16 19:51:30.366   451   451 W auditd  : type=1400 "StartThread""588""proc"
06-16 19:51:30.366   451   451 W auditd  : type=1400 "StartThread""594""proc"
06-16 19:51:30.366   451   451 W auditd  : type=1400 "StartThread""cmdline""proc"
06-16 19:51:30.366   451   451 W auditd  : type=1400 "StartThread""cmdline""proc"
06-16 19:51:30.366   451   451 W auditd  : type=1400 "StartThread""820""proc"
06-16 19:51:31.229 26242 26242 D BgTest  : uiCount 6
06-16 19:51:31.248 26242 27124 D BgTest  : bgCount 6
06-16 19:51:31.372   451   451 W auditd  : type=1400 "StartThread""s1302""proc"
06-16 19:51:31.373   451   451 W auditd  : type=1400 "StartThread""touchpanel""proc"
06-16 19:51:31.373   451   451 W auditd  : type=1400 "StartThread""cmdline""proc"
06-16 19:51:31.397   451   451 W auditd  : type=1400 "StartThread""429""proc"
06-16 19:51:31.398   451   451 W auditd  : type=1400 "StartThread""452""proc"
06-16 19:51:31.398   451   451 W auditd  : type=1400 "StartThread""514""proc"
06-16 19:51:31.398   451   451 W auditd  : type=1400 "StartThread""515""proc"
06-16 19:51:31.400   451   451 W auditd  : type=1400 "StartThread""516""proc"
06-16 19:51:31.400   451   451 W auditd  : type=1400 "StartThread""517""proc"
06-16 19:51:31.403   451   451 W auditd  : type=1400 "StartThread""518""proc"
06-16 19:51:31.403   451   451 W auditd  : type=1400 "StartThread""521""proc"
06-16 19:51:31.403   451   451 W auditd  : type=1400 "StartThread""527""proc"
06-16 19:51:31.403   451   451 W auditd  : type=1400 "StartThread""529""proc"
06-16 19:51:31.403   451   451 W auditd  : type=1400 "StartThread""531""proc"
06-16 19:51:31.404   451   451 W auditd  : type=1400 "StartThread""567""proc"
06-16 19:51:31.404   451   451 W auditd  : type=1400 "StartThread""588""proc"
06-16 19:51:31.404   451   451 W auditd  : type=1400 "StartThread""594""proc"
06-16 19:51:31.404   451   451 W auditd  : type=1400 "StartThread""cmdline""proc"
06-16 19:51:31.404   451   451 W auditd  : type=1400 "StartThread""cmdline""proc"
06-16 19:51:31.404   451   451 W auditd  : type=1400 "StartThread""820""proc"
06-16 19:51:32.235 26242 26242 D BgTest  : uiCount 7
06-16 19:51:32.253 26242 27124 D BgTest  : bgCount 7
06-16 19:51:32.409   451   451 W auditd  : type=1400 "StartThread""s1302""proc"
06-16 19:51:32.409   451   451 W auditd  : type=1400 "StartThread""touchpanel""proc"
06-16 19:51:32.409   451   451 W auditd  : type=1400 "StartThread""cmdline""proc"
06-16 19:51:32.417   451   451 W auditd  : type=1400 "StartThread""429""proc"
06-16 19:51:32.417   451   451 W auditd  : type=1400 "StartThread""452""proc"
06-16 19:51:32.418   451   451 W auditd  : type=1400 "StartThread""514""proc"
06-16 19:51:32.418   451   451 W auditd  : type=1400 "StartThread""515""proc"
06-16 19:51:32.419   451   451 W auditd  : type=1400 "StartThread""516""proc"
06-16 19:51:32.419   451   451 W auditd  : type=1400 "StartThread""517""proc"
06-16 19:51:32.419   451   451 W auditd  : type=1400 "StartThread""518""proc"
06-16 19:51:32.419   451   451 W auditd  : type=1400 "StartThread""521""proc"
06-16 19:51:32.419   451   451 W auditd  : type=1400 "StartThread""527""proc"
06-16 19:51:32.419   451   451 W auditd  : type=1400 "StartThread""529""proc"
06-16 19:51:32.419   451   451 W auditd  : type=1400 "StartThread""531""proc"
06-16 19:51:32.419   451   451 W auditd  : type=1400 "StartThread""567""proc"
06-16 19:51:32.420   451   451 W auditd  : type=1400 "StartThread""588""proc"
06-16 19:51:32.420   451   451 W auditd  : type=1400 "StartThread""594""proc"
06-16 19:51:32.420   451   451 W auditd  : type=1400 "StartThread""cmdline""proc"
06-16 19:51:32.420   451   451 W auditd  : type=1400 "StartThread""cmdline""proc"
06-16 19:51:32.420   451   451 W auditd  : type=1400 "StartThread""820""proc"
06-16 19:51:32.452  4994  5053 D MSF.C.MonitorNetFlowStore: MonitorWriteDataThread Enter
06-16 19:51:32.467  4994  5053 D MSF.C.MonitorNetFlowStore: write data lenth : 1796 | read data lenth : 0, has been stored.
06-16 19:51:32.480  4994  5053 D MSF.C.MonitorNetFlowStore: MonitorWriteDataThread End takeTimes=27
06-16 19:51:33.236 26242 26242 D BgTest  : uiCount 8
06-16 19:51:33.260 26242 27124 D BgTest  : bgCount 8
06-16 19:51:33.429   451   451 W auditd  : type=1400 "StartThread""s1302""proc"
06-16 19:51:33.430   451   451 W auditd  : type=1400 "StartThread""touchpanel""proc"
06-16 19:51:33.431   451   451 W auditd  : type=1400 "StartThread""cmdline""proc"
06-16 19:51:33.456   451   451 W auditd  : type=1400 "StartThread""429""proc"
06-16 19:51:33.456   451   451 W auditd  : type=1400 "StartThread""452""proc"
06-16 19:51:33.457   451   451 W auditd  : type=1400 "StartThread""514""proc"
06-16 19:51:33.459   451   451 W auditd  : type=1400 "StartThread""515""proc"
06-16 19:51:33.460   451   451 W auditd  : type=1400 "StartThread""516""proc"
06-16 19:51:33.460   451   451 W auditd  : type=1400 "StartThread""517""proc"
06-16 19:51:33.461   451   451 W auditd  : type=1400 "StartThread""518""proc"
06-16 19:51:33.461   451   451 W auditd  : type=1400 "StartThread""521""proc"
06-16 19:51:33.462   451   451 W auditd  : type=1400 "StartThread""527""proc"
06-16 19:51:33.462   451   451 W auditd  : type=1400 "StartThread""529""proc"
06-16 19:51:33.462   451   451 W auditd  : type=1400 "StartThread""531""proc"
06-16 19:51:33.462   451   451 W auditd  : type=1400 "StartThread""567""proc"
06-16 19:51:33.462   451   451 W auditd  : type=1400 "StartThread""588""proc"
06-16 19:51:33.462   451   451 W auditd  : type=1400 "StartThread""594""proc"
06-16 19:51:33.462   451   451 W auditd  : type=1400 "StartThread""cmdline""proc"
06-16 19:51:33.462   451   451 W auditd  : type=1400 "StartThread""cmdline""proc"
06-16 19:51:33.462   451   451 W auditd  : type=1400 "StartThread""820""proc"
06-16 19:51:33.495 25700 25793 D UTAnalytics:CommitTask: pid:25700 check&commit event:65133,
06-16 19:51:33.495 25700 25793 D UTAnalytics:CommitTask: pid:25700 next:65133,
06-16 19:51:33.496 25700 25793 D UTAnalytics:CommitTask: pid:25700 check&commit event:65501,
06-16 19:51:33.496 25700 25793 D UTAnalytics:CommitTask: pid:25700 next:65501,
06-16 19:51:33.497 25700 25793 D UTAnalytics:CommitTask: pid:25700 check&commit event:65502,
06-16 19:51:33.497 25700 25793 D UTAnalytics:CommitTask: pid:25700 next:65502,
06-16 19:51:33.498 25700 25793 D UTAnalytics:CommitTask: pid:25700 check&commit event:65503,
06-16 19:51:33.504 25700 25793 D UTAnalytics:CommitTask: pid:25700 next:65503,
06-16 19:51:34.097 10685 10715 I EventController: handleEvent msg.what = 1205 refs = [java.lang.ref.WeakReference@9d860e7]
06-16 19:51:34.099 10692 10721 I EventController: handleEvent msg.what = 1205 refs = null
