06-16 15:37:12.560 16811 16811 W ADB_SERVICES: entered. LS(76120) fd=24
06-16 15:37:12.916 15430 15430 D BgTest  : uiCount 147  +5
06-16 15:37:12.924 16811 16811 W ADB_SERVICES: create_local_service_socket() name=shell:cat /proc/net/xt_qtaguid/stats | grep 10276
06-16 15:37:12.924 16811 16811 W ADB_SERVICES: service_to_fd() name=shell:cat /proc/net/xt_qtaguid/stats | grep 10276
06-16 15:37:12.926 16811 16811 W ADB_SERVICES: read_meminfo() mem_free=271212
06-16 15:37:12.928 16811 16811 W ADB_SERVICES: create_subproc ret_fd=24 pid=17330
06-16 15:37:12.928 16811 16811 W ADB_SERVICES: LS(76121): bound to 'shell:cat /proc/net/xt_qtaguid/stats | grep 10276' via 24
06-16 15:37:12.931 17330 17330 W ADB_SERVICES: adb: unable to update oom_score_adj
06-16 15:37:12.966 16811 16811 D ADB_SERVICES:  closing because is_eof=1 r=-1 s->fde.force_eof=0
06-16 15:37:12.966 16811 16811 W ADB_SERVICES: entered. LS(76121) fd=24
06-16 15:37:13.093 16811 16811 W ADB_SERVICES: create_local_service_socket() name=shell:cat /proc/15430/stat
06-16 15:37:13.093 16811 16811 W ADB_SERVICES: service_to_fd() name=shell:cat /proc/15430/stat
06-16 15:37:13.095 16811 16811 W ADB_SERVICES: read_meminfo() mem_free=271464
06-16 15:37:13.097 16811 16811 W ADB_SERVICES: create_subproc ret_fd=24 pid=17333
06-16 15:37:13.097 16811 16811 W ADB_SERVICES: LS(76122): bound to 'shell:cat /proc/15430/stat' via 24
06-16 15:37:13.100 17333 17333 W ADB_SERVICES: adb: unable to update oom_score_adj
06-16 15:37:13.116 16811 16811 D ADB_SERVICES:  closing because is_eof=1 r=-1 s->fde.force_eof=0
06-16 15:37:13.116 16811 16811 W ADB_SERVICES: entered. LS(76122) fd=24
06-16 15:37:13.138 16811 16811 W ADB_SERVICES: create_local_service_socket() name=shell:cat /proc/stat
06-16 15:37:13.138 16811 16811 W ADB_SERVICES: service_to_fd() name=shell:cat /proc/stat
06-16 15:37:13.138 16811 16811 W ADB_SERVICES: read_meminfo() mem_free=271412
06-16 15:37:13.139 16811 16811 W ADB_SERVICES: create_subproc ret_fd=24 pid=17334
06-16 15:37:13.139 16811 16811 W ADB_SERVICES: LS(76123): bound to 'shell:cat /proc/stat' via 24
06-16 15:37:13.140 17334 17334 W ADB_SERVICES: adb: unable to update oom_score_adj
06-16 15:37:13.146 16811 16811 D ADB_SERVICES:  closing because is_eof=1 r=-1 s->fde.force_eof=0
06-16 15:37:13.146 16811 16811 W ADB_SERVICES: entered. LS(76123) fd=24
06-16 15:37:13.429 15430 15981 D BgTest  : bgCount 142
06-16 15:37:13.500 16811 16811 W ADB_SERVICES: create_local_service_socket() name=shell:cat /proc/net/xt_qtaguid/stats | grep 10276
06-16 15:37:13.500 16811 16811 W ADB_SERVICES: service_to_fd() name=shell:cat /proc/net/xt_qtaguid/stats | grep 10276
06-16 15:37:13.501 16811 16811 W ADB_SERVICES: read_meminfo() mem_free=271464
06-16 15:37:13.503 16811 16811 W ADB_SERVICES: create_subproc ret_fd=24 pid=17335
06-16 15:37:13.504 16811 16811 W ADB_SERVICES: LS(76124): bound to 'shell:cat /proc/net/xt_qtaguid/stats | grep 10276' via 24
06-16 15:37:13.506 17335 17335 W ADB_SERVICES: adb: unable to update oom_score_adj
06-16 15:37:13.549 16811 16811 D ADB_SERVICES:  closing because is_eof=1 r=-1 s->fde.force_eof=0
06-16 15:37:13.550 16811 16811 W ADB_SERVICES: entered. LS(76124) fd=24
06-16 15:37:13.649   319   319 I thermal_repeater: oh, queryMdThermalInfo (0)Bad file number
06-16 15:37:13.657   319   319 I thermal_repeater: [recvMdThermalInfo] ret=25, strLen=127,  1, 32767,,, -1, 32767, 2
06-16 15:37:13.680 16811 16811 W ADB_SERVICES: create_local_service_socket() name=shell:cat /proc/15430/stat
06-16 15:37:13.680 16811 16811 W ADB_SERVICES: service_to_fd() name=shell:cat /proc/15430/stat
06-16 15:37:13.681 16811 16811 W ADB_SERVICES: read_meminfo() mem_free=271464
06-16 15:37:13.682 16811 16811 W ADB_SERVICES: create_subproc ret_fd=24 pid=17338
06-16 15:37:13.682 16811 16811 W ADB_SERVICES: LS(76125): bound to 'shell:cat /proc/15430/stat' via 24
06-16 15:37:13.682 17338 17338 W ADB_SERVICES: adb: unable to update oom_score_adj
06-16 15:37:13.686 16811 16811 D ADB_SERVICES:  closing because is_eof=1 r=-1 s->fde.force_eof=0
06-16 15:37:13.686 16811 16811 W ADB_SERVICES: entered. LS(76125) fd=24
06-16 15:37:13.720 16811 16811 W ADB_SERVICES: create_local_service_socket() name=shell:cat /proc/stat
06-16 15:37:13.720 16811 16811 W ADB_SERVICES: service_to_fd() name=shell:cat /proc/stat
06-16 15:37:13.720 16811 16811 W ADB_SERVICES: read_meminfo() mem_free=271216
06-16 15:37:13.721 16811 16811 W ADB_SERVICES: create_subproc ret_fd=24 pid=17339
06-16 15:37:13.721 16811 16811 W ADB_SERVICES: LS(76126): bound to 'shell:cat /proc/stat' via 24
06-16 15:37:13.721 17339 17339 W ADB_SERVICES: adb: unable to update oom_score_adj
06-16 15:37:13.726 16811 16811 D ADB_SERVICES:  closing because is_eof=1 r=-1 s->fde.force_eof=0
06-16 15:37:13.726 16811 16811 W ADB_SERVICES: entered. LS(76126) fd=24
06-16 15:37:13.918 15430 15430 D BgTest  : uiCount 148  +5
06-16 15:37:14.037   272   272 I SurfaceFlinger: [Built-in Screen (type:0)] fps:0.657927,dur:1519.92,max:1519.92,min:1519.92
06-16 15:37:14.080 16811 16811 W ADB_SERVICES: create_local_service_socket() name=shell:cat /proc/net/xt_qtaguid/stats | grep 10276
06-16 15:37:14.080 16811 16811 W ADB_SERVICES: service_to_fd() name=shell:cat /proc/net/xt_qtaguid/stats | grep 10276
06-16 15:37:14.082 16811 16811 W ADB_SERVICES: read_meminfo() mem_free=270968
06-16 15:37:14.083 16811 16811 W ADB_SERVICES: create_subproc ret_fd=24 pid=17340
06-16 15:37:14.083 16811 16811 W ADB_SERVICES: LS(76127): bound to 'shell:cat /proc/net/xt_qtaguid/stats | grep 10276' via 24
06-16 15:37:14.084 17340 17340 W ADB_SERVICES: adb: unable to update oom_score_adj
06-16 15:37:14.123 16811 16811 D ADB_SERVICES:  closing because is_eof=1 r=-1 s->fde.force_eof=0
06-16 15:37:14.123 16811 16811 W ADB_SERVICES: entered. LS(76127) fd=24
06-16 15:37:14.263 16811 16811 W ADB_SERVICES: create_local_service_socket() name=shell:cat /proc/15430/stat
06-16 15:37:14.263 16811 16811 W ADB_SERVICES: service_to_fd() name=shell:cat /proc/15430/stat
06-16 15:37:14.265 16811 16811 W ADB_SERVICES: read_meminfo() mem_free=270556
06-16 15:37:14.266 16811 16811 W ADB_SERVICES: create_subproc ret_fd=24 pid=17343
06-16 15:37:14.266 16811 16811 W ADB_SERVICES: LS(76128): bound to 'shell:cat /proc/15430/stat' via 24
06-16 15:37:14.267 17343 17343 W ADB_SERVICES: adb: unable to update oom_score_adj
06-16 15:37:14.280 16811 16811 D ADB_SERVICES:  closing because is_eof=1 r=-1 s->fde.force_eof=0
06-16 15:37:14.280 16811 16811 W ADB_SERVICES: entered. LS(76128) fd=24
06-16 15:37:14.302 16811 16811 W ADB_SERVICES: create_local_service_socket() name=shell:cat /proc/stat
06-16 15:37:14.302 16811 16811 W ADB_SERVICES: service_to_fd() name=shell:cat /proc/stat
06-16 15:37:14.303 16811 16811 W ADB_SERVICES: read_meminfo() mem_free=270692
06-16 15:37:14.305 16811 16811 W ADB_SERVICES: create_subproc ret_fd=24 pid=17344
06-16 15:37:14.305 16811 16811 W ADB_SERVICES: LS(76129): bound to 'shell:cat /proc/stat' via 24
06-16 15:37:14.306 17344 17344 W ADB_SERVICES: adb: unable to update oom_score_adj
06-16 15:37:14.320 16811 16811 D ADB_SERVICES:  closing because is_eof=1 r=1 s->fde.force_eof=0
06-16 15:37:14.320 16811 16811 W ADB_SERVICES: entered. LS(76129) fd=24
06-16 15:37:14.464 15430 15981 D BgTest  : bgCount 143
06-16 15:37:14.644 16811 16811 W ADB_SERVICES: create_local_service_socket() name=shell:cat /proc/net/xt_qtaguid/stats | grep 10276
06-16 15:37:14.644 16811 16811 W ADB_SERVICES: service_to_fd() name=shell:cat /proc/net/xt_qtaguid/stats | grep 10276
06-16 15:37:14.646 16811 16811 W ADB_SERVICES: read_meminfo() mem_free=271680
06-16 15:37:14.648 16811 16811 W ADB_SERVICES: create_subproc ret_fd=24 pid=17345
06-16 15:37:14.648 16811 16811 W ADB_SERVICES: LS(76130): bound to 'shell:cat /proc/net/xt_qtaguid/stats | grep 10276' via 24
06-16 15:37:14.650 17345 17345 W ADB_SERVICES: adb: unable to update oom_score_adj
06-16 15:37:14.686 16811 16811 D ADB_SERVICES:  closing because is_eof=1 r=-1 s->fde.force_eof=0
06-16 15:37:14.686 16811 16811 W ADB_SERVICES: entered. LS(76130) fd=24
06-16 15:37:14.842 16811 16811 W ADB_SERVICES: create_local_service_socket() name=shell:cat /proc/15430/stat
06-16 15:37:14.842 16811 16811 W ADB_SERVICES: service_to_fd() name=shell:cat /proc/15430/stat
06-16 15:37:14.843 16811 16811 W ADB_SERVICES: read_meminfo() mem_free=271400
06-16 15:37:14.844 16811 16811 W ADB_SERVICES: create_subproc ret_fd=24 pid=17348
06-16 15:37:14.844 16811 16811 W ADB_SERVICES: LS(76131): bound to 'shell:cat /proc/15430/stat' via 24
06-16 15:37:14.847 17348 17348 W ADB_SERVICES: adb: unable to update oom_score_adj
06-16 15:37:14.860 16811 16811 D ADB_SERVICES:  closing because is_eof=1 r=1 s->fde.force_eof=0
06-16 15:37:14.860 16811 16811 W ADB_SERVICES: entered. LS(76131) fd=24
06-16 15:37:14.878 16811 16811 W ADB_SERVICES: create_local_service_socket() name=shell:cat /proc/stat
06-16 15:37:14.878 16811 16811 W ADB_SERVICES: service_to_fd() name=shell:cat /proc/stat
06-16 15:37:14.880 16811 16811 W ADB_SERVICES: read_meminfo() mem_free=271400
06-16 15:37:14.880 16811 16811 W ADB_SERVICES: create_subproc ret_fd=24 pid=17349
06-16 15:37:14.880 16811 16811 W ADB_SERVICES: LS(76132): bound to 'shell:cat /proc/stat' via 24
06-16 15:37:14.881 17349 17349 W ADB_SERVICES: adb: unable to update oom_score_adj
06-16 15:37:14.887 16811 16811 D ADB_SERVICES:  closing because is_eof=1 r=-1 s->fde.force_eof=0
06-16 15:37:14.887 16811 16811 W ADB_SERVICES: entered. LS(76132) fd=24
06-16 15:37:14.919 15430 15430 D BgTest  : uiCount 149  +5
06-16 15:37:15.223 16811 16811 W ADB_SERVICES: create_local_service_socket() name=shell:cat /proc/net/xt_qtaguid/stats | grep 10276
06-16 15:37:15.224 16811 16811 W ADB_SERVICES: service_to_fd() name=shell:cat /proc/net/xt_qtaguid/stats | grep 10276
06-16 15:37:15.225 16811 16811 W ADB_SERVICES: read_meminfo() mem_free=271400
06-16 15:37:15.227 16811 16811 W ADB_SERVICES: create_subproc ret_fd=24 pid=17350
06-16 15:37:15.227 16811 16811 W ADB_SERVICES: LS(76133): bound to 'shell:cat /proc/net/xt_qtaguid/stats | grep 10276' via 24
06-16 15:37:15.230 17350 17350 W ADB_SERVICES: adb: unable to update oom_score_adj
06-16 15:37:15.259 16811 16811 D ADB_SERVICES:  closing because is_eof=1 r=-1 s->fde.force_eof=0
06-16 15:37:15.259 16811 16811 W ADB_SERVICES: entered. LS(76133) fd=24
06-16 15:37:15.423 16811 16811 W ADB_SERVICES: create_local_service_socket() name=shell:cat /proc/15430/stat
06-16 15:37:15.423 16811 16811 W ADB_SERVICES: service_to_fd() name=shell:cat /proc/15430/stat
06-16 15:37:15.425 16811 16811 W ADB_SERVICES: read_meminfo() mem_free=271400
06-16 15:37:15.427 16811 16811 W ADB_SERVICES: create_subproc ret_fd=24 pid=17353
06-16 15:37:15.427 16811 16811 W ADB_SERVICES: LS(76134): bound to 'shell:cat /proc/15430/stat' via 24
06-16 15:37:15.430 17353 17353 W ADB_SERVICES: adb: unable to update oom_score_adj
06-16 15:37:15.447 16811 16811 D ADB_SERVICES:  closing because is_eof=1 r=-1 s->fde.force_eof=0
06-16 15:37:15.447 16811 16811 W ADB_SERVICES: entered. LS(76134) fd=24
06-16 15:37:15.465 16811 16811 W ADB_SERVICES: create_local_service_socket() name=shell:cat /proc/stat
06-16 15:37:15.465 16811 16811 W ADB_SERVICES: service_to_fd() name=shell:cat /proc/stat
06-16 15:37:15.466 16811 16811 W ADB_SERVICES: read_meminfo() mem_free=271364
06-16 15:37:15.466 16811 16811 W ADB_SERVICES: create_subproc ret_fd=24 pid=17354
06-16 15:37:15.467 16811 16811 W ADB_SERVICES: LS(76135): bound to 'shell:cat /proc/stat' via 24
06-16 15:37:15.468 17354 17354 W ADB_SERVICES: adb: unable to update oom_score_adj
06-16 15:37:15.474 16811 16811 D ADB_SERVICES:  closing because is_eof=1 r=1 s->fde.force_eof=0
06-16 15:37:15.474 16811 16811 W ADB_SERVICES: entered. LS(76135) fd=24
06-16 15:37:15.505 15430 15981 D BgTest  : bgCount 144
06-16 15:37:15.512   874   968 D WifiHW  : enter -->wifi_send_command cmd=IFNAME=wlan0 SIGNAL_POLL
06-16 15:37:15.513 11599 11599 D wpa_supplicant: wlan0: Control interface command 'SIGNAL_POLL'
06-16 15:37:15.533   874   968 D WifiHW  : leave --> reply=RSSI=-55
06-16 15:37:15.533   874   968 D WifiHW  : LINKSPEED=65
06-16 15:37:15.533   874   968 D WifiHW  : NOISE=9999
06-16 15:37:15.533   874   968 D WifiHW  : FREQUENCY=2462
06-16 15:37:15.533   874   968 D WifiHW  : 
06-16 15:37:15.534   874   968 D WifiStateMachine: mLastSignalLevel:3, newSignalLevel:3
06-16 15:37:15.774 16811 16811 W ADB_SERVICES: create_local_service_socket() name=shell:cat /proc/net/xt_qtaguid/stats | grep 10276
06-16 15:37:15.774 16811 16811 W ADB_SERVICES: service_to_fd() name=shell:cat /proc/net/xt_qtaguid/stats | grep 10276
06-16 15:37:15.776 16811 16811 W ADB_SERVICES: read_meminfo() mem_free=271416
06-16 15:37:15.778 16811 16811 W ADB_SERVICES: create_subproc ret_fd=24 pid=17355
06-16 15:37:15.778 16811 16811 W ADB_SERVICES: LS(76136): bound to 'shell:cat /proc/net/xt_qtaguid/stats | grep 10276' via 24
06-16 15:37:15.781 17355 17355 W ADB_SERVICES: adb: unable to update oom_score_adj
06-16 15:37:15.809 16811 16811 D ADB_SERVICES:  closing because is_eof=1 r=-1 s->fde.force_eof=0
06-16 15:37:15.809 16811 16811 W ADB_SERVICES: entered. LS(76136) fd=24
06-16 15:37:15.921 15430 15430 D BgTest  : uiCount 150  +5
06-16 15:37:16.008 16811 16811 W ADB_SERVICES: create_local_service_socket() name=shell:cat /proc/15430/stat
06-16 15:37:16.008 16811 16811 W ADB_SERVICES: service_to_fd() name=shell:cat /proc/15430/stat
06-16 15:37:16.010 16811 16811 W ADB_SERVICES: read_meminfo() mem_free=271384
06-16 15:37:16.011 16811 16811 W ADB_SERVICES: create_subproc ret_fd=24 pid=17358
06-16 15:37:16.012 16811 16811 W ADB_SERVICES: LS(76137): bound to 'shell:cat /proc/15430/stat' via 24
06-16 15:37:16.014 17358 17358 W ADB_SERVICES: adb: unable to update oom_score_adj
06-16 15:37:16.030 16811 16811 D ADB_SERVICES:  closing because is_eof=1 r=-1 s->fde.force_eof=0
06-16 15:37:16.030 16811 16811 W ADB_SERVICES: entered. LS(76137) fd=24
06-16 15:37:16.052 16811 16811 W ADB_SERVICES: create_local_service_socket() name=shell:cat /proc/stat
06-16 15:37:16.052 16811 16811 W ADB_SERVICES: service_to_fd() name=shell:cat /proc/stat
06-16 15:37:16.053 16811 16811 W ADB_SERVICES: read_meminfo() mem_free=271384
06-16 15:37:16.055 16811 16811 W ADB_SERVICES: create_subproc ret_fd=24 pid=17359
06-16 15:37:16.055 16811 16811 W ADB_SERVICES: LS(76138): bound to 'shell:cat /proc/stat' via 24
06-16 15:37:16.058 17359 17359 W ADB_SERVICES: adb: unable to update oom_score_adj
06-16 15:37:16.077 16811 16811 D ADB_SERVICES:  closing because is_eof=1 r=-1 s->fde.force_eof=0
06-16 15:37:16.077 16811 16811 W ADB_SERVICES: entered. LS(76138) fd=24
06-16 15:37:16.346 16811 16811 W ADB_SERVICES: create_local_service_socket() name=shell:cat /proc/net/xt_qtaguid/stats | grep 10276
06-16 15:37:16.347 16811 16811 W ADB_SERVICES: service_to_fd() name=shell:cat /proc/net/xt_qtaguid/stats | grep 10276
06-16 15:37:16.348 16811 16811 W ADB_SERVICES: read_meminfo() mem_free=271384
06-16 15:37:16.350 16811 16811 W ADB_SERVICES: create_subproc ret_fd=24 pid=17360
06-16 15:37:16.351 16811 16811 W ADB_SERVICES: LS(76139): bound to 'shell:cat /proc/net/xt_qtaguid/stats | grep 10276' via 24
06-16 15:37:16.353 17360 17360 W ADB_SERVICES: adb: unable to update oom_score_adj
06-16 15:37:16.373 16811 16811 D ADB_SERVICES:  closing because is_eof=1 r=-1 s->fde.force_eof=0
06-16 15:37:16.373 16811 16811 W ADB_SERVICES: entered. LS(76139) fd=24
06-16 15:37:16.546 15430 15981 D BgTest  : bgCount 145
06-16 15:37:16.595 16811 16811 W ADB_SERVICES: create_local_service_socket() name=shell:cat /proc/15430/stat
06-16 15:37:16.595 16811 16811 W ADB_SERVICES: service_to_fd() name=shell:cat /proc/15430/stat
06-16 15:37:16.596 16811 16811 W ADB_SERVICES: read_meminfo() mem_free=271416
06-16 15:37:16.598 16811 16811 W ADB_SERVICES: create_subproc ret_fd=24 pid=17363
06-16 15:37:16.598 16811 16811 W ADB_SERVICES: LS(76140): bound to 'shell:cat /proc/15430/stat' via 24
06-16 15:37:16.601 17363 17363 W ADB_SERVICES: adb: unable to update oom_score_adj
06-16 15:37:16.616 16811 16811 D ADB_SERVICES:  closing because is_eof=1 r=-1 s->fde.force_eof=0
06-16 15:37:16.616 16811 16811 W ADB_SERVICES: entered. LS(76140) fd=24
06-16 15:37:16.632 16811 16811 W ADB_SERVICES: create_local_service_socket() name=shell:cat /proc/stat
06-16 15:37:16.632 16811 16811 W ADB_SERVICES: service_to_fd() name=shell:cat /proc/stat
06-16 15:37:16.633 16811 16811 W ADB_SERVICES: read_meminfo() mem_free=271416
06-16 15:37:16.633 16811 16811 W ADB_SERVICES: create_subproc ret_fd=24 pid=17364
06-16 15:37:16.633 16811 16811 W ADB_SERVICES: LS(76141): bound to 'shell:cat /proc/stat' via 24
06-16 15:37:16.634 17364 17364 W ADB_SERVICES: adb: unable to update oom_score_adj
06-16 15:37:16.641 16811 16811 D ADB_SERVICES:  closing because is_eof=1 r=-1 s->fde.force_eof=0
06-16 15:37:16.641 16811 16811 W ADB_SERVICES: entered. LS(76141) fd=24
06-16 15:37:16.896 16811 16811 W ADB_SERVICES: create_local_service_socket() name=shell:cat /proc/net/xt_qtaguid/stats | grep 10276
06-16 15:37:16.896 16811 16811 W ADB_SERVICES: service_to_fd() name=shell:cat /proc/net/xt_qtaguid/stats | grep 10276
06-16 15:37:16.898 16811 16811 W ADB_SERVICES: read_meminfo() mem_free=271416
06-16 15:37:16.900 16811 16811 W ADB_SERVICES: create_subproc ret_fd=24 pid=17365
06-16 15:37:16.900 16811 16811 W ADB_SERVICES: LS(76142): bound to 'shell:cat /proc/net/xt_qtaguid/stats | grep 10276' via 24
06-16 15:37:16.903 17365 17365 W ADB_SERVICES: adb: unable to update oom_score_adj
06-16 15:37:16.922 15430 15430 D BgTest  : uiCount 151  +5
06-16 15:37:16.928 16811 16811 D ADB_SERVICES:  closing because is_eof=1 r=-1 s->fde.force_eof=0
06-16 15:37:16.928 16811 16811 W ADB_SERVICES: entered. LS(76142) fd=24
06-16 15:37:16.952   874   982 D AudioService: MzCreateMediaserverWatchdogThread: monitor mediaserver end !!!
06-16 15:37:16.952   874   982 D AudioService: MzCreateMediaserverWatchdogThread: monitor mediaserver start !!!
06-16 15:37:16.954   874 17368 D AudioSystem: +setParameters(): mediaserver_monitor=1 
06-16 15:37:16.954   301   301 I AudioFlinger: setParameters(): io 0, keyvalue mediaserver_monitor=1, calling pid 874
06-16 15:37:16.955   301   301 D AudioALSAHardware: +setParameters(): mediaserver_monitor=1
06-16 15:37:16.955   301   301 W AudioALSAHardware: setParameters(), still have param.size() = 1, remain param = "mediaserver_monitor=1"
06-16 15:37:16.955   301   301 D AudioALSAHardware: -setParameters(): mediaserver_monitor=1 
06-16 15:37:16.955   301   301 D bt_audio_a2dp_hw: [A2DP_HW] [adev_set_parameters@1540] out is null , check in stream
06-16 15:37:16.955   301   301 I str_params: key: 'mediaserver_monitor' value: '1'
06-16 15:37:16.955   301   301 D usb_audio_hw: adev_set_parameters: kvpairs = mediaserver_monitor=1
06-16 15:37:16.956   874 17368 D AudioSystem: -setParameters(): mediaserver_monitor=1 
06-16 15:37:16.956   301   948 I AudioPolicyManager: setStreamVolumeIndex stream = 7 index = 15 device = 0x400
06-16 15:37:17.002  1040  1040 D NetworkController.WifiSignalController: setActivity: wifiActivity= 1
06-16 15:37:17.002  1040  1040 D NetworkController.WifiSignalController: isDirty : false
06-16 15:37:17.003  1040  1040 D NetworkController.WifiSignalController: Change in state from: connected=true,enabled=true,level=4,inetCondition=1,iconGroup=IconGroup(Wi-Fi Icons),activityIn=false,activityOut=false,rssi=-55,networkType=null,lastModified=06-16 03:37:12,ssid="sodino"enabling=falsedisabling=falseconnecting=false
06-16 15:37:17.003  1040  1040 D NetworkController.WifiSignalController: 	to: connected=true,enabled=true,level=4,inetCondition=1,iconGroup=IconGroup(Wi-Fi Icons),activityIn=true,activityOut=false,rssi=-55,networkType=null,lastModified=06-16 03:37:12,ssid="sodino"enabling=falsedisabling=falseconnecting=false
06-16 15:37:17.003  1040  1040 D NetworkController.WifiSignalController: Wifi notifyListeners: level= 4, wifiActivity= 1
06-16 15:37:17.003  1040  1040 D SignalClusterView: setWifiIndicators, visible=true, strengthIcon=2130839041, contentDescription=WLAN信号满格。
06-16 15:37:17.013  1040  1040 D NetworkController.WifiSignalController: Wifi notifyListeners: level= 4, wifiActivity= 1
06-16 15:37:17.013  1040  1040 D SignalClusterView: setWifiIndicators, visible=true, strengthIcon=2130839041, contentDescription=WLAN信号满格。
06-16 15:37:17.013  1040  1040 D NetworkController.WifiSignalController: Wifi notifyListeners: level= 4, wifiActivity= 1
06-16 15:37:17.013  1040  1040 D SignalClusterView: setWifiIndicators, visible=true, strengthIcon=2130839041, contentDescription=WLAN信号满格。
06-16 15:37:17.014  1040  1040 D NetworkController.WifiSignalController: Wifi notifyListeners: level= 4, wifiActivity= 1
06-16 15:37:17.014  1040  1040 D SignalClusterView: setWifiIndicators, visible=true, strengthIcon=2130839041, contentDescription=WLAN信号满格。
06-16 15:37:17.014  1040  1040 D ConnectionRateView: DataConnection: new=true,old=true
06-16 15:37:17.014  1040  1040 D ConnectionRateView: DataConnection: new=true,old=true
06-16 15:37:17.042   272   272 I SurfaceFlinger: [Built-in Screen (type:0)] fps:0.332816,dur:3004.66,max:3004.66,min:3004.66
06-16 15:37:17.173 16811 16811 W ADB_SERVICES: create_local_service_socket() name=shell:cat /proc/15430/stat
06-16 15:37:17.173 16811 16811 W ADB_SERVICES: service_to_fd() name=shell:cat /proc/15430/stat
06-16 15:37:17.174 16811 16811 W ADB_SERVICES: read_meminfo() mem_free=271400
06-16 15:37:17.176 16811 16811 W ADB_SERVICES: create_subproc ret_fd=24 pid=17369
06-16 15:37:17.177 16811 16811 W ADB_SERVICES: LS(76143): bound to 'shell:cat /proc/15430/stat' via 24
06-16 15:37:17.179 17369 17369 W ADB_SERVICES: adb: unable to update oom_score_adj
06-16 15:37:17.194 16811 16811 D ADB_SERVICES:  closing because is_eof=1 r=-1 s->fde.force_eof=0
06-16 15:37:17.195 16811 16811 W ADB_SERVICES: entered. LS(76143) fd=24
06-16 15:37:17.221 16811 16811 W ADB_SERVICES: create_local_service_socket() name=shell:cat /proc/stat
06-16 15:37:17.221 16811 16811 W ADB_SERVICES: service_to_fd() name=shell:cat /proc/stat
06-16 15:37:17.222 16811 16811 W ADB_SERVICES: read_meminfo() mem_free=271400
06-16 15:37:17.223 16811 16811 W ADB_SERVICES: create_subproc ret_fd=24 pid=17370
06-16 15:37:17.223 16811 16811 W ADB_SERVICES: LS(76144): bound to 'shell:cat /proc/stat' via 24
06-16 15:37:17.226 17370 17370 W ADB_SERVICES: adb: unable to update oom_score_adj
06-16 15:37:17.241 16811 16811 D ADB_SERVICES:  closing because is_eof=1 r=-1 s->fde.force_eof=0
06-16 15:37:17.241 16811 16811 W ADB_SERVICES: entered. LS(76144) fd=24
06-16 15:37:17.463 16811 16811 W ADB_SERVICES: create_local_service_socket() name=shell:cat /proc/net/xt_qtaguid/stats | grep 10276
06-16 15:37:17.463 16811 16811 W ADB_SERVICES: service_to_fd() name=shell:cat /proc/net/xt_qtaguid/stats | grep 10276
06-16 15:37:17.465 16811 16811 W ADB_SERVICES: read_meminfo() mem_free=271400
06-16 15:37:17.467 16811 16811 W ADB_SERVICES: create_subproc ret_fd=24 pid=17371
06-16 15:37:17.467 16811 16811 W ADB_SERVICES: LS(76145): bound to 'shell:cat /proc/net/xt_qtaguid/stats | grep 10276' via 24
06-16 15:37:17.470 17371 17371 W ADB_SERVICES: adb: unable to update oom_score_adj
06-16 15:37:17.506 16811 16811 D ADB_SERVICES:  closing because is_eof=1 r=-1 s->fde.force_eof=0
06-16 15:37:17.506 16811 16811 W ADB_SERVICES: entered. LS(76145) fd=24
06-16 15:37:17.587 15430 15981 D BgTest  : bgCount 146
06-16 15:37:17.761 16811 16811 W ADB_SERVICES: create_local_service_socket() name=shell:cat /proc/15430/stat
06-16 15:37:17.761 16811 16811 W ADB_SERVICES: service_to_fd() name=shell:cat /proc/15430/stat
06-16 15:37:17.763 16811 16811 W ADB_SERVICES: read_meminfo() mem_free=271432
06-16 15:37:17.765 16811 16811 W ADB_SERVICES: create_subproc ret_fd=24 pid=17374
06-16 15:37:17.765 16811 16811 W ADB_SERVICES: LS(76146): bound to 'shell:cat /proc/15430/stat' via 24
06-16 15:37:17.768 17374 17374 W ADB_SERVICES: adb: unable to update oom_score_adj
06-16 15:37:17.781 16811 16811 D ADB_SERVICES:  closing because is_eof=1 r=1 s->fde.force_eof=0
06-16 15:37:17.781 16811 16811 W ADB_SERVICES: entered. LS(76146) fd=24
06-16 15:37:17.805 16811 16811 W ADB_SERVICES: create_local_service_socket() name=shell:cat /proc/stat
06-16 15:37:17.805 16811 16811 W ADB_SERVICES: service_to_fd() name=shell:cat /proc/stat
06-16 15:37:17.806 16811 16811 W ADB_SERVICES: read_meminfo() mem_free=271432
06-16 15:37:17.806 16811 16811 W ADB_SERVICES: create_subproc ret_fd=24 pid=17375
06-16 15:37:17.806 16811 16811 W ADB_SERVICES: LS(76147): bound to 'shell:cat /proc/stat' via 24
06-16 15:37:17.807 17375 17375 W ADB_SERVICES: adb: unable to update oom_score_adj
06-16 15:37:17.814 16811 16811 D ADB_SERVICES:  closing because is_eof=1 r=-1 s->fde.force_eof=0
06-16 15:37:17.814 16811 16811 W ADB_SERVICES: entered. LS(76147) fd=24
06-16 15:37:17.923 15430 15430 D BgTest  : uiCount 152  +5
06-16 15:37:18.004  1040  1040 D NetworkController.WifiSignalController: setActivity: wifiActivity= 0
06-16 15:37:18.004  1040  1040 D NetworkController.WifiSignalController: isDirty : false
06-16 15:37:18.005  1040  1040 D NetworkController.WifiSignalController: Change in state from: connected=true,enabled=true,level=4,inetCondition=1,iconGroup=IconGroup(Wi-Fi Icons),activityIn=true,activityOut=false,rssi=-55,networkType=null,lastModified=06-16 03:37:17,ssid="sodino"enabling=falsedisabling=falseconnecting=false
06-16 15:37:18.005  1040  1040 D NetworkController.WifiSignalController: 	to: connected=true,enabled=true,level=4,inetCondition=1,iconGroup=IconGroup(Wi-Fi Icons),activityIn=false,activityOut=false,rssi=-55,networkType=null,lastModified=06-16 03:37:17,ssid="sodino"enabling=falsedisabling=falseconnecting=false
06-16 15:37:18.005  1040  1040 D NetworkController.WifiSignalController: Wifi notifyListeners: level= 4, wifiActivity= 0
06-16 15:37:18.005  1040  1040 D SignalClusterView: setWifiIndicators, visible=true, strengthIcon=2130839040, contentDescription=WLAN信号满格。
06-16 15:37:18.013  1040  1040 D NetworkController.WifiSignalController: Wifi notifyListeners: level= 4, wifiActivity= 0
06-16 15:37:18.013  1040  1040 D SignalClusterView: setWifiIndicators, visible=true, strengthIcon=2130839040, contentDescription=WLAN信号满格。
06-16 15:37:18.014  1040  1040 D NetworkController.WifiSignalController: Wifi notifyListeners: level= 4, wifiActivity= 0
06-16 15:37:18.014  1040  1040 D SignalClusterView: setWifiIndicators, visible=true, strengthIcon=2130839040, contentDescription=WLAN信号满格。
06-16 15:37:18.014  1040  1040 D NetworkController.WifiSignalController: Wifi notifyListeners: level= 4, wifiActivity= 0
06-16 15:37:18.014  1040  1040 D SignalClusterView: setWifiIndicators, visible=true, strengthIcon=2130839040, contentDescription=WLAN信号满格。
06-16 15:37:18.014  1040  1040 D ConnectionRateView: DataConnection: new=true,old=true
06-16 15:37:18.015  1040  1040 D ConnectionRateView: DataConnection: new=true,old=true
06-16 15:37:18.044 16811 16811 W ADB_SERVICES: create_local_service_socket() name=shell:cat /proc/net/xt_qtaguid/stats | grep 10276
06-16 15:37:18.044 16811 16811 W ADB_SERVICES: service_to_fd() name=shell:cat /proc/net/xt_qtaguid/stats | grep 10276
06-16 15:37:18.045 16811 16811 W ADB_SERVICES: read_meminfo() mem_free=271432
06-16 15:37:18.046 16811 16811 W ADB_SERVICES: create_subproc ret_fd=24 pid=17376
06-16 15:37:18.046 16811 16811 W ADB_SERVICES: LS(76148): bound to 'shell:cat /proc/net/xt_qtaguid/stats | grep 10276' via 24
06-16 15:37:18.048 17376 17376 W ADB_SERVICES: adb: unable to update oom_score_adj
06-16 15:37:18.081 16811 16811 D ADB_SERVICES:  closing because is_eof=1 r=-1 s->fde.force_eof=0
06-16 15:37:18.081 16811 16811 W ADB_SERVICES: entered. LS(76148) fd=24
06-16 15:37:18.346 16811 16811 W ADB_SERVICES: create_local_service_socket() name=shell:cat /proc/15430/stat
06-16 15:37:18.346 16811 16811 W ADB_SERVICES: service_to_fd() name=shell:cat /proc/15430/stat
06-16 15:37:18.347 16811 16811 W ADB_SERVICES: read_meminfo() mem_free=271408
06-16 15:37:18.348 16811 16811 W ADB_SERVICES: create_subproc ret_fd=24 pid=17379
06-16 15:37:18.348 16811 16811 W ADB_SERVICES: LS(76149): bound to 'shell:cat /proc/15430/stat' via 24
06-16 15:37:18.352 17379 17379 W ADB_SERVICES: adb: unable to update oom_score_adj
06-16 15:37:18.367 16811 16811 D ADB_SERVICES:  closing because is_eof=1 r=-1 s->fde.force_eof=0
06-16 15:37:18.367 16811 16811 W ADB_SERVICES: entered. LS(76149) fd=24
06-16 15:37:18.392 16811 16811 W ADB_SERVICES: create_local_service_socket() name=shell:cat /proc/stat
06-16 15:37:18.392 16811 16811 W ADB_SERVICES: service_to_fd() name=shell:cat /proc/stat
06-16 15:37:18.393 16811 16811 W ADB_SERVICES: read_meminfo() mem_free=271408
06-16 15:37:18.395 16811 16811 W ADB_SERVICES: create_subproc ret_fd=24 pid=17380
06-16 15:37:18.395 16811 16811 W ADB_SERVICES: LS(76150): bound to 'shell:cat /proc/stat' via 24
06-16 15:37:18.398 17380 17380 W ADB_SERVICES: adb: unable to update oom_score_adj
06-16 15:37:18.418 16811 16811 D ADB_SERVICES:  closing because is_eof=1 r=-1 s->fde.force_eof=0
06-16 15:37:18.418 16811 16811 W ADB_SERVICES: entered. LS(76150) fd=24
06-16 15:37:18.543   874   968 D WifiHW  : enter -->wifi_send_command cmd=IFNAME=wlan0 SIGNAL_POLL
06-16 15:37:18.544 11599 11599 D wpa_supplicant: wlan0: Control interface command 'SIGNAL_POLL'
06-16 15:37:18.563   874   968 D WifiHW  : leave --> reply=RSSI=-56
06-16 15:37:18.563   874   968 D WifiHW  : LINKSPEED=65
06-16 15:37:18.563   874   968 D WifiHW  : NOISE=9999
06-16 15:37:18.563   874   968 D WifiHW  : FREQUENCY=2462
06-16 15:37:18.563   874   968 D WifiHW  : 
06-16 15:37:18.565   874   968 V ActivityManager: Broadcast sticky: Intent { act=android.net.wifi.RSSI_CHANGED flg=0x4000010 (has extras) } ordered=false userid=-1 callerApp=ProcessRecord{2de77b41 874:system/1000}
06-16 15:37:18.569   874   989 D WifiWatchdogStateMachine: RSSI current: 4 new: -56, 3
06-16 15:37:18.570  1040  1040 D NetworkController: onReceive: intent=Intent { act=android.net.wifi.RSSI_CHANGED flg=0x4000010 (has extras) }
06-16 15:37:18.570  1040  1040 D NetworkController.WifiSignalController: isDirty : false
06-16 15:37:18.572  1040  1040 D NetworkController.WifiSignalController: Change in state from: connected=true,enabled=true,level=4,inetCondition=1,iconGroup=IconGroup(Wi-Fi Icons),activityIn=false,activityOut=false,rssi=-55,networkType=null,lastModified=06-16 03:37:18,ssid="sodino"enabling=falsedisabling=falseconnecting=false
06-16 15:37:18.572  1040  1040 D NetworkController.WifiSignalController: 	to: connected=true,enabled=true,level=3,inetCondition=1,iconGroup=IconGroup(Wi-Fi Icons),activityIn=false,activityOut=false,rssi=-56,networkType=null,lastModified=06-16 03:37:18,ssid="sodino"enabling=falsedisabling=falseconnecting=false
06-16 15:37:18.572  1040  1040 D NetworkController.WifiSignalController: Wifi notifyListeners: level= 3, wifiActivity= 0
06-16 15:37:18.572  1040  1040 D SignalClusterView: setWifiIndicators, visible=true, strengthIcon=2130839034, contentDescription=WLAN信号强度为三格。
06-16 15:37:18.577  1040  1040 D NetworkController.WifiSignalController: Wifi notifyListeners: level= 3, wifiActivity= 0
06-16 15:37:18.577  1040  1040 D SignalClusterView: setWifiIndicators, visible=true, strengthIcon=2130839034, contentDescription=WLAN信号强度为三格。
06-16 15:37:18.577  1040  1040 D NetworkController.WifiSignalController: Wifi notifyListeners: level= 3, wifiActivity= 0
06-16 15:37:18.577  1040  1040 D SignalClusterView: setWifiIndicators, visible=true, strengthIcon=2130839034, contentDescription=WLAN信号强度为三格。
06-16 15:37:18.577  1040  1040 D NetworkController.WifiSignalController: Wifi notifyListeners: level= 3, wifiActivity= 0
06-16 15:37:18.577  1040  1040 D SignalClusterView: setWifiIndicators, visible=true, strengthIcon=2130839034, contentDescription=WLAN信号强度为三格。
06-16 15:37:18.578  1040  1040 D ConnectionRateView: DataConnection: new=true,old=true
06-16 15:37:18.578  1040  1040 D ConnectionRateView: DataConnection: new=true,old=true
06-16 15:37:18.582   874   968 D WifiStateMachine: mLastSignalLevel:3, newSignalLevel:2
06-16 15:37:18.613   272   272 I SurfaceFlinger: [Built-in Screen (type:0)] fps:1.909244,dur:1571.30,max:965.81,min:29.48
06-16 15:37:18.616 16811 16811 W ADB_SERVICES: create_local_service_socket() name=shell:cat /proc/net/xt_qtaguid/stats | grep 10276
06-16 15:37:18.616 16811 16811 W ADB_SERVICES: service_to_fd() name=shell:cat /proc/net/xt_qtaguid/stats | grep 10276
06-16 15:37:18.617 16811 16811 W ADB_SERVICES: read_meminfo() mem_free=271432
06-16 15:37:18.618 16811 16811 W ADB_SERVICES: create_subproc ret_fd=24 pid=17381
06-16 15:37:18.618 16811 16811 W ADB_SERVICES: LS(76151): bound to 'shell:cat /proc/net/xt_qtaguid/stats | grep 10276' via 24
06-16 15:37:18.624 17381 17381 W ADB_SERVICES: adb: unable to update oom_score_adj
06-16 15:37:18.628 15430 15981 D BgTest  : bgCount 147
06-16 15:37:18.652 16811 16811 D ADB_SERVICES:  closing because is_eof=1 r=-1 s->fde.force_eof=0
06-16 15:37:18.652 16811 16811 W ADB_SERVICES: entered. LS(76151) fd=24
06-16 15:37:18.660   319   319 I thermal_repeater: oh, queryMdThermalInfo (0)Bad file number
06-16 15:37:18.668   319   319 I thermal_repeater: [recvMdThermalInfo] ret=25, strLen=127,  1, 32767,,, -1, 32767, 2
06-16 15:37:18.925 15430 15430 D BgTest  : uiCount 153  +5
06-16 15:37:18.938 16811 16811 W ADB_SERVICES: create_local_service_socket() name=shell:cat /proc/15430/stat
06-16 15:37:18.938 16811 16811 W ADB_SERVICES: service_to_fd() name=shell:cat /proc/15430/stat
06-16 15:37:18.939 16811 16811 W ADB_SERVICES: read_meminfo() mem_free=271276
06-16 15:37:18.941 16811 16811 W ADB_SERVICES: create_subproc ret_fd=24 pid=17384
06-16 15:37:18.943 16811 16811 W ADB_SERVICES: LS(76152): bound to 'shell:cat /proc/15430/stat' via 24
06-16 15:37:18.949 17384 17384 W ADB_SERVICES: adb: unable to update oom_score_adj
06-16 15:37:18.961 16811 16811 D ADB_SERVICES:  closing because is_eof=1 r=1 s->fde.force_eof=0
06-16 15:37:18.961 16811 16811 W ADB_SERVICES: entered. LS(76152) fd=24
06-16 15:37:18.982 16811 16811 W ADB_SERVICES: create_local_service_socket() name=shell:cat /proc/stat
06-16 15:37:18.982 16811 16811 W ADB_SERVICES: service_to_fd() name=shell:cat /proc/stat
06-16 15:37:18.982 16811 16811 W ADB_SERVICES: read_meminfo() mem_free=271276
06-16 15:37:18.983 16811 16811 W ADB_SERVICES: create_subproc ret_fd=24 pid=17385
06-16 15:37:18.983 16811 16811 W ADB_SERVICES: LS(76153): bound to 'shell:cat /proc/stat' via 24
06-16 15:37:18.984 17385 17385 W ADB_SERVICES: adb: unable to update oom_score_adj
06-16 15:37:18.991 16811 16811 D ADB_SERVICES:  closing because is_eof=1 r=-1 s->fde.force_eof=0
06-16 15:37:18.991 16811 16811 W ADB_SERVICES: entered. LS(76153) fd=24
06-16 15:37:19.165 16811 16811 W ADB_SERVICES: create_local_service_socket() name=shell:cat /proc/net/xt_qtaguid/stats | grep 10276
06-16 15:37:19.165 16811 16811 W ADB_SERVICES: service_to_fd() name=shell:cat /proc/net/xt_qtaguid/stats | grep 10276
06-16 15:37:19.168 16811 16811 W ADB_SERVICES: read_meminfo() mem_free=271276
06-16 15:37:19.169 16811 16811 W ADB_SERVICES: create_subproc ret_fd=24 pid=17386
06-16 15:37:19.170 16811 16811 W ADB_SERVICES: LS(76154): bound to 'shell:cat /proc/net/xt_qtaguid/stats | grep 10276' via 24
06-16 15:37:19.172 17386 17386 W ADB_SERVICES: adb: unable to update oom_score_adj
06-16 15:37:19.193 16811 16811 D ADB_SERVICES:  closing because is_eof=1 r=-1 s->fde.force_eof=0
06-16 15:37:19.193 16811 16811 W ADB_SERVICES: entered. LS(76154) fd=24
06-16 15:37:19.523 16811 16811 W ADB_SERVICES: create_local_service_socket() name=shell:cat /proc/15430/stat
06-16 15:37:19.524 16811 16811 W ADB_SERVICES: service_to_fd() name=shell:cat /proc/15430/stat
06-16 15:37:19.525 16811 16811 W ADB_SERVICES: read_meminfo() mem_free=271408
06-16 15:37:19.527 16811 16811 W ADB_SERVICES: create_subproc ret_fd=24 pid=17389
06-16 15:37:19.528 16811 16811 W ADB_SERVICES: LS(76155): bound to 'shell:cat /proc/15430/stat' via 24
06-16 15:37:19.531 17389 17389 W ADB_SERVICES: adb: unable to update oom_score_adj
06-16 15:37:19.546 16811 16811 D ADB_SERVICES:  closing because is_eof=1 r=-1 s->fde.force_eof=0
06-16 15:37:19.546 16811 16811 W ADB_SERVICES: entered. LS(76155) fd=24
06-16 15:37:19.567 16811 16811 W ADB_SERVICES: create_local_service_socket() name=shell:cat /proc/stat
06-16 15:37:19.567 16811 16811 W ADB_SERVICES: service_to_fd() name=shell:cat /proc/stat
06-16 15:37:19.569 16811 16811 W ADB_SERVICES: read_meminfo() mem_free=271400
06-16 15:37:19.570 16811 16811 W ADB_SERVICES: create_subproc ret_fd=24 pid=17390
06-16 15:37:19.570 16811 16811 W ADB_SERVICES: LS(76156): bound to 'shell:cat /proc/stat' via 24
06-16 15:37:19.573 17390 17390 W ADB_SERVICES: adb: unable to update oom_score_adj
06-16 15:37:19.592 16811 16811 D ADB_SERVICES:  closing because is_eof=1 r=-1 s->fde.force_eof=0
06-16 15:37:19.592 16811 16811 W ADB_SERVICES: entered. LS(76156) fd=24
06-16 15:37:19.669 15430 15981 D BgTest  : bgCount 148
06-16 15:37:19.712 16811 16811 W ADB_SERVICES: create_local_service_socket() name=shell:cat /proc/net/xt_qtaguid/stats | grep 10276
06-16 15:37:19.712 16811 16811 W ADB_SERVICES: service_to_fd() name=shell:cat /proc/net/xt_qtaguid/stats | grep 10276
06-16 15:37:19.713 16811 16811 W ADB_SERVICES: read_meminfo() mem_free=271400
06-16 15:37:19.714 16811 16811 W ADB_SERVICES: create_subproc ret_fd=24 pid=17391
06-16 15:37:19.715 16811 16811 W ADB_SERVICES: LS(76157): bound to 'shell:cat /proc/net/xt_qtaguid/stats | grep 10276' via 24
06-16 15:37:19.718 17391 17391 W ADB_SERVICES: adb: unable to update oom_score_adj
06-16 15:37:19.748 16811 16811 D ADB_SERVICES:  closing because is_eof=1 r=-1 s->fde.force_eof=0
06-16 15:37:19.748 16811 16811 W ADB_SERVICES: entered. LS(76157) fd=24
06-16 15:37:19.926 15430 15430 D BgTest  : uiCount 154  +5
06-16 15:37:20.081   272   272 I SurfaceFlinger: [Built-in Screen (type:0)] fps:0.681199,dur:1468.00,max:1468.00,min:1468.00
06-16 15:37:20.111 16811 16811 W ADB_SERVICES: create_local_service_socket() name=shell:cat /proc/15430/stat
06-16 15:37:20.111 16811 16811 W ADB_SERVICES: service_to_fd() name=shell:cat /proc/15430/stat
06-16 15:37:20.113 16811 16811 W ADB_SERVICES: read_meminfo() mem_free=271400
06-16 15:37:20.115 16811 16811 W ADB_SERVICES: create_subproc ret_fd=24 pid=17394
06-16 15:37:20.116 16811 16811 W ADB_SERVICES: LS(76158): bound to 'shell:cat /proc/15430/stat' via 24
06-16 15:37:20.118 17394 17394 W ADB_SERVICES: adb: unable to update oom_score_adj
06-16 15:37:20.134 16811 16811 D ADB_SERVICES:  closing because is_eof=1 r=-1 s->fde.force_eof=0
06-16 15:37:20.134 16811 16811 W ADB_SERVICES: entered. LS(76158) fd=24
06-16 15:37:20.157 16811 16811 W ADB_SERVICES: create_local_service_socket() name=shell:cat /proc/stat
06-16 15:37:20.157 16811 16811 W ADB_SERVICES: service_to_fd() name=shell:cat /proc/stat
06-16 15:37:20.158 16811 16811 W ADB_SERVICES: read_meminfo() mem_free=271292
06-16 15:37:20.159 16811 16811 W ADB_SERVICES: create_subproc ret_fd=24 pid=17395
06-16 15:37:20.159 16811 16811 W ADB_SERVICES: LS(76159): bound to 'shell:cat /proc/stat' via 24
06-16 15:37:20.161 17395 17395 W ADB_SERVICES: adb: unable to update oom_score_adj
06-16 15:37:20.174 16811 16811 D ADB_SERVICES:  closing because is_eof=1 r=-1 s->fde.force_eof=0
06-16 15:37:20.174 16811 16811 W ADB_SERVICES: entered. LS(76159) fd=24
06-16 15:37:20.286 16811 16811 W ADB_SERVICES: create_local_service_socket() name=shell:cat /proc/net/xt_qtaguid/stats | grep 10276
06-16 15:37:20.286 16811 16811 W ADB_SERVICES: service_to_fd() name=shell:cat /proc/net/xt_qtaguid/stats | grep 10276
06-16 15:37:20.287 16811 16811 W ADB_SERVICES: read_meminfo() mem_free=271292
06-16 15:37:20.290 16811 16811 W ADB_SERVICES: create_subproc ret_fd=24 pid=17396
06-16 15:37:20.290 16811 16811 W ADB_SERVICES: LS(76160): bound to 'shell:cat /proc/net/xt_qtaguid/stats | grep 10276' via 24
06-16 15:37:20.292 17396 17396 W ADB_SERVICES: adb: unable to update oom_score_adj
06-16 15:37:20.328 16811 16811 D ADB_SERVICES:  closing because is_eof=1 r=-1 s->fde.force_eof=0
06-16 15:37:20.328 16811 16811 W ADB_SERVICES: entered. LS(76160) fd=24
06-16 15:37:20.702 16811 16811 W ADB_SERVICES: create_local_service_socket() name=shell:cat /proc/15430/stat
06-16 15:37:20.702 16811 16811 W ADB_SERVICES: service_to_fd() name=shell:cat /proc/15430/stat
06-16 15:37:20.704 16811 16811 W ADB_SERVICES: read_meminfo() mem_free=271308
06-16 15:37:20.706 16811 16811 W ADB_SERVICES: create_subproc ret_fd=24 pid=17399
06-16 15:37:20.706 16811 16811 W ADB_SERVICES: LS(76161): bound to 'shell:cat /proc/15430/stat' via 24
06-16 15:37:20.708 17399 17399 W ADB_SERVICES: adb: unable to update oom_score_adj
06-16 15:37:20.710 15430 15981 D BgTest  : bgCount 149
06-16 15:37:20.722 16811 16811 D ADB_SERVICES:  closing because is_eof=1 r=1 s->fde.force_eof=0
06-16 15:37:20.722 16811 16811 W ADB_SERVICES: entered. LS(76161) fd=24
06-16 15:37:20.750 16811 16811 W ADB_SERVICES: create_local_service_socket() name=shell:cat /proc/stat
06-16 15:37:20.750 16811 16811 W ADB_SERVICES: service_to_fd() name=shell:cat /proc/stat
06-16 15:37:20.751 16811 16811 W ADB_SERVICES: read_meminfo() mem_free=271308
06-16 15:37:20.751 16811 16811 W ADB_SERVICES: create_subproc ret_fd=24 pid=17400
06-16 15:37:20.751 16811 16811 W ADB_SERVICES: LS(76162): bound to 'shell:cat /proc/stat' via 24
06-16 15:37:20.753 17400 17400 W ADB_SERVICES: adb: unable to update oom_score_adj
06-16 15:37:20.760 16811 16811 D ADB_SERVICES:  closing because is_eof=1 r=-1 s->fde.force_eof=0
06-16 15:37:20.760 16811 16811 W ADB_SERVICES: entered. LS(76162) fd=24
06-16 15:37:20.857 16811 16811 W ADB_SERVICES: create_local_service_socket() name=shell:cat /proc/net/xt_qtaguid/stats | grep 10276
06-16 15:37:20.857 16811 16811 W ADB_SERVICES: service_to_fd() name=shell:cat /proc/net/xt_qtaguid/stats | grep 10276
06-16 15:37:20.859 16811 16811 W ADB_SERVICES: read_meminfo() mem_free=271396
06-16 15:37:20.861 16811 16811 W ADB_SERVICES: create_subproc ret_fd=24 pid=17401
06-16 15:37:20.861 16811 16811 W ADB_SERVICES: LS(76163): bound to 'shell:cat /proc/net/xt_qtaguid/stats | grep 10276' via 24
06-16 15:37:20.864 17401 17401 W ADB_SERVICES: adb: unable to update oom_score_adj
06-16 15:37:20.890 16811 16811 D ADB_SERVICES:  closing because is_eof=1 r=-1 s->fde.force_eof=0
06-16 15:37:20.890 16811 16811 W ADB_SERVICES: entered. LS(76163) fd=24
06-16 15:37:20.927 15430 15430 D BgTest  : uiCount 155  +5
06-16 15:37:21.295 16811 16811 W ADB_SERVICES: create_local_service_socket() name=shell:cat /proc/15430/stat
06-16 15:37:21.295 16811 16811 W ADB_SERVICES: service_to_fd() name=shell:cat /proc/15430/stat
06-16 15:37:21.297 16811 16811 W ADB_SERVICES: read_meminfo() mem_free=271400
06-16 15:37:21.299 16811 16811 W ADB_SERVICES: create_subproc ret_fd=24 pid=17404
06-16 15:37:21.299 16811 16811 W ADB_SERVICES: LS(76164): bound to 'shell:cat /proc/15430/stat' via 24
06-16 15:37:21.302 17404 17404 W ADB_SERVICES: adb: unable to update oom_score_adj
06-16 15:37:21.317 16811 16811 D ADB_SERVICES:  closing because is_eof=1 r=-1 s->fde.force_eof=0
06-16 15:37:21.317 16811 16811 W ADB_SERVICES: entered. LS(76164) fd=24
06-16 15:37:21.343 16811 16811 W ADB_SERVICES: create_local_service_socket() name=shell:cat /proc/stat
06-16 15:37:21.343 16811 16811 W ADB_SERVICES: service_to_fd() name=shell:cat /proc/stat
06-16 15:37:21.344 16811 16811 W ADB_SERVICES: read_meminfo() mem_free=271416
06-16 15:37:21.345 16811 16811 W ADB_SERVICES: create_subproc ret_fd=24 pid=17405
06-16 15:37:21.346 16811 16811 W ADB_SERVICES: LS(76165): bound to 'shell:cat /proc/stat' via 24
06-16 15:37:21.349 17405 17405 W ADB_SERVICES: adb: unable to update oom_score_adj
06-16 15:37:21.367 16811 16811 D ADB_SERVICES:  closing because is_eof=1 r=-1 s->fde.force_eof=0
06-16 15:37:21.367 16811 16811 W ADB_SERVICES: entered. LS(76165) fd=24
06-16 15:37:21.400 16811 16811 W ADB_SERVICES: create_local_service_socket() name=shell:cat /proc/net/xt_qtaguid/stats | grep 10276
06-16 15:37:21.400 16811 16811 W ADB_SERVICES: service_to_fd() name=shell:cat /proc/net/xt_qtaguid/stats | grep 10276
06-16 15:37:21.400 16811 16811 W ADB_SERVICES: read_meminfo() mem_free=271416
06-16 15:37:21.401 16811 16811 W ADB_SERVICES: create_subproc ret_fd=24 pid=17406
06-16 15:37:21.401 16811 16811 W ADB_SERVICES: LS(76166): bound to 'shell:cat /proc/net/xt_qtaguid/stats | grep 10276' via 24
06-16 15:37:21.402 17406 17406 W ADB_SERVICES: adb: unable to update oom_score_adj
06-16 15:37:21.424 16811 16811 D ADB_SERVICES:  closing because is_eof=1 r=-1 s->fde.force_eof=0
06-16 15:37:21.424 16811 16811 W ADB_SERVICES: entered. LS(76166) fd=24
06-16 15:37:21.590   874   968 D WifiHW  : enter -->wifi_send_command cmd=IFNAME=wlan0 SIGNAL_POLL
06-16 15:37:21.591 11599 11599 D wpa_supplicant: wlan0: Control interface command 'SIGNAL_POLL'
06-16 15:37:21.613   874   968 D WifiHW  : leave --> reply=RSSI=-57
06-16 15:37:21.613   874   968 D WifiHW  : LINKSPEED=65
06-16 15:37:21.613   874   968 D WifiHW  : NOISE=9999
06-16 15:37:21.613   874   968 D WifiHW  : FREQUENCY=2462
06-16 15:37:21.613   874   968 D WifiHW  : 
06-16 15:37:21.614   874   968 D WifiStateMachine: mLastSignalLevel:2, newSignalLevel:2
06-16 15:37:21.751 15430 15981 D BgTest  : bgCount 150
06-16 15:37:21.882 16811 16811 W ADB_SERVICES: create_local_service_socket() name=shell:cat /proc/15430/stat
06-16 15:37:21.882 16811 16811 W ADB_SERVICES: service_to_fd() name=shell:cat /proc/15430/stat
06-16 15:37:21.884 16811 16811 W ADB_SERVICES: read_meminfo() mem_free=271416
06-16 15:37:21.885 16811 16811 W ADB_SERVICES: create_subproc ret_fd=24 pid=17409
06-16 15:37:21.885 16811 16811 W ADB_SERVICES: LS(76167): bound to 'shell:cat /proc/15430/stat' via 24
06-16 15:37:21.888 17409 17409 W ADB_SERVICES: adb: unable to update oom_score_adj
06-16 15:37:21.903 16811 16811 D ADB_SERVICES:  closing because is_eof=1 r=-1 s->fde.force_eof=0
06-16 15:37:21.903 16811 16811 W ADB_SERVICES: entered. LS(76167) fd=24
06-16 15:37:21.924 16811 16811 W ADB_SERVICES: create_local_service_socket() name=shell:cat /proc/stat
06-16 15:37:21.924 16811 16811 W ADB_SERVICES: service_to_fd() name=shell:cat /proc/stat
06-16 15:37:21.925 16811 16811 W ADB_SERVICES: read_meminfo() mem_free=271416
06-16 15:37:21.926 16811 16811 W ADB_SERVICES: create_subproc ret_fd=24 pid=17410
06-16 15:37:21.926 16811 16811 W ADB_SERVICES: LS(76168): bound to 'shell:cat /proc/stat' via 24
06-16 15:37:21.928 17410 17410 W ADB_SERVICES: adb: unable to update oom_score_adj
06-16 15:37:21.929 15430 15430 D BgTest  : uiCount 156  +5
06-16 15:37:21.942 16811 16811 W ADB_SERVICES: create_local_service_socket() name=shell:cat /proc/net/xt_qtaguid/stats | grep 10276
06-16 15:37:21.942 16811 16811 W ADB_SERVICES: service_to_fd() name=shell:cat /proc/net/xt_qtaguid/stats | grep 10276
06-16 15:37:21.943 16811 16811 W ADB_SERVICES: read_meminfo() mem_free=271416
06-16 15:37:21.944 16811 16811 W ADB_SERVICES: create_subproc ret_fd=25 pid=17411
06-16 15:37:21.944 16811 16811 W ADB_SERVICES: LS(76169): bound to 'shell:cat /proc/net/xt_qtaguid/stats | grep 10276' via 25
06-16 15:37:21.946 16811 16811 D ADB_SERVICES:  closing because is_eof=1 r=-1 s->fde.force_eof=0
06-16 15:37:21.946 16811 16811 W ADB_SERVICES: entered. LS(76168) fd=24
06-16 15:37:21.949 17411 17411 W ADB_SERVICES: adb: unable to update oom_score_adj
06-16 15:37:21.967 16811 16811 D ADB_SERVICES:  closing because is_eof=1 r=-1 s->fde.force_eof=0
06-16 15:37:21.967 16811 16811 W ADB_SERVICES: entered. LS(76169) fd=25
06-16 15:37:22.117  1860  1860 V SettingsInterface:  from settings cache , name = multi_sim_voice_call , value = null
06-16 15:37:22.124  1860  1860 V SettingsInterface:  from settings cache , name = multi_sim_voice_call , value = null
06-16 15:37:22.132  1860  1860 V SettingsInterface:  from settings cache , name = multi_sim_voice_call , value = null
06-16 15:37:22.136  1860  1860 V SettingsInterface:  from settings cache , name = multi_sim_voice_call , value = null
06-16 15:37:22.140  1860  1860 V SettingsInterface:  from settings cache , name = multi_sim_voice_call , value = null
06-16 15:37:22.142  1860  1860 V SettingsInterface:  from settings cache , name = multi_sim_voice_call , value = null
06-16 15:37:22.146   874  1882 V ActivityManager: Broadcast sticky: Intent { act=android.intent.action.SIG_STR flg=0x20000010 (has extras) } ordered=false userid=-1 callerApp=ProcessRecord{2de77b41 874:system/1000}
06-16 15:37:22.464 16811 16811 W ADB_SERVICES: create_local_service_socket() name=shell:cat /proc/15430/stat
06-16 15:37:22.464 16811 16811 W ADB_SERVICES: service_to_fd() name=shell:cat /proc/15430/stat
06-16 15:37:22.465 16811 16811 W ADB_SERVICES: read_meminfo() mem_free=271400
06-16 15:37:22.467 16811 16811 W ADB_SERVICES: create_subproc ret_fd=24 pid=17414
06-16 15:37:22.468 16811 16811 W ADB_SERVICES: LS(76170): bound to 'shell:cat /proc/15430/stat' via 24
06-16 15:37:22.470 17414 17414 W ADB_SERVICES: adb: unable to update oom_score_adj
06-16 15:37:22.484 16811 16811 D ADB_SERVICES:  closing because is_eof=1 r=-1 s->fde.force_eof=0
06-16 15:37:22.484 16811 16811 W ADB_SERVICES: entered. LS(76170) fd=24
06-16 15:37:22.486 16811 16811 W ADB_SERVICES: create_local_service_socket() name=shell:cat /proc/net/xt_qtaguid/stats | grep 10276
06-16 15:37:22.486 16811 16811 W ADB_SERVICES: service_to_fd() name=shell:cat /proc/net/xt_qtaguid/stats | grep 10276
06-16 15:37:22.487 16811 16811 W ADB_SERVICES: read_meminfo() mem_free=271400
06-16 15:37:22.488 16811 16811 W ADB_SERVICES: create_subproc ret_fd=24 pid=17415
06-16 15:37:22.488 16811 16811 W ADB_SERVICES: LS(76171): bound to 'shell:cat /proc/net/xt_qtaguid/stats | grep 10276' via 24
06-16 15:37:22.491 17415 17415 W ADB_SERVICES: adb: unable to update oom_score_adj
06-16 15:37:22.509 16811 16811 W ADB_SERVICES: create_local_service_socket() name=shell:cat /proc/stat
