06-18 20:06:14.579 11599 11599 D wpa_supplicant: wlan0: Control interface command 'SIGNAL_POLL'
06-18 20:06:14.598   874   968 D WifiHW  : leave --> reply=RSSI=-41
06-18 20:06:14.598   874   968 D WifiHW  : LINKSPEED=65
06-18 20:06:14.598   874   968 D WifiHW  : NOISE=9999
06-18 20:06:14.598   874   968 D WifiHW  : FREQUENCY=2462
06-18 20:06:14.598   874   968 D WifiHW  : 
06-18 20:06:14.600   874   968 D WifiStateMachine: mLastSignalLevel:3, newSignalLevel:3
06-18 20:06:14.796 16811 16811 W ADB_SERVICES: create_local_service_socket() name=shell:cat /proc/net/xt_qtaguid/stats | grep 10278
06-18 20:06:14.796 16811 16811 W ADB_SERVICES: service_to_fd() name=shell:cat /proc/net/xt_qtaguid/stats | grep 10278
06-18 20:06:14.797 16811 16811 W ADB_SERVICES: read_meminfo() mem_free=81340
06-18 20:06:14.800 16811 16811 W ADB_SERVICES: create_subproc ret_fd=24 pid=2838
06-18 20:06:14.801 16811 16811 W ADB_SERVICES: LS(81253): bound to 'shell:cat /proc/net/xt_qtaguid/stats | grep 10278' via 24
06-18 20:06:14.804  2838  2838 W ADB_SERVICES: adb: unable to update oom_score_adj
06-18 20:06:14.827 16811 16811 W ADB_SERVICES: create_local_service_socket() name=shell:cat /proc/1282/stat
06-18 20:06:14.827 16811 16811 W ADB_SERVICES: service_to_fd() name=shell:cat /proc/1282/stat
06-18 20:06:14.828 16811 16811 W ADB_SERVICES: read_meminfo() mem_free=81184
06-18 20:06:14.828 16811 16811 W ADB_SERVICES: create_subproc ret_fd=25 pid=2841
06-18 20:06:14.828 16811 16811 W ADB_SERVICES: LS(81254): bound to 'shell:cat /proc/1282/stat' via 25
06-18 20:06:14.835  2841  2841 W ADB_SERVICES: adb: unable to update oom_score_adj
06-18 20:06:14.845 16811 16811 D ADB_SERVICES:  closing because is_eof=1 r=-1 s->fde.force_eof=0
06-18 20:06:14.845 16811 16811 W ADB_SERVICES: entered. LS(81253) fd=24
06-18 20:06:14.847 16811 16811 D ADB_SERVICES:  closing because is_eof=1 r=-1 s->fde.force_eof=0
06-18 20:06:14.847 16811 16811 W ADB_SERVICES: entered. LS(81254) fd=25
06-18 20:06:14.867 16811 16811 W ADB_SERVICES: create_local_service_socket() name=shell:cat /proc/stat
06-18 20:06:14.867 16811 16811 W ADB_SERVICES: service_to_fd() name=shell:cat /proc/stat
06-18 20:06:14.868 16811 16811 W ADB_SERVICES: read_meminfo() mem_free=81308
06-18 20:06:14.869 16811 16811 W ADB_SERVICES: create_subproc ret_fd=24 pid=2842
06-18 20:06:14.869 16811 16811 W ADB_SERVICES: LS(81255): bound to 'shell:cat /proc/stat' via 24
06-18 20:06:14.874  1282  1391 D BgTest  : bgCount 116
06-18 20:06:14.883  2842  2842 W ADB_SERVICES: adb: unable to update oom_score_adj
06-18 20:06:14.906 16811 16811 D ADB_SERVICES:  closing because is_eof=1 r=-1 s->fde.force_eof=0
06-18 20:06:14.906 16811 16811 W ADB_SERVICES: entered. LS(81255) fd=24
06-18 20:06:14.995 29526 29754 V SettingsInterface:  from settings cache , name = airplane_mode_on , value = 0
06-18 20:06:15.002 29526 29754 V SettingsInterface:  from settings cache , name = location_providers_allowed , value = default
06-18 20:06:15.006 29526 29754 V SettingsInterface:  from settings cache , name = mock_location , value = 0
06-18 20:06:15.282   874  1879 D BatteryService: mBatteryVoltage=4091, batteryLevel=50
06-18 20:06:15.284   874   874 V ActivityManager: Broadcast sticky: Intent { act=android.intent.action.BATTERY_CHANGED flg=0x60000010 (has extras) } ordered=false userid=-1 callerApp=null
06-18 20:06:15.291  1040  1040 D KeyguardUpdateMonitor: received broadcast android.intent.action.BATTERY_CHANGED
06-18 20:06:15.291  1040  1040 D FlymeBatteryMeterView: hashCode=122392665,level=73,pluggedIn=true,status=2
06-18 20:06:15.291  1040  1040 D FlymeBatteryMeterView: hashCode=296548458,level=73,pluggedIn=true,status=2
06-18 20:06:15.291  1040  1040 D FlymeBatteryMeterView: hashCode=720319172,level=73,pluggedIn=true,status=2
06-18 20:06:15.291  1040  1040 I KeyguardUpdateMonitor: handleBatteryUpdate index=0 updateInteresting=false
06-18 20:06:15.293  1561  1561 D PowerBroadcastCenter: receive intent: android.intent.action.BATTERY_CHANGED
06-18 20:06:15.293  1835  1835 D BroadcastCenter: receive intent: android.intent.action.BATTERY_CHANGED
06-18 20:06:15.295  1561  1750 D PowerGaugeStats: battery level is changed: 73
06-18 20:06:15.295  1561  1750 D PowerGaugeStats: unknown status
06-18 20:06:15.295  1561  1718 D IPowerModeImp: getCurrentModeLocked:0
06-18 20:06:15.295  1561  1718 D PowerLevelNotification: level = 73 plugged = 2 show = false mBatteryLastLevel = 73 currentMode = 0 isDialogShowing = false isDeviceProvisioned = true
06-18 20:06:15.295  1561  1717 I BatteryConsumeMonitor: init var lastPlugType : 2 lastBatteryChangedLevel : 73
06-18 20:06:15.297   874   874 D UsbDeviceManager: onReceive - BATTERY_CHANGED - mPlugType: 2, mSettingUsbCharging: false, mConnected: true, mSettingUsbBicr: false
06-18 20:06:15.297   874   874 D AlarmAlignManager: I got broadcast:android.intent.action.BATTERY_CHANGED
06-18 20:06:15.298   874   874 D WifiService: onReceive, action:android.intent.action.BATTERY_CHANGED
06-18 20:06:15.298   874   970 D WifiController: DeviceActiveState{ when=0 what=155652 arg1=2 target=com.android.internal.util.StateMachine$SmHandler }
06-18 20:06:15.298   874   970 D WifiController: StaEnabledState{ when=-1ms what=155652 arg1=2 target=com.android.internal.util.StateMachine$SmHandler }
06-18 20:06:15.298   874   970 D WifiController: DefaultState{ when=-1ms what=155652 arg1=2 target=com.android.internal.util.StateMachine$SmHandler }
06-18 20:06:15.331   272   272 I SurfaceFlinger: [Built-in Screen (type:0)] fps:0.772429,dur:1294.62,max:1294.62,min:1294.62
06-18 20:06:15.375 16811 16811 W ADB_SERVICES: create_local_service_socket() name=shell:cat /proc/net/xt_qtaguid/stats | grep 10278
06-18 20:06:15.375 16811 16811 W ADB_SERVICES: service_to_fd() name=shell:cat /proc/net/xt_qtaguid/stats | grep 10278
06-18 20:06:15.376 16811 16811 W ADB_SERVICES: read_meminfo() mem_free=81356
06-18 20:06:15.377 16811 16811 W ADB_SERVICES: create_subproc ret_fd=24 pid=2843
06-18 20:06:15.377 16811 16811 W ADB_SERVICES: LS(81256): bound to 'shell:cat /proc/net/xt_qtaguid/stats | grep 10278' via 24
06-18 20:06:15.383  2843  2843 W ADB_SERVICES: adb: unable to update oom_score_adj
06-18 20:06:15.413 16811 16811 D ADB_SERVICES:  closing because is_eof=1 r=-1 s->fde.force_eof=0
06-18 20:06:15.413 16811 16811 W ADB_SERVICES: entered. LS(81256) fd=24
06-18 20:06:15.417  1282  1282 D BgTest  : uiCount 121  +4
06-18 20:06:15.438 16811 16811 W ADB_SERVICES: create_local_service_socket() name=shell:cat /proc/1282/stat
06-18 20:06:15.438 16811 16811 W ADB_SERVICES: service_to_fd() name=shell:cat /proc/1282/stat
06-18 20:06:15.438 16811 16811 W ADB_SERVICES: read_meminfo() mem_free=81188
06-18 20:06:15.439 16811 16811 W ADB_SERVICES: create_subproc ret_fd=24 pid=2846
06-18 20:06:15.439 16811 16811 W ADB_SERVICES: LS(81257): bound to 'shell:cat /proc/1282/stat' via 24
06-18 20:06:15.441  2846  2846 W ADB_SERVICES: adb: unable to update oom_score_adj
06-18 20:06:15.450 16811 16811 D ADB_SERVICES:  closing because is_eof=1 r=-1 s->fde.force_eof=0
06-18 20:06:15.450 16811 16811 W ADB_SERVICES: entered. LS(81257) fd=24
06-18 20:06:15.476 16811 16811 W ADB_SERVICES: create_local_service_socket() name=shell:cat /proc/stat
06-18 20:06:15.476 16811 16811 W ADB_SERVICES: service_to_fd() name=shell:cat /proc/stat
06-18 20:06:15.477 16811 16811 W ADB_SERVICES: read_meminfo() mem_free=81232
06-18 20:06:15.478 16811 16811 W ADB_SERVICES: create_subproc ret_fd=24 pid=2847
06-18 20:06:15.478 16811 16811 W ADB_SERVICES: LS(81258): bound to 'shell:cat /proc/stat' via 24
06-18 20:06:15.485  2847  2847 W ADB_SERVICES: adb: unable to update oom_score_adj
06-18 20:06:15.504 16811 16811 D ADB_SERVICES:  closing because is_eof=1 r=-1 s->fde.force_eof=0
06-18 20:06:15.504 16811 16811 W ADB_SERVICES: entered. LS(81258) fd=24
06-18 20:06:15.944  1282  1391 D BgTest  : bgCount 117
06-18 20:06:15.946 16811 16811 W ADB_SERVICES: create_local_service_socket() name=shell:cat /proc/net/xt_qtaguid/stats | grep 10278
06-18 20:06:15.947 16811 16811 W ADB_SERVICES: service_to_fd() name=shell:cat /proc/net/xt_qtaguid/stats | grep 10278
06-18 20:06:15.948 16811 16811 W ADB_SERVICES: read_meminfo() mem_free=81356
06-18 20:06:15.952 16811 16811 W ADB_SERVICES: create_subproc ret_fd=24 pid=2848
06-18 20:06:15.953 16811 16811 W ADB_SERVICES: LS(81259): bound to 'shell:cat /proc/net/xt_qtaguid/stats | grep 10278' via 24
06-18 20:06:15.958  2848  2848 W ADB_SERVICES: adb: unable to update oom_score_adj
06-18 20:06:15.979 16811 16811 D ADB_SERVICES:  closing because is_eof=1 r=-1 s->fde.force_eof=0
06-18 20:06:15.979 16811 16811 W ADB_SERVICES: entered. LS(81259) fd=24
06-18 20:06:16.023 16811 16811 W ADB_SERVICES: create_local_service_socket() name=shell:cat /proc/1282/stat
06-18 20:06:16.023 16811 16811 W ADB_SERVICES: service_to_fd() name=shell:cat /proc/1282/stat
06-18 20:06:16.023 16811 16811 W ADB_SERVICES: read_meminfo() mem_free=81340
06-18 20:06:16.024 16811 16811 W ADB_SERVICES: create_subproc ret_fd=24 pid=2851
06-18 20:06:16.027 16811 16811 W ADB_SERVICES: LS(81260): bound to 'shell:cat /proc/1282/stat' via 24
06-18 20:06:16.031  2851  2851 W ADB_SERVICES: adb: unable to update oom_score_adj
06-18 20:06:16.045 16811 16811 D ADB_SERVICES:  closing because is_eof=1 r=1 s->fde.force_eof=0
06-18 20:06:16.045 16811 16811 W ADB_SERVICES: entered. LS(81260) fd=24
06-18 20:06:16.067 16811 16811 W ADB_SERVICES: create_local_service_socket() name=shell:cat /proc/stat
06-18 20:06:16.067 16811 16811 W ADB_SERVICES: service_to_fd() name=shell:cat /proc/stat
06-18 20:06:16.068 16811 16811 W ADB_SERVICES: read_meminfo() mem_free=81340
06-18 20:06:16.068 16811 16811 W ADB_SERVICES: create_subproc ret_fd=24 pid=2856
06-18 20:06:16.069 16811 16811 W ADB_SERVICES: LS(81261): bound to 'shell:cat /proc/stat' via 24
06-18 20:06:16.070  2856  2856 W ADB_SERVICES: adb: unable to update oom_score_adj
06-18 20:06:16.077 16811 16811 D ADB_SERVICES:  closing because is_eof=1 r=-1 s->fde.force_eof=0
06-18 20:06:16.077 16811 16811 W ADB_SERVICES: entered. LS(81261) fd=24
06-18 20:06:16.419  1282  1282 D BgTest  : uiCount 122  +4
06-18 20:06:16.493 16811 16811 W ADB_SERVICES: create_local_service_socket() name=shell:cat /proc/net/xt_qtaguid/stats | grep 10278
06-18 20:06:16.494 16811 16811 W ADB_SERVICES: service_to_fd() name=shell:cat /proc/net/xt_qtaguid/stats | grep 10278
06-18 20:06:16.495 16811 16811 W ADB_SERVICES: read_meminfo() mem_free=81340
06-18 20:06:16.498 16811 16811 W ADB_SERVICES: create_subproc ret_fd=24 pid=2857
06-18 20:06:16.499 16811 16811 W ADB_SERVICES: LS(81262): bound to 'shell:cat /proc/net/xt_qtaguid/stats | grep 10278' via 24
06-18 20:06:16.502  2857  2857 W ADB_SERVICES: adb: unable to update oom_score_adj
06-18 20:06:16.528 16811 16811 D ADB_SERVICES:  closing because is_eof=1 r=-1 s->fde.force_eof=0
06-18 20:06:16.528 16811 16811 W ADB_SERVICES: entered. LS(81262) fd=24
06-18 20:06:16.539   874   982 D AudioService: MzCreateMediaserverWatchdogThread: monitor mediaserver end !!!
06-18 20:06:16.539   874   982 D AudioService: MzCreateMediaserverWatchdogThread: monitor mediaserver start !!!
06-18 20:06:16.541   874  2860 D AudioSystem: +setParameters(): mediaserver_monitor=1 
06-18 20:06:16.541   301   981 I AudioFlinger: setParameters(): io 0, keyvalue mediaserver_monitor=1, calling pid 874
06-18 20:06:16.542   301   981 D AudioALSAHardware: +setParameters(): mediaserver_monitor=1
06-18 20:06:16.542   301   981 W AudioALSAHardware: setParameters(), still have param.size() = 1, remain param = "mediaserver_monitor=1"
06-18 20:06:16.542   301   981 D AudioALSAHardware: -setParameters(): mediaserver_monitor=1 
06-18 20:06:16.542   301   981 D bt_audio_a2dp_hw: [A2DP_HW] [adev_set_parameters@1540] out is null , check in stream
06-18 20:06:16.542   301   981 I str_params: key: 'mediaserver_monitor' value: '1'
06-18 20:06:16.542   301   981 D usb_audio_hw: adev_set_parameters: kvpairs = mediaserver_monitor=1
06-18 20:06:16.544   874  2860 D AudioSystem: -setParameters(): mediaserver_monitor=1 
06-18 20:06:16.545   301  6737 I AudioPolicyManager: setStreamVolumeIndex stream = 7 index = 15 device = 0x400
06-18 20:06:16.608 16811 16811 W ADB_SERVICES: create_local_service_socket() name=shell:cat /proc/1282/stat
06-18 20:06:16.608 16811 16811 W ADB_SERVICES: service_to_fd() name=shell:cat /proc/1282/stat
06-18 20:06:16.611 16811 16811 W ADB_SERVICES: read_meminfo() mem_free=81324
06-18 20:06:16.612 16811 16811 W ADB_SERVICES: create_subproc ret_fd=24 pid=2861
06-18 20:06:16.612 16811 16811 W ADB_SERVICES: LS(81263): bound to 'shell:cat /proc/1282/stat' via 24
06-18 20:06:16.617  2861  2861 W ADB_SERVICES: adb: unable to update oom_score_adj
06-18 20:06:16.633 16811 16811 D ADB_SERVICES:  closing because is_eof=1 r=-1 s->fde.force_eof=0
06-18 20:06:16.633 16811 16811 W ADB_SERVICES: entered. LS(81263) fd=24
06-18 20:06:16.648 16811 16811 W ADB_SERVICES: create_local_service_socket() name=shell:cat /proc/stat
06-18 20:06:16.648 16811 16811 W ADB_SERVICES: service_to_fd() name=shell:cat /proc/stat
06-18 20:06:16.648 16811 16811 W ADB_SERVICES: read_meminfo() mem_free=81304
06-18 20:06:16.649 16811 16811 W ADB_SERVICES: create_subproc ret_fd=24 pid=2862
06-18 20:06:16.649 16811 16811 W ADB_SERVICES: LS(81264): bound to 'shell:cat /proc/stat' via 24
06-18 20:06:16.651  2862  2862 W ADB_SERVICES: adb: unable to update oom_score_adj
06-18 20:06:16.657 16811 16811 D ADB_SERVICES:  closing because is_eof=1 r=-1 s->fde.force_eof=0
06-18 20:06:16.657 16811 16811 W ADB_SERVICES: entered. LS(81264) fd=24
06-18 20:06:16.895   319   319 I thermal_repeater: oh, queryMdThermalInfo (0)Bad file number
06-18 20:06:16.907   319   319 I thermal_repeater: [recvMdThermalInfo] ret=25, strLen=127,  1, 32767,,, -1, 32767, 2
06-18 20:06:17.006  1282  1391 D BgTest  : bgCount 118
06-18 20:06:17.041   272   272 I SurfaceFlinger: [Built-in Screen (type:0)] fps:0.584903,dur:1709.69,max:1709.69,min:1709.69
06-18 20:06:17.044 16811 16811 W ADB_SERVICES: create_local_service_socket() name=shell:cat /proc/net/xt_qtaguid/stats | grep 10278
06-18 20:06:17.045 16811 16811 W ADB_SERVICES: service_to_fd() name=shell:cat /proc/net/xt_qtaguid/stats | grep 10278
06-18 20:06:17.045 16811 16811 W ADB_SERVICES: read_meminfo() mem_free=81356
06-18 20:06:17.046 16811 16811 W ADB_SERVICES: create_subproc ret_fd=24 pid=2863
06-18 20:06:17.046 16811 16811 W ADB_SERVICES: LS(81265): bound to 'shell:cat /proc/net/xt_qtaguid/stats | grep 10278' via 24
06-18 20:06:17.050  2863  2863 W ADB_SERVICES: adb: unable to update oom_score_adj
06-18 20:06:17.080 16811 16811 D ADB_SERVICES:  closing because is_eof=1 r=-1 s->fde.force_eof=0
06-18 20:06:17.080 16811 16811 W ADB_SERVICES: entered. LS(81265) fd=24
06-18 20:06:17.192 16811 16811 W ADB_SERVICES: create_local_service_socket() name=shell:cat /proc/1282/stat
06-18 20:06:17.192 16811 16811 W ADB_SERVICES: service_to_fd() name=shell:cat /proc/1282/stat
06-18 20:06:17.193 16811 16811 W ADB_SERVICES: read_meminfo() mem_free=81216
06-18 20:06:17.197 16811 16811 W ADB_SERVICES: create_subproc ret_fd=24 pid=2866
06-18 20:06:17.197 16811 16811 W ADB_SERVICES: LS(81266): bound to 'shell:cat /proc/1282/stat' via 24
06-18 20:06:17.200  2866  2866 W ADB_SERVICES: adb: unable to update oom_score_adj
06-18 20:06:17.215 16811 16811 D ADB_SERVICES:  closing because is_eof=1 r=1 s->fde.force_eof=0
06-18 20:06:17.215 16811 16811 W ADB_SERVICES: entered. LS(81266) fd=24
06-18 20:06:17.241 16811 16811 W ADB_SERVICES: create_local_service_socket() name=shell:cat /proc/stat
06-18 20:06:17.241 16811 16811 W ADB_SERVICES: service_to_fd() name=shell:cat /proc/stat
06-18 20:06:17.241 16811 16811 W ADB_SERVICES: read_meminfo() mem_free=81248
06-18 20:06:17.242 16811 16811 W ADB_SERVICES: create_subproc ret_fd=24 pid=2867
06-18 20:06:17.242 16811 16811 W ADB_SERVICES: LS(81267): bound to 'shell:cat /proc/stat' via 24
06-18 20:06:17.244  2867  2867 W ADB_SERVICES: adb: unable to update oom_score_adj
06-18 20:06:17.250 16811 16811 D ADB_SERVICES:  closing because is_eof=1 r=-1 s->fde.force_eof=0
06-18 20:06:17.250 16811 16811 W ADB_SERVICES: entered. LS(81267) fd=24
06-18 20:06:17.419  1282  1282 D BgTest  : uiCount 123  +4
06-18 20:06:17.609   874   968 D WifiHW  : enter -->wifi_send_command cmd=IFNAME=wlan0 SIGNAL_POLL
06-18 20:06:17.611 16811 16811 W ADB_SERVICES: create_local_service_socket() name=shell:cat /proc/net/xt_qtaguid/stats | grep 10278
06-18 20:06:17.611 16811 16811 W ADB_SERVICES: service_to_fd() name=shell:cat /proc/net/xt_qtaguid/stats | grep 10278
06-18 20:06:17.612 16811 16811 W ADB_SERVICES: read_meminfo() mem_free=81248
06-18 20:06:17.615 11599 11599 D wpa_supplicant: wlan0: Control interface command 'SIGNAL_POLL'
06-18 20:06:17.617 16811 16811 W ADB_SERVICES: create_subproc ret_fd=24 pid=2868
06-18 20:06:17.618 16811 16811 W ADB_SERVICES: LS(81268): bound to 'shell:cat /proc/net/xt_qtaguid/stats | grep 10278' via 24
06-18 20:06:17.621  2868  2868 W ADB_SERVICES: adb: unable to update oom_score_adj
06-18 20:06:17.637   874   968 D WifiHW  : leave --> reply=RSSI=-42
06-18 20:06:17.637   874   968 D WifiHW  : LINKSPEED=65
06-18 20:06:17.637   874   968 D WifiHW  : NOISE=9999
06-18 20:06:17.637   874   968 D WifiHW  : FREQUENCY=2462
06-18 20:06:17.637   874   968 D WifiHW  : 
06-18 20:06:17.637   874   968 D WifiStateMachine: mLastSignalLevel:3, newSignalLevel:3
06-18 20:06:17.643 16811 16811 D ADB_SERVICES:  closing because is_eof=1 r=-1 s->fde.force_eof=0
06-18 20:06:17.643 16811 16811 W ADB_SERVICES: entered. LS(81268) fd=24
06-18 20:06:17.787 16811 16811 W ADB_SERVICES: create_local_service_socket() name=shell:cat /proc/1282/stat
06-18 20:06:17.787 16811 16811 W ADB_SERVICES: service_to_fd() name=shell:cat /proc/1282/stat
06-18 20:06:17.788 16811 16811 W ADB_SERVICES: read_meminfo() mem_free=81200
06-18 20:06:17.789 16811 16811 W ADB_SERVICES: create_subproc ret_fd=24 pid=2871
06-18 20:06:17.789 16811 16811 W ADB_SERVICES: LS(81269): bound to 'shell:cat /proc/1282/stat' via 24
06-18 20:06:17.794  2871  2871 W ADB_SERVICES: adb: unable to update oom_score_adj
06-18 20:06:17.810 16811 16811 D ADB_SERVICES:  closing because is_eof=1 r=-1 s->fde.force_eof=0
06-18 20:06:17.810 16811 16811 W ADB_SERVICES: entered. LS(81269) fd=24
06-18 20:06:17.830 16811 16811 W ADB_SERVICES: create_local_service_socket() name=shell:cat /proc/stat
06-18 20:06:17.830 16811 16811 W ADB_SERVICES: service_to_fd() name=shell:cat /proc/stat
06-18 20:06:17.831 16811 16811 W ADB_SERVICES: read_meminfo() mem_free=81200
06-18 20:06:17.832 16811 16811 W ADB_SERVICES: create_subproc ret_fd=24 pid=2872
06-18 20:06:17.832 16811 16811 W ADB_SERVICES: LS(81270): bound to 'shell:cat /proc/stat' via 24
06-18 20:06:17.836  2872  2872 W ADB_SERVICES: adb: unable to update oom_score_adj
06-18 20:06:17.849 16811 16811 D ADB_SERVICES:  closing because is_eof=1 r=-1 s->fde.force_eof=0
06-18 20:06:17.849 16811 16811 W ADB_SERVICES: entered. LS(81270) fd=24
06-18 20:06:18.065  1282  1391 D BgTest  : bgCount 119
06-18 20:06:18.158 16811 16811 W ADB_SERVICES: create_local_service_socket() name=shell:cat /proc/net/xt_qtaguid/stats | grep 10278
06-18 20:06:18.158 16811 16811 W ADB_SERVICES: service_to_fd() name=shell:cat /proc/net/xt_qtaguid/stats | grep 10278
06-18 20:06:18.160 16811 16811 W ADB_SERVICES: read_meminfo() mem_free=81216
06-18 20:06:18.161 16811 16811 W ADB_SERVICES: create_subproc ret_fd=24 pid=2873
06-18 20:06:18.161 16811 16811 W ADB_SERVICES: LS(81271): bound to 'shell:cat /proc/net/xt_qtaguid/stats | grep 10278' via 24
06-18 20:06:18.166  2873  2873 W ADB_SERVICES: adb: unable to update oom_score_adj
06-18 20:06:18.195 16811 16811 D ADB_SERVICES:  closing because is_eof=1 r=-1 s->fde.force_eof=0
06-18 20:06:18.195 16811 16811 W ADB_SERVICES: entered. LS(81271) fd=24
06-18 20:06:18.373 16811 16811 W ADB_SERVICES: create_local_service_socket() name=shell:cat /proc/1282/stat
06-18 20:06:18.373 16811 16811 W ADB_SERVICES: service_to_fd() name=shell:cat /proc/1282/stat
06-18 20:06:18.374 16811 16811 W ADB_SERVICES: read_meminfo() mem_free=81200
06-18 20:06:18.378 16811 16811 W ADB_SERVICES: create_subproc ret_fd=24 pid=2876
06-18 20:06:18.379 16811 16811 W ADB_SERVICES: LS(81272): bound to 'shell:cat /proc/1282/stat' via 24
06-18 20:06:18.381  2876  2876 W ADB_SERVICES: adb: unable to update oom_score_adj
06-18 20:06:18.397 16811 16811 D ADB_SERVICES:  closing because is_eof=1 r=-1 s->fde.force_eof=0
06-18 20:06:18.397 16811 16811 W ADB_SERVICES: entered. LS(81272) fd=24
06-18 20:06:18.418 16811 16811 W ADB_SERVICES: create_local_service_socket() name=shell:cat /proc/stat
06-18 20:06:18.418 16811 16811 W ADB_SERVICES: service_to_fd() name=shell:cat /proc/stat
06-18 20:06:18.419 16811 16811 W ADB_SERVICES: read_meminfo() mem_free=81200
06-18 20:06:18.420 16811 16811 W ADB_SERVICES: create_subproc ret_fd=24 pid=2877
06-18 20:06:18.420 16811 16811 W ADB_SERVICES: LS(81273): bound to 'shell:cat /proc/stat' via 24
06-18 20:06:18.421  1282  1282 D BgTest  : uiCount 124  +4
06-18 20:06:18.427  2877  2877 W ADB_SERVICES: adb: unable to update oom_score_adj
06-18 20:06:18.445 16811 16811 D ADB_SERVICES:  closing because is_eof=1 r=-1 s->fde.force_eof=0
06-18 20:06:18.445 16811 16811 W ADB_SERVICES: entered. LS(81273) fd=24
06-18 20:06:18.725 16811 16811 W ADB_SERVICES: create_local_service_socket() name=shell:cat /proc/net/xt_qtaguid/stats | grep 10278
06-18 20:06:18.726 16811 16811 W ADB_SERVICES: service_to_fd() name=shell:cat /proc/net/xt_qtaguid/stats | grep 10278
06-18 20:06:18.728 16811 16811 W ADB_SERVICES: read_meminfo() mem_free=81200
06-18 20:06:18.730 16811 16811 W ADB_SERVICES: create_subproc ret_fd=24 pid=2878
06-18 20:06:18.731 16811 16811 W ADB_SERVICES: LS(81274): bound to 'shell:cat /proc/net/xt_qtaguid/stats | grep 10278' via 24
06-18 20:06:18.734  2878  2878 W ADB_SERVICES: adb: unable to update oom_score_adj
06-18 20:06:18.765 16811 16811 D ADB_SERVICES:  closing because is_eof=1 r=-1 s->fde.force_eof=0
06-18 20:06:18.765 16811 16811 W ADB_SERVICES: entered. LS(81274) fd=24
06-18 20:06:18.968 16811 16811 W ADB_SERVICES: create_local_service_socket() name=shell:cat /proc/1282/stat
06-18 20:06:18.968 16811 16811 W ADB_SERVICES: service_to_fd() name=shell:cat /proc/1282/stat
06-18 20:06:18.969 16811 16811 W ADB_SERVICES: read_meminfo() mem_free=81232
06-18 20:06:18.971 16811 16811 W ADB_SERVICES: create_subproc ret_fd=24 pid=2881
06-18 20:06:18.971 16811 16811 W ADB_SERVICES: LS(81275): bound to 'shell:cat /proc/1282/stat' via 24
06-18 20:06:18.976  2881  2881 W ADB_SERVICES: adb: unable to update oom_score_adj
06-18 20:06:18.987 16811 16811 D ADB_SERVICES:  closing because is_eof=1 r=-1 s->fde.force_eof=0
06-18 20:06:18.987 16811 16811 W ADB_SERVICES: entered. LS(81275) fd=24
06-18 20:06:19.011 16811 16811 W ADB_SERVICES: create_local_service_socket() name=shell:cat /proc/stat
06-18 20:06:19.011 16811 16811 W ADB_SERVICES: service_to_fd() name=shell:cat /proc/stat
06-18 20:06:19.012 16811 16811 W ADB_SERVICES: read_meminfo() mem_free=81232
06-18 20:06:19.012 16811 16811 W ADB_SERVICES: create_subproc ret_fd=24 pid=2882
06-18 20:06:19.012 16811 16811 W ADB_SERVICES: LS(81276): bound to 'shell:cat /proc/stat' via 24
06-18 20:06:19.014  2882  2882 W ADB_SERVICES: adb: unable to update oom_score_adj
06-18 20:06:19.020 16811 16811 D ADB_SERVICES:  closing because is_eof=1 r=-1 s->fde.force_eof=0
06-18 20:06:19.020 16811 16811 W ADB_SERVICES: entered. LS(81276) fd=24
06-18 20:06:19.037  1040  1040 D NetworkController.WifiSignalController: setActivity: wifiActivity= 1
06-18 20:06:19.037  1040  1040 D NetworkController.WifiSignalController: isDirty : false
06-18 20:06:19.038  1040  1040 D NetworkController.WifiSignalController: Change in state from: connected=true,enabled=true,level=4,inetCondition=1,iconGroup=IconGroup(Wi-Fi Icons),activityIn=false,activityOut=false,rssi=-37,networkType=null,lastModified=06-18 08:06:13,ssid="sodino"enabling=falsedisabling=falseconnecting=false
06-18 20:06:19.038  1040  1040 D NetworkController.WifiSignalController: 	to: connected=true,enabled=true,level=4,inetCondition=1,iconGroup=IconGroup(Wi-Fi Icons),activityIn=true,activityOut=false,rssi=-37,networkType=null,lastModified=06-18 08:06:13,ssid="sodino"enabling=falsedisabling=falseconnecting=false
06-18 20:06:19.038  1040  1040 D NetworkController.WifiSignalController: Wifi notifyListeners: level= 4, wifiActivity= 1
06-18 20:06:19.038  1040  1040 D SignalClusterView: setWifiIndicators, visible=true, strengthIcon=2130839041, contentDescription=WLAN信号满格。
06-18 20:06:19.038  1040  1040 D NetworkController.WifiSignalController: Wifi notifyListeners: level= 4, wifiActivity= 1
06-18 20:06:19.038  1040  1040 D SignalClusterView: setWifiIndicators, visible=true, strengthIcon=2130839041, contentDescription=WLAN信号满格。
06-18 20:06:19.038  1040  1040 D NetworkController.WifiSignalController: Wifi notifyListeners: level= 4, wifiActivity= 1
06-18 20:06:19.038  1040  1040 D SignalClusterView: setWifiIndicators, visible=true, strengthIcon=2130839041, contentDescription=WLAN信号满格。
06-18 20:06:19.039  1040  1040 D NetworkController.WifiSignalController: Wifi notifyListeners: level= 4, wifiActivity= 1
06-18 20:06:19.039  1040  1040 D SignalClusterView: setWifiIndicators, visible=true, strengthIcon=2130839041, contentDescription=WLAN信号满格。
06-18 20:06:19.039  1040  1040 D ConnectionRateView: DataConnection: new=true,old=true
06-18 20:06:19.039  1040  1040 D ConnectionRateView: DataConnection: new=true,old=true
06-18 20:06:19.078   272   272 I SurfaceFlinger: [Built-in Screen (type:0)] fps:0.490800,dur:2037.49,max:2037.49,min:2037.49
06-18 20:06:19.105  1282  1391 D BgTest  : bgCount 120
06-18 20:06:19.298 16811 16811 W ADB_SERVICES: create_local_service_socket() name=shell:cat /proc/net/xt_qtaguid/stats | grep 10278
06-18 20:06:19.298 16811 16811 W ADB_SERVICES: service_to_fd() name=shell:cat /proc/net/xt_qtaguid/stats | grep 10278
06-18 20:06:19.299 16811 16811 W ADB_SERVICES: read_meminfo() mem_free=81232
06-18 20:06:19.301 16811 16811 W ADB_SERVICES: create_subproc ret_fd=24 pid=2883
06-18 20:06:19.301 16811 16811 W ADB_SERVICES: LS(81277): bound to 'shell:cat /proc/net/xt_qtaguid/stats | grep 10278' via 24
06-18 20:06:19.306  2883  2883 W ADB_SERVICES: adb: unable to update oom_score_adj
06-18 20:06:19.334 16811 16811 D ADB_SERVICES:  closing because is_eof=1 r=-1 s->fde.force_eof=0
06-18 20:06:19.334 16811 16811 W ADB_SERVICES: entered. LS(81277) fd=24
06-18 20:06:19.422  1282  1282 D BgTest  : uiCount 125  +4
06-18 20:06:19.555 16811 16811 W ADB_SERVICES: create_local_service_socket() name=shell:cat /proc/1282/stat
06-18 20:06:19.556 16811 16811 W ADB_SERVICES: service_to_fd() name=shell:cat /proc/1282/stat
06-18 20:06:19.559 16811 16811 W ADB_SERVICES: read_meminfo() mem_free=81224
06-18 20:06:19.563 16811 16811 W ADB_SERVICES: create_subproc ret_fd=24 pid=2886
06-18 20:06:19.564 16811 16811 W ADB_SERVICES: LS(81278): bound to 'shell:cat /proc/1282/stat' via 24
06-18 20:06:19.567  2886  2886 W ADB_SERVICES: adb: unable to update oom_score_adj
06-18 20:06:19.583 16811 16811 D ADB_SERVICES:  closing because is_eof=1 r=-1 s->fde.force_eof=0
06-18 20:06:19.583 16811 16811 W ADB_SERVICES: entered. LS(81278) fd=24
06-18 20:06:19.602 16811 16811 W ADB_SERVICES: create_local_service_socket() name=shell:cat /proc/stat
06-18 20:06:19.602 16811 16811 W ADB_SERVICES: service_to_fd() name=shell:cat /proc/stat
06-18 20:06:19.603 16811 16811 W ADB_SERVICES: read_meminfo() mem_free=81224
06-18 20:06:19.604 16811 16811 W ADB_SERVICES: create_subproc ret_fd=24 pid=2887
06-18 20:06:19.604 16811 16811 W ADB_SERVICES: LS(81279): bound to 'shell:cat /proc/stat' via 24
06-18 20:06:19.605  2887  2887 W ADB_SERVICES: adb: unable to update oom_score_adj
06-18 20:06:19.612 16811 16811 D ADB_SERVICES:  closing because is_eof=1 r=-1 s->fde.force_eof=0
06-18 20:06:19.612 16811 16811 W ADB_SERVICES: entered. LS(81279) fd=24
06-18 20:06:19.871 16811 16811 W ADB_SERVICES: create_local_service_socket() name=shell:cat /proc/net/xt_qtaguid/stats | grep 10278
06-18 20:06:19.871 16811 16811 W ADB_SERVICES: service_to_fd() name=shell:cat /proc/net/xt_qtaguid/stats | grep 10278
06-18 20:06:19.874 16811 16811 W ADB_SERVICES: read_meminfo() mem_free=81224
06-18 20:06:19.876 16811 16811 W ADB_SERVICES: create_subproc ret_fd=24 pid=2888
06-18 20:06:19.877 16811 16811 W ADB_SERVICES: LS(81280): bound to 'shell:cat /proc/net/xt_qtaguid/stats | grep 10278' via 24
06-18 20:06:19.880  2888  2888 W ADB_SERVICES: adb: unable to update oom_score_adj
06-18 20:06:19.906 16811 16811 D ADB_SERVICES:  closing because is_eof=1 r=-1 s->fde.force_eof=0
06-18 20:06:19.906 16811 16811 W ADB_SERVICES: entered. LS(81280) fd=24
06-18 20:06:20.040  1040  1040 D NetworkController.WifiSignalController: setActivity: wifiActivity= 0
06-18 20:06:20.040  1040  1040 D NetworkController.WifiSignalController: isDirty : false
06-18 20:06:20.042  1040  1040 D NetworkController.WifiSignalController: Change in state from: connected=true,enabled=true,level=4,inetCondition=1,iconGroup=IconGroup(Wi-Fi Icons),activityIn=true,activityOut=false,rssi=-37,networkType=null,lastModified=06-18 08:06:19,ssid="sodino"enabling=falsedisabling=falseconnecting=false
06-18 20:06:20.042  1040  1040 D NetworkController.WifiSignalController: 	to: connected=true,enabled=true,level=4,inetCondition=1,iconGroup=IconGroup(Wi-Fi Icons),activityIn=false,activityOut=false,rssi=-37,networkType=null,lastModified=06-18 08:06:19,ssid="sodino"enabling=falsedisabling=falseconnecting=false
06-18 20:06:20.042  1040  1040 D NetworkController.WifiSignalController: Wifi notifyListeners: level= 4, wifiActivity= 0
06-18 20:06:20.043  1040  1040 D SignalClusterView: setWifiIndicators, visible=true, strengthIcon=2130839040, contentDescription=WLAN信号满格。
06-18 20:06:20.044  1040  1040 D NetworkController.WifiSignalController: Wifi notifyListeners: level= 4, wifiActivity= 0
06-18 20:06:20.047  1040  1040 D SignalClusterView: setWifiIndicators, visible=true, strengthIcon=2130839040, contentDescription=WLAN信号满格。
06-18 20:06:20.047  1040  1040 D NetworkController.WifiSignalController: Wifi notifyListeners: level= 4, wifiActivity= 0
06-18 20:06:20.048  1040  1040 D SignalClusterView: setWifiIndicators, visible=true, strengthIcon=2130839040, contentDescription=WLAN信号满格。
06-18 20:06:20.048  1040  1040 D NetworkController.WifiSignalController: Wifi notifyListeners: level= 4, wifiActivity= 0
06-18 20:06:20.049  1040  1040 D SignalClusterView: setWifiIndicators, visible=true, strengthIcon=2130839040, contentDescription=WLAN信号满格。
06-18 20:06:20.049  1040  1040 D ConnectionRateView: DataConnection: new=true,old=true
06-18 20:06:20.050  1040  1040 D ConnectionRateView: DataConnection: new=true,old=true
06-18 20:06:20.146  1282  1391 D BgTest  : bgCount 121
06-18 20:06:20.148 16811 16811 W ADB_SERVICES: create_local_service_socket() name=shell:cat /proc/1282/stat
06-18 20:06:20.148 16811 16811 W ADB_SERVICES: service_to_fd() name=shell:cat /proc/1282/stat
06-18 20:06:20.151 16811 16811 W ADB_SERVICES: read_meminfo() mem_free=81216
06-18 20:06:20.153 16811 16811 W ADB_SERVICES: create_subproc ret_fd=24 pid=2891
06-18 20:06:20.153 16811 16811 W ADB_SERVICES: LS(81281): bound to 'shell:cat /proc/1282/stat' via 24
06-18 20:06:20.157  2891  2891 W ADB_SERVICES: adb: unable to update oom_score_adj
06-18 20:06:20.173 16811 16811 D ADB_SERVICES:  closing because is_eof=1 r=-1 s->fde.force_eof=0
06-18 20:06:20.173 16811 16811 W ADB_SERVICES: entered. LS(81281) fd=24
06-18 20:06:20.192 16811 16811 W ADB_SERVICES: create_local_service_socket() name=shell:cat /proc/stat
06-18 20:06:20.192 16811 16811 W ADB_SERVICES: service_to_fd() name=shell:cat /proc/stat
06-18 20:06:20.192 16811 16811 W ADB_SERVICES: read_meminfo() mem_free=81216
06-18 20:06:20.193 16811 16811 W ADB_SERVICES: create_subproc ret_fd=24 pid=2892
06-18 20:06:20.193 16811 16811 W ADB_SERVICES: LS(81282): bound to 'shell:cat /proc/stat' via 24
06-18 20:06:20.195  2892  2892 W ADB_SERVICES: adb: unable to update oom_score_adj
06-18 20:06:20.201 16811 16811 D ADB_SERVICES:  closing because is_eof=1 r=1 s->fde.force_eof=0
06-18 20:06:20.201 16811 16811 W ADB_SERVICES: entered. LS(81282) fd=24
06-18 20:06:20.299  1561  2084 D DataBuryManager: currentLevel : 73 currentStatus : 2 currentPlugType : 2
06-18 20:06:20.424  1282  1282 D BgTest  : uiCount 126  +4
06-18 20:06:20.441 16811 16811 W ADB_SERVICES: create_local_service_socket() name=shell:cat /proc/net/xt_qtaguid/stats | grep 10278
06-18 20:06:20.441 16811 16811 W ADB_SERVICES: service_to_fd() name=shell:cat /proc/net/xt_qtaguid/stats | grep 10278
06-18 20:06:20.444 16811 16811 W ADB_SERVICES: read_meminfo() mem_free=81216
06-18 20:06:20.446 16811 16811 W ADB_SERVICES: create_subproc ret_fd=24 pid=2893
06-18 20:06:20.447 16811 16811 W ADB_SERVICES: LS(81283): bound to 'shell:cat /proc/net/xt_qtaguid/stats | grep 10278' via 24
06-18 20:06:20.450  2893  2893 W ADB_SERVICES: adb: unable to update oom_score_adj
06-18 20:06:20.483 16811 16811 D ADB_SERVICES:  closing because is_eof=1 r=-1 s->fde.force_eof=0
06-18 20:06:20.483 16811 16811 W ADB_SERVICES: entered. LS(81283) fd=24
06-18 20:06:20.644   874   968 D WifiHW  : enter -->wifi_send_command cmd=IFNAME=wlan0 SIGNAL_POLL
06-18 20:06:20.646 11599 11599 D wpa_supplicant: wlan0: Control interface command 'SIGNAL_POLL'
06-18 20:06:20.668   874   968 D WifiHW  : leave --> reply=RSSI=-42
06-18 20:06:20.668   874   968 D WifiHW  : LINKSPEED=65
06-18 20:06:20.668   874   968 D WifiHW  : NOISE=9999
06-18 20:06:20.668   874   968 D WifiHW  : FREQUENCY=2462
06-18 20:06:20.668   874   968 D WifiHW  : 
06-18 20:06:20.670   874   968 D WifiStateMachine: mLastSignalLevel:3, newSignalLevel:3
06-18 20:06:20.735 16811 16811 W ADB_SERVICES: create_local_service_socket() name=shell:cat /proc/1282/stat
06-18 20:06:20.735 16811 16811 W ADB_SERVICES: service_to_fd() name=shell:cat /proc/1282/stat
06-18 20:06:20.737 16811 16811 W ADB_SERVICES: read_meminfo() mem_free=81224
06-18 20:06:20.740 16811 16811 W ADB_SERVICES: create_subproc ret_fd=24 pid=2896
06-18 20:06:20.740 16811 16811 W ADB_SERVICES: LS(81284): bound to 'shell:cat /proc/1282/stat' via 24
06-18 20:06:20.743  2896  2896 W ADB_SERVICES: adb: unable to update oom_score_adj
06-18 20:06:20.761 16811 16811 D ADB_SERVICES:  closing because is_eof=1 r=-1 s->fde.force_eof=0
06-18 20:06:20.761 16811 16811 W ADB_SERVICES: entered. LS(81284) fd=24
06-18 20:06:20.778 16811 16811 W ADB_SERVICES: create_local_service_socket() name=shell:cat /proc/stat
06-18 20:06:20.778 16811 16811 W ADB_SERVICES: service_to_fd() name=shell:cat /proc/stat
06-18 20:06:20.779 16811 16811 W ADB_SERVICES: read_meminfo() mem_free=81224
06-18 20:06:20.780 16811 16811 W ADB_SERVICES: create_subproc ret_fd=24 pid=2897
06-18 20:06:20.780 16811 16811 W ADB_SERVICES: LS(81285): bound to 'shell:cat /proc/stat' via 24
06-18 20:06:20.784  2897  2897 W ADB_SERVICES: adb: unable to update oom_score_adj
06-18 20:06:20.797 16811 16811 D ADB_SERVICES:  closing because is_eof=1 r=-1 s->fde.force_eof=0
06-18 20:06:20.797 16811 16811 W ADB_SERVICES: entered. LS(81285) fd=24
06-18 20:06:21.017 16811 16811 W ADB_SERVICES: create_local_service_socket() name=shell:cat /proc/net/xt_qtaguid/stats | grep 10278
06-18 20:06:21.017 16811 16811 W ADB_SERVICES: service_to_fd() name=shell:cat /proc/net/xt_qtaguid/stats | grep 10278
06-18 20:06:21.018 16811 16811 W ADB_SERVICES: read_meminfo() mem_free=81248
06-18 20:06:21.022 16811 16811 W ADB_SERVICES: create_subproc ret_fd=24 pid=2898
06-18 20:06:21.022 16811 16811 W ADB_SERVICES: LS(81286): bound to 'shell:cat /proc/net/xt_qtaguid/stats | grep 10278' via 24
06-18 20:06:21.026  2898  2898 W ADB_SERVICES: adb: unable to update oom_score_adj
06-18 20:06:21.055 16811 16811 D ADB_SERVICES:  closing because is_eof=1 r=-1 s->fde.force_eof=0
06-18 20:06:21.055 16811 16811 W ADB_SERVICES: entered. LS(81286) fd=24
06-18 20:06:21.196  1282  1391 D BgTest  : bgCount 122
06-18 20:06:21.321 16811 16811 W ADB_SERVICES: create_local_service_socket() name=shell:cat /proc/1282/stat
06-18 20:06:21.321 16811 16811 W ADB_SERVICES: service_to_fd() name=shell:cat /proc/1282/stat
06-18 20:06:21.322 16811 16811 W ADB_SERVICES: read_meminfo() mem_free=81232
06-18 20:06:21.325 16811 16811 W ADB_SERVICES: create_subproc ret_fd=24 pid=2901
06-18 20:06:21.326 16811 16811 W ADB_SERVICES: LS(81287): bound to 'shell:cat /proc/1282/stat' via 24
06-18 20:06:21.329  2901  2901 W ADB_SERVICES: adb: unable to update oom_score_adj
06-18 20:06:21.345 16811 16811 D ADB_SERVICES:  closing because is_eof=1 r=-1 s->fde.force_eof=0
06-18 20:06:21.345 16811 16811 W ADB_SERVICES: entered. LS(81287) fd=24
06-18 20:06:21.369 16811 16811 W ADB_SERVICES: create_local_service_socket() name=shell:cat /proc/stat
06-18 20:06:21.369 16811 16811 W ADB_SERVICES: service_to_fd() name=shell:cat /proc/stat
06-18 20:06:21.370 16811 16811 W ADB_SERVICES: read_meminfo() mem_free=81232
06-18 20:06:21.370 16811 16811 W ADB_SERVICES: create_subproc ret_fd=24 pid=2902
06-18 20:06:21.370 16811 16811 W ADB_SERVICES: LS(81288): bound to 'shell:cat /proc/stat' via 24
06-18 20:06:21.372  2902  2902 W ADB_SERVICES: adb: unable to update oom_score_adj
06-18 20:06:21.379 16811 16811 D ADB_SERVICES:  closing because is_eof=1 r=-1 s->fde.force_eof=0
06-18 20:06:21.379 16811 16811 W ADB_SERVICES: entered. LS(81288) fd=24
06-18 20:06:21.424  1282  1282 D BgTest  : uiCount 127  +4
06-18 20:06:21.588 16811 16811 W ADB_SERVICES: create_local_service_socket() name=shell:cat /proc/net/xt_qtaguid/stats | grep 10278
06-18 20:06:21.588 16811 16811 W ADB_SERVICES: service_to_fd() name=shell:cat /proc/net/xt_qtaguid/stats | grep 10278
06-18 20:06:21.590 16811 16811 W ADB_SERVICES: read_meminfo() mem_free=81232
06-18 20:06:21.593 16811 16811 W ADB_SERVICES: create_subproc ret_fd=24 pid=2903
06-18 20:06:21.594 16811 16811 W ADB_SERVICES: LS(81289): bound to 'shell:cat /proc/net/xt_qtaguid/stats | grep 10278' via 24
06-18 20:06:21.597  2903  2903 W ADB_SERVICES: adb: unable to update oom_score_adj
06-18 20:06:21.625 16811 16811 D ADB_SERVICES:  closing because is_eof=1 r=-1 s->fde.force_eof=0
06-18 20:06:21.625 16811 16811 W ADB_SERVICES: entered. LS(81289) fd=24
06-18 20:06:21.912 16811 16811 W ADB_SERVICES: create_local_service_socket() name=shell:cat /proc/1282/stat
06-18 20:06:21.912 16811 16811 W ADB_SERVICES: service_to_fd() name=shell:cat /proc/1282/stat
06-18 20:06:21.914   319   319 I thermal_repeater: oh, queryMdThermalInfo (0)Bad file number
06-18 20:06:21.920 16811 16811 W ADB_SERVICES: read_meminfo() mem_free=81232
06-18 20:06:21.922 16811 16811 W ADB_SERVICES: create_subproc ret_fd=24 pid=2906
06-18 20:06:21.922 16811 16811 W ADB_SERVICES: LS(81290): bound to 'shell:cat /proc/1282/stat' via 24
06-18 20:06:21.928   319   319 I thermal_repeater: [recvMdThermalInfo] ret=25, strLen=127,  1, 32767,,, -1, 32767, 2
06-18 20:06:21.931  2906  2906 W ADB_SERVICES: adb: unable to update oom_score_adj
06-18 20:06:21.939 16811 16811 D ADB_SERVICES:  closing because is_eof=1 r=1 s->fde.force_eof=0
06-18 20:06:21.939 16811 16811 W ADB_SERVICES: entered. LS(81290) fd=24
06-18 20:06:21.956 16811 16811 W ADB_SERVICES: create_local_service_socket() name=shell:cat /proc/stat
06-18 20:06:21.956 16811 16811 W ADB_SERVICES: service_to_fd() name=shell:cat /proc/stat
06-18 20:06:21.957 16811 16811 W ADB_SERVICES: read_meminfo() mem_free=81232
06-18 20:06:21.957 16811 16811 W ADB_SERVICES: create_subproc ret_fd=24 pid=2907
06-18 20:06:21.957 16811 16811 W ADB_SERVICES: LS(81291): bound to 'shell:cat /proc/stat' via 24
06-18 20:06:21.959  2907  2907 W ADB_SERVICES: adb: unable to update oom_score_adj
06-18 20:06:21.966 16811 16811 D ADB_SERVICES:  closing because is_eof=1 r=-1 s->fde.force_eof=0
06-18 20:06:21.966 16811 16811 W ADB_SERVICES: entered. LS(81291) fd=24
06-18 20:06:22.140 16811 16811 W ADB_SERVICES: create_local_service_socket() name=shell:cat /proc/net/xt_qtaguid/stats | grep 10278
06-18 20:06:22.140 16811 16811 W ADB_SERVICES: service_to_fd() name=shell:cat /proc/net/xt_qtaguid/stats | grep 10278
06-18 20:06:22.141 16811 16811 W ADB_SERVICES: read_meminfo() mem_free=81232
06-18 20:06:22.144 16811 16811 W ADB_SERVICES: create_subproc ret_fd=24 pid=2908
06-18 20:06:22.145 16811 16811 W ADB_SERVICES: LS(81292): bound to 'shell:cat /proc/net/xt_qtaguid/stats | grep 10278' via 24
06-18 20:06:22.148  2908  2908 W ADB_SERVICES: adb: unable to update oom_score_adj
06-18 20:06:22.182 16811 16811 D ADB_SERVICES:  closing because is_eof=1 r=-1 s->fde.force_eof=0
06-18 20:06:22.182 16811 16811 W ADB_SERVICES: entered. LS(81292) fd=24
06-18 20:06:22.237  1282  1391 D BgTest  : bgCount 123
06-18 20:06:22.426  1282  1282 D BgTest  : uiCount 128  +4
06-18 20:06:22.502 16811 16811 W ADB_SERVICES: create_local_service_socket() name=shell:cat /proc/1282/stat
06-18 20:06:22.502 16811 16811 W ADB_SERVICES: service_to_fd() name=shell:cat /proc/1282/stat
06-18 20:06:22.503 16811 16811 W ADB_SERVICES: read_meminfo() mem_free=81216
06-18 20:06:22.505 16811 16811 W ADB_SERVICES: create_subproc ret_fd=24 pid=2911
06-18 20:06:22.505 16811 16811 W ADB_SERVICES: LS(81293): bound to 'shell:cat /proc/1282/stat' via 24
06-18 20:06:22.510  2911  2911 W ADB_SERVICES: adb: unable to update oom_score_adj
06-18 20:06:22.527 16811 16811 D ADB_SERVICES:  closing because is_eof=1 r=1 s->fde.force_eof=0
06-18 20:06:22.527 16811 16811 W ADB_SERVICES: entered. LS(81293) fd=24
06-18 20:06:22.540 16811 16811 W ADB_SERVICES: create_local_service_socket() name=shell:cat /proc/stat
06-18 20:06:22.540 16811 16811 W ADB_SERVICES: service_to_fd() name=shell:cat /proc/stat
06-18 20:06:22.540 16811 16811 W ADB_SERVICES: read_meminfo() mem_free=81216
06-18 20:06:22.541 16811 16811 W ADB_SERVICES: create_subproc ret_fd=24 pid=2912
06-18 20:06:22.541 16811 16811 W ADB_SERVICES: LS(81294): bound to 'shell:cat /proc/stat' via 24
06-18 20:06:22.542  2912  2912 W ADB_SERVICES: adb: unable to update oom_score_adj
06-18 20:06:22.549 16811 16811 D ADB_SERVICES:  closing because is_eof=1 r=-1 s->fde.force_eof=0
06-18 20:06:22.549 16811 16811 W ADB_SERVICES: entered. LS(81294) fd=24
06-18 20:06:22.715 16811 16811 W ADB_SERVICES: create_local_service_socket() name=shell:cat /proc/net/xt_qtaguid/stats | grep 10278
06-18 20:06:22.715 16811 16811 W ADB_SERVICES: service_to_fd() name=shell:cat /proc/net/xt_qtaguid/stats | grep 10278
06-18 20:06:22.716 16811 16811 W ADB_SERVICES: read_meminfo() mem_free=81216
06-18 20:06:22.716 16811 16811 W ADB_SERVICES: create_subproc ret_fd=24 pid=2913
06-18 20:06:22.716 16811 16811 W ADB_SERVICES: LS(81295): bound to 'shell:cat /proc/net/xt_qtaguid/stats | grep 10278' via 24
06-18 20:06:22.718  2913  2913 W ADB_SERVICES: adb: unable to update oom_score_adj
06-18 20:06:22.741 16811 16811 D ADB_SERVICES:  closing because is_eof=1 r=-1 s->fde.force_eof=0
06-18 20:06:22.741 16811 16811 W ADB_SERVICES: entered. LS(81295) fd=24
06-18 20:06:23.067   272   272 I SurfaceFlinger: [Built-in Screen (type:0)] fps:0.752110,dur:3988.78,max:3002.83,min:1.57
06-18 20:06:23.082 16811 16811 W ADB_SERVICES: create_local_service_socket() name=shell:cat /proc/1282/stat
06-18 20:06:23.082 16811 16811 W ADB_SERVICES: service_to_fd() name=shell:cat /proc/1282/stat
06-18 20:06:23.083 16811 16811 W ADB_SERVICES: read_meminfo() mem_free=81232
06-18 20:06:23.083 16811 16811 W ADB_SERVICES: create_subproc ret_fd=24 pid=2916
06-18 20:06:23.084 16811 16811 W ADB_SERVICES: LS(81296): bound to 'shell:cat /proc/1282/stat' via 24
06-18 20:06:23.090  2916  2916 W ADB_SERVICES: adb: unable to update oom_score_adj
06-18 20:06:23.105 16811 16811 D ADB_SERVICES:  closing because is_eof=1 r=1 s->fde.force_eof=0
06-18 20:06:23.105 16811 16811 W ADB_SERVICES: entered. LS(81296) fd=24
06-18 20:06:23.123 16811 16811 W ADB_SERVICES: create_local_service_socket() name=shell:cat /proc/stat
06-18 20:06:23.123 16811 16811 W ADB_SERVICES: service_to_fd() name=shell:cat /proc/stat
06-18 20:06:23.123 16811 16811 W ADB_SERVICES: read_meminfo() mem_free=81232
06-18 20:06:23.124 16811 16811 W ADB_SERVICES: create_subproc ret_fd=24 pid=2917
06-18 20:06:23.124 16811 16811 W ADB_SERVICES: LS(81297): bound to 'shell:cat /proc/stat' via 24
06-18 20:06:23.126  2917  2917 W ADB_SERVICES: adb: unable to update oom_score_adj
06-18 20:06:23.132 16811 16811 D ADB_SERVICES:  closing because is_eof=1 r=-1 s->fde.force_eof=0
06-18 20:06:23.132 16811 16811 W ADB_SERVICES: entered. LS(81297) fd=24
06-18 20:06:23.259 16811 16811 W ADB_SERVICES: create_local_service_socket() name=shell:cat /proc/net/xt_qtaguid/stats | grep 10278
06-18 20:06:23.259 16811 16811 W ADB_SERVICES: service_to_fd() name=shell:cat /proc/net/xt_qtaguid/stats | grep 10278
06-18 20:06:23.260 16811 16811 W ADB_SERVICES: read_meminfo() mem_free=81232
06-18 20:06:23.262 16811 16811 W ADB_SERVICES: create_subproc ret_fd=24 pid=2918
06-18 20:06:23.262 16811 16811 W ADB_SERVICES: LS(81298): bound to 'shell:cat /proc/net/xt_qtaguid/stats | grep 10278' via 24
06-18 20:06:23.268  2918  2918 W ADB_SERVICES: adb: unable to update oom_score_adj
06-18 20:06:23.283  1282  1391 D BgTest  : bgCount 124
06-18 20:06:23.296 16811 16811 D ADB_SERVICES:  closing because is_eof=1 r=-1 s->fde.force_eof=0
06-18 20:06:23.296 16811 16811 W ADB_SERVICES: entered. LS(81298) fd=24
06-18 20:06:23.427  1282  1282 D BgTest  : uiCount 129  +4
06-18 20:06:23.445   874   899 V SettingsInterface:  from settings cache , name = netstats_time_cache_max_age , value = null
06-18 20:06:23.448   874   899 V NetworkStats: performPollLocked(flags=0x3)
06-18 20:06:23.457   874   899 D NetdConnector: SND -> {8797 bandwidth gettetherstats}
06-18 20:06:23.459   296   779 D FrameworkListener: dispatchCommand data = (8797 bandwidth gettetherstats)
06-18 20:06:23.459   296   779 D SocketClient: SocketClient sendData done: 200 8797 Tethering stats list completed
06-18 20:06:23.459   874   960 D NetdConnector: RCV <- {200 8797 Tethering stats list completed}
06-18 20:06:23.463   874   899 D NetdConnector: RMV <- {200 8797 Tethering stats list completed}
06-18 20:06:23.466   874   899 I NetworkStatsRecorder: recordSnapshotLocked: ident[[{type=WIFI, subType=COMBINED, networkId=sodino}]]
06-18 20:06:23.467   874   899 W NetworkStatsRecorder: unknown interfaces [lo, p2p0], ignoring those stats
06-18 20:06:23.468   874   899 I NetworkStatsRecorder: recordSnapshotLocked: ident[[{type=WIFI, subType=COMBINED, networkId=sodino}]]
06-18 20:06:23.468   874   899 W NetworkStatsRecorder: unknown interfaces [lo, p2p0], ignoring those stats
06-18 20:06:23.469   874   899 I NetworkStatsRecorder: recordSnapshotLocked: ident[[{type=WIFI, subType=COMBINED, networkId=sodino}]]
06-18 20:06:23.470   874   899 W NetworkStatsRecorder: unknown interfaces [lo, p2p0], ignoring those stats
06-18 20:06:23.471   874   899 W NetworkStatsRecorder: unknown interfaces [lo, p2p0], ignoring those stats
06-18 20:06:23.472   874   899 V NetworkStats: performPollLocked() took 24ms
06-18 20:06:23.473   874   899 V SettingsInterface:  from settings cache , name = netstats_sample_enabled , value = null
06-18 20:06:23.475   874   899 V ActivityManager: Broadcast: Intent { act=com.android.server.action.NETWORK_STATS_UPDATED flg=0x40000010 } ordered=false userid=-1 callerApp=ProcessRecord{2de77b41 874:system/1000}
06-18 20:06:23.476   874   966 V NetworkPolicy: updateNetworkEnabledLocked()
06-18 20:06:23.477  1860  2189 V SettingsInterface:  from settings cache , name = multi_sim_data_call , value = -1
06-18 20:06:23.478   874   966 V NetworkPolicy:  checking policy:NetworkPolicy[NetworkTemplate: matchRule=MOBILE_ALL, matchSubscriberIds=[null]]: cycleDay=19, cycleTimezone=Asia/Shanghai, warningBytes=104857600, limitBytes=-1, lastWarningSnooze=-1, lastLimitSnooze=-1, metered=true, inferred=true
06-18 20:06:23.478   874   966 V NetworkPolicy:  checking policy:NetworkPolicy[NetworkTemplate: matchRule=MOBILE_ALL, subscriberId=460028..., matchSubscriberIds=[460028...]]: cycleDay=1, cycleTimezone=Asia/Shanghai, warningBytes=2412510335, limitBytes=3015637919, lastWarningSnooze=-1, lastLimitSnooze=-1, metered=true, inferred=false
06-18 20:06:23.479   874   966 V NetworkPolicy:  checking policy:NetworkPolicy[NetworkTemplate: matchRule=MOBILE_ALL, subscriberId=460006..., matchSubscriberIds=[460006...]]: cycleDay=1, cycleTimezone=Asia/Shanghai, warningBytes=104857600, limitBytes=-1, lastWarningSnooze=-1, lastLimitSnooze=-1, metered=true, inferred=false
06-18 20:06:23.479   874   966 V NetworkPolicy:  checking policy:NetworkPolicy[NetworkTemplate: matchRule=MOBILE_ALL, subscriberId=460028..., matchSubscriberIds=[460028...]]: cycleDay=1, cycleTimezone=Asia/Shanghai, warningBytes=-1, limitBytes=-1, lastWarningSnooze=-1, lastLimitSnooze=-1, metered=true, inferred=false
06-18 20:06:23.479   874   966 V NetworkPolicy: updateNotificationsLocked()
06-18 20:06:23.481  1860 13323 V SettingsInterface:  from settings cache , name = multi_sim_data_call , value = -1
06-18 20:06:23.483  1860  2369 V SettingsInterface:  from settings cache , name = multi_sim_data_call , value = -1
06-18 20:06:23.484  1231  1559 D trafficTest: whichSimSelected slotId=-1,可能是未插卡，也可能是modern挂了，也可能插了双卡，其中流量卡挂了，或还在初始化中, 而另一张卡没有自动切换成流量
06-18 20:06:23.484  1231  1559 D NetworkManagementMz: LocalSubscriptionManager: getSubId 0
06-18 20:06:23.486  1231  1559 D NetworkManagementMz: LocalSubscriptionManager: intSubId -2
06-18 20:06:23.486  1231  1559 D NetworkManagementMz: LocalSubscriptionManager: intSubId -2
06-18 20:06:23.486  1231  1559 D NetworkManagementMz: LocalSubscriptionManager: subId[0] is : -2
06-18 20:06:23.488  1231  1559 D NetworkManagementMz: LocalTelephonyManager: imsi null
06-18 20:06:23.488  1231  1559 D NetworkManagementMz: LocalSubscriptionManager: getSubId 1
06-18 20:06:23.490  1231  1559 D NetworkManagementMz: LocalSubscriptionManager: intSubId -3
