06-18 20:06:39.713 16811 16811 W ADB_SERVICES: entered. LS(81382) fd=24
06-18 20:06:39.735 16811 16811 W ADB_SERVICES: create_local_service_socket() name=shell:cat /proc/net/xt_qtaguid/stats | grep 10278
06-18 20:06:39.735 16811 16811 W ADB_SERVICES: service_to_fd() name=shell:cat /proc/net/xt_qtaguid/stats | grep 10278
06-18 20:06:39.736 16811 16811 W ADB_SERVICES: read_meminfo() mem_free=77924
06-18 20:06:39.736 16811 16811 W ADB_SERVICES: create_subproc ret_fd=24 pid=3066
06-18 20:06:39.736 16811 16811 W ADB_SERVICES: LS(81383): bound to 'shell:cat /proc/net/xt_qtaguid/stats | grep 10278' via 24
06-18 20:06:39.739  3066  3066 W ADB_SERVICES: adb: unable to update oom_score_adj
06-18 20:06:39.768 16811 16811 D ADB_SERVICES:  closing because is_eof=1 r=-1 s->fde.force_eof=0
06-18 20:06:39.768 16811 16811 W ADB_SERVICES: entered. LS(81383) fd=24
06-18 20:06:39.918  1282  1391 D BgTest  : bgCount 140
06-18 20:06:40.246 16811 16811 W ADB_SERVICES: create_local_service_socket() name=shell:cat /proc/1282/stat
06-18 20:06:40.246 16811 16811 W ADB_SERVICES: service_to_fd() name=shell:cat /proc/1282/stat
06-18 20:06:40.248 16811 16811 W ADB_SERVICES: read_meminfo() mem_free=77924
06-18 20:06:40.253 16811 16811 W ADB_SERVICES: create_subproc ret_fd=24 pid=3069
06-18 20:06:40.255 16811 16811 W ADB_SERVICES: LS(81384): bound to 'shell:cat /proc/1282/stat' via 24
06-18 20:06:40.260  3069  3069 W ADB_SERVICES: adb: unable to update oom_score_adj
06-18 20:06:40.275 16811 16811 D ADB_SERVICES:  closing because is_eof=1 r=1 s->fde.force_eof=0
06-18 20:06:40.276 16811 16811 W ADB_SERVICES: entered. LS(81384) fd=24
06-18 20:06:40.287  1561  2084 D DataBuryManager: currentLevel : 73 currentStatus : 2 currentPlugType : 2
06-18 20:06:40.299 16811 16811 W ADB_SERVICES: create_local_service_socket() name=shell:cat /proc/stat
06-18 20:06:40.299 16811 16811 W ADB_SERVICES: service_to_fd() name=shell:cat /proc/stat
06-18 20:06:40.299 16811 16811 W ADB_SERVICES: read_meminfo() mem_free=77924
06-18 20:06:40.300 16811 16811 W ADB_SERVICES: create_subproc ret_fd=24 pid=3070
06-18 20:06:40.300 16811 16811 W ADB_SERVICES: LS(81385): bound to 'shell:cat /proc/stat' via 24
06-18 20:06:40.301  3070  3070 W ADB_SERVICES: adb: unable to update oom_score_adj
06-18 20:06:40.305 16811 16811 W ADB_SERVICES: create_local_service_socket() name=shell:cat /proc/net/xt_qtaguid/stats | grep 10278
06-18 20:06:40.305 16811 16811 W ADB_SERVICES: service_to_fd() name=shell:cat /proc/net/xt_qtaguid/stats | grep 10278
06-18 20:06:40.306 16811 16811 W ADB_SERVICES: read_meminfo() mem_free=77924
06-18 20:06:40.306 16811 16811 W ADB_SERVICES: create_subproc ret_fd=25 pid=3071
06-18 20:06:40.306 16811 16811 W ADB_SERVICES: LS(81386): bound to 'shell:cat /proc/net/xt_qtaguid/stats | grep 10278' via 25
06-18 20:06:40.310  3071  3071 W ADB_SERVICES: adb: unable to update oom_score_adj
06-18 20:06:40.313 16811 16811 D ADB_SERVICES:  closing because is_eof=1 r=-1 s->fde.force_eof=0
06-18 20:06:40.313 16811 16811 W ADB_SERVICES: entered. LS(81385) fd=24
06-18 20:06:40.331 16811 16811 D ADB_SERVICES:  closing because is_eof=1 r=-1 s->fde.force_eof=0
06-18 20:06:40.331 16811 16811 W ADB_SERVICES: entered. LS(81386) fd=25
06-18 20:06:40.448  1282  1282 D BgTest  : uiCount 146  +5
06-18 20:06:40.559   874  1531 W Watchdog: SWT Watchdog after wait current time:100966744
06-18 20:06:40.559   874  1531 D AES     : AEEIOCTL_GET/SET_SF_STATE IOCTL,cmd= 1074294797, lParam=0. 
06-18 20:06:40.561   874  1531 W Watchdog: **Get SF Time **1
06-18 20:06:40.561   874  1531 D AES     : AEEIOCTL_RT_MON_Kick IOCTL,cmd= -2147192822, lParam=300. 
06-18 20:06:40.561   874  1531 W Watchdog: SWT Watchdog before synchronized:100966747
06-18 20:06:40.561   874  1531 W Watchdog: SWT Watchdog after synchronized:100966747
06-18 20:06:40.561   874  1531 W Watchdog: SWT Watchdog before wait timeout:30000
06-18 20:06:40.561   874  1531 W Watchdog: SWT Watchdog before wait current time:100966747
06-18 20:06:40.561   874  1531 W Watchdog: SWT Watchdog before wait start:100966747
06-18 20:06:40.561   874  1531 W Watchdog: SWT Watchdog before wait CHECK_INTERVAL:30000
06-18 20:06:40.562   874   925 D InputReader: InputReader::monitor: lock
06-18 20:06:40.562   874   925 D InputReader: InputReader::monitor: wait 
06-18 20:06:40.562   874   925 D InputReader: InputReader::monitor: unlock
06-18 20:06:40.562   874   925 D InputReader: InputReader::monitor: done
06-18 20:06:40.615   874   874 V SettingsInterface:  from settings cache , name = sys_free_storage_log_interval , value = null
06-18 20:06:40.615   874   874 V SettingsInterface:  from settings cache , name = disk_free_change_reporting_threshold , value = null
06-18 20:06:40.847 16811 16811 W ADB_SERVICES: create_local_service_socket() name=shell:cat /proc/1282/stat
06-18 20:06:40.847 16811 16811 W ADB_SERVICES: service_to_fd() name=shell:cat /proc/1282/stat
06-18 20:06:40.848 16811 16811 W ADB_SERVICES: read_meminfo() mem_free=77924
06-18 20:06:40.853 16811 16811 W ADB_SERVICES: create_subproc ret_fd=24 pid=3074
06-18 20:06:40.853 16811 16811 W ADB_SERVICES: LS(81387): bound to 'shell:cat /proc/1282/stat' via 24
06-18 20:06:40.858 16811 16811 W ADB_SERVICES: create_local_service_socket() name=shell:cat /proc/net/xt_qtaguid/stats | grep 10278
06-18 20:06:40.858 16811 16811 W ADB_SERVICES: service_to_fd() name=shell:cat /proc/net/xt_qtaguid/stats | grep 10278
06-18 20:06:40.860 16811 16811 W ADB_SERVICES: read_meminfo() mem_free=77784
06-18 20:06:40.864 16811 16811 W ADB_SERVICES: create_subproc ret_fd=25 pid=3075
06-18 20:06:40.865 16811 16811 W ADB_SERVICES: LS(81388): bound to 'shell:cat /proc/net/xt_qtaguid/stats | grep 10278' via 25
06-18 20:06:40.872  3074  3074 W ADB_SERVICES: adb: unable to update oom_score_adj
06-18 20:06:40.875  3075  3075 W ADB_SERVICES: adb: unable to update oom_score_adj
06-18 20:06:40.884 16811 16811 D ADB_SERVICES:  closing because is_eof=1 r=-1 s->fde.force_eof=0
06-18 20:06:40.884 16811 16811 W ADB_SERVICES: entered. LS(81387) fd=24
06-18 20:06:40.898 16811 16811 D ADB_SERVICES:  closing because is_eof=1 r=-1 s->fde.force_eof=0
06-18 20:06:40.898 16811 16811 W ADB_SERVICES: entered. LS(81388) fd=25
06-18 20:06:40.899 16811 16811 W ADB_SERVICES: create_local_service_socket() name=shell:cat /proc/stat
06-18 20:06:40.899 16811 16811 W ADB_SERVICES: service_to_fd() name=shell:cat /proc/stat
06-18 20:06:40.900 16811 16811 W ADB_SERVICES: read_meminfo() mem_free=77964
06-18 20:06:40.900 16811 16811 W ADB_SERVICES: create_subproc ret_fd=24 pid=3078
06-18 20:06:40.900 16811 16811 W ADB_SERVICES: LS(81389): bound to 'shell:cat /proc/stat' via 24
06-18 20:06:40.902  3078  3078 W ADB_SERVICES: adb: unable to update oom_score_adj
06-18 20:06:40.908 16811 16811 D ADB_SERVICES:  closing because is_eof=1 r=1 s->fde.force_eof=0
06-18 20:06:40.908 16811 16811 W ADB_SERVICES: entered. LS(81389) fd=24
06-18 20:06:40.959  1282  1391 D BgTest  : bgCount 141
06-18 20:06:41.109   874  1830 I libPerfService: perfSetFavorPid - pid:0, 0
06-18 20:06:41.148   272   272 I SurfaceFlinger: [Built-in Screen (type:0)] fps:0.503477,dur:3972.37,max:3004.78,min:967.59
06-18 20:06:41.441 16811 16811 W ADB_SERVICES: create_local_service_socket() name=shell:cat /proc/net/xt_qtaguid/stats | grep 10278
06-18 20:06:41.442 16811 16811 W ADB_SERVICES: service_to_fd() name=shell:cat /proc/net/xt_qtaguid/stats | grep 10278
06-18 20:06:41.443 16811 16811 W ADB_SERVICES: read_meminfo() mem_free=78064
06-18 20:06:41.446 16811 16811 W ADB_SERVICES: create_subproc ret_fd=24 pid=3079
06-18 20:06:41.447 16811 16811 W ADB_SERVICES: LS(81390): bound to 'shell:cat /proc/net/xt_qtaguid/stats | grep 10278' via 24
06-18 20:06:41.448 16811 16811 W ADB_SERVICES: create_local_service_socket() name=shell:cat /proc/1282/stat
06-18 20:06:41.449 16811 16811 W ADB_SERVICES: service_to_fd() name=shell:cat /proc/1282/stat
06-18 20:06:41.450  1282  1282 D BgTest  : uiCount 147  +5
06-18 20:06:41.452 16811 16811 W ADB_SERVICES: read_meminfo() mem_free=78064
06-18 20:06:41.454 16811 16811 W ADB_SERVICES: create_subproc ret_fd=25 pid=3080
06-18 20:06:41.455 16811 16811 W ADB_SERVICES: LS(81391): bound to 'shell:cat /proc/1282/stat' via 25
06-18 20:06:41.457  3079  3079 W ADB_SERVICES: adb: unable to update oom_score_adj
06-18 20:06:41.460  3080  3080 W ADB_SERVICES: adb: unable to update oom_score_adj
06-18 20:06:41.477 16811 16811 D ADB_SERVICES:  closing because is_eof=1 r=1 s->fde.force_eof=0
06-18 20:06:41.477 16811 16811 W ADB_SERVICES: entered. LS(81391) fd=25
06-18 20:06:41.490 16811 16811 D ADB_SERVICES:  closing because is_eof=1 r=-1 s->fde.force_eof=0
06-18 20:06:41.490 16811 16811 W ADB_SERVICES: entered. LS(81390) fd=24
06-18 20:06:41.491 16811 16811 W ADB_SERVICES: create_local_service_socket() name=shell:cat /proc/stat
06-18 20:06:41.491 16811 16811 W ADB_SERVICES: service_to_fd() name=shell:cat /proc/stat
06-18 20:06:41.493 16811 16811 W ADB_SERVICES: read_meminfo() mem_free=77980
06-18 20:06:41.493 16811 16811 W ADB_SERVICES: create_subproc ret_fd=24 pid=3083
06-18 20:06:41.493 16811 16811 W ADB_SERVICES: LS(81392): bound to 'shell:cat /proc/stat' via 24
06-18 20:06:41.495  3083  3083 W ADB_SERVICES: adb: unable to update oom_score_adj
06-18 20:06:41.501 16811 16811 D ADB_SERVICES:  closing because is_eof=1 r=-1 s->fde.force_eof=0
06-18 20:06:41.501 16811 16811 W ADB_SERVICES: entered. LS(81392) fd=24
06-18 20:06:41.818   874   874 V SettingsInterface:  from settings cache , name = location_providers_allowed , value = default
06-18 20:06:41.847   874   968 D WifiHW  : enter -->wifi_send_command cmd=IFNAME=wlan0 SIGNAL_POLL
06-18 20:06:41.849 11599 11599 D wpa_supplicant: wlan0: Control interface command 'SIGNAL_POLL'
06-18 20:06:41.868   874   968 D WifiHW  : leave --> reply=RSSI=-41
06-18 20:06:41.868   874   968 D WifiHW  : LINKSPEED=65
06-18 20:06:41.868   874   968 D WifiHW  : NOISE=9999
06-18 20:06:41.868   874   968 D WifiHW  : FREQUENCY=2462
06-18 20:06:41.868   874   968 D WifiHW  : 
06-18 20:06:41.870   874   968 D WifiStateMachine: mLastSignalLevel:3, newSignalLevel:3
06-18 20:06:41.991   319   319 I thermal_repeater: oh, queryMdThermalInfo (0)Bad file number
06-18 20:06:42.001  1282  1391 D BgTest  : bgCount 142
06-18 20:06:42.005   319   319 I thermal_repeater: [recvMdThermalInfo] ret=25, strLen=127,  1, 32767,,, -1, 32767, 2
06-18 20:06:42.022 16811 16811 W ADB_SERVICES: create_local_service_socket() name=shell:cat /proc/net/xt_qtaguid/stats | grep 10278
06-18 20:06:42.022 16811 16811 W ADB_SERVICES: service_to_fd() name=shell:cat /proc/net/xt_qtaguid/stats | grep 10278
06-18 20:06:42.023 16811 16811 W ADB_SERVICES: read_meminfo() mem_free=78048
06-18 20:06:42.027 16811 16811 W ADB_SERVICES: create_subproc ret_fd=24 pid=3084
06-18 20:06:42.028 16811 16811 W ADB_SERVICES: LS(81393): bound to 'shell:cat /proc/net/xt_qtaguid/stats | grep 10278' via 24
06-18 20:06:42.030  3084  3084 W ADB_SERVICES: adb: unable to update oom_score_adj
06-18 20:06:42.035 16811 16811 W ADB_SERVICES: create_local_service_socket() name=shell:cat /proc/1282/stat
06-18 20:06:42.035 16811 16811 W ADB_SERVICES: service_to_fd() name=shell:cat /proc/1282/stat
06-18 20:06:42.036 16811 16811 W ADB_SERVICES: read_meminfo() mem_free=78048
06-18 20:06:42.037 16811 16811 W ADB_SERVICES: create_subproc ret_fd=25 pid=3085
06-18 20:06:42.037 16811 16811 W ADB_SERVICES: LS(81394): bound to 'shell:cat /proc/1282/stat' via 25
06-18 20:06:42.045  3085  3085 W ADB_SERVICES: adb: unable to update oom_score_adj
06-18 20:06:42.061 16811 16811 D ADB_SERVICES:  closing because is_eof=1 r=-1 s->fde.force_eof=0
06-18 20:06:42.061 16811 16811 W ADB_SERVICES: entered. LS(81394) fd=25
06-18 20:06:42.074 16811 16811 D ADB_SERVICES:  closing because is_eof=1 r=-1 s->fde.force_eof=0
06-18 20:06:42.074 16811 16811 W ADB_SERVICES: entered. LS(81393) fd=24
06-18 20:06:42.077 16811 16811 W ADB_SERVICES: create_local_service_socket() name=shell:cat /proc/stat
06-18 20:06:42.077 16811 16811 W ADB_SERVICES: service_to_fd() name=shell:cat /proc/stat
06-18 20:06:42.078 16811 16811 W ADB_SERVICES: read_meminfo() mem_free=77964
06-18 20:06:42.079 16811 16811 W ADB_SERVICES: create_subproc ret_fd=24 pid=3088
06-18 20:06:42.079 16811 16811 W ADB_SERVICES: LS(81395): bound to 'shell:cat /proc/stat' via 24
06-18 20:06:42.080  3088  3088 W ADB_SERVICES: adb: unable to update oom_score_adj
06-18 20:06:42.087 16811 16811 D ADB_SERVICES:  closing because is_eof=1 r=1 s->fde.force_eof=0
06-18 20:06:42.087 16811 16811 W ADB_SERVICES: entered. LS(81395) fd=24
06-18 20:06:42.451  1282  1282 D BgTest  : uiCount 148  +5
06-18 20:06:42.598 16811 16811 W ADB_SERVICES: create_local_service_socket() name=shell:cat /proc/net/xt_qtaguid/stats | grep 10278
06-18 20:06:42.599 16811 16811 W ADB_SERVICES: service_to_fd() name=shell:cat /proc/net/xt_qtaguid/stats | grep 10278
06-18 20:06:42.600 16811 16811 W ADB_SERVICES: read_meminfo() mem_free=78016
06-18 20:06:42.603 16811 16811 W ADB_SERVICES: create_subproc ret_fd=24 pid=3089
06-18 20:06:42.604 16811 16811 W ADB_SERVICES: LS(81396): bound to 'shell:cat /proc/net/xt_qtaguid/stats | grep 10278' via 24
06-18 20:06:42.607  3089  3089 W ADB_SERVICES: adb: unable to update oom_score_adj
06-18 20:06:42.620 16811 16811 W ADB_SERVICES: create_local_service_socket() name=shell:cat /proc/1282/stat
06-18 20:06:42.620 16811 16811 W ADB_SERVICES: service_to_fd() name=shell:cat /proc/1282/stat
06-18 20:06:42.621 16811 16811 W ADB_SERVICES: read_meminfo() mem_free=78016
06-18 20:06:42.623 16811 16811 W ADB_SERVICES: create_subproc ret_fd=25 pid=3090
06-18 20:06:42.623 16811 16811 W ADB_SERVICES: LS(81397): bound to 'shell:cat /proc/1282/stat' via 25
06-18 20:06:42.627  3090  3090 W ADB_SERVICES: adb: unable to update oom_score_adj
06-18 20:06:42.641 16811 16811 D ADB_SERVICES:  closing because is_eof=1 r=-1 s->fde.force_eof=0
06-18 20:06:42.641 16811 16811 W ADB_SERVICES: entered. LS(81397) fd=25
06-18 20:06:42.648 16811 16811 D ADB_SERVICES:  closing because is_eof=1 r=-1 s->fde.force_eof=0
06-18 20:06:42.648 16811 16811 W ADB_SERVICES: entered. LS(81396) fd=24
06-18 20:06:42.663 16811 16811 W ADB_SERVICES: create_local_service_socket() name=shell:cat /proc/stat
06-18 20:06:42.663 16811 16811 W ADB_SERVICES: service_to_fd() name=shell:cat /proc/stat
06-18 20:06:42.663 16811 16811 W ADB_SERVICES: read_meminfo() mem_free=77980
06-18 20:06:42.666 16811 16811 W ADB_SERVICES: create_subproc ret_fd=24 pid=3093
06-18 20:06:42.667 16811 16811 W ADB_SERVICES: LS(81398): bound to 'shell:cat /proc/stat' via 24
06-18 20:06:42.669  3093  3093 W ADB_SERVICES: adb: unable to update oom_score_adj
06-18 20:06:42.682 16811 16811 D ADB_SERVICES:  closing because is_eof=1 r=-1 s->fde.force_eof=0
06-18 20:06:42.682 16811 16811 W ADB_SERVICES: entered. LS(81398) fd=24
06-18 20:06:43.044  1282  1391 D BgTest  : bgCount 143
06-18 20:06:43.173 16811 16811 W ADB_SERVICES: create_local_service_socket() name=shell:cat /proc/net/xt_qtaguid/stats | grep 10278
06-18 20:06:43.173 16811 16811 W ADB_SERVICES: service_to_fd() name=shell:cat /proc/net/xt_qtaguid/stats | grep 10278
06-18 20:06:43.178 16811 16811 W ADB_SERVICES: read_meminfo() mem_free=78048
06-18 20:06:43.180 16811 16811 W ADB_SERVICES: create_subproc ret_fd=24 pid=3094
06-18 20:06:43.180 16811 16811 W ADB_SERVICES: LS(81399): bound to 'shell:cat /proc/net/xt_qtaguid/stats | grep 10278' via 24
06-18 20:06:43.183  3094  3094 W ADB_SERVICES: adb: unable to update oom_score_adj
06-18 20:06:43.202 16811 16811 W ADB_SERVICES: create_local_service_socket() name=shell:cat /proc/1282/stat
06-18 20:06:43.202 16811 16811 W ADB_SERVICES: service_to_fd() name=shell:cat /proc/1282/stat
06-18 20:06:43.203 16811 16811 W ADB_SERVICES: read_meminfo() mem_free=77876
06-18 20:06:43.205 16811 16811 W ADB_SERVICES: create_subproc ret_fd=25 pid=3097
06-18 20:06:43.205 16811 16811 W ADB_SERVICES: LS(81400): bound to 'shell:cat /proc/1282/stat' via 25
06-18 20:06:43.208  3097  3097 W ADB_SERVICES: adb: unable to update oom_score_adj
06-18 20:06:43.219 16811 16811 D ADB_SERVICES:  closing because is_eof=1 r=1 s->fde.force_eof=0
06-18 20:06:43.219 16811 16811 W ADB_SERVICES: entered. LS(81400) fd=25
06-18 20:06:43.225 16811 16811 D ADB_SERVICES:  closing because is_eof=1 r=-1 s->fde.force_eof=0
06-18 20:06:43.225 16811 16811 W ADB_SERVICES: entered. LS(81399) fd=24
06-18 20:06:43.248 16811 16811 W ADB_SERVICES: create_local_service_socket() name=shell:cat /proc/stat
06-18 20:06:43.248 16811 16811 W ADB_SERVICES: service_to_fd() name=shell:cat /proc/stat
06-18 20:06:43.249 16811 16811 W ADB_SERVICES: read_meminfo() mem_free=78016
06-18 20:06:43.250 16811 16811 W ADB_SERVICES: create_subproc ret_fd=24 pid=3098
06-18 20:06:43.251 16811 16811 W ADB_SERVICES: LS(81401): bound to 'shell:cat /proc/stat' via 24
06-18 20:06:43.256  3098  3098 W ADB_SERVICES: adb: unable to update oom_score_adj
06-18 20:06:43.281 16811 16811 D ADB_SERVICES:  closing because is_eof=1 r=-1 s->fde.force_eof=0
06-18 20:06:43.282 16811 16811 W ADB_SERVICES: entered. LS(81401) fd=24
06-18 20:06:43.453  1282  1282 D BgTest  : uiCount 149  +5
06-18 20:06:43.750 16811 16811 W ADB_SERVICES: create_local_service_socket() name=shell:cat /proc/net/xt_qtaguid/stats | grep 10278
06-18 20:06:43.750 16811 16811 W ADB_SERVICES: service_to_fd() name=shell:cat /proc/net/xt_qtaguid/stats | grep 10278
06-18 20:06:43.751 16811 16811 W ADB_SERVICES: read_meminfo() mem_free=78016
06-18 20:06:43.755 16811 16811 W ADB_SERVICES: create_subproc ret_fd=24 pid=3099
06-18 20:06:43.756 16811 16811 W ADB_SERVICES: LS(81402): bound to 'shell:cat /proc/net/xt_qtaguid/stats | grep 10278' via 24
06-18 20:06:43.758  3099  3099 W ADB_SERVICES: adb: unable to update oom_score_adj
06-18 20:06:43.792 16811 16811 D ADB_SERVICES:  closing because is_eof=1 r=-1 s->fde.force_eof=0
06-18 20:06:43.792 16811 16811 W ADB_SERVICES: entered. LS(81402) fd=24
06-18 20:06:43.819 16811 16811 W ADB_SERVICES: create_local_service_socket() name=shell:cat /proc/1282/stat
06-18 20:06:43.819 16811 16811 W ADB_SERVICES: service_to_fd() name=shell:cat /proc/1282/stat
06-18 20:06:43.819 16811 16811 W ADB_SERVICES: read_meminfo() mem_free=78000
06-18 20:06:43.820 16811 16811 W ADB_SERVICES: create_subproc ret_fd=24 pid=3102
06-18 20:06:43.820 16811 16811 W ADB_SERVICES: LS(81403): bound to 'shell:cat /proc/1282/stat' via 24
06-18 20:06:43.821  3102  3102 W ADB_SERVICES: adb: unable to update oom_score_adj
06-18 20:06:43.831 16811 16811 D ADB_SERVICES:  closing because is_eof=1 r=-1 s->fde.force_eof=0
06-18 20:06:43.831 16811 16811 W ADB_SERVICES: entered. LS(81403) fd=24
06-18 20:06:43.857 16811 16811 W ADB_SERVICES: create_local_service_socket() name=shell:cat /proc/stat
06-18 20:06:43.857 16811 16811 W ADB_SERVICES: service_to_fd() name=shell:cat /proc/stat
06-18 20:06:43.860 16811 16811 W ADB_SERVICES: read_meminfo() mem_free=78000
06-18 20:06:43.861 16811 16811 W ADB_SERVICES: create_subproc ret_fd=24 pid=3103
06-18 20:06:43.861 16811 16811 W ADB_SERVICES: LS(81404): bound to 'shell:cat /proc/stat' via 24
06-18 20:06:43.866  3103  3103 W ADB_SERVICES: adb: unable to update oom_score_adj
06-18 20:06:43.885 16811 16811 D ADB_SERVICES:  closing because is_eof=1 r=-1 s->fde.force_eof=0
06-18 20:06:43.885 16811 16811 W ADB_SERVICES: entered. LS(81404) fd=24
06-18 20:06:44.092  1282  1391 D BgTest  : bgCount 144
06-18 20:06:44.152   272   272 I SurfaceFlinger: [Built-in Screen (type:0)] fps:0.332886,dur:3004.03,max:3004.03,min:3004.03
06-18 20:06:44.187  1040  1040 D NetworkController.WifiSignalController: setActivity: wifiActivity= 1
06-18 20:06:44.189  1040  1040 D NetworkController.WifiSignalController: isDirty : false
06-18 20:06:44.191  1040  1040 D NetworkController.WifiSignalController: Change in state from: connected=true,enabled=true,level=4,inetCondition=1,iconGroup=IconGroup(Wi-Fi Icons),activityIn=false,activityOut=false,rssi=-37,networkType=null,lastModified=06-18 08:06:37,ssid="sodino"enabling=falsedisabling=falseconnecting=false
06-18 20:06:44.191  1040  1040 D NetworkController.WifiSignalController: 	to: connected=true,enabled=true,level=4,inetCondition=1,iconGroup=IconGroup(Wi-Fi Icons),activityIn=true,activityOut=false,rssi=-37,networkType=null,lastModified=06-18 08:06:37,ssid="sodino"enabling=falsedisabling=falseconnecting=false
06-18 20:06:44.191  1040  1040 D NetworkController.WifiSignalController: Wifi notifyListeners: level= 4, wifiActivity= 1
06-18 20:06:44.191  1040  1040 D SignalClusterView: setWifiIndicators, visible=true, strengthIcon=2130839041, contentDescription=WLAN信号满格。
06-18 20:06:44.200  1040  1040 D NetworkController.WifiSignalController: Wifi notifyListeners: level= 4, wifiActivity= 1
06-18 20:06:44.202  1040  1040 D SignalClusterView: setWifiIndicators, visible=true, strengthIcon=2130839041, contentDescription=WLAN信号满格。
06-18 20:06:44.205  1040  1040 D NetworkController.WifiSignalController: Wifi notifyListeners: level= 4, wifiActivity= 1
06-18 20:06:44.206  1040  1040 D SignalClusterView: setWifiIndicators, visible=true, strengthIcon=2130839041, contentDescription=WLAN信号满格。
06-18 20:06:44.206  1040  1040 D NetworkController.WifiSignalController: Wifi notifyListeners: level= 4, wifiActivity= 1
06-18 20:06:44.207  1040  1040 D SignalClusterView: setWifiIndicators, visible=true, strengthIcon=2130839041, contentDescription=WLAN信号满格。
06-18 20:06:44.208  1040  1040 D ConnectionRateView: DataConnection: new=true,old=true
06-18 20:06:44.208  1040  1040 D ConnectionRateView: DataConnection: new=true,old=true
06-18 20:06:44.330 16811 16811 W ADB_SERVICES: create_local_service_socket() name=shell:cat /proc/net/xt_qtaguid/stats | grep 10278
06-18 20:06:44.330 16811 16811 W ADB_SERVICES: service_to_fd() name=shell:cat /proc/net/xt_qtaguid/stats | grep 10278
06-18 20:06:44.331 16811 16811 W ADB_SERVICES: read_meminfo() mem_free=78000
06-18 20:06:44.332 16811 16811 W ADB_SERVICES: create_subproc ret_fd=24 pid=3104
06-18 20:06:44.332 16811 16811 W ADB_SERVICES: LS(81405): bound to 'shell:cat /proc/net/xt_qtaguid/stats | grep 10278' via 24
06-18 20:06:44.338  3104  3104 W ADB_SERVICES: adb: unable to update oom_score_adj
06-18 20:06:44.373 16811 16811 D ADB_SERVICES:  closing because is_eof=1 r=-1 s->fde.force_eof=0
06-18 20:06:44.373 16811 16811 W ADB_SERVICES: entered. LS(81405) fd=24
06-18 20:06:44.408 16811 16811 W ADB_SERVICES: create_local_service_socket() name=shell:cat /proc/1282/stat
06-18 20:06:44.408 16811 16811 W ADB_SERVICES: service_to_fd() name=shell:cat /proc/1282/stat
06-18 20:06:44.409 16811 16811 W ADB_SERVICES: read_meminfo() mem_free=77892
06-18 20:06:44.410 16811 16811 W ADB_SERVICES: create_subproc ret_fd=24 pid=3107
06-18 20:06:44.413 16811 16811 W ADB_SERVICES: LS(81406): bound to 'shell:cat /proc/1282/stat' via 24
06-18 20:06:44.416  3107  3107 W ADB_SERVICES: adb: unable to update oom_score_adj
06-18 20:06:44.432 16811 16811 D ADB_SERVICES:  closing because is_eof=1 r=-1 s->fde.force_eof=0
06-18 20:06:44.432 16811 16811 W ADB_SERVICES: entered. LS(81406) fd=24
06-18 20:06:44.454  1282  1282 D BgTest  : uiCount 150  +5
06-18 20:06:44.457 16811 16811 W ADB_SERVICES: create_local_service_socket() name=shell:cat /proc/stat
06-18 20:06:44.457 16811 16811 W ADB_SERVICES: service_to_fd() name=shell:cat /proc/stat
06-18 20:06:44.458 16811 16811 W ADB_SERVICES: read_meminfo() mem_free=77892
06-18 20:06:44.459 16811 16811 W ADB_SERVICES: create_subproc ret_fd=24 pid=3108
06-18 20:06:44.459 16811 16811 W ADB_SERVICES: LS(81407): bound to 'shell:cat /proc/stat' via 24
06-18 20:06:44.465  3108  3108 W ADB_SERVICES: adb: unable to update oom_score_adj
06-18 20:06:44.484 16811 16811 D ADB_SERVICES:  closing because is_eof=1 r=-1 s->fde.force_eof=0
06-18 20:06:44.484 16811 16811 W ADB_SERVICES: entered. LS(81407) fd=24
06-18 20:06:44.880   874   968 D WifiHW  : enter -->wifi_send_command cmd=IFNAME=wlan0 SIGNAL_POLL
06-18 20:06:44.882 11599 11599 D wpa_supplicant: wlan0: Control interface command 'SIGNAL_POLL'
06-18 20:06:44.894 16811 16811 W ADB_SERVICES: create_local_service_socket() name=shell:cat /proc/net/xt_qtaguid/stats | grep 10278
06-18 20:06:44.895 16811 16811 W ADB_SERVICES: service_to_fd() name=shell:cat /proc/net/xt_qtaguid/stats | grep 10278
06-18 20:06:44.896 16811 16811 W ADB_SERVICES: read_meminfo() mem_free=77908
06-18 20:06:44.897 16811 16811 W ADB_SERVICES: create_subproc ret_fd=24 pid=3109
06-18 20:06:44.897 16811 16811 W ADB_SERVICES: LS(81408): bound to 'shell:cat /proc/net/xt_qtaguid/stats | grep 10278' via 24
06-18 20:06:44.901   874   968 D WifiHW  : leave --> reply=RSSI=-41
06-18 20:06:44.901   874   968 D WifiHW  : LINKSPEED=65
06-18 20:06:44.901   874   968 D WifiHW  : NOISE=9999
06-18 20:06:44.901   874   968 D WifiHW  : FREQUENCY=2462
06-18 20:06:44.901   874   968 D WifiHW  : 
06-18 20:06:44.902   874   968 D WifiStateMachine: mLastSignalLevel:3, newSignalLevel:3
06-18 20:06:44.907  3109  3109 W ADB_SERVICES: adb: unable to update oom_score_adj
06-18 20:06:44.932 16811 16811 D ADB_SERVICES:  closing because is_eof=1 r=-1 s->fde.force_eof=0
06-18 20:06:44.932 16811 16811 W ADB_SERVICES: entered. LS(81408) fd=24
06-18 20:06:45.003 16811 16811 W ADB_SERVICES: create_local_service_socket() name=shell:cat /proc/1282/stat
06-18 20:06:45.003 16811 16811 W ADB_SERVICES: service_to_fd() name=shell:cat /proc/1282/stat
06-18 20:06:45.004 16811 16811 W ADB_SERVICES: read_meminfo() mem_free=78016
06-18 20:06:45.008 16811 16811 W ADB_SERVICES: create_subproc ret_fd=24 pid=3112
06-18 20:06:45.009 16811 16811 W ADB_SERVICES: LS(81409): bound to 'shell:cat /proc/1282/stat' via 24
06-18 20:06:45.011  3112  3112 W ADB_SERVICES: adb: unable to update oom_score_adj
06-18 20:06:45.030 16811 16811 D ADB_SERVICES:  closing because is_eof=1 r=-1 s->fde.force_eof=0
06-18 20:06:45.030 16811 16811 W ADB_SERVICES: entered. LS(81409) fd=24
06-18 20:06:45.048 16811 16811 W ADB_SERVICES: create_local_service_socket() name=shell:cat /proc/stat
06-18 20:06:45.048 16811 16811 W ADB_SERVICES: service_to_fd() name=shell:cat /proc/stat
06-18 20:06:45.048 16811 16811 W ADB_SERVICES: read_meminfo() mem_free=78016
06-18 20:06:45.049 16811 16811 W ADB_SERVICES: create_subproc ret_fd=24 pid=3113
06-18 20:06:45.049 16811 16811 W ADB_SERVICES: LS(81410): bound to 'shell:cat /proc/stat' via 24
06-18 20:06:45.050  3113  3113 W ADB_SERVICES: adb: unable to update oom_score_adj
06-18 20:06:45.057 16811 16811 D ADB_SERVICES:  closing because is_eof=1 r=-1 s->fde.force_eof=0
06-18 20:06:45.057 16811 16811 W ADB_SERVICES: entered. LS(81410) fd=24
06-18 20:06:45.124 29526 29754 V SettingsInterface:  from settings cache , name = airplane_mode_on , value = 0
06-18 20:06:45.131 29526 29754 V SettingsInterface:  from settings cache , name = location_providers_allowed , value = default
06-18 20:06:45.134  1282  1391 D BgTest  : bgCount 145
06-18 20:06:45.138 29526 29754 V SettingsInterface:  from settings cache , name = mock_location , value = 0
06-18 20:06:45.208  1040  1040 D NetworkController.WifiSignalController: setActivity: wifiActivity= 0
06-18 20:06:45.208  1040  1040 D NetworkController.WifiSignalController: isDirty : false
06-18 20:06:45.210  1040  1040 D NetworkController.WifiSignalController: Change in state from: connected=true,enabled=true,level=4,inetCondition=1,iconGroup=IconGroup(Wi-Fi Icons),activityIn=true,activityOut=false,rssi=-37,networkType=null,lastModified=06-18 08:06:44,ssid="sodino"enabling=falsedisabling=falseconnecting=false
06-18 20:06:45.210  1040  1040 D NetworkController.WifiSignalController: 	to: connected=true,enabled=true,level=4,inetCondition=1,iconGroup=IconGroup(Wi-Fi Icons),activityIn=false,activityOut=false,rssi=-37,networkType=null,lastModified=06-18 08:06:44,ssid="sodino"enabling=falsedisabling=falseconnecting=false
06-18 20:06:45.210  1040  1040 D NetworkController.WifiSignalController: Wifi notifyListeners: level= 4, wifiActivity= 0
06-18 20:06:45.210  1040  1040 D SignalClusterView: setWifiIndicators, visible=true, strengthIcon=2130839040, contentDescription=WLAN信号满格。
06-18 20:06:45.221  1040  1040 D NetworkController.WifiSignalController: Wifi notifyListeners: level= 4, wifiActivity= 0
06-18 20:06:45.222  1040  1040 D SignalClusterView: setWifiIndicators, visible=true, strengthIcon=2130839040, contentDescription=WLAN信号满格。
06-18 20:06:45.226  1040  1040 D NetworkController.WifiSignalController: Wifi notifyListeners: level= 4, wifiActivity= 0
06-18 20:06:45.229  1040  1040 D SignalClusterView: setWifiIndicators, visible=true, strengthIcon=2130839040, contentDescription=WLAN信号满格。
06-18 20:06:45.229  1040  1040 D NetworkController.WifiSignalController: Wifi notifyListeners: level= 4, wifiActivity= 0
06-18 20:06:45.229  1040  1040 D SignalClusterView: setWifiIndicators, visible=true, strengthIcon=2130839040, contentDescription=WLAN信号满格。
06-18 20:06:45.229  1040  1040 D ConnectionRateView: DataConnection: new=true,old=true
06-18 20:06:45.230  1040  1040 D ConnectionRateView: DataConnection: new=true,old=true
06-18 20:06:45.257   272   272 I SurfaceFlinger: [Built-in Screen (type:0)] fps:1.809828,dur:1105.08,max:1031.63,min:73.45
06-18 20:06:45.456  1282  1282 D BgTest  : uiCount 151  +5
06-18 20:06:45.465 16811 16811 W ADB_SERVICES: create_local_service_socket() name=shell:cat /proc/net/xt_qtaguid/stats | grep 10278
06-18 20:06:45.465 16811 16811 W ADB_SERVICES: service_to_fd() name=shell:cat /proc/net/xt_qtaguid/stats | grep 10278
06-18 20:06:45.466 16811 16811 W ADB_SERVICES: read_meminfo() mem_free=78016
06-18 20:06:45.470 16811 16811 W ADB_SERVICES: create_subproc ret_fd=24 pid=3114
06-18 20:06:45.471 16811 16811 W ADB_SERVICES: LS(81411): bound to 'shell:cat /proc/net/xt_qtaguid/stats | grep 10278' via 24
06-18 20:06:45.474  3114  3114 W ADB_SERVICES: adb: unable to update oom_score_adj
06-18 20:06:45.505 16811 16811 D ADB_SERVICES:  closing because is_eof=1 r=-1 s->fde.force_eof=0
06-18 20:06:45.505 16811 16811 W ADB_SERVICES: entered. LS(81411) fd=24
06-18 20:06:45.592 16811 16811 W ADB_SERVICES: create_local_service_socket() name=shell:cat /proc/1282/stat
06-18 20:06:45.592 16811 16811 W ADB_SERVICES: service_to_fd() name=shell:cat /proc/1282/stat
06-18 20:06:45.594 16811 16811 W ADB_SERVICES: read_meminfo() mem_free=77768
06-18 20:06:45.597 16811 16811 W ADB_SERVICES: create_subproc ret_fd=24 pid=3117
06-18 20:06:45.598 16811 16811 W ADB_SERVICES: LS(81412): bound to 'shell:cat /proc/1282/stat' via 24
06-18 20:06:45.601  3117  3117 W ADB_SERVICES: adb: unable to update oom_score_adj
06-18 20:06:45.617 16811 16811 D ADB_SERVICES:  closing because is_eof=1 r=-1 s->fde.force_eof=0
06-18 20:06:45.617 16811 16811 W ADB_SERVICES: entered. LS(81412) fd=24
06-18 20:06:45.642 16811 16811 W ADB_SERVICES: create_local_service_socket() name=shell:cat /proc/stat
06-18 20:06:45.642 16811 16811 W ADB_SERVICES: service_to_fd() name=shell:cat /proc/stat
06-18 20:06:45.643 16811 16811 W ADB_SERVICES: read_meminfo() mem_free=77768
06-18 20:06:45.644 16811 16811 W ADB_SERVICES: create_subproc ret_fd=24 pid=3118
06-18 20:06:45.644 16811 16811 W ADB_SERVICES: LS(81413): bound to 'shell:cat /proc/stat' via 24
06-18 20:06:45.650  3118  3118 W ADB_SERVICES: adb: unable to update oom_score_adj
06-18 20:06:45.667 16811 16811 D ADB_SERVICES:  closing because is_eof=1 r=1 s->fde.force_eof=0
06-18 20:06:45.667 16811 16811 W ADB_SERVICES: entered. LS(81413) fd=24
06-18 20:06:46.038 16811 16811 W ADB_SERVICES: create_local_service_socket() name=shell:cat /proc/net/xt_qtaguid/stats | grep 10278
06-18 20:06:46.038 16811 16811 W ADB_SERVICES: service_to_fd() name=shell:cat /proc/net/xt_qtaguid/stats | grep 10278
06-18 20:06:46.039 16811 16811 W ADB_SERVICES: read_meminfo() mem_free=77892
06-18 20:06:46.043 16811 16811 W ADB_SERVICES: create_subproc ret_fd=24 pid=3119
06-18 20:06:46.044 16811 16811 W ADB_SERVICES: LS(81414): bound to 'shell:cat /proc/net/xt_qtaguid/stats | grep 10278' via 24
06-18 20:06:46.047  3119  3119 W ADB_SERVICES: adb: unable to update oom_score_adj
06-18 20:06:46.082 16811 16811 D ADB_SERVICES:  closing because is_eof=1 r=-1 s->fde.force_eof=0
06-18 20:06:46.082 16811 16811 W ADB_SERVICES: entered. LS(81414) fd=24
06-18 20:06:46.176  1282  1391 D BgTest  : bgCount 146
06-18 20:06:46.194 16811 16811 W ADB_SERVICES: create_local_service_socket() name=shell:cat /proc/1282/stat
06-18 20:06:46.194 16811 16811 W ADB_SERVICES: service_to_fd() name=shell:cat /proc/1282/stat
06-18 20:06:46.196 16811 16811 W ADB_SERVICES: read_meminfo() mem_free=77876
06-18 20:06:46.198 16811 16811 W ADB_SERVICES: create_subproc ret_fd=24 pid=3122
06-18 20:06:46.198 16811 16811 W ADB_SERVICES: LS(81415): bound to 'shell:cat /proc/1282/stat' via 24
06-18 20:06:46.202  3122  3122 W ADB_SERVICES: adb: unable to update oom_score_adj
06-18 20:06:46.216 16811 16811 D ADB_SERVICES:  closing because is_eof=1 r=1 s->fde.force_eof=0
06-18 20:06:46.216 16811 16811 W ADB_SERVICES: entered. LS(81415) fd=24
06-18 20:06:46.235 16811 16811 W ADB_SERVICES: create_local_service_socket() name=shell:cat /proc/stat
06-18 20:06:46.235 16811 16811 W ADB_SERVICES: service_to_fd() name=shell:cat /proc/stat
06-18 20:06:46.235 16811 16811 W ADB_SERVICES: read_meminfo() mem_free=77876
06-18 20:06:46.236 16811 16811 W ADB_SERVICES: create_subproc ret_fd=24 pid=3123
06-18 20:06:46.236 16811 16811 W ADB_SERVICES: LS(81416): bound to 'shell:cat /proc/stat' via 24
06-18 20:06:46.238  3123  3123 W ADB_SERVICES: adb: unable to update oom_score_adj
06-18 20:06:46.245 16811 16811 D ADB_SERVICES:  closing because is_eof=1 r=-1 s->fde.force_eof=0
06-18 20:06:46.245 16811 16811 W ADB_SERVICES: entered. LS(81416) fd=24
06-18 20:06:46.456  1282  1282 D BgTest  : uiCount 152  +5
06-18 20:06:46.541   874   982 D AudioService: MzCreateMediaserverWatchdogThread: monitor mediaserver end !!!
06-18 20:06:46.541   874   982 D AudioService: MzCreateMediaserverWatchdogThread: monitor mediaserver start !!!
06-18 20:06:46.546   874  3124 D AudioSystem: +setParameters(): mediaserver_monitor=1 
06-18 20:06:46.548   301   948 I AudioFlinger: setParameters(): io 0, keyvalue mediaserver_monitor=1, calling pid 874
06-18 20:06:46.550   301   948 D AudioALSAHardware: +setParameters(): mediaserver_monitor=1
06-18 20:06:46.551   301   948 W AudioALSAHardware: setParameters(), still have param.size() = 1, remain param = "mediaserver_monitor=1"
06-18 20:06:46.551   301   948 D AudioALSAHardware: -setParameters(): mediaserver_monitor=1 
06-18 20:06:46.551   301   948 D bt_audio_a2dp_hw: [A2DP_HW] [adev_set_parameters@1540] out is null , check in stream
06-18 20:06:46.551   301   948 I str_params: key: 'mediaserver_monitor' value: '1'
06-18 20:06:46.551   301   948 D usb_audio_hw: adev_set_parameters: kvpairs = mediaserver_monitor=1
06-18 20:06:46.556   874  3124 D AudioSystem: -setParameters(): mediaserver_monitor=1 
06-18 20:06:46.559   301   981 I AudioPolicyManager: setStreamVolumeIndex stream = 7 index = 15 device = 0x400
06-18 20:06:46.614 16811 16811 W ADB_SERVICES: create_local_service_socket() name=shell:cat /proc/net/xt_qtaguid/stats | grep 10278
06-18 20:06:46.614 16811 16811 W ADB_SERVICES: service_to_fd() name=shell:cat /proc/net/xt_qtaguid/stats | grep 10278
06-18 20:06:46.615 16811 16811 W ADB_SERVICES: read_meminfo() mem_free=77876
06-18 20:06:46.617 16811 16811 W ADB_SERVICES: create_subproc ret_fd=24 pid=3125
06-18 20:06:46.617 16811 16811 W ADB_SERVICES: LS(81417): bound to 'shell:cat /proc/net/xt_qtaguid/stats | grep 10278' via 24
06-18 20:06:46.622  3125  3125 W ADB_SERVICES: adb: unable to update oom_score_adj
06-18 20:06:46.647 16811 16811 D ADB_SERVICES:  closing because is_eof=1 r=-1 s->fde.force_eof=0
06-18 20:06:46.647 16811 16811 W ADB_SERVICES: entered. LS(81417) fd=24
06-18 20:06:46.778 16811 16811 W ADB_SERVICES: create_local_service_socket() name=shell:cat /proc/1282/stat
06-18 20:06:46.778 16811 16811 W ADB_SERVICES: service_to_fd() name=shell:cat /proc/1282/stat
06-18 20:06:46.779 16811 16811 W ADB_SERVICES: read_meminfo() mem_free=77876
06-18 20:06:46.782 16811 16811 W ADB_SERVICES: create_subproc ret_fd=24 pid=3128
06-18 20:06:46.783 16811 16811 W ADB_SERVICES: LS(81418): bound to 'shell:cat /proc/1282/stat' via 24
06-18 20:06:46.786  3128  3128 W ADB_SERVICES: adb: unable to update oom_score_adj
06-18 20:06:46.802 16811 16811 D ADB_SERVICES:  closing because is_eof=1 r=-1 s->fde.force_eof=0
06-18 20:06:46.802 16811 16811 W ADB_SERVICES: entered. LS(81418) fd=24
06-18 20:06:46.821 16811 16811 W ADB_SERVICES: create_local_service_socket() name=shell:cat /proc/stat
06-18 20:06:46.821 16811 16811 W ADB_SERVICES: service_to_fd() name=shell:cat /proc/stat
06-18 20:06:46.822 16811 16811 W ADB_SERVICES: read_meminfo() mem_free=77876
06-18 20:06:46.822 16811 16811 W ADB_SERVICES: create_subproc ret_fd=24 pid=3129
06-18 20:06:46.822 16811 16811 W ADB_SERVICES: LS(81419): bound to 'shell:cat /proc/stat' via 24
06-18 20:06:46.824  3129  3129 W ADB_SERVICES: adb: unable to update oom_score_adj
06-18 20:06:46.831 16811 16811 D ADB_SERVICES:  closing because is_eof=1 r=-1 s->fde.force_eof=0
06-18 20:06:46.831 16811 16811 W ADB_SERVICES: entered. LS(81419) fd=24
06-18 20:06:47.013   319   319 I thermal_repeater: oh, queryMdThermalInfo (0)Bad file number
06-18 20:06:47.025   319   319 I thermal_repeater: [recvMdThermalInfo] ret=25, strLen=127,  1, 32767,,, -1, 32767, 2
06-18 20:06:47.157   272   272 I SurfaceFlinger: [Built-in Screen (type:0)] fps:0.526292,dur:1900.09,max:1900.09,min:1900.09
06-18 20:06:47.182 16811 16811 W ADB_SERVICES: create_local_service_socket() name=shell:cat /proc/net/xt_qtaguid/stats | grep 10278
06-18 20:06:47.183 16811 16811 W ADB_SERVICES: service_to_fd() name=shell:cat /proc/net/xt_qtaguid/stats | grep 10278
06-18 20:06:47.184 16811 16811 W ADB_SERVICES: read_meminfo() mem_free=77892
06-18 20:06:47.187 16811 16811 W ADB_SERVICES: create_subproc ret_fd=24 pid=3130
06-18 20:06:47.188 16811 16811 W ADB_SERVICES: LS(81420): bound to 'shell:cat /proc/net/xt_qtaguid/stats | grep 10278' via 24
06-18 20:06:47.191  3130  3130 W ADB_SERVICES: adb: unable to update oom_score_adj
06-18 20:06:47.214  1282  1391 D BgTest  : bgCount 147
06-18 20:06:47.218 16811 16811 D ADB_SERVICES:  closing because is_eof=1 r=-1 s->fde.force_eof=0
06-18 20:06:47.218 16811 16811 W ADB_SERVICES: entered. LS(81420) fd=24
06-18 20:06:47.369 16811 16811 W ADB_SERVICES: create_local_service_socket() name=shell:cat /proc/1282/stat
06-18 20:06:47.369 16811 16811 W ADB_SERVICES: service_to_fd() name=shell:cat /proc/1282/stat
06-18 20:06:47.371 16811 16811 W ADB_SERVICES: read_meminfo() mem_free=77892
06-18 20:06:47.372 16811 16811 W ADB_SERVICES: create_subproc ret_fd=24 pid=3133
06-18 20:06:47.372 16811 16811 W ADB_SERVICES: LS(81421): bound to 'shell:cat /proc/1282/stat' via 24
06-18 20:06:47.377  3133  3133 W ADB_SERVICES: adb: unable to update oom_score_adj
06-18 20:06:47.393 16811 16811 D ADB_SERVICES:  closing because is_eof=1 r=-1 s->fde.force_eof=0
06-18 20:06:47.393 16811 16811 W ADB_SERVICES: entered. LS(81421) fd=24
06-18 20:06:47.412 16811 16811 W ADB_SERVICES: create_local_service_socket() name=shell:cat /proc/stat
06-18 20:06:47.412 16811 16811 W ADB_SERVICES: service_to_fd() name=shell:cat /proc/stat
06-18 20:06:47.413 16811 16811 W ADB_SERVICES: read_meminfo() mem_free=77892
06-18 20:06:47.417 16811 16811 W ADB_SERVICES: create_subproc ret_fd=24 pid=3134
06-18 20:06:47.418 16811 16811 W ADB_SERVICES: LS(81422): bound to 'shell:cat /proc/stat' via 24
06-18 20:06:47.420  3134  3134 W ADB_SERVICES: adb: unable to update oom_score_adj
06-18 20:06:47.445 16811 16811 D ADB_SERVICES:  closing because is_eof=1 r=-1 s->fde.force_eof=0
06-18 20:06:47.445 16811 16811 W ADB_SERVICES: entered. LS(81422) fd=24
06-18 20:06:47.458  1282  1282 D BgTest  : uiCount 153  +5
06-18 20:06:47.734 16811 16811 W ADB_SERVICES: create_local_service_socket() name=shell:cat /proc/net/xt_qtaguid/stats | grep 10278
06-18 20:06:47.735 16811 16811 W ADB_SERVICES: service_to_fd() name=shell:cat /proc/net/xt_qtaguid/stats | grep 10278
06-18 20:06:47.737 16811 16811 W ADB_SERVICES: read_meminfo() mem_free=77892
06-18 20:06:47.739 16811 16811 W ADB_SERVICES: create_subproc ret_fd=24 pid=3135
06-18 20:06:47.740 16811 16811 W ADB_SERVICES: LS(81423): bound to 'shell:cat /proc/net/xt_qtaguid/stats | grep 10278' via 24
06-18 20:06:47.743  3135  3135 W ADB_SERVICES: adb: unable to update oom_score_adj
06-18 20:06:47.774 16811 16811 D ADB_SERVICES:  closing because is_eof=1 r=-1 s->fde.force_eof=0
06-18 20:06:47.774 16811 16811 W ADB_SERVICES: entered. LS(81423) fd=24
06-18 20:06:47.909   874   968 D WifiHW  : enter -->wifi_send_command cmd=IFNAME=wlan0 SIGNAL_POLL
06-18 20:06:47.911 11599 11599 D wpa_supplicant: wlan0: Control interface command 'SIGNAL_POLL'
06-18 20:06:47.928   874   968 D WifiHW  : leave --> reply=RSSI=-41
06-18 20:06:47.928   874   968 D WifiHW  : LINKSPEED=65
06-18 20:06:47.928   874   968 D WifiHW  : NOISE=9999
06-18 20:06:47.928   874   968 D WifiHW  : FREQUENCY=2462
06-18 20:06:47.928   874   968 D WifiHW  : 
06-18 20:06:47.930   874   968 D WifiStateMachine: mLastSignalLevel:3, newSignalLevel:3
06-18 20:06:47.963 16811 16811 W ADB_SERVICES: create_local_service_socket() name=shell:cat /proc/1282/stat
06-18 20:06:47.963 16811 16811 W ADB_SERVICES: service_to_fd() name=shell:cat /proc/1282/stat
06-18 20:06:47.966 16811 16811 W ADB_SERVICES: read_meminfo() mem_free=77892
06-18 20:06:47.968 16811 16811 W ADB_SERVICES: create_subproc ret_fd=24 pid=3138
06-18 20:06:47.969 16811 16811 W ADB_SERVICES: LS(81424): bound to 'shell:cat /proc/1282/stat' via 24
06-18 20:06:47.972  3138  3138 W ADB_SERVICES: adb: unable to update oom_score_adj
06-18 20:06:47.986 16811 16811 D ADB_SERVICES:  closing because is_eof=1 r=1 s->fde.force_eof=0
06-18 20:06:47.986 16811 16811 W ADB_SERVICES: entered. LS(81424) fd=24
06-18 20:06:48.008 16811 16811 W ADB_SERVICES: create_local_service_socket() name=shell:cat /proc/stat
06-18 20:06:48.008 16811 16811 W ADB_SERVICES: service_to_fd() name=shell:cat /proc/stat
06-18 20:06:48.009 16811 16811 W ADB_SERVICES: read_meminfo() mem_free=77892
06-18 20:06:48.009 16811 16811 W ADB_SERVICES: create_subproc ret_fd=24 pid=3139
06-18 20:06:48.010 16811 16811 W ADB_SERVICES: LS(81425): bound to 'shell:cat /proc/stat' via 24
06-18 20:06:48.011  3139  3139 W ADB_SERVICES: adb: unable to update oom_score_adj
06-18 20:06:48.018 16811 16811 D ADB_SERVICES:  closing because is_eof=1 r=1 s->fde.force_eof=0
06-18 20:06:48.018 16811 16811 W ADB_SERVICES: entered. LS(81425) fd=24
06-18 20:06:48.254  1282  1391 D BgTest  : bgCount 148
06-18 20:06:48.314 16811 16811 W ADB_SERVICES: create_local_service_socket() name=shell:cat /proc/net/xt_qtaguid/stats | grep 10278
06-18 20:06:48.314 16811 16811 W ADB_SERVICES: service_to_fd() name=shell:cat /proc/net/xt_qtaguid/stats | grep 10278
06-18 20:06:48.315 16811 16811 W ADB_SERVICES: read_meminfo() mem_free=77892
06-18 20:06:48.316 16811 16811 W ADB_SERVICES: create_subproc ret_fd=24 pid=3140
06-18 20:06:48.317 16811 16811 W ADB_SERVICES: LS(81426): bound to 'shell:cat /proc/net/xt_qtaguid/stats | grep 10278' via 24
06-18 20:06:48.322  3140  3140 W ADB_SERVICES: adb: unable to update oom_score_adj
06-18 20:06:48.353 16811 16811 D ADB_SERVICES:  closing because is_eof=1 r=-1 s->fde.force_eof=0
06-18 20:06:48.353 16811 16811 W ADB_SERVICES: entered. LS(81426) fd=24
06-18 20:06:48.459  1282  1282 D BgTest  : uiCount 154  +5
06-18 20:06:48.555 16811 16811 W ADB_SERVICES: create_local_service_socket() name=shell:cat /proc/1282/stat
06-18 20:06:48.555 16811 16811 W ADB_SERVICES: service_to_fd() name=shell:cat /proc/1282/stat
06-18 20:06:48.556 16811 16811 W ADB_SERVICES: read_meminfo() mem_free=77876
06-18 20:06:48.559 16811 16811 W ADB_SERVICES: create_subproc ret_fd=24 pid=3143
06-18 20:06:48.560 16811 16811 W ADB_SERVICES: LS(81427): bound to 'shell:cat /proc/1282/stat' via 24
06-18 20:06:48.564  3143  3143 W ADB_SERVICES: adb: unable to update oom_score_adj
06-18 20:06:48.576 16811 16811 D ADB_SERVICES:  closing because is_eof=1 r=1 s->fde.force_eof=0
06-18 20:06:48.576 16811 16811 W ADB_SERVICES: entered. LS(81427) fd=24
06-18 20:06:48.600 16811 16811 W ADB_SERVICES: create_local_service_socket() name=shell:cat /proc/stat
06-18 20:06:48.600 16811 16811 W ADB_SERVICES: service_to_fd() name=shell:cat /proc/stat
06-18 20:06:48.600 16811 16811 W ADB_SERVICES: read_meminfo() mem_free=77876
06-18 20:06:48.601 16811 16811 W ADB_SERVICES: create_subproc ret_fd=24 pid=3144
06-18 20:06:48.601 16811 16811 W ADB_SERVICES: LS(81428): bound to 'shell:cat /proc/stat' via 24
06-18 20:06:48.603  3144  3144 W ADB_SERVICES: adb: unable to update oom_score_adj
06-18 20:06:48.609 16811 16811 D ADB_SERVICES:  closing because is_eof=1 r=-1 s->fde.force_eof=0
06-18 20:06:48.609 16811 16811 W ADB_SERVICES: entered. LS(81428) fd=24
06-18 20:06:48.880 16811 16811 W ADB_SERVICES: create_local_service_socket() name=shell:cat /proc/net/xt_qtaguid/stats | grep 10278
06-18 20:06:48.880 16811 16811 W ADB_SERVICES: service_to_fd() name=shell:cat /proc/net/xt_qtaguid/stats | grep 10278
06-18 20:06:48.881 16811 16811 W ADB_SERVICES: read_meminfo() mem_free=77892
06-18 20:06:48.882 16811 16811 W ADB_SERVICES: create_subproc ret_fd=24 pid=3145
06-18 20:06:48.885 16811 16811 W ADB_SERVICES: LS(81429): bound to 'shell:cat /proc/net/xt_qtaguid/stats | grep 10278' via 24
06-18 20:06:48.888  3145  3145 W ADB_SERVICES: adb: unable to update oom_score_adj
06-18 20:06:48.915 16811 16811 D ADB_SERVICES:  closing because is_eof=1 r=-1 s->fde.force_eof=0
06-18 20:06:48.915 16811 16811 W ADB_SERVICES: entered. LS(81429) fd=24
06-18 20:06:49.141 16811 16811 W ADB_SERVICES: create_local_service_socket() name=shell:cat /proc/1282/stat
06-18 20:06:49.141 16811 16811 W ADB_SERVICES: service_to_fd() name=shell:cat /proc/1282/stat
06-18 20:06:49.144 16811 16811 W ADB_SERVICES: read_meminfo() mem_free=77876
06-18 20:06:49.145 16811 16811 W ADB_SERVICES: create_subproc ret_fd=24 pid=3148
06-18 20:06:49.146 16811 16811 W ADB_SERVICES: LS(81430): bound to 'shell:cat /proc/1282/stat' via 24
06-18 20:06:49.150  3148  3148 W ADB_SERVICES: adb: unable to update oom_score_adj
06-18 20:06:49.166 16811 16811 D ADB_SERVICES:  closing because is_eof=1 r=1 s->fde.force_eof=0
06-18 20:06:49.166 16811 16811 W ADB_SERVICES: entered. LS(81430) fd=24
06-18 20:06:49.184 16811 16811 W ADB_SERVICES: create_local_service_socket() name=shell:cat /proc/stat
06-18 20:06:49.184 16811 16811 W ADB_SERVICES: service_to_fd() name=shell:cat /proc/stat
06-18 20:06:49.185 16811 16811 W ADB_SERVICES: read_meminfo() mem_free=77876
06-18 20:06:49.186 16811 16811 W ADB_SERVICES: create_subproc ret_fd=24 pid=3149
06-18 20:06:49.186 16811 16811 W ADB_SERVICES: LS(81431): bound to 'shell:cat /proc/stat' via 24
06-18 20:06:49.187  3149  3149 W ADB_SERVICES: adb: unable to update oom_score_adj
06-18 20:06:49.194 16811 16811 D ADB_SERVICES:  closing because is_eof=1 r=-1 s->fde.force_eof=0
06-18 20:06:49.194 16811 16811 W ADB_SERVICES: entered. LS(81431) fd=24
06-18 20:06:49.294  1282  1391 D BgTest  : bgCount 149
06-18 20:06:49.429 16811 16811 W ADB_SERVICES: create_local_service_socket() name=shell:cat /proc/net/xt_qtaguid/stats | grep 10278
06-18 20:06:49.429 16811 16811 W ADB_SERVICES: service_to_fd() name=shell:cat /proc/net/xt_qtaguid/stats | grep 10278
06-18 20:06:49.430 16811 16811 W ADB_SERVICES: read_meminfo() mem_free=77876
06-18 20:06:49.431 16811 16811 W ADB_SERVICES: create_subproc ret_fd=24 pid=3150
06-18 20:06:49.431 16811 16811 W ADB_SERVICES: LS(81432): bound to 'shell:cat /proc/net/xt_qtaguid/stats | grep 10278' via 24
06-18 20:06:49.437  3150  3150 W ADB_SERVICES: adb: unable to update oom_score_adj
06-18 20:06:49.460  1282  1282 D BgTest  : uiCount 155  +5
06-18 20:06:49.467 16811 16811 D ADB_SERVICES:  closing because is_eof=1 r=-1 s->fde.force_eof=0
06-18 20:06:49.467 16811 16811 W ADB_SERVICES: entered. LS(81432) fd=24
06-18 20:06:49.731 16811 16811 W ADB_SERVICES: create_local_service_socket() name=shell:cat /proc/1282/stat
06-18 20:06:49.731 16811 16811 W ADB_SERVICES: service_to_fd() name=shell:cat /proc/1282/stat
06-18 20:06:49.733 16811 16811 W ADB_SERVICES: read_meminfo() mem_free=77736
06-18 20:06:49.736 16811 16811 W ADB_SERVICES: create_subproc ret_fd=24 pid=3153
06-18 20:06:49.737 16811 16811 W ADB_SERVICES: LS(81433): bound to 'shell:cat /proc/1282/stat' via 24
06-18 20:06:49.740  3153  3153 W ADB_SERVICES: adb: unable to update oom_score_adj
06-18 20:06:49.755 16811 16811 D ADB_SERVICES:  closing because is_eof=1 r=-1 s->fde.force_eof=0
06-18 20:06:49.755 16811 16811 W ADB_SERVICES: entered. LS(81433) fd=24
06-18 20:06:49.781 16811 16811 W ADB_SERVICES: create_local_service_socket() name=shell:cat /proc/stat
06-18 20:06:49.781 16811 16811 W ADB_SERVICES: service_to_fd() name=shell:cat /proc/stat
06-18 20:06:49.782 16811 16811 W ADB_SERVICES: read_meminfo() mem_free=77736
06-18 20:06:49.782 16811 16811 W ADB_SERVICES: create_subproc ret_fd=24 pid=3154
06-18 20:06:49.782 16811 16811 W ADB_SERVICES: LS(81434): bound to 'shell:cat /proc/stat' via 24
06-18 20:06:49.784  3154  3154 W ADB_SERVICES: adb: unable to update oom_score_adj
06-18 20:06:49.791 16811 16811 D ADB_SERVICES:  closing because is_eof=1 r=-1 s->fde.force_eof=0
06-18 20:06:49.791 16811 16811 W ADB_SERVICES: entered. LS(81434) fd=24
06-18 20:06:49.998 16811 16811 W ADB_SERVICES: create_local_service_socket() name=shell:cat /proc/net/xt_qtaguid/stats | grep 10278
06-18 20:06:49.998 16811 16811 W ADB_SERVICES: service_to_fd() name=shell:cat /proc/net/xt_qtaguid/stats | grep 10278
06-18 20:06:49.999 16811 16811 W ADB_SERVICES: read_meminfo() mem_free=77768
06-18 20:06:50.000 16811 16811 W ADB_SERVICES: create_subproc ret_fd=24 pid=3155
06-18 20:06:50.000 16811 16811 W ADB_SERVICES: LS(81435): bound to 'shell:cat /proc/net/xt_qtaguid/stats | grep 10278' via 24
