06-16 15:37:40.615 16811 16811 W ADB_SERVICES: create_local_service_socket() name=shell:cat /proc/15430/stat
06-16 15:37:40.615 16811 16811 W ADB_SERVICES: service_to_fd() name=shell:cat /proc/15430/stat
06-16 15:37:40.617 16811 16811 W ADB_SERVICES: read_meminfo() mem_free=272444
06-16 15:37:40.620 16811 16811 W ADB_SERVICES: create_subproc ret_fd=24 pid=17576
06-16 15:37:40.621 16811 16811 W ADB_SERVICES: LS(76264): bound to 'shell:cat /proc/15430/stat' via 24
06-16 15:37:40.623 17576 17576 W ADB_SERVICES: adb: unable to update oom_score_adj
06-16 15:37:40.638 16811 16811 W ADB_SERVICES: create_local_service_socket() name=shell:cat /proc/net/xt_qtaguid/stats | grep 10276
06-16 15:37:40.638 16811 16811 W ADB_SERVICES: service_to_fd() name=shell:cat /proc/net/xt_qtaguid/stats | grep 10276
06-16 15:37:40.640 16811 16811 W ADB_SERVICES: read_meminfo() mem_free=272444
06-16 15:37:40.642 16811 16811 W ADB_SERVICES: create_subproc ret_fd=25 pid=17577
06-16 15:37:40.644 16811 16811 W ADB_SERVICES: LS(76265): bound to 'shell:cat /proc/net/xt_qtaguid/stats | grep 10276' via 25
06-16 15:37:40.649 16811 16811 D ADB_SERVICES:  closing because is_eof=1 r=-1 s->fde.force_eof=0
06-16 15:37:40.649 16811 16811 W ADB_SERVICES: entered. LS(76264) fd=24
06-16 15:37:40.650 17577 17577 W ADB_SERVICES: adb: unable to update oom_score_adj
06-16 15:37:40.658 16811 16811 W ADB_SERVICES: create_local_service_socket() name=shell:cat /proc/stat
06-16 15:37:40.658 16811 16811 W ADB_SERVICES: service_to_fd() name=shell:cat /proc/stat
06-16 15:37:40.658 16811 16811 W ADB_SERVICES: read_meminfo() mem_free=272288
06-16 15:37:40.659 16811 16811 W ADB_SERVICES: create_subproc ret_fd=24 pid=17580
06-16 15:37:40.659 16811 16811 W ADB_SERVICES: LS(76266): bound to 'shell:cat /proc/stat' via 24
06-16 15:37:40.666 17580 17580 W ADB_SERVICES: adb: unable to update oom_score_adj
06-16 15:37:40.675 16811 16811 D ADB_SERVICES:  closing because is_eof=1 r=-1 s->fde.force_eof=0
06-16 15:37:40.675 16811 16811 W ADB_SERVICES: entered. LS(76265) fd=25
06-16 15:37:40.679 16811 16811 D ADB_SERVICES:  closing because is_eof=1 r=-1 s->fde.force_eof=0
06-16 15:37:40.679 16811 16811 W ADB_SERVICES: entered. LS(76266) fd=24
06-16 15:37:40.955 15430 15430 D BgTest  : uiCount 175  +6
06-16 15:37:41.096   272   272 I SurfaceFlinger: [Built-in Screen (type:0)] fps:0.334755,dur:2987.26,max:2987.26,min:2987.26
06-16 15:37:41.201 16811 16811 W ADB_SERVICES: create_local_service_socket() name=shell:cat /proc/15430/stat
06-16 15:37:41.201 16811 16811 W ADB_SERVICES: service_to_fd() name=shell:cat /proc/15430/stat
06-16 15:37:41.202 16811 16811 W ADB_SERVICES: read_meminfo() mem_free=272412
06-16 15:37:41.204 16811 16811 W ADB_SERVICES: create_subproc ret_fd=24 pid=17582
06-16 15:37:41.204 16811 16811 W ADB_SERVICES: LS(76267): bound to 'shell:cat /proc/15430/stat' via 24
06-16 15:37:41.209 17582 17582 W ADB_SERVICES: adb: unable to update oom_score_adj
06-16 15:37:41.214 16811 16811 W ADB_SERVICES: create_local_service_socket() name=shell:cat /proc/net/xt_qtaguid/stats | grep 10276
06-16 15:37:41.214 16811 16811 W ADB_SERVICES: service_to_fd() name=shell:cat /proc/net/xt_qtaguid/stats | grep 10276
06-16 15:37:41.216 16811 16811 W ADB_SERVICES: read_meminfo() mem_free=272304
06-16 15:37:41.219 16811 16811 W ADB_SERVICES: create_subproc ret_fd=25 pid=17583
06-16 15:37:41.220 16811 16811 W ADB_SERVICES: LS(76268): bound to 'shell:cat /proc/net/xt_qtaguid/stats | grep 10276' via 25
06-16 15:37:41.226 17583 17583 W ADB_SERVICES: adb: unable to update oom_score_adj
06-16 15:37:41.234 16811 16811 D ADB_SERVICES:  closing because is_eof=1 r=1 s->fde.force_eof=0
06-16 15:37:41.235 16811 16811 W ADB_SERVICES: entered. LS(76267) fd=24
06-16 15:37:41.249 16811 16811 D ADB_SERVICES:  closing because is_eof=1 r=-1 s->fde.force_eof=0
06-16 15:37:41.249 16811 16811 W ADB_SERVICES: entered. LS(76268) fd=25
06-16 15:37:41.271 16811 16811 W ADB_SERVICES: create_local_service_socket() name=shell:cat /proc/stat
06-16 15:37:41.271 16811 16811 W ADB_SERVICES: service_to_fd() name=shell:cat /proc/stat
06-16 15:37:41.272 16811 16811 W ADB_SERVICES: read_meminfo() mem_free=272236
06-16 15:37:41.274 16811 16811 W ADB_SERVICES: create_subproc ret_fd=24 pid=17586
06-16 15:37:41.274 16811 16811 W ADB_SERVICES: LS(76269): bound to 'shell:cat /proc/stat' via 24
06-16 15:37:41.279 17586 17586 W ADB_SERVICES: adb: unable to update oom_score_adj
06-16 15:37:41.297 16811 16811 D ADB_SERVICES:  closing because is_eof=1 r=-1 s->fde.force_eof=0
06-16 15:37:41.297 16811 16811 W ADB_SERVICES: entered. LS(76269) fd=24
06-16 15:37:41.529 15430 15981 D BgTest  : bgCount 169
06-16 15:37:41.762 16811 16811 W ADB_SERVICES: create_local_service_socket() name=shell:cat /proc/net/xt_qtaguid/stats | grep 10276
06-16 15:37:41.762 16811 16811 W ADB_SERVICES: service_to_fd() name=shell:cat /proc/net/xt_qtaguid/stats | grep 10276
06-16 15:37:41.763 16811 16811 W ADB_SERVICES: read_meminfo() mem_free=272408
06-16 15:37:41.767 16811 16811 W ADB_SERVICES: create_subproc ret_fd=24 pid=17587
06-16 15:37:41.768 16811 16811 W ADB_SERVICES: LS(76270): bound to 'shell:cat /proc/net/xt_qtaguid/stats | grep 10276' via 24
06-16 15:37:41.771 17587 17587 W ADB_SERVICES: adb: unable to update oom_score_adj
06-16 15:37:41.800 16811 16811 D ADB_SERVICES:  closing because is_eof=1 r=-1 s->fde.force_eof=0
06-16 15:37:41.800 16811 16811 W ADB_SERVICES: entered. LS(76270) fd=24
06-16 15:37:41.815 16811 16811 W ADB_SERVICES: create_local_service_socket() name=shell:cat /proc/15430/stat
06-16 15:37:41.815 16811 16811 W ADB_SERVICES: service_to_fd() name=shell:cat /proc/15430/stat
06-16 15:37:41.816 16811 16811 W ADB_SERVICES: read_meminfo() mem_free=272360
06-16 15:37:41.817 16811 16811 W ADB_SERVICES: create_subproc ret_fd=24 pid=17590
06-16 15:37:41.817 16811 16811 W ADB_SERVICES: LS(76271): bound to 'shell:cat /proc/15430/stat' via 24
06-16 15:37:41.818 17590 17590 W ADB_SERVICES: adb: unable to update oom_score_adj
06-16 15:37:41.824 16811 16811 D ADB_SERVICES:  closing because is_eof=1 r=1 s->fde.force_eof=0
06-16 15:37:41.824 16811 16811 W ADB_SERVICES: entered. LS(76271) fd=24
06-16 15:37:41.858 16811 16811 W ADB_SERVICES: create_local_service_socket() name=shell:cat /proc/stat
06-16 15:37:41.858 16811 16811 W ADB_SERVICES: service_to_fd() name=shell:cat /proc/stat
06-16 15:37:41.859 16811 16811 W ADB_SERVICES: read_meminfo() mem_free=272412
06-16 15:37:41.859 16811 16811 W ADB_SERVICES: create_subproc ret_fd=24 pid=17591
06-16 15:37:41.859 16811 16811 W ADB_SERVICES: LS(76272): bound to 'shell:cat /proc/stat' via 24
06-16 15:37:41.861 17591 17591 W ADB_SERVICES: adb: unable to update oom_score_adj
06-16 15:37:41.869 16811 16811 D ADB_SERVICES:  closing because is_eof=1 r=-1 s->fde.force_eof=0
06-16 15:37:41.869 16811 16811 W ADB_SERVICES: entered. LS(76272) fd=24
06-16 15:37:41.956 15430 15430 D BgTest  : uiCount 176  +6
06-16 15:37:42.026   874  1884 V SettingsInterface:  from settings cache , name = netstats_time_cache_max_age , value = null
06-16 15:37:42.027   874  1884 V NetworkStats: performPollLocked(flags=0x3)
06-16 15:37:42.036   874  1884 D NetdConnector: SND -> {8063 bandwidth gettetherstats}
06-16 15:37:42.039   296   779 D FrameworkListener: dispatchCommand data = (8063 bandwidth gettetherstats)
06-16 15:37:42.039   296   779 D SocketClient: SocketClient sendData done: 200 8063 Tethering stats list completed
06-16 15:37:42.040   874   960 D NetdConnector: RCV <- {200 8063 Tethering stats list completed}
06-16 15:37:42.043   874  1884 D NetdConnector: RMV <- {200 8063 Tethering stats list completed}
06-16 15:37:42.049   874  1884 I NetworkStatsRecorder: recordSnapshotLocked: ident[[{type=WIFI, subType=COMBINED, networkId=sodino}]]
06-16 15:37:42.050   874  1884 W NetworkStatsRecorder: unknown interfaces [lo, p2p0], ignoring those stats
06-16 15:37:42.051   874  1884 I NetworkStatsRecorder: recordSnapshotLocked: ident[[{type=WIFI, subType=COMBINED, networkId=sodino}]]
06-16 15:37:42.051   874  1884 W NetworkStatsRecorder: unknown interfaces [lo, p2p0], ignoring those stats
06-16 15:37:42.052   874  1884 I NetworkStatsRecorder: recordSnapshotLocked: ident[[{type=WIFI, subType=COMBINED, networkId=sodino}]]
06-16 15:37:42.053   874  1884 W NetworkStatsRecorder: unknown interfaces [lo, p2p0], ignoring those stats
06-16 15:37:42.054   874  1884 W NetworkStatsRecorder: unknown interfaces [lo, p2p0], ignoring those stats
06-16 15:37:42.055   874  1884 V NetworkStats: performPollLocked() took 28ms
06-16 15:37:42.056   874  1884 V SettingsInterface:  from settings cache , name = netstats_sample_enabled , value = null
06-16 15:37:42.058   874  1884 V ActivityManager: Broadcast: Intent { act=com.android.server.action.NETWORK_STATS_UPDATED flg=0x40000010 } ordered=false userid=-1 callerApp=ProcessRecord{2de77b41 874:system/1000}
06-16 15:37:42.059   874   966 V NetworkPolicy: updateNetworkEnabledLocked()
06-16 15:37:42.061  1860  2231 V SettingsInterface:  from settings cache , name = multi_sim_data_call , value = -1
06-16 15:37:42.062   874   966 V NetworkPolicy:  checking policy:NetworkPolicy[NetworkTemplate: matchRule=MOBILE_ALL, matchSubscriberIds=[null]]: cycleDay=19, cycleTimezone=Asia/Shanghai, warningBytes=104857600, limitBytes=-1, lastWarningSnooze=-1, lastLimitSnooze=-1, metered=true, inferred=true
06-16 15:37:42.062   874   966 V NetworkPolicy:  checking policy:NetworkPolicy[NetworkTemplate: matchRule=MOBILE_ALL, subscriberId=460028..., matchSubscriberIds=[460028...]]: cycleDay=1, cycleTimezone=Asia/Shanghai, warningBytes=2412510335, limitBytes=3015637919, lastWarningSnooze=-1, lastLimitSnooze=-1, metered=true, inferred=false
06-16 15:37:42.062   874   966 V NetworkPolicy:  checking policy:NetworkPolicy[NetworkTemplate: matchRule=MOBILE_ALL, subscriberId=460006..., matchSubscriberIds=[460006...]]: cycleDay=1, cycleTimezone=Asia/Shanghai, warningBytes=104857600, limitBytes=-1, lastWarningSnooze=-1, lastLimitSnooze=-1, metered=true, inferred=false
06-16 15:37:42.062   874   966 V NetworkPolicy:  checking policy:NetworkPolicy[NetworkTemplate: matchRule=MOBILE_ALL, subscriberId=460028..., matchSubscriberIds=[460028...]]: cycleDay=1, cycleTimezone=Asia/Shanghai, warningBytes=-1, limitBytes=-1, lastWarningSnooze=-1, lastLimitSnooze=-1, metered=true, inferred=false
06-16 15:37:42.062   874   966 V NetworkPolicy: updateNotificationsLocked()
06-16 15:37:42.065  1860 13323 V SettingsInterface:  from settings cache , name = multi_sim_data_call , value = -1
06-16 15:37:42.067  1860  1881 V SettingsInterface:  from settings cache , name = multi_sim_data_call , value = -1
06-16 15:37:42.068  1231  1559 D trafficTest: whichSimSelected slotId=-1,可能是未插卡，也可能是modern挂了，也可能插了双卡，其中流量卡挂了，或还在初始化中, 而另一张卡没有自动切换成流量
06-16 15:37:42.068  1231  1559 D NetworkManagementMz: LocalSubscriptionManager: getSubId 0
06-16 15:37:42.070  1231  1559 D NetworkManagementMz: LocalSubscriptionManager: intSubId -2
06-16 15:37:42.070  1231  1559 D NetworkManagementMz: LocalSubscriptionManager: intSubId -2
06-16 15:37:42.070  1231  1559 D NetworkManagementMz: LocalSubscriptionManager: subId[0] is : -2
06-16 15:37:42.073  1231  1559 D NetworkManagementMz: LocalTelephonyManager: imsi null
06-16 15:37:42.073  1231  1559 D NetworkManagementMz: LocalSubscriptionManager: getSubId 1
06-16 15:37:42.077  1040  1040 D NetworkController.WifiSignalController: setActivity: wifiActivity= 1
06-16 15:37:42.077  1040  1040 D NetworkController.WifiSignalController: isDirty : false
06-16 15:37:42.077  1040  1040 D NetworkController.WifiSignalController: Change in state from: connected=true,enabled=true,level=3,inetCondition=1,iconGroup=IconGroup(Wi-Fi Icons),activityIn=false,activityOut=false,rssi=-56,networkType=null,lastModified=06-16 03:37:36,ssid="sodino"enabling=falsedisabling=falseconnecting=false
06-16 15:37:42.077  1040  1040 D NetworkController.WifiSignalController: 	to: connected=true,enabled=true,level=3,inetCondition=1,iconGroup=IconGroup(Wi-Fi Icons),activityIn=true,activityOut=false,rssi=-56,networkType=null,lastModified=06-16 03:37:36,ssid="sodino"enabling=falsedisabling=falseconnecting=false
06-16 15:37:42.077  1040  1040 D NetworkController.WifiSignalController: Wifi notifyListeners: level= 3, wifiActivity= 1
06-16 15:37:42.077  1040  1040 D SignalClusterView: setWifiIndicators, visible=true, strengthIcon=2130839035, contentDescription=WLAN信号强度为三格。
06-16 15:37:42.078  1040  1040 D NetworkController.WifiSignalController: Wifi notifyListeners: level= 3, wifiActivity= 1
06-16 15:37:42.078  1040  1040 D SignalClusterView: setWifiIndicators, visible=true, strengthIcon=2130839035, contentDescription=WLAN信号强度为三格。
06-16 15:37:42.078  1040  1040 D NetworkController.WifiSignalController: Wifi notifyListeners: level= 3, wifiActivity= 1
06-16 15:37:42.078  1040  1040 D SignalClusterView: setWifiIndicators, visible=true, strengthIcon=2130839035, contentDescription=WLAN信号强度为三格。
06-16 15:37:42.078  1040  1040 D NetworkController.WifiSignalController: Wifi notifyListeners: level= 3, wifiActivity= 1
06-16 15:37:42.078  1040  1040 D SignalClusterView: setWifiIndicators, visible=true, strengthIcon=2130839035, contentDescription=WLAN信号强度为三格。
06-16 15:37:42.078  1040  1040 D ConnectionRateView: DataConnection: new=true,old=true
06-16 15:37:42.078  1040  1040 D ConnectionRateView: DataConnection: new=true,old=true
06-16 15:37:42.084  1231  1559 D NetworkManagementMz: LocalSubscriptionManager: intSubId -3
06-16 15:37:42.084  1231  1559 D NetworkManagementMz: LocalSubscriptionManager: intSubId -3
06-16 15:37:42.084  1231  1559 D NetworkManagementMz: LocalSubscriptionManager: subId[1] is : -3
06-16 15:37:42.087  1231  1559 D NetworkManagementMz: LocalTelephonyManager: imsi null
06-16 15:37:42.089  1860  1880 V SettingsInterface:  from settings cache , name = multi_sim_data_call , value = -1
06-16 15:37:42.091  1231  1559 D trafficTest: whichSimSelected slotId=-1,可能是未插卡，也可能是modern挂了，也可能插了双卡，其中流量卡挂了，或还在初始化中, 而另一张卡没有自动切换成流量
06-16 15:37:42.091  1231  1559 D NetworkManagementMz: LocalSubscriptionManager: getSubId 0
06-16 15:37:42.093  1231  1559 D NetworkManagementMz: LocalSubscriptionManager: intSubId -2
06-16 15:37:42.093  1231  1559 D NetworkManagementMz: LocalSubscriptionManager: intSubId -2
06-16 15:37:42.093  1231  1559 D NetworkManagementMz: LocalSubscriptionManager: subId[0] is : -2
06-16 15:37:42.100  1231  1559 D NetworkManagementMz: LocalTelephonyManager: imsi null
06-16 15:37:42.100  1231  1559 D NetworkManagementMz: LocalSubscriptionManager: getSubId 1
06-16 15:37:42.102  1231  1559 D NetworkManagementMz: LocalSubscriptionManager: intSubId -3
06-16 15:37:42.102  1231  1559 D NetworkManagementMz: LocalSubscriptionManager: intSubId -3
06-16 15:37:42.102  1231  1559 D NetworkManagementMz: LocalSubscriptionManager: subId[1] is : -3
06-16 15:37:42.105  1231  1559 D NetworkManagementMz: LocalTelephonyManager: imsi null
06-16 15:37:42.106  1231  1231 D trafficTest: has data listener
06-16 15:37:42.107   874  1848 V ActivityManager: Broadcast: Intent { act=android.com.meizu.safe.provider.SafeWidgetProvider flg=0x10 (has extras) } ordered=false userid=-2 callerApp=ProcessRecord{25d454a8 1231:com.meizu.safe/1000}
06-16 15:37:42.106  1231  1231 D trafficTest1: pollingService通知Ui更新
06-16 15:37:42.106  1231  1231 D trafficTest: ----refreshGeneralShowData
06-16 15:37:42.107  1231  1231 D trafficTest: ----------widget manager receiver dataChanged
06-16 15:37:42.107  1231  1231 D trafficTest: widget manager send broadcast to widget
06-16 15:37:42.108   874   923 I libPerfService: perfSetFavorPid - pid:15430, 3c46
06-16 15:37:42.110  1231  1231 I vpnTrace: notifySavingDataChanged: isShowSavingFunc: false
06-16 15:37:42.110  1231  1231 D TrafficTest: --------------亮屏且有监听器updateDataInterval = 15000
06-16 15:37:42.111  1231  1231 D trafficTest3: ---------widget receiver data change msg
06-16 15:37:42.114  1231  1231 D trafficTest3: updateRemoteView: SimCardTrafficForShow{imsi='null', totalBytes=-1, remainBytes=0, dayUsedBytes=0, leftDays=0, monthUsedbytes=0, usedPercent=0.0, idleMode=false}
06-16 15:37:42.115   272   272 I SurfaceFlinger: [Built-in Screen (type:0)] fps:0.981426,dur:1018.93,max:1018.93,min:1018.93
06-16 15:37:42.137  1231  1231 D RemoteViews: mActions is repeat
06-16 15:37:42.138  1231  1231 D RemoteViews: mActions is repeat
06-16 15:37:42.142  1885  1885 D AppWidgetHost: updateAppWidgetView HANDLE_UPDATE 
06-16 15:37:42.142  1885  1885 D AppWidgetHost: updateAppWidgetView appWidgetId 15 com.meizu.flyme.launcher.at@179658cb
06-16 15:37:42.336 16811 16811 W ADB_SERVICES: create_local_service_socket() name=shell:cat /proc/net/xt_qtaguid/stats | grep 10276
06-16 15:37:42.336 16811 16811 W ADB_SERVICES: service_to_fd() name=shell:cat /proc/net/xt_qtaguid/stats | grep 10276
06-16 15:37:42.337 16811 16811 W ADB_SERVICES: read_meminfo() mem_free=271948
06-16 15:37:42.338 16811 16811 W ADB_SERVICES: create_subproc ret_fd=24 pid=17592
06-16 15:37:42.341 16811 16811 W ADB_SERVICES: LS(76273): bound to 'shell:cat /proc/net/xt_qtaguid/stats | grep 10276' via 24
06-16 15:37:42.344 17592 17592 W ADB_SERVICES: adb: unable to update oom_score_adj
06-16 15:37:42.370 16811 16811 D ADB_SERVICES:  closing because is_eof=1 r=-1 s->fde.force_eof=0
06-16 15:37:42.370 16811 16811 W ADB_SERVICES: entered. LS(76273) fd=24
06-16 15:37:42.402 16811 16811 W ADB_SERVICES: create_local_service_socket() name=shell:cat /proc/15430/stat
06-16 15:37:42.402 16811 16811 W ADB_SERVICES: service_to_fd() name=shell:cat /proc/15430/stat
06-16 15:37:42.403 16811 16811 W ADB_SERVICES: read_meminfo() mem_free=271516
06-16 15:37:42.407 16811 16811 W ADB_SERVICES: create_subproc ret_fd=24 pid=17595
06-16 15:37:42.408 16811 16811 W ADB_SERVICES: LS(76274): bound to 'shell:cat /proc/15430/stat' via 24
06-16 15:37:42.411 17595 17595 W ADB_SERVICES: adb: unable to update oom_score_adj
06-16 15:37:42.425 16811 16811 D ADB_SERVICES:  closing because is_eof=1 r=-1 s->fde.force_eof=0
06-16 15:37:42.426 16811 16811 W ADB_SERVICES: entered. LS(76274) fd=24
06-16 15:37:42.448 16811 16811 W ADB_SERVICES: create_local_service_socket() name=shell:cat /proc/stat
06-16 15:37:42.448 16811 16811 W ADB_SERVICES: service_to_fd() name=shell:cat /proc/stat
06-16 15:37:42.449 16811 16811 W ADB_SERVICES: read_meminfo() mem_free=271524
06-16 15:37:42.451 16811 16811 W ADB_SERVICES: create_subproc ret_fd=24 pid=17596
06-16 15:37:42.452 16811 16811 W ADB_SERVICES: LS(76275): bound to 'shell:cat /proc/stat' via 24
06-16 15:37:42.454 17596 17596 W ADB_SERVICES: adb: unable to update oom_score_adj
06-16 15:37:42.472 16811 16811 D ADB_SERVICES:  closing because is_eof=1 r=-1 s->fde.force_eof=0
06-16 15:37:42.472 16811 16811 W ADB_SERVICES: entered. LS(76275) fd=24
06-16 15:37:42.570 15430 15981 D BgTest  : bgCount 170
06-16 15:37:42.824   874   968 D WifiHW  : enter -->wifi_send_command cmd=IFNAME=wlan0 SIGNAL_POLL
06-16 15:37:42.826 11599 11599 D wpa_supplicant: wlan0: Control interface command 'SIGNAL_POLL'
06-16 15:37:42.843   874   968 D WifiHW  : leave --> reply=RSSI=-57
06-16 15:37:42.843   874   968 D WifiHW  : LINKSPEED=65
06-16 15:37:42.843   874   968 D WifiHW  : NOISE=9999
06-16 15:37:42.843   874   968 D WifiHW  : FREQUENCY=2462
06-16 15:37:42.843   874   968 D WifiHW  : 
06-16 15:37:42.844   874   968 D WifiStateMachine: mLastSignalLevel:2, newSignalLevel:2
06-16 15:37:42.910 16811 16811 W ADB_SERVICES: create_local_service_socket() name=shell:cat /proc/net/xt_qtaguid/stats | grep 10276
06-16 15:37:42.910 16811 16811 W ADB_SERVICES: service_to_fd() name=shell:cat /proc/net/xt_qtaguid/stats | grep 10276
06-16 15:37:42.912 16811 16811 W ADB_SERVICES: read_meminfo() mem_free=271664
06-16 15:37:42.915 16811 16811 W ADB_SERVICES: create_subproc ret_fd=24 pid=17597
06-16 15:37:42.916 16811 16811 W ADB_SERVICES: LS(76276): bound to 'shell:cat /proc/net/xt_qtaguid/stats | grep 10276' via 24
06-16 15:37:42.919 17597 17597 W ADB_SERVICES: adb: unable to update oom_score_adj
06-16 15:37:42.942 16811 16811 D ADB_SERVICES:  closing because is_eof=1 r=-1 s->fde.force_eof=0
06-16 15:37:42.942 16811 16811 W ADB_SERVICES: entered. LS(76276) fd=24
06-16 15:37:42.957 15430 15430 D BgTest  : uiCount 177  +6
06-16 15:37:42.992 16811 16811 W ADB_SERVICES: create_local_service_socket() name=shell:cat /proc/15430/stat
06-16 15:37:42.992 16811 16811 W ADB_SERVICES: service_to_fd() name=shell:cat /proc/15430/stat
06-16 15:37:42.993 16811 16811 W ADB_SERVICES: read_meminfo() mem_free=271668
06-16 15:37:42.997 16811 16811 W ADB_SERVICES: create_subproc ret_fd=24 pid=17600
06-16 15:37:42.998 16811 16811 W ADB_SERVICES: LS(76277): bound to 'shell:cat /proc/15430/stat' via 24
06-16 15:37:43.000 17600 17600 W ADB_SERVICES: adb: unable to update oom_score_adj
06-16 15:37:43.017 16811 16811 D ADB_SERVICES:  closing because is_eof=1 r=-1 s->fde.force_eof=0
06-16 15:37:43.017 16811 16811 W ADB_SERVICES: entered. LS(76277) fd=24
06-16 15:37:43.037 16811 16811 W ADB_SERVICES: create_local_service_socket() name=shell:cat /proc/stat
06-16 15:37:43.037 16811 16811 W ADB_SERVICES: service_to_fd() name=shell:cat /proc/stat
06-16 15:37:43.038 16811 16811 W ADB_SERVICES: read_meminfo() mem_free=271632
06-16 15:37:43.040 16811 16811 W ADB_SERVICES: create_subproc ret_fd=24 pid=17601
06-16 15:37:43.040 16811 16811 W ADB_SERVICES: LS(76278): bound to 'shell:cat /proc/stat' via 24
06-16 15:37:43.045 17601 17601 W ADB_SERVICES: adb: unable to update oom_score_adj
06-16 15:37:43.065 16811 16811 D ADB_SERVICES:  closing because is_eof=1 r=-1 s->fde.force_eof=0
06-16 15:37:43.065 16811 16811 W ADB_SERVICES: entered. LS(76278) fd=24
06-16 15:37:43.078  1040  1040 D NetworkController.WifiSignalController: setActivity: wifiActivity= 0
06-16 15:37:43.078  1040  1040 D NetworkController.WifiSignalController: isDirty : false
06-16 15:37:43.079  1040  1040 D NetworkController.WifiSignalController: Change in state from: connected=true,enabled=true,level=3,inetCondition=1,iconGroup=IconGroup(Wi-Fi Icons),activityIn=true,activityOut=false,rssi=-56,networkType=null,lastModified=06-16 03:37:42,ssid="sodino"enabling=falsedisabling=falseconnecting=false
06-16 15:37:43.079  1040  1040 D NetworkController.WifiSignalController: 	to: connected=true,enabled=true,level=3,inetCondition=1,iconGroup=IconGroup(Wi-Fi Icons),activityIn=false,activityOut=false,rssi=-56,networkType=null,lastModified=06-16 03:37:42,ssid="sodino"enabling=falsedisabling=falseconnecting=false
06-16 15:37:43.079  1040  1040 D NetworkController.WifiSignalController: Wifi notifyListeners: level= 3, wifiActivity= 0
06-16 15:37:43.079  1040  1040 D SignalClusterView: setWifiIndicators, visible=true, strengthIcon=2130839034, contentDescription=WLAN信号强度为三格。
06-16 15:37:43.079  1040  1040 D NetworkController.WifiSignalController: Wifi notifyListeners: level= 3, wifiActivity= 0
06-16 15:37:43.079  1040  1040 D SignalClusterView: setWifiIndicators, visible=true, strengthIcon=2130839034, contentDescription=WLAN信号强度为三格。
06-16 15:37:43.080  1040  1040 D NetworkController.WifiSignalController: Wifi notifyListeners: level= 3, wifiActivity= 0
06-16 15:37:43.080  1040  1040 D SignalClusterView: setWifiIndicators, visible=true, strengthIcon=2130839034, contentDescription=WLAN信号强度为三格。
06-16 15:37:43.080  1040  1040 D NetworkController.WifiSignalController: Wifi notifyListeners: level= 3, wifiActivity= 0
06-16 15:37:43.080  1040  1040 D SignalClusterView: setWifiIndicators, visible=true, strengthIcon=2130839034, contentDescription=WLAN信号强度为三格。
06-16 15:37:43.080  1040  1040 D ConnectionRateView: DataConnection: new=true,old=true
06-16 15:37:43.080  1040  1040 D ConnectionRateView: DataConnection: new=true,old=true
06-16 15:37:43.098   874  1882 I libPerfService: perfSetFavorPid - pid:0, 0
06-16 15:37:43.117   272   272 I SurfaceFlinger: [Built-in Screen (type:0)] fps:0.998238,dur:1001.77,max:1001.77,min:1001.77
06-16 15:37:43.462 16811 16811 W ADB_SERVICES: create_local_service_socket() name=shell:cat /proc/net/xt_qtaguid/stats | grep 10276
06-16 15:37:43.462 16811 16811 W ADB_SERVICES: service_to_fd() name=shell:cat /proc/net/xt_qtaguid/stats | grep 10276
06-16 15:37:43.464 16811 16811 W ADB_SERVICES: read_meminfo() mem_free=271684
06-16 15:37:43.467 16811 16811 W ADB_SERVICES: create_subproc ret_fd=24 pid=17602
06-16 15:37:43.468 16811 16811 W ADB_SERVICES: LS(76279): bound to 'shell:cat /proc/net/xt_qtaguid/stats | grep 10276' via 24
06-16 15:37:43.471 17602 17602 W ADB_SERVICES: adb: unable to update oom_score_adj
06-16 15:37:43.499 16811 16811 D ADB_SERVICES:  closing because is_eof=1 r=-1 s->fde.force_eof=0
06-16 15:37:43.499 16811 16811 W ADB_SERVICES: entered. LS(76279) fd=24
06-16 15:37:43.577 16811 16811 W ADB_SERVICES: create_local_service_socket() name=shell:cat /proc/15430/stat
06-16 15:37:43.577 16811 16811 W ADB_SERVICES: service_to_fd() name=shell:cat /proc/15430/stat
06-16 15:37:43.579 16811 16811 W ADB_SERVICES: read_meminfo() mem_free=271700
06-16 15:37:43.582 16811 16811 W ADB_SERVICES: create_subproc ret_fd=24 pid=17605
06-16 15:37:43.583 16811 16811 W ADB_SERVICES: LS(76280): bound to 'shell:cat /proc/15430/stat' via 24
06-16 15:37:43.586 17605 17605 W ADB_SERVICES: adb: unable to update oom_score_adj
06-16 15:37:43.595 16811 16811 D ADB_SERVICES:  closing because is_eof=1 r=1 s->fde.force_eof=0
06-16 15:37:43.595 16811 16811 W ADB_SERVICES: entered. LS(76280) fd=24
06-16 15:37:43.611 15430 15981 D BgTest  : bgCount 171
06-16 15:37:43.622 16811 16811 W ADB_SERVICES: create_local_service_socket() name=shell:cat /proc/stat
06-16 15:37:43.622 16811 16811 W ADB_SERVICES: service_to_fd() name=shell:cat /proc/stat
06-16 15:37:43.623 16811 16811 W ADB_SERVICES: read_meminfo() mem_free=271700
06-16 15:37:43.623 16811 16811 W ADB_SERVICES: create_subproc ret_fd=24 pid=17606
06-16 15:37:43.623 16811 16811 W ADB_SERVICES: LS(76281): bound to 'shell:cat /proc/stat' via 24
06-16 15:37:43.625 17606 17606 W ADB_SERVICES: adb: unable to update oom_score_adj
06-16 15:37:43.634 16811 16811 D ADB_SERVICES:  closing because is_eof=1 r=-1 s->fde.force_eof=0
06-16 15:37:43.634 16811 16811 W ADB_SERVICES: entered. LS(76281) fd=24
06-16 15:37:43.748   319   319 I thermal_repeater: oh, queryMdThermalInfo (0)Bad file number
06-16 15:37:43.761   319   319 I thermal_repeater: [recvMdThermalInfo] ret=25, strLen=127,  1, 32767,,, -1, 32767, 2
06-16 15:37:43.958 15430 15430 D BgTest  : uiCount 178  +6
06-16 15:37:44.037 16811 16811 W ADB_SERVICES: create_local_service_socket() name=shell:cat /proc/net/xt_qtaguid/stats | grep 10276
06-16 15:37:44.037 16811 16811 W ADB_SERVICES: service_to_fd() name=shell:cat /proc/net/xt_qtaguid/stats | grep 10276
06-16 15:37:44.038 16811 16811 W ADB_SERVICES: read_meminfo() mem_free=271700
06-16 15:37:44.042 16811 16811 W ADB_SERVICES: create_subproc ret_fd=24 pid=17607
06-16 15:37:44.043 16811 16811 W ADB_SERVICES: LS(76282): bound to 'shell:cat /proc/net/xt_qtaguid/stats | grep 10276' via 24
06-16 15:37:44.045 17607 17607 W ADB_SERVICES: adb: unable to update oom_score_adj
06-16 15:37:44.081 16811 16811 D ADB_SERVICES:  closing because is_eof=1 r=-1 s->fde.force_eof=0
06-16 15:37:44.081 16811 16811 W ADB_SERVICES: entered. LS(76282) fd=24
06-16 15:37:44.167 16811 16811 W ADB_SERVICES: create_local_service_socket() name=shell:cat /proc/15430/stat
06-16 15:37:44.167 16811 16811 W ADB_SERVICES: service_to_fd() name=shell:cat /proc/15430/stat
06-16 15:37:44.169 16811 16811 W ADB_SERVICES: read_meminfo() mem_free=271668
06-16 15:37:44.172 16811 16811 W ADB_SERVICES: create_subproc ret_fd=24 pid=17610
06-16 15:37:44.173 16811 16811 W ADB_SERVICES: LS(76283): bound to 'shell:cat /proc/15430/stat' via 24
06-16 15:37:44.176 17610 17610 W ADB_SERVICES: adb: unable to update oom_score_adj
06-16 15:37:44.190 16811 16811 D ADB_SERVICES:  closing because is_eof=1 r=1 s->fde.force_eof=0
06-16 15:37:44.190 16811 16811 W ADB_SERVICES: entered. LS(76283) fd=24
06-16 15:37:44.210 16811 16811 W ADB_SERVICES: create_local_service_socket() name=shell:cat /proc/stat
06-16 15:37:44.210 16811 16811 W ADB_SERVICES: service_to_fd() name=shell:cat /proc/stat
06-16 15:37:44.211 16811 16811 W ADB_SERVICES: read_meminfo() mem_free=271668
06-16 15:37:44.211 16811 16811 W ADB_SERVICES: create_subproc ret_fd=24 pid=17611
06-16 15:37:44.211 16811 16811 W ADB_SERVICES: LS(76284): bound to 'shell:cat /proc/stat' via 24
06-16 15:37:44.213 17611 17611 W ADB_SERVICES: adb: unable to update oom_score_adj
06-16 15:37:44.219 16811 16811 D ADB_SERVICES:  closing because is_eof=1 r=-1 s->fde.force_eof=0
06-16 15:37:44.219 16811 16811 W ADB_SERVICES: entered. LS(76284) fd=24
06-16 15:37:44.613 16811 16811 W ADB_SERVICES: create_local_service_socket() name=shell:cat /proc/net/xt_qtaguid/stats | grep 10276
06-16 15:37:44.613 16811 16811 W ADB_SERVICES: service_to_fd() name=shell:cat /proc/net/xt_qtaguid/stats | grep 10276
06-16 15:37:44.614 16811 16811 W ADB_SERVICES: read_meminfo() mem_free=271700
06-16 15:37:44.618 16811 16811 W ADB_SERVICES: create_subproc ret_fd=24 pid=17612
06-16 15:37:44.619 16811 16811 W ADB_SERVICES: LS(76285): bound to 'shell:cat /proc/net/xt_qtaguid/stats | grep 10276' via 24
06-16 15:37:44.622 17612 17612 W ADB_SERVICES: adb: unable to update oom_score_adj
06-16 15:37:44.649 15430 15981 D BgTest  : bgCount 172
06-16 15:37:44.651 16811 16811 D ADB_SERVICES:  closing because is_eof=1 r=-1 s->fde.force_eof=0
06-16 15:37:44.651 16811 16811 W ADB_SERVICES: entered. LS(76285) fd=24
06-16 15:37:44.716   874   953 V AlarmManager: Checking for alarms... rtc=1497598664716, elapsed=187966378
06-16 15:37:44.719   874   953 D AlarmManager: sending alarm Alarm{29a2764d type 3 when 15:37:44 start 15:37:44 end 15:37:44 com.sodino.postdelay}and operation:action.test.XML.repeating
06-16 15:37:44.719   874   953 V ActivityManager: Broadcast: Intent { act=action.test.XML.repeating flg=0x114 (has extras) } ordered=true userid=0 callerApp=null
06-16 15:37:44.725   874   923 I libPerfService: perfSetFavorPid - pid:15430, 3c46
06-16 15:37:44.730 15430 15430 D com.sodino.postdelay.XmlAlarmRepeatingReceiver: onReceive xml.repating 2017-06-16 15:37:44.729
06-16 15:37:44.740   874   953 V AlarmManager: sending alarm Alarm{29a2764d type 3 when 15:37:44 start 15:37:44 end 15:37:44 com.sodino.postdelay} success
06-16 15:37:44.752 16811 16811 W ADB_SERVICES: create_local_service_socket() name=shell:cat /proc/15430/stat
06-16 15:37:44.752 16811 16811 W ADB_SERVICES: service_to_fd() name=shell:cat /proc/15430/stat
06-16 15:37:44.753 16811 16811 W ADB_SERVICES: read_meminfo() mem_free=271668
06-16 15:37:44.753 16811 16811 W ADB_SERVICES: create_subproc ret_fd=24 pid=17615
06-16 15:37:44.753 16811 16811 W ADB_SERVICES: LS(76286): bound to 'shell:cat /proc/15430/stat' via 24
06-16 15:37:44.755 17615 17615 W ADB_SERVICES: adb: unable to update oom_score_adj
06-16 15:37:44.761 16811 16811 D ADB_SERVICES:  closing because is_eof=1 r=1 s->fde.force_eof=0
06-16 15:37:44.761 16811 16811 W ADB_SERVICES: entered. LS(76286) fd=24
06-16 15:37:44.795 16811 16811 W ADB_SERVICES: create_local_service_socket() name=shell:cat /proc/stat
06-16 15:37:44.795 16811 16811 W ADB_SERVICES: service_to_fd() name=shell:cat /proc/stat
06-16 15:37:44.796 16811 16811 W ADB_SERVICES: read_meminfo() mem_free=271668
06-16 15:37:44.798 16811 16811 W ADB_SERVICES: create_subproc ret_fd=24 pid=17616
06-16 15:37:44.798 16811 16811 W ADB_SERVICES: LS(76287): bound to 'shell:cat /proc/stat' via 24
06-16 15:37:44.803 17616 17616 W ADB_SERVICES: adb: unable to update oom_score_adj
06-16 15:37:44.820 16811 16811 D ADB_SERVICES:  closing because is_eof=1 r=-1 s->fde.force_eof=0
06-16 15:37:44.820 16811 16811 W ADB_SERVICES: entered. LS(76287) fd=24
06-16 15:37:44.925   874   953 V AlarmManager: Checking for alarms... rtc=1497598664925, elapsed=187966587
06-16 15:37:44.926   874   953 D AlarmManager: set alarm to RTC 2-187970992-15:37:49
06-16 15:37:44.928   874   953 D AlarmManager: sending alarm Alarm{6c60502 type 0 when 15:37:44 start 15:37:44 end 15:37:44 com.sodino.postdelay}and operation:action.test.XML
06-16 15:37:44.933   874   953 V ActivityManager: Broadcast: Intent { act=action.test.XML flg=0x114 (has extras) } ordered=true userid=0 callerApp=null
06-16 15:37:44.941 15430 15430 D com.sodino.postdelay.XmlAlarmReceiver: onReceive xml 2017-06-16 15:37:44.940
06-16 15:37:44.941 15430 15430 D com.sodino.postdelay.TestAlarmService: nextXmlAlarm
06-16 15:37:44.941 15430 15430 D com.sodino.postdelay.TestAlarmService: Schedule intentXml alarm at 2017-06-16 15:38:44.941
06-16 15:37:44.946   874   953 V AlarmManager: sending alarm Alarm{6c60502 type 0 when 15:37:44 start 15:37:44 end 15:37:44 com.sodino.postdelay} success
06-16 15:37:44.950   874   953 D AlarmManager: sending alarm Alarm{251ae776 type 0 when 15:37:44 start 15:37:44 end 15:37:44 com.sodino.postdelay}and operation:action.test.XML.code
06-16 15:37:44.952   874   953 V ActivityManager: Broadcast: Intent { act=action.test.XML.code flg=0x114 (has extras) } ordered=true userid=0 callerApp=null
06-16 15:37:44.956   874   953 V AlarmManager: sending alarm Alarm{251ae776 type 0 when 15:37:44 start 15:37:44 end 15:37:44 com.sodino.postdelay} success
06-16 15:37:44.958   874  1082 V AlarmManager: APP set(PendingIntent{1962ee13: PendingIntentRecord{3b537184 com.sodino.postdelay broadcastIntent}}) : type=0 triggerAtTime=1497598724941 win=0 tElapsed=188026603 maxElapsed=188026603 interval=0 standalone=true
06-16 15:37:44.960 15430 15430 D BgTest  : uiCount 179  +6
06-16 15:37:44.963 15430 15430 D com.sodino.postdelay.CodeAlarmReceiver: onReceive code 2017-06-16 15:37:44.962
06-16 15:37:44.963   874  1882 V AlarmManager: APP set(PendingIntent{295b5850: PendingIntentRecord{387dc369 com.sodino.postdelay broadcastIntent}}) : type=0 triggerAtTime=1497598724963 win=0 tElapsed=188026625 maxElapsed=188026625 interval=0 standalone=true
06-16 15:37:44.963 15430 15430 D com.sodino.postdelay.TestAlarmService: nextCodeAlarm
06-16 15:37:44.963 15430 15430 D com.sodino.postdelay.TestAlarmService: Schedule intentCode alarm at 2017-06-16 15:38:44.963
06-16 15:37:44.965   874  1882 D AlarmManager:  alarm = Alarm{ead2a49 type 0 when 15:38:44 start 15:38:44 end 15:38:44 com.sodino.postdelay} add to Batch{136f4e num=1 start=188026603 end=188026603 STANDALONE}
06-16 15:37:45.182 16811 16811 W ADB_SERVICES: create_local_service_socket() name=shell:cat /proc/net/xt_qtaguid/stats | grep 10276
06-16 15:37:45.183 16811 16811 W ADB_SERVICES: service_to_fd() name=shell:cat /proc/net/xt_qtaguid/stats | grep 10276
06-16 15:37:45.184 16811 16811 W ADB_SERVICES: read_meminfo() mem_free=271668
06-16 15:37:45.187 16811 16811 W ADB_SERVICES: create_subproc ret_fd=24 pid=17617
06-16 15:37:45.188 16811 16811 W ADB_SERVICES: LS(76288): bound to 'shell:cat /proc/net/xt_qtaguid/stats | grep 10276' via 24
06-16 15:37:45.191 17617 17617 W ADB_SERVICES: adb: unable to update oom_score_adj
06-16 15:37:45.223 16811 16811 D ADB_SERVICES:  closing because is_eof=1 r=-1 s->fde.force_eof=0
06-16 15:37:45.223 16811 16811 W ADB_SERVICES: entered. LS(76288) fd=24
06-16 15:37:45.337 16811 16811 W ADB_SERVICES: create_local_service_socket() name=shell:cat /proc/15430/stat
06-16 15:37:45.337 16811 16811 W ADB_SERVICES: service_to_fd() name=shell:cat /proc/15430/stat
06-16 15:37:45.339 16811 16811 W ADB_SERVICES: read_meminfo() mem_free=271652
06-16 15:37:45.342 16811 16811 W ADB_SERVICES: create_subproc ret_fd=24 pid=17620
06-16 15:37:45.343 16811 16811 W ADB_SERVICES: LS(76289): bound to 'shell:cat /proc/15430/stat' via 24
06-16 15:37:45.346 17620 17620 W ADB_SERVICES: adb: unable to update oom_score_adj
06-16 15:37:45.360 16811 16811 D ADB_SERVICES:  closing because is_eof=1 r=1 s->fde.force_eof=0
06-16 15:37:45.360 16811 16811 W ADB_SERVICES: entered. LS(76289) fd=24
06-16 15:37:45.384 16811 16811 W ADB_SERVICES: create_local_service_socket() name=shell:cat /proc/stat
06-16 15:37:45.384 16811 16811 W ADB_SERVICES: service_to_fd() name=shell:cat /proc/stat
06-16 15:37:45.385 16811 16811 W ADB_SERVICES: read_meminfo() mem_free=271652
06-16 15:37:45.386 16811 16811 W ADB_SERVICES: create_subproc ret_fd=24 pid=17621
06-16 15:37:45.386 16811 16811 W ADB_SERVICES: LS(76290): bound to 'shell:cat /proc/stat' via 24
06-16 15:37:45.387 17621 17621 W ADB_SERVICES: adb: unable to update oom_score_adj
06-16 15:37:45.394 16811 16811 D ADB_SERVICES:  closing because is_eof=1 r=-1 s->fde.force_eof=0
06-16 15:37:45.394 16811 16811 W ADB_SERVICES: entered. LS(76290) fd=24
06-16 15:37:45.690 15430 15981 D BgTest  : bgCount 173
06-16 15:37:45.755 16811 16811 W ADB_SERVICES: create_local_service_socket() name=shell:cat /proc/net/xt_qtaguid/stats | grep 10276
06-16 15:37:45.755 16811 16811 W ADB_SERVICES: service_to_fd() name=shell:cat /proc/net/xt_qtaguid/stats | grep 10276
06-16 15:37:45.756 16811 16811 W ADB_SERVICES: read_meminfo() mem_free=271684
06-16 15:37:45.758 16811 16811 W ADB_SERVICES: create_subproc ret_fd=24 pid=17622
06-16 15:37:45.758 16811 16811 W ADB_SERVICES: LS(76291): bound to 'shell:cat /proc/net/xt_qtaguid/stats | grep 10276' via 24
06-16 15:37:45.763 17622 17622 W ADB_SERVICES: adb: unable to update oom_score_adj
06-16 15:37:45.790 16811 16811 D ADB_SERVICES:  closing because is_eof=1 r=-1 s->fde.force_eof=0
06-16 15:37:45.790 16811 16811 W ADB_SERVICES: entered. LS(76291) fd=24
06-16 15:37:45.852   874   968 D WifiHW  : enter -->wifi_send_command cmd=IFNAME=wlan0 SIGNAL_POLL
06-16 15:37:45.854 11599 11599 D wpa_supplicant: wlan0: Control interface command 'SIGNAL_POLL'
06-16 15:37:45.873   874   968 D WifiHW  : leave --> reply=RSSI=-56
06-16 15:37:45.873   874   968 D WifiHW  : LINKSPEED=65
06-16 15:37:45.873   874   968 D WifiHW  : NOISE=9999
06-16 15:37:45.873   874   968 D WifiHW  : FREQUENCY=2462
06-16 15:37:45.873   874   968 D WifiHW  : 
06-16 15:37:45.875   874   968 D WifiStateMachine: mLastSignalLevel:2, newSignalLevel:2
06-16 15:37:45.926 16811 16811 W ADB_SERVICES: create_local_service_socket() name=shell:cat /proc/15430/stat
06-16 15:37:45.926 16811 16811 W ADB_SERVICES: service_to_fd() name=shell:cat /proc/15430/stat
06-16 15:37:45.928 16811 16811 W ADB_SERVICES: read_meminfo() mem_free=271668
06-16 15:37:45.932 16811 16811 W ADB_SERVICES: create_subproc ret_fd=24 pid=17625
06-16 15:37:45.934 16811 16811 W ADB_SERVICES: LS(76292): bound to 'shell:cat /proc/15430/stat' via 24
06-16 15:37:45.937 17625 17625 W ADB_SERVICES: adb: unable to update oom_score_adj
06-16 15:37:45.944 16811 16811 D ADB_SERVICES:  closing because is_eof=1 r=1 s->fde.force_eof=0
06-16 15:37:45.944 16811 16811 W ADB_SERVICES: entered. LS(76292) fd=24
06-16 15:37:45.961 15430 15430 D BgTest  : uiCount 180  +6
06-16 15:37:45.976 16811 16811 W ADB_SERVICES: create_local_service_socket() name=shell:cat /proc/stat
06-16 15:37:45.976 16811 16811 W ADB_SERVICES: service_to_fd() name=shell:cat /proc/stat
06-16 15:37:45.977 16811 16811 W ADB_SERVICES: read_meminfo() mem_free=271668
06-16 15:37:45.977 16811 16811 W ADB_SERVICES: create_subproc ret_fd=24 pid=17626
06-16 15:37:45.977 16811 16811 W ADB_SERVICES: LS(76293): bound to 'shell:cat /proc/stat' via 24
06-16 15:37:45.981 17626 17626 W ADB_SERVICES: adb: unable to update oom_score_adj
06-16 15:37:45.999 16811 16811 D ADB_SERVICES:  closing because is_eof=1 r=-1 s->fde.force_eof=0
06-16 15:37:45.999 16811 16811 W ADB_SERVICES: entered. LS(76293) fd=24
06-16 15:37:46.320 16811 16811 W ADB_SERVICES: create_local_service_socket() name=shell:cat /proc/net/xt_qtaguid/stats | grep 10276
06-16 15:37:46.320 16811 16811 W ADB_SERVICES: service_to_fd() name=shell:cat /proc/net/xt_qtaguid/stats | grep 10276
06-16 15:37:46.322 16811 16811 W ADB_SERVICES: read_meminfo() mem_free=271668
06-16 15:37:46.325 16811 16811 W ADB_SERVICES: create_subproc ret_fd=24 pid=17627
06-16 15:37:46.326 16811 16811 W ADB_SERVICES: LS(76294): bound to 'shell:cat /proc/net/xt_qtaguid/stats | grep 10276' via 24
06-16 15:37:46.329 17627 17627 W ADB_SERVICES: adb: unable to update oom_score_adj
06-16 15:37:46.359 16811 16811 D ADB_SERVICES:  closing because is_eof=1 r=-1 s->fde.force_eof=0
06-16 15:37:46.359 16811 16811 W ADB_SERVICES: entered. LS(76294) fd=24
06-16 15:37:46.514 16811 16811 W ADB_SERVICES: create_local_service_socket() name=shell:cat /proc/15430/stat
06-16 15:37:46.514 16811 16811 W ADB_SERVICES: service_to_fd() name=shell:cat /proc/15430/stat
06-16 15:37:46.516 16811 16811 W ADB_SERVICES: read_meminfo() mem_free=271668
06-16 15:37:46.519 16811 16811 W ADB_SERVICES: create_subproc ret_fd=24 pid=17630
06-16 15:37:46.520 16811 16811 W ADB_SERVICES: LS(76295): bound to 'shell:cat /proc/15430/stat' via 24
06-16 15:37:46.523 17630 17630 W ADB_SERVICES: adb: unable to update oom_score_adj
06-16 15:37:46.539 16811 16811 D ADB_SERVICES:  closing because is_eof=1 r=-1 s->fde.force_eof=0
06-16 15:37:46.539 16811 16811 W ADB_SERVICES: entered. LS(76295) fd=24
06-16 15:37:46.560 16811 16811 W ADB_SERVICES: create_local_service_socket() name=shell:cat /proc/stat
06-16 15:37:46.560 16811 16811 W ADB_SERVICES: service_to_fd() name=shell:cat /proc/stat
06-16 15:37:46.561 16811 16811 W ADB_SERVICES: read_meminfo() mem_free=271668
06-16 15:37:46.563 16811 16811 W ADB_SERVICES: create_subproc ret_fd=24 pid=17631
06-16 15:37:46.563 16811 16811 W ADB_SERVICES: LS(76296): bound to 'shell:cat /proc/stat' via 24
06-16 15:37:46.568 17631 17631 W ADB_SERVICES: adb: unable to update oom_score_adj
06-16 15:37:46.587 16811 16811 D ADB_SERVICES:  closing because is_eof=1 r=-1 s->fde.force_eof=0
06-16 15:37:46.587 16811 16811 W ADB_SERVICES: entered. LS(76296) fd=24
06-16 15:37:46.729 15430 15981 D BgTest  : bgCount 174
06-16 15:37:46.898 16811 16811 W ADB_SERVICES: create_local_service_socket() name=shell:cat /proc/net/xt_qtaguid/stats | grep 10276
06-16 15:37:46.898 16811 16811 W ADB_SERVICES: service_to_fd() name=shell:cat /proc/net/xt_qtaguid/stats | grep 10276
06-16 15:37:46.900 16811 16811 W ADB_SERVICES: read_meminfo() mem_free=271668
06-16 15:37:46.901 16811 16811 W ADB_SERVICES: create_subproc ret_fd=24 pid=17632
06-16 15:37:46.901 16811 16811 W ADB_SERVICES: LS(76297): bound to 'shell:cat /proc/net/xt_qtaguid/stats | grep 10276' via 24
06-16 15:37:46.912 17632 17632 W ADB_SERVICES: adb: unable to update oom_score_adj
06-16 15:37:46.934 16811 16811 D ADB_SERVICES:  closing because is_eof=1 r=-1 s->fde.force_eof=0
06-16 15:37:46.934 16811 16811 W ADB_SERVICES: entered. LS(76297) fd=24
06-16 15:37:46.956   874   982 D AudioService: MzCreateMediaserverWatchdogThread: monitor mediaserver end !!!
06-16 15:37:46.956   874   982 D AudioService: MzCreateMediaserverWatchdogThread: monitor mediaserver start !!!
06-16 15:37:46.957   874 17635 D AudioSystem: +setParameters(): mediaserver_monitor=1 
06-16 15:37:46.958   301   981 I AudioFlinger: setParameters(): io 0, keyvalue mediaserver_monitor=1, calling pid 874
06-16 15:37:46.959   301   981 D AudioALSAHardware: +setParameters(): mediaserver_monitor=1
06-16 15:37:46.959   301   981 W AudioALSAHardware: setParameters(), still have param.size() = 1, remain param = "mediaserver_monitor=1"
06-16 15:37:46.959   301   981 D AudioALSAHardware: -setParameters(): mediaserver_monitor=1 
06-16 15:37:46.959   301   981 D bt_audio_a2dp_hw: [A2DP_HW] [adev_set_parameters@1540] out is null , check in stream
06-16 15:37:46.959   301   981 I str_params: key: 'mediaserver_monitor' value: '1'
06-16 15:37:46.959   301   981 D usb_audio_hw: adev_set_parameters: kvpairs = mediaserver_monitor=1
06-16 15:37:46.960   874 17635 D AudioSystem: -setParameters(): mediaserver_monitor=1 
06-16 15:37:46.962   301   301 I AudioPolicyManager: setStreamVolumeIndex stream = 7 index = 15 device = 0x400
06-16 15:37:46.962 15430 15430 D BgTest  : uiCount 181  +6
06-16 15:37:47.094   874  1891 I libPerfService: perfSetFavorPid - pid:0, 0
06-16 15:37:47.102 16811 16811 W ADB_SERVICES: create_local_service_socket() name=shell:cat /proc/15430/stat
06-16 15:37:47.102 16811 16811 W ADB_SERVICES: service_to_fd() name=shell:cat /proc/15430/stat
06-16 15:37:47.103 16811 16811 W ADB_SERVICES: read_meminfo() mem_free=271648
06-16 15:37:47.104 16811 16811 W ADB_SERVICES: create_subproc ret_fd=24 pid=17636
06-16 15:37:47.104 16811 16811 W ADB_SERVICES: LS(76298): bound to 'shell:cat /proc/15430/stat' via 24
06-16 15:37:47.110 17636 17636 W ADB_SERVICES: adb: unable to update oom_score_adj
06-16 15:37:47.121 16811 16811 D ADB_SERVICES:  closing because is_eof=1 r=1 s->fde.force_eof=0
06-16 15:37:47.121 16811 16811 W ADB_SERVICES: entered. LS(76298) fd=24
06-16 15:37:47.123   272   272 I SurfaceFlinger: [Built-in Screen (type:0)] fps:0.499231,dur:4006.16,max:3022.20,min:983.96
06-16 15:37:47.144 16811 16811 W ADB_SERVICES: create_local_service_socket() name=shell:cat /proc/stat
06-16 15:37:47.144 16811 16811 W ADB_SERVICES: service_to_fd() name=shell:cat /proc/stat
06-16 15:37:47.145 16811 16811 W ADB_SERVICES: read_meminfo() mem_free=271544
06-16 15:37:47.146 16811 16811 W ADB_SERVICES: create_subproc ret_fd=24 pid=17637
06-16 15:37:47.146 16811 16811 W ADB_SERVICES: LS(76299): bound to 'shell:cat /proc/stat' via 24
06-16 15:37:47.148 17637 17637 W ADB_SERVICES: adb: unable to update oom_score_adj
06-16 15:37:47.159 16811 16811 D ADB_SERVICES:  closing because is_eof=1 r=-1 s->fde.force_eof=0
06-16 15:37:47.159 16811 16811 W ADB_SERVICES: entered. LS(76299) fd=24
06-16 15:37:47.485 16811  6133 W ADB_SERVICES: remote usb: read terminated (message)
06-16 15:37:47.485 16811  6133 W ADB_SERVICES: (null): remote read failed for transport
06-16 15:37:47.485 16811  6133 W ADB_SERVICES: (null): SYNC offline for transport
06-16 15:37:47.485 16811  6133 W ADB_SERVICES: (null): transport output thread is exiting fd 22 
06-16 15:37:47.485 16811  6133 D ADB_SERVICES: kick_transport fd: 22 
06-16 15:37:47.485 16811  6133 D ADB_SERVICES: kick_transport kicked fd: 22 
06-16 15:37:47.491 16811  6133 D ADB_SERVICES: transport: (null) transport_unref fd:22 (kick)
06-16 15:37:47.491 16811  6133 D ADB_SERVICES: transport: (null) unref (count=1)
06-16 15:37:47.492 16811 16813 D ADB_SERVICES: transport: 0x7fb5808640 init'ing for usb_handle 0x7fb5c3d080 (sn='')
06-16 15:37:47.492 16811 16813 W ADB_SERVICES: transport: usb
06-16 15:37:47.492 16811 16813 D ADB_SERVICES: transport: (null) registered
06-16 15:37:47.494 16811 16811 D ADB_SERVICES: recv: SYNC 00000000 00000000 0000 
06-16 15:37:47.503   874   984 D UsbDeviceManager: updateState - RNDIS_UPDATE_DELAY  DISCONNECTED mSettingFunction: mtp,adb
06-16 15:37:47.494 16811 16811 D ADB_SERVICES: adb: offline
06-16 15:37:47.503   874   984 D UsbDeviceManager: updateState - UPDATE_DELAY  HWDISCONNECTED mSettingFunction: mtp,adb
06-16 15:37:47.494 16811 16811 D ADB_SERVICES: (null): run_transport_disconnects fd: 22
06-16 15:37:47.494 16811 16811 W ADB_SERVICES: entered. LS(75055) fd=23
06-16 15:37:47.495 16811 16811 W ADB_SERVICES: entered. LS(75985) fd=18
06-16 15:37:47.495 16811  6132 W ADB_SERVICES: remote usb: 1 - write terminated
06-16 15:37:47.495 15430 15445 I art     : Debugger is no longer active
06-16 15:37:47.498 16811 16811 W ADB_SERVICES: entered. LS(76071) fd=17
06-16 15:37:47.498 16811 16811 D ADB_SERVICES: transport: (null) (17,18) starting
06-16 15:37:47.499 16811  6132 W ADB_SERVICES: (null): transport SYNC offline
06-16 15:37:47.499 16811  6132 W ADB_SERVICES: (null): transport input thread is exiting, fd 22
06-16 15:37:47.499 16811  6132 D ADB_SERVICES: kick_transport fd: 22 
06-16 15:37:47.499 16811  6132 D ADB_SERVICES: transport: (null) transport_unref fd:22 (kick)
06-16 15:37:47.499 16811  6132 D ADB_SERVICES: transport: (null) unref (kicking and closing)
06-16 15:37:47.499 16811  6132 D ADB_SERVICES: transport: (null) removed
06-16 15:37:47.501 16811 16811 D ADB_SERVICES: transport: (null) removing and free'ing 21
06-16 15:37:47.501 16811 16811 D ADB_SERVICES: transport: transport_registration_func adb_close fd: 22 
06-16 15:37:47.501 16811 16811 D ADB_SERVICES: (null): run_transport_disconnects fd: 22
06-16 15:37:47.510  3944  6724 I MtpServer: request read returned -1, errno: 5
06-16 15:37:47.511 16811 17638 W ADB_SERVICES: (null): starting transport input thread, reading from fd 18
06-16 15:37:47.512 16811 17639 W ADB_SERVICES: (null): starting transport output thread on fd 18, SYNC online (2)
06-16 15:37:47.513   874  1592 I BatteryStatsImpl: Resetting battery stats: level=100 status=5 dischargeLevel=100 lowAmount=0 highAmount=0
06-16 15:37:47.520 16811 16811 D ADB_SERVICES: recv: SYNC 00000001 00000002 0000 
06-16 15:37:47.521 16811 17638 W ADB_SERVICES: (null): transport SYNC online
06-16 15:37:47.522  3944  6724 E MtpServer: Try to wait for next command until success!! returned -1, errno: 5
06-16 15:37:47.524  3944  6724 E MtpServer: EIO!! returned -1, errno: 5
06-16 15:37:47.531  3944  6724 I MtpServerJNI: void android_mtp_MtpServer_cleanup(JNIEnv*, jobject): Ready to delete MtpServer
06-16 15:37:47.532  3944  6724 I MtpServerJNI: free Storages
06-16 15:37:47.532  3944  6724 I MtpServer: remove storage 0, id=0x10001
06-16 15:37:47.532  3944  6724 I MtpServerJNI: Ready to delete MtpServer
06-16 15:37:47.532  3944  6724 V MtpServer: MtpServer run-end!!
06-16 15:37:47.559   874   874 V ActivityManager: Broadcast sticky: Intent { act=android.intent.action.BATTERY_CHANGED flg=0x60000010 (has extras) } ordered=false userid=-1 callerApp=null
06-16 15:37:47.563  1040  1040 D KeyguardUpdateMonitor: received broadcast android.intent.action.BATTERY_CHANGED
06-16 15:37:47.570   874  1824 D AlarmManager: manual remove option = PendingIntent{1884586f: PendingIntentRecord{3372517b com.meizu.battery broadcastIntent}}
06-16 15:37:47.564  1040  1040 D FlymeBatteryMeterView: hashCode=122392665,level=100,pluggedIn=false,status=5
06-16 15:37:47.571   874   874 D UsbDeviceManager: onReceive - BATTERY_CHANGED - mPlugType: 0, mSettingUsbCharging: false, mConnected: true, mSettingUsbBicr: false
