06-16 15:37:04.851 16811 16811 W ADB_SERVICES: service_to_fd() name=shell:cat /proc/stat
06-16 15:37:04.852 16811 16811 W ADB_SERVICES: read_meminfo() mem_free=204488
06-16 15:37:04.853 16811 16811 W ADB_SERVICES: create_subproc ret_fd=24 pid=17237
06-16 15:37:04.853 16811 16811 W ADB_SERVICES: LS(76080): bound to 'shell:cat /proc/stat' via 24
06-16 15:37:04.856 17237 17237 W ADB_SERVICES: adb: unable to update oom_score_adj
06-16 15:37:04.868 16811 16811 D ADB_SERVICES:  closing because is_eof=1 r=-1 s->fde.force_eof=0
06-16 15:37:04.869 16811 16811 W ADB_SERVICES: entered. LS(76080) fd=24
06-16 15:37:04.904 15430 15430 D BgTest  : uiCount 139  +5
06-16 15:37:05.040   272   272 I SurfaceFlinger: [Built-in Screen (type:0)] fps:0.622697,dur:1605.92,max:1605.92,min:1605.92
06-16 15:37:05.095 15430 15981 D BgTest  : bgCount 134
06-16 15:37:05.097 16811 16811 W ADB_SERVICES: create_local_service_socket() name=shell:cat /proc/net/xt_qtaguid/stats | grep 10276
06-16 15:37:05.097 16811 16811 W ADB_SERVICES: service_to_fd() name=shell:cat /proc/net/xt_qtaguid/stats | grep 10276
06-16 15:37:05.098 16811 16811 W ADB_SERVICES: read_meminfo() mem_free=204396
06-16 15:37:05.101 16811 16811 W ADB_SERVICES: create_subproc ret_fd=24 pid=17238
06-16 15:37:05.101 16811 16811 W ADB_SERVICES: LS(76081): bound to 'shell:cat /proc/net/xt_qtaguid/stats | grep 10276' via 24
06-16 15:37:05.104 17238 17238 W ADB_SERVICES: adb: unable to update oom_score_adj
06-16 15:37:05.138 16811 16811 D ADB_SERVICES:  closing because is_eof=1 r=-1 s->fde.force_eof=0
06-16 15:37:05.138 16811 16811 W ADB_SERVICES: entered. LS(76081) fd=24
06-16 15:37:05.396 16811 16811 W ADB_SERVICES: create_local_service_socket() name=shell:cat /proc/15430/stat
06-16 15:37:05.396 16811 16811 W ADB_SERVICES: service_to_fd() name=shell:cat /proc/15430/stat
06-16 15:37:05.397 16811 16811 W ADB_SERVICES: read_meminfo() mem_free=204380
06-16 15:37:05.399 16811 16811 W ADB_SERVICES: create_subproc ret_fd=24 pid=17241
06-16 15:37:05.400 16811 16811 W ADB_SERVICES: LS(76082): bound to 'shell:cat /proc/15430/stat' via 24
06-16 15:37:05.403 17241 17241 W ADB_SERVICES: adb: unable to update oom_score_adj
06-16 15:37:05.412 16811 16811 D ADB_SERVICES:  closing because is_eof=1 r=1 s->fde.force_eof=0
06-16 15:37:05.412 16811 16811 W ADB_SERVICES: entered. LS(76082) fd=24
06-16 15:37:05.441 16811 16811 W ADB_SERVICES: create_local_service_socket() name=shell:cat /proc/stat
06-16 15:37:05.441 16811 16811 W ADB_SERVICES: service_to_fd() name=shell:cat /proc/stat
06-16 15:37:05.442 16811 16811 W ADB_SERVICES: read_meminfo() mem_free=204380
06-16 15:37:05.442 16811 16811 W ADB_SERVICES: create_subproc ret_fd=24 pid=17242
06-16 15:37:05.442 16811 16811 W ADB_SERVICES: LS(76083): bound to 'shell:cat /proc/stat' via 24
06-16 15:37:05.443 17242 17242 W ADB_SERVICES: adb: unable to update oom_score_adj
06-16 15:37:05.451 16811 16811 D ADB_SERVICES:  closing because is_eof=1 r=-1 s->fde.force_eof=0
06-16 15:37:05.451 16811 16811 W ADB_SERVICES: entered. LS(76083) fd=24
06-16 15:37:05.675 16811 16811 W ADB_SERVICES: create_local_service_socket() name=shell:cat /proc/net/xt_qtaguid/stats | grep 10276
06-16 15:37:05.675 16811 16811 W ADB_SERVICES: service_to_fd() name=shell:cat /proc/net/xt_qtaguid/stats | grep 10276
06-16 15:37:05.676 16811 16811 W ADB_SERVICES: read_meminfo() mem_free=204396
06-16 15:37:05.679 16811 16811 W ADB_SERVICES: create_subproc ret_fd=24 pid=17243
06-16 15:37:05.679 16811 16811 W ADB_SERVICES: LS(76084): bound to 'shell:cat /proc/net/xt_qtaguid/stats | grep 10276' via 24
06-16 15:37:05.682 17243 17243 W ADB_SERVICES: adb: unable to update oom_score_adj
06-16 15:37:05.716 16811 16811 D ADB_SERVICES:  closing because is_eof=1 r=-1 s->fde.force_eof=0
06-16 15:37:05.716 16811 16811 W ADB_SERVICES: entered. LS(76084) fd=24
06-16 15:37:05.905 15430 15430 D BgTest  : uiCount 140  +5
06-16 15:37:05.987 16811 16811 W ADB_SERVICES: create_local_service_socket() name=shell:cat /proc/15430/stat
06-16 15:37:05.987 16811 16811 W ADB_SERVICES: service_to_fd() name=shell:cat /proc/15430/stat
06-16 15:37:05.989 16811 16811 W ADB_SERVICES: read_meminfo() mem_free=204364
06-16 15:37:05.991 16811 16811 W ADB_SERVICES: create_subproc ret_fd=24 pid=17246
06-16 15:37:05.991 16811 16811 W ADB_SERVICES: LS(76085): bound to 'shell:cat /proc/15430/stat' via 24
06-16 15:37:05.994 17246 17246 W ADB_SERVICES: adb: unable to update oom_score_adj
06-16 15:37:06.009 16811 16811 D ADB_SERVICES:  closing because is_eof=1 r=-1 s->fde.force_eof=0
06-16 15:37:06.009 16811 16811 W ADB_SERVICES: entered. LS(76085) fd=24
06-16 15:37:06.033 16811 16811 W ADB_SERVICES: create_local_service_socket() name=shell:cat /proc/stat
06-16 15:37:06.033 16811 16811 W ADB_SERVICES: service_to_fd() name=shell:cat /proc/stat
06-16 15:37:06.034 16811 16811 W ADB_SERVICES: read_meminfo() mem_free=204364
06-16 15:37:06.036 16811 16811 W ADB_SERVICES: create_subproc ret_fd=24 pid=17247
06-16 15:37:06.036 16811 16811 W ADB_SERVICES: LS(76086): bound to 'shell:cat /proc/stat' via 24
06-16 15:37:06.039 17247 17247 W ADB_SERVICES: adb: unable to update oom_score_adj
06-16 15:37:06.057 16811 16811 D ADB_SERVICES:  closing because is_eof=1 r=-1 s->fde.force_eof=0
06-16 15:37:06.058 16811 16811 W ADB_SERVICES: entered. LS(76086) fd=24
06-16 15:37:06.136 15430 15981 D BgTest  : bgCount 135
06-16 15:37:06.247 16811 16811 W ADB_SERVICES: create_local_service_socket() name=shell:cat /proc/net/xt_qtaguid/stats | grep 10276
06-16 15:37:06.247 16811 16811 W ADB_SERVICES: service_to_fd() name=shell:cat /proc/net/xt_qtaguid/stats | grep 10276
06-16 15:37:06.248 16811 16811 W ADB_SERVICES: read_meminfo() mem_free=204364
06-16 15:37:06.251 16811 16811 W ADB_SERVICES: create_subproc ret_fd=24 pid=17248
06-16 15:37:06.251 16811 16811 W ADB_SERVICES: LS(76087): bound to 'shell:cat /proc/net/xt_qtaguid/stats | grep 10276' via 24
06-16 15:37:06.253 17248 17248 W ADB_SERVICES: adb: unable to update oom_score_adj
06-16 15:37:06.281 16811 16811 D ADB_SERVICES:  closing because is_eof=1 r=-1 s->fde.force_eof=0
06-16 15:37:06.281 16811 16811 W ADB_SERVICES: entered. LS(76087) fd=24
06-16 15:37:06.390   874   968 D WifiHW  : enter -->wifi_send_command cmd=IFNAME=wlan0 SIGNAL_POLL
06-16 15:37:06.391 11599 11599 D wpa_supplicant: wlan0: Control interface command 'SIGNAL_POLL'
06-16 15:37:06.413   874   968 D WifiHW  : leave --> reply=RSSI=-56
06-16 15:37:06.413   874   968 D WifiHW  : LINKSPEED=65
06-16 15:37:06.413   874   968 D WifiHW  : NOISE=9999
06-16 15:37:06.413   874   968 D WifiHW  : FREQUENCY=2462
06-16 15:37:06.413   874   968 D WifiHW  : 
06-16 15:37:06.414   874   968 D WifiStateMachine: mLastSignalLevel:2, newSignalLevel:2
06-16 15:37:06.577 16811 16811 W ADB_SERVICES: create_local_service_socket() name=shell:cat /proc/15430/stat
06-16 15:37:06.577 16811 16811 W ADB_SERVICES: service_to_fd() name=shell:cat /proc/15430/stat
06-16 15:37:06.579 16811 16811 W ADB_SERVICES: read_meminfo() mem_free=204380
06-16 15:37:06.581 16811 16811 W ADB_SERVICES: create_subproc ret_fd=24 pid=17251
06-16 15:37:06.582 16811 16811 W ADB_SERVICES: LS(76088): bound to 'shell:cat /proc/15430/stat' via 24
06-16 15:37:06.584 17251 17251 W ADB_SERVICES: adb: unable to update oom_score_adj
06-16 15:37:06.596 16811 16811 D ADB_SERVICES:  closing because is_eof=1 r=-1 s->fde.force_eof=0
06-16 15:37:06.596 16811 16811 W ADB_SERVICES: entered. LS(76088) fd=24
06-16 15:37:06.623 16811 16811 W ADB_SERVICES: create_local_service_socket() name=shell:cat /proc/stat
06-16 15:37:06.623 16811 16811 W ADB_SERVICES: service_to_fd() name=shell:cat /proc/stat
06-16 15:37:06.624 16811 16811 W ADB_SERVICES: read_meminfo() mem_free=204380
06-16 15:37:06.625 16811 16811 W ADB_SERVICES: create_subproc ret_fd=24 pid=17252
06-16 15:37:06.625 16811 16811 W ADB_SERVICES: LS(76089): bound to 'shell:cat /proc/stat' via 24
06-16 15:37:06.627 17252 17252 W ADB_SERVICES: adb: unable to update oom_score_adj
06-16 15:37:06.645 16811 16811 D ADB_SERVICES:  closing because is_eof=1 r=-1 s->fde.force_eof=0
06-16 15:37:06.645 16811 16811 W ADB_SERVICES: entered. LS(76089) fd=24
06-16 15:37:06.793 16811 16811 W ADB_SERVICES: create_local_service_socket() name=shell:cat /proc/net/xt_qtaguid/stats | grep 10276
06-16 15:37:06.793 16811 16811 W ADB_SERVICES: service_to_fd() name=shell:cat /proc/net/xt_qtaguid/stats | grep 10276
06-16 15:37:06.794 16811 16811 W ADB_SERVICES: read_meminfo() mem_free=204380
06-16 15:37:06.796 16811 16811 W ADB_SERVICES: create_subproc ret_fd=24 pid=17253
06-16 15:37:06.796 16811 16811 W ADB_SERVICES: LS(76090): bound to 'shell:cat /proc/net/xt_qtaguid/stats | grep 10276' via 24
06-16 15:37:06.799 17253 17253 W ADB_SERVICES: adb: unable to update oom_score_adj
06-16 15:37:06.822 16811 16811 D ADB_SERVICES:  closing because is_eof=1 r=-1 s->fde.force_eof=0
06-16 15:37:06.822 16811 16811 W ADB_SERVICES: entered. LS(76090) fd=24
06-16 15:37:06.907 15430 15430 D BgTest  : uiCount 141  +5
06-16 15:37:06.952   874   982 D AudioService: MzCreateMediaserverWatchdogThread: monitor mediaserver end !!!
06-16 15:37:06.952   874   982 D AudioService: MzCreateMediaserverWatchdogThread: monitor mediaserver start !!!
06-16 15:37:06.955   874 17256 D AudioSystem: +setParameters(): mediaserver_monitor=1 
06-16 15:37:06.957   301 19502 I AudioFlinger: setParameters(): io 0, keyvalue mediaserver_monitor=1, calling pid 874
06-16 15:37:06.959   301 19502 D AudioALSAHardware: +setParameters(): mediaserver_monitor=1
06-16 15:37:06.959   301 19502 W AudioALSAHardware: setParameters(), still have param.size() = 1, remain param = "mediaserver_monitor=1"
06-16 15:37:06.959   301 19502 D AudioALSAHardware: -setParameters(): mediaserver_monitor=1 
06-16 15:37:06.960   301 19502 D bt_audio_a2dp_hw: [A2DP_HW] [adev_set_parameters@1540] out is null , check in stream
06-16 15:37:06.960   301 19502 I str_params: key: 'mediaserver_monitor' value: '1'
06-16 15:37:06.960   301 19502 D usb_audio_hw: adev_set_parameters: kvpairs = mediaserver_monitor=1
06-16 15:37:06.962   874 17256 D AudioSystem: -setParameters(): mediaserver_monitor=1 
06-16 15:37:06.965   301  6737 I AudioPolicyManager: setStreamVolumeIndex stream = 7 index = 15 device = 0x400
06-16 15:37:07.164 16811 16811 W ADB_SERVICES: create_local_service_socket() name=shell:cat /proc/15430/stat
06-16 15:37:07.164 16811 16811 W ADB_SERVICES: service_to_fd() name=shell:cat /proc/15430/stat
06-16 15:37:07.166 16811 16811 W ADB_SERVICES: read_meminfo() mem_free=204364
06-16 15:37:07.167 16811 16811 W ADB_SERVICES: create_subproc ret_fd=24 pid=17257
06-16 15:37:07.167 16811 16811 W ADB_SERVICES: LS(76091): bound to 'shell:cat /proc/15430/stat' via 24
06-16 15:37:07.170 17257 17257 W ADB_SERVICES: adb: unable to update oom_score_adj
06-16 15:37:07.176 15430 15981 D BgTest  : bgCount 136
06-16 15:37:07.188 16811 16811 D ADB_SERVICES:  closing because is_eof=1 r=-1 s->fde.force_eof=0
06-16 15:37:07.188 16811 16811 W ADB_SERVICES: entered. LS(76091) fd=24
06-16 15:37:07.205 16811 16811 W ADB_SERVICES: create_local_service_socket() name=shell:cat /proc/stat
06-16 15:37:07.205 16811 16811 W ADB_SERVICES: service_to_fd() name=shell:cat /proc/stat
06-16 15:37:07.206 16811 16811 W ADB_SERVICES: read_meminfo() mem_free=204364
06-16 15:37:07.206 16811 16811 W ADB_SERVICES: create_subproc ret_fd=24 pid=17258
06-16 15:37:07.206 16811 16811 W ADB_SERVICES: LS(76092): bound to 'shell:cat /proc/stat' via 24
06-16 15:37:07.207 17258 17258 W ADB_SERVICES: adb: unable to update oom_score_adj
06-16 15:37:07.213 16811 16811 D ADB_SERVICES:  closing because is_eof=1 r=1 s->fde.force_eof=0
06-16 15:37:07.213 16811 16811 W ADB_SERVICES: entered. LS(76092) fd=24
06-16 15:37:07.334 16811 16811 W ADB_SERVICES: create_local_service_socket() name=shell:cat /proc/net/xt_qtaguid/stats | grep 10276
06-16 15:37:07.334 16811 16811 W ADB_SERVICES: service_to_fd() name=shell:cat /proc/net/xt_qtaguid/stats | grep 10276
06-16 15:37:07.336 16811 16811 W ADB_SERVICES: read_meminfo() mem_free=204364
06-16 15:37:07.338 16811 16811 W ADB_SERVICES: create_subproc ret_fd=24 pid=17259
06-16 15:37:07.338 16811 16811 W ADB_SERVICES: LS(76093): bound to 'shell:cat /proc/net/xt_qtaguid/stats | grep 10276' via 24
06-16 15:37:07.341 17259 17259 W ADB_SERVICES: adb: unable to update oom_score_adj
06-16 15:37:07.371 16811 16811 D ADB_SERVICES:  closing because is_eof=1 r=-1 s->fde.force_eof=0
06-16 15:37:07.371 16811 16811 W ADB_SERVICES: entered. LS(76093) fd=24
06-16 15:37:07.747 16811 16811 W ADB_SERVICES: create_local_service_socket() name=shell:cat /proc/15430/stat
06-16 15:37:07.747 16811 16811 W ADB_SERVICES: service_to_fd() name=shell:cat /proc/15430/stat
06-16 15:37:07.748 16811 16811 W ADB_SERVICES: read_meminfo() mem_free=204380
06-16 15:37:07.750 16811 16811 W ADB_SERVICES: create_subproc ret_fd=24 pid=17262
06-16 15:37:07.750 16811 16811 W ADB_SERVICES: LS(76094): bound to 'shell:cat /proc/15430/stat' via 24
06-16 15:37:07.753 17262 17262 W ADB_SERVICES: adb: unable to update oom_score_adj
06-16 15:37:07.768 16811 16811 D ADB_SERVICES:  closing because is_eof=1 r=-1 s->fde.force_eof=0
06-16 15:37:07.768 16811 16811 W ADB_SERVICES: entered. LS(76094) fd=24
06-16 15:37:07.787 16811 16811 W ADB_SERVICES: create_local_service_socket() name=shell:cat /proc/stat
06-16 15:37:07.787 16811 16811 W ADB_SERVICES: service_to_fd() name=shell:cat /proc/stat
06-16 15:37:07.787 16811 16811 W ADB_SERVICES: read_meminfo() mem_free=204380
06-16 15:37:07.788 16811 16811 W ADB_SERVICES: create_subproc ret_fd=24 pid=17263
06-16 15:37:07.788 16811 16811 W ADB_SERVICES: LS(76095): bound to 'shell:cat /proc/stat' via 24
06-16 15:37:07.789 17263 17263 W ADB_SERVICES: adb: unable to update oom_score_adj
06-16 15:37:07.795 16811 16811 D ADB_SERVICES:  closing because is_eof=1 r=-1 s->fde.force_eof=0
06-16 15:37:07.795 16811 16811 W ADB_SERVICES: entered. LS(76095) fd=24
06-16 15:37:07.887 16811 16811 W ADB_SERVICES: create_local_service_socket() name=shell:cat /proc/net/xt_qtaguid/stats | grep 10276
06-16 15:37:07.887 16811 16811 W ADB_SERVICES: service_to_fd() name=shell:cat /proc/net/xt_qtaguid/stats | grep 10276
06-16 15:37:07.888 16811 16811 W ADB_SERVICES: read_meminfo() mem_free=204380
06-16 15:37:07.890 16811 16811 W ADB_SERVICES: create_subproc ret_fd=24 pid=17264
06-16 15:37:07.891 16811 16811 W ADB_SERVICES: LS(76096): bound to 'shell:cat /proc/net/xt_qtaguid/stats | grep 10276' via 24
06-16 15:37:07.893 17264 17264 W ADB_SERVICES: adb: unable to update oom_score_adj
06-16 15:37:07.908 15430 15430 D BgTest  : uiCount 142  +5
06-16 15:37:07.923 16811 16811 D ADB_SERVICES:  closing because is_eof=1 r=-1 s->fde.force_eof=0
06-16 15:37:07.923 16811 16811 W ADB_SERVICES: entered. LS(76096) fd=24
06-16 15:37:08.020  1860  1860 V SettingsInterface:  from settings cache , name = multi_sim_voice_call , value = null
06-16 15:37:08.023  1860  1860 V SettingsInterface:  from settings cache , name = multi_sim_voice_call , value = null
06-16 15:37:08.028  1860  1860 V SettingsInterface:  from settings cache , name = multi_sim_voice_call , value = null
06-16 15:37:08.030  1860  1860 V SettingsInterface:  from settings cache , name = multi_sim_voice_call , value = null
06-16 15:37:08.036  1860  1860 V SettingsInterface:  from settings cache , name = multi_sim_voice_call , value = null
06-16 15:37:08.038  1860  1860 V SettingsInterface:  from settings cache , name = multi_sim_voice_call , value = null
06-16 15:37:08.044   874  1082 V ActivityManager: Broadcast sticky: Intent { act=android.intent.action.SIG_STR flg=0x20000010 (has extras) } ordered=false userid=-1 callerApp=ProcessRecord{2de77b41 874:system/1000}
06-16 15:37:08.045   272   272 I SurfaceFlinger: [Built-in Screen (type:0)] fps:0.332813,dur:3004.69,max:3004.69,min:3004.69
06-16 15:37:08.218 15430 15981 D BgTest  : bgCount 137
06-16 15:37:08.328 16811 16811 W ADB_SERVICES: create_local_service_socket() name=shell:cat /proc/15430/stat
06-16 15:37:08.328 16811 16811 W ADB_SERVICES: service_to_fd() name=shell:cat /proc/15430/stat
06-16 15:37:08.329 16811 16811 W ADB_SERVICES: read_meminfo() mem_free=204496
06-16 15:37:08.330 16811 16811 W ADB_SERVICES: create_subproc ret_fd=24 pid=17267
06-16 15:37:08.330 16811 16811 W ADB_SERVICES: LS(76097): bound to 'shell:cat /proc/15430/stat' via 24
06-16 15:37:08.334 17267 17267 W ADB_SERVICES: adb: unable to update oom_score_adj
06-16 15:37:08.350 16811 16811 D ADB_SERVICES:  closing because is_eof=1 r=-1 s->fde.force_eof=0
06-16 15:37:08.350 16811 16811 W ADB_SERVICES: entered. LS(76097) fd=24
06-16 15:37:08.370 16811 16811 W ADB_SERVICES: create_local_service_socket() name=shell:cat /proc/stat
06-16 15:37:08.370 16811 16811 W ADB_SERVICES: service_to_fd() name=shell:cat /proc/stat
06-16 15:37:08.371 16811 16811 W ADB_SERVICES: read_meminfo() mem_free=204468
06-16 15:37:08.374 16811 16811 W ADB_SERVICES: create_subproc ret_fd=24 pid=17268
06-16 15:37:08.374 16811 16811 W ADB_SERVICES: LS(76098): bound to 'shell:cat /proc/stat' via 24
06-16 15:37:08.376 17268 17268 W ADB_SERVICES: adb: unable to update oom_score_adj
06-16 15:37:08.396 16811 16811 D ADB_SERVICES:  closing because is_eof=1 r=-1 s->fde.force_eof=0
06-16 15:37:08.396 16811 16811 W ADB_SERVICES: entered. LS(76098) fd=24
06-16 15:37:08.434 16811 16811 W ADB_SERVICES: create_local_service_socket() name=shell:cat /proc/net/xt_qtaguid/stats | grep 10276
06-16 15:37:08.434 16811 16811 W ADB_SERVICES: service_to_fd() name=shell:cat /proc/net/xt_qtaguid/stats | grep 10276
06-16 15:37:08.435 16811 16811 W ADB_SERVICES: read_meminfo() mem_free=204520
06-16 15:37:08.435 16811 16811 W ADB_SERVICES: create_subproc ret_fd=24 pid=17269
06-16 15:37:08.435 16811 16811 W ADB_SERVICES: LS(76099): bound to 'shell:cat /proc/net/xt_qtaguid/stats | grep 10276' via 24
06-16 15:37:08.436 17269 17269 W ADB_SERVICES: adb: unable to update oom_score_adj
06-16 15:37:08.476 16811 16811 D ADB_SERVICES:  closing because is_eof=1 r=-1 s->fde.force_eof=0
06-16 15:37:08.476 16811 16811 W ADB_SERVICES: entered. LS(76099) fd=24
06-16 15:37:08.635   319   319 I thermal_repeater: oh, queryMdThermalInfo (0)Bad file number
06-16 15:37:08.647   319   319 I thermal_repeater: [recvMdThermalInfo] ret=25, strLen=127,  1, 32767,,, -1, 32767, 2
06-16 15:37:08.910 15430 15430 D BgTest  : uiCount 143  +5
06-16 15:37:08.921 16811 16811 W ADB_SERVICES: create_local_service_socket() name=shell:cat /proc/15430/stat
06-16 15:37:08.921 16811 16811 W ADB_SERVICES: service_to_fd() name=shell:cat /proc/15430/stat
06-16 15:37:08.922 16811 16811 W ADB_SERVICES: read_meminfo() mem_free=204520
06-16 15:37:08.925 16811 16811 W ADB_SERVICES: create_subproc ret_fd=24 pid=17272
06-16 15:37:08.925 16811 16811 W ADB_SERVICES: LS(76100): bound to 'shell:cat /proc/15430/stat' via 24
06-16 15:37:08.928 17272 17272 W ADB_SERVICES: adb: unable to update oom_score_adj
06-16 15:37:08.945 16811 16811 D ADB_SERVICES:  closing because is_eof=1 r=-1 s->fde.force_eof=0
06-16 15:37:08.945 16811 16811 W ADB_SERVICES: entered. LS(76100) fd=24
06-16 15:37:08.965 16811 16811 W ADB_SERVICES: create_local_service_socket() name=shell:cat /proc/stat
06-16 15:37:08.965 16811 16811 W ADB_SERVICES: service_to_fd() name=shell:cat /proc/stat
06-16 15:37:08.966 16811 16811 W ADB_SERVICES: read_meminfo() mem_free=204520
06-16 15:37:08.967 16811 16811 W ADB_SERVICES: create_subproc ret_fd=24 pid=17273
06-16 15:37:08.967 16811 16811 W ADB_SERVICES: LS(76101): bound to 'shell:cat /proc/stat' via 24
06-16 15:37:08.969 17273 17273 W ADB_SERVICES: adb: unable to update oom_score_adj
06-16 15:37:08.980  1040  1040 D NetworkController.WifiSignalController: setActivity: wifiActivity= 1
06-16 15:37:08.980  1040  1040 D NetworkController.WifiSignalController: isDirty : false
06-16 15:37:08.981  1040  1040 D NetworkController.WifiSignalController: Change in state from: connected=true,enabled=true,level=3,inetCondition=1,iconGroup=IconGroup(Wi-Fi Icons),activityIn=false,activityOut=false,rssi=-56,networkType=null,lastModified=06-16 03:37:03,ssid="sodino"enabling=falsedisabling=falseconnecting=false
06-16 15:37:08.981  1040  1040 D NetworkController.WifiSignalController: 	to: connected=true,enabled=true,level=3,inetCondition=1,iconGroup=IconGroup(Wi-Fi Icons),activityIn=true,activityOut=false,rssi=-56,networkType=null,lastModified=06-16 03:37:03,ssid="sodino"enabling=falsedisabling=falseconnecting=false
06-16 15:37:08.981  1040  1040 D NetworkController.WifiSignalController: Wifi notifyListeners: level= 3, wifiActivity= 1
06-16 15:37:08.981  1040  1040 D SignalClusterView: setWifiIndicators, visible=true, strengthIcon=2130839035, contentDescription=WLAN信号强度为三格。
06-16 15:37:08.982  1040  1040 D NetworkController.WifiSignalController: Wifi notifyListeners: level= 3, wifiActivity= 1
06-16 15:37:08.982  1040  1040 D SignalClusterView: setWifiIndicators, visible=true, strengthIcon=2130839035, contentDescription=WLAN信号强度为三格。
06-16 15:37:08.982  1040  1040 D NetworkController.WifiSignalController: Wifi notifyListeners: level= 3, wifiActivity= 1
06-16 15:37:08.983  1040  1040 D SignalClusterView: setWifiIndicators, visible=true, strengthIcon=2130839035, contentDescription=WLAN信号强度为三格。
06-16 15:37:08.983  1040  1040 D NetworkController.WifiSignalController: Wifi notifyListeners: level= 3, wifiActivity= 1
06-16 15:37:08.983  1040  1040 D SignalClusterView: setWifiIndicators, visible=true, strengthIcon=2130839035, contentDescription=WLAN信号强度为三格。
06-16 15:37:08.983  1040  1040 D ConnectionRateView: DataConnection: new=true,old=true
06-16 15:37:08.983  1040  1040 D ConnectionRateView: DataConnection: new=true,old=true
06-16 15:37:08.998 16811 16811 D ADB_SERVICES:  closing because is_eof=1 r=-1 s->fde.force_eof=0
06-16 15:37:08.998 16811 16811 W ADB_SERVICES: entered. LS(76101) fd=24
06-16 15:37:09.009 16811 16811 W ADB_SERVICES: create_local_service_socket() name=shell:cat /proc/net/xt_qtaguid/stats | grep 10276
06-16 15:37:09.009 16811 16811 W ADB_SERVICES: service_to_fd() name=shell:cat /proc/net/xt_qtaguid/stats | grep 10276
06-16 15:37:09.010 16811 16811 W ADB_SERVICES: read_meminfo() mem_free=204520
06-16 15:37:09.010 16811 16811 W ADB_SERVICES: create_subproc ret_fd=24 pid=17274
06-16 15:37:09.010 16811 16811 W ADB_SERVICES: LS(76102): bound to 'shell:cat /proc/net/xt_qtaguid/stats | grep 10276' via 24
06-16 15:37:09.011 17274 17274 W ADB_SERVICES: adb: unable to update oom_score_adj
06-16 15:37:09.031 16811 16811 D ADB_SERVICES:  closing because is_eof=1 r=-1 s->fde.force_eof=0
06-16 15:37:09.031 16811 16811 W ADB_SERVICES: entered. LS(76102) fd=24
06-16 15:37:09.259 15430 15981 D BgTest  : bgCount 138
06-16 15:37:09.423   874   968 D WifiHW  : enter -->wifi_send_command cmd=IFNAME=wlan0 SIGNAL_POLL
06-16 15:37:09.425 11599 11599 D wpa_supplicant: wlan0: Control interface command 'SIGNAL_POLL'
06-16 15:37:09.443   874   968 D WifiHW  : leave --> reply=RSSI=-56
06-16 15:37:09.443   874   968 D WifiHW  : LINKSPEED=65
06-16 15:37:09.443   874   968 D WifiHW  : NOISE=9999
06-16 15:37:09.443   874   968 D WifiHW  : FREQUENCY=2462
06-16 15:37:09.443   874   968 D WifiHW  : 
06-16 15:37:09.444   874   968 D WifiStateMachine: mLastSignalLevel:2, newSignalLevel:2
06-16 15:37:09.535 16811 16811 W ADB_SERVICES: create_local_service_socket() name=shell:cat /proc/15430/stat
06-16 15:37:09.535 16811 16811 W ADB_SERVICES: service_to_fd() name=shell:cat /proc/15430/stat
06-16 15:37:09.536 16811 16811 W ADB_SERVICES: read_meminfo() mem_free=204520
06-16 15:37:09.538 16811 16811 W ADB_SERVICES: create_subproc ret_fd=24 pid=17277
06-16 15:37:09.538 16811 16811 W ADB_SERVICES: LS(76103): bound to 'shell:cat /proc/15430/stat' via 24
06-16 15:37:09.542 17277 17277 W ADB_SERVICES: adb: unable to update oom_score_adj
06-16 15:37:09.553 16811 16811 W ADB_SERVICES: create_local_service_socket() name=shell:cat /proc/net/xt_qtaguid/stats | grep 10276
06-16 15:37:09.553 16811 16811 W ADB_SERVICES: service_to_fd() name=shell:cat /proc/net/xt_qtaguid/stats | grep 10276
06-16 15:37:09.554 16811 16811 W ADB_SERVICES: read_meminfo() mem_free=204520
06-16 15:37:09.556 16811 16811 W ADB_SERVICES: create_subproc ret_fd=25 pid=17278
06-16 15:37:09.556 16811 16811 W ADB_SERVICES: LS(76104): bound to 'shell:cat /proc/net/xt_qtaguid/stats | grep 10276' via 25
06-16 15:37:09.561 16811 16811 D ADB_SERVICES:  closing because is_eof=1 r=1 s->fde.force_eof=0
06-16 15:37:09.561 16811 16811 W ADB_SERVICES: entered. LS(76103) fd=24
06-16 15:37:09.562 17278 17278 W ADB_SERVICES: adb: unable to update oom_score_adj
06-16 15:37:09.577 16811 16811 W ADB_SERVICES: create_local_service_socket() name=shell:cat /proc/stat
06-16 15:37:09.577 16811 16811 W ADB_SERVICES: service_to_fd() name=shell:cat /proc/stat
06-16 15:37:09.578 16811 16811 W ADB_SERVICES: read_meminfo() mem_free=203944
06-16 15:37:09.578 16811 16811 W ADB_SERVICES: create_subproc ret_fd=24 pid=17281
06-16 15:37:09.578 16811 16811 W ADB_SERVICES: LS(76105): bound to 'shell:cat /proc/stat' via 24
06-16 15:37:09.581 17281 17281 W ADB_SERVICES: adb: unable to update oom_score_adj
06-16 15:37:09.587 16811 16811 D ADB_SERVICES:  closing because is_eof=1 r=-1 s->fde.force_eof=0
06-16 15:37:09.587 16811 16811 W ADB_SERVICES: entered. LS(76104) fd=25
06-16 15:37:09.590 16811 16811 D ADB_SERVICES:  closing because is_eof=1 r=-1 s->fde.force_eof=0
06-16 15:37:09.590 16811 16811 W ADB_SERVICES: entered. LS(76105) fd=24
06-16 15:37:09.911 15430 15430 D BgTest  : uiCount 144  +5
06-16 15:37:09.975 16811 16811 D ADB_SERVICES: adb local_socket_ready list (17) (18) (23) (24) (25) 
06-16 15:37:09.976 16811 16811 D ADB_SERVICES: adb socket read list (17) (18) (23) (24) (25) 
06-16 15:37:09.976 16811 16811 D ADB_SERVICES: read_data=1232258
06-16 15:37:09.976 16811 16811 D ADB_SERVICES: max_read_time=0.000396 max_send_time=0.000686 
06-16 15:37:09.986  1040  1040 D NetworkController.WifiSignalController: setActivity: wifiActivity= 0
06-16 15:37:09.986  1040  1040 D NetworkController.WifiSignalController: isDirty : false
06-16 15:37:09.987  1040  1040 D NetworkController.WifiSignalController: Change in state from: connected=true,enabled=true,level=3,inetCondition=1,iconGroup=IconGroup(Wi-Fi Icons),activityIn=true,activityOut=false,rssi=-56,networkType=null,lastModified=06-16 03:37:08,ssid="sodino"enabling=falsedisabling=falseconnecting=false
06-16 15:37:09.987  1040  1040 D NetworkController.WifiSignalController: 	to: connected=true,enabled=true,level=3,inetCondition=1,iconGroup=IconGroup(Wi-Fi Icons),activityIn=false,activityOut=false,rssi=-56,networkType=null,lastModified=06-16 03:37:08,ssid="sodino"enabling=falsedisabling=falseconnecting=false
06-16 15:37:09.987  1040  1040 D NetworkController.WifiSignalController: Wifi notifyListeners: level= 3, wifiActivity= 0
06-16 15:37:09.987  1040  1040 D SignalClusterView: setWifiIndicators, visible=true, strengthIcon=2130839034, contentDescription=WLAN信号强度为三格。
06-16 15:37:09.993  1040  1040 D NetworkController.WifiSignalController: Wifi notifyListeners: level= 3, wifiActivity= 0
06-16 15:37:09.993  1040  1040 D SignalClusterView: setWifiIndicators, visible=true, strengthIcon=2130839034, contentDescription=WLAN信号强度为三格。
06-16 15:37:09.993  1040  1040 D NetworkController.WifiSignalController: Wifi notifyListeners: level= 3, wifiActivity= 0
06-16 15:37:09.993  1040  1040 D SignalClusterView: setWifiIndicators, visible=true, strengthIcon=2130839034, contentDescription=WLAN信号强度为三格。
06-16 15:37:09.993  1040  1040 D NetworkController.WifiSignalController: Wifi notifyListeners: level= 3, wifiActivity= 0
06-16 15:37:09.994  1040  1040 D SignalClusterView: setWifiIndicators, visible=true, strengthIcon=2130839034, contentDescription=WLAN信号强度为三格。
06-16 15:37:09.994  1040  1040 D ConnectionRateView: DataConnection: new=true,old=true
06-16 15:37:09.994  1040  1040 D ConnectionRateView: DataConnection: new=true,old=true
06-16 15:37:10.032   272   272 I SurfaceFlinger: [Built-in Screen (type:0)] fps:1.006629,dur:1986.83,max:1002.61,min:984.22
06-16 15:37:10.116 16811 16811 W ADB_SERVICES: create_local_service_socket() name=shell:cat /proc/15430/stat
06-16 15:37:10.116 16811 16811 W ADB_SERVICES: service_to_fd() name=shell:cat /proc/15430/stat
06-16 15:37:10.118 16811 16811 W ADB_SERVICES: read_meminfo() mem_free=204504
06-16 15:37:10.120 16811 16811 W ADB_SERVICES: create_subproc ret_fd=24 pid=17282
06-16 15:37:10.120 16811 16811 W ADB_SERVICES: LS(76106): bound to 'shell:cat /proc/15430/stat' via 24
06-16 15:37:10.123 17282 17282 W ADB_SERVICES: adb: unable to update oom_score_adj
06-16 15:37:10.124 16811 16811 W ADB_SERVICES: create_local_service_socket() name=shell:cat /proc/net/xt_qtaguid/stats | grep 10276
06-16 15:37:10.124 16811 16811 W ADB_SERVICES: service_to_fd() name=shell:cat /proc/net/xt_qtaguid/stats | grep 10276
06-16 15:37:10.126 16811 16811 W ADB_SERVICES: read_meminfo() mem_free=204504
06-16 15:37:10.128 16811 16811 W ADB_SERVICES: create_subproc ret_fd=25 pid=17283
06-16 15:37:10.129 16811 16811 W ADB_SERVICES: LS(76107): bound to 'shell:cat /proc/net/xt_qtaguid/stats | grep 10276' via 25
06-16 15:37:10.134 17283 17283 W ADB_SERVICES: adb: unable to update oom_score_adj
06-16 15:37:10.137 16811 16811 D ADB_SERVICES:  closing because is_eof=1 r=1 s->fde.force_eof=0
06-16 15:37:10.137 16811 16811 W ADB_SERVICES: entered. LS(76106) fd=24
06-16 15:37:10.153 16811 16811 D ADB_SERVICES:  closing because is_eof=1 r=-1 s->fde.force_eof=0
06-16 15:37:10.153 16811 16811 W ADB_SERVICES: entered. LS(76107) fd=25
06-16 15:37:10.154 16811 16811 W ADB_SERVICES: create_local_service_socket() name=shell:cat /proc/stat
06-16 15:37:10.154 16811 16811 W ADB_SERVICES: service_to_fd() name=shell:cat /proc/stat
06-16 15:37:10.155 16811 16811 W ADB_SERVICES: read_meminfo() mem_free=204348
06-16 15:37:10.155 16811 16811 W ADB_SERVICES: create_subproc ret_fd=24 pid=17286
06-16 15:37:10.155 16811 16811 W ADB_SERVICES: LS(76108): bound to 'shell:cat /proc/stat' via 24
06-16 15:37:10.156 17286 17286 W ADB_SERVICES: adb: unable to update oom_score_adj
06-16 15:37:10.163 16811 16811 D ADB_SERVICES:  closing because is_eof=1 r=-1 s->fde.force_eof=0
06-16 15:37:10.163 16811 16811 W ADB_SERVICES: entered. LS(76108) fd=24
06-16 15:37:10.300 15430 15981 D BgTest  : bgCount 139
06-16 15:37:10.667 16811 16811 W ADB_SERVICES: create_local_service_socket() name=shell:cat /proc/net/xt_qtaguid/stats | grep 10276
06-16 15:37:10.667 16811 16811 W ADB_SERVICES: service_to_fd() name=shell:cat /proc/net/xt_qtaguid/stats | grep 10276
06-16 15:37:10.669 16811 16811 W ADB_SERVICES: read_meminfo() mem_free=204520
06-16 15:37:10.671 16811 16811 W ADB_SERVICES: create_subproc ret_fd=24 pid=17288
06-16 15:37:10.671 16811 16811 W ADB_SERVICES: LS(76109): bound to 'shell:cat /proc/net/xt_qtaguid/stats | grep 10276' via 24
06-16 15:37:10.674 17288 17288 W ADB_SERVICES: adb: unable to update oom_score_adj
06-16 15:37:10.697 16811 16811 W ADB_SERVICES: create_local_service_socket() name=shell:cat /proc/15430/stat
06-16 15:37:10.697 16811 16811 W ADB_SERVICES: service_to_fd() name=shell:cat /proc/15430/stat
06-16 15:37:10.699 16811 16811 W ADB_SERVICES: read_meminfo() mem_free=204332
06-16 15:37:10.700 16811 16811 W ADB_SERVICES: create_subproc ret_fd=25 pid=17291
06-16 15:37:10.700 16811 16811 W ADB_SERVICES: LS(76110): bound to 'shell:cat /proc/15430/stat' via 25
06-16 15:37:10.703 17291 17291 W ADB_SERVICES: adb: unable to update oom_score_adj
06-16 15:37:10.709 16811 16811 D ADB_SERVICES:  closing because is_eof=1 r=1 s->fde.force_eof=0
06-16 15:37:10.709 16811 16811 W ADB_SERVICES: entered. LS(76110) fd=25
06-16 15:37:10.717 16811 16811 D ADB_SERVICES:  closing because is_eof=1 r=-1 s->fde.force_eof=0
06-16 15:37:10.717 16811 16811 W ADB_SERVICES: entered. LS(76109) fd=24
06-16 15:37:10.741 16811 16811 W ADB_SERVICES: create_local_service_socket() name=shell:cat /proc/stat
06-16 15:37:10.741 16811 16811 W ADB_SERVICES: service_to_fd() name=shell:cat /proc/stat
06-16 15:37:10.742 16811 16811 W ADB_SERVICES: read_meminfo() mem_free=204472
06-16 15:37:10.744 16811 16811 W ADB_SERVICES: create_subproc ret_fd=24 pid=17292
06-16 15:37:10.744 16811 16811 W ADB_SERVICES: LS(76111): bound to 'shell:cat /proc/stat' via 24
06-16 15:37:10.747 17292 17292 W ADB_SERVICES: adb: unable to update oom_score_adj
06-16 15:37:10.763 16811 16811 D ADB_SERVICES:  closing because is_eof=1 r=-1 s->fde.force_eof=0
06-16 15:37:10.763 16811 16811 W ADB_SERVICES: entered. LS(76111) fd=24
06-16 15:37:10.913 15430 15430 D BgTest  : uiCount 145  +5
06-16 15:37:11.067   272   272 I SurfaceFlinger: [Built-in Screen (type:0)] fps:0.965949,dur:1035.25,max:1035.25,min:1035.25
06-16 15:37:11.242 16811 16811 W ADB_SERVICES: create_local_service_socket() name=shell:cat /proc/net/xt_qtaguid/stats | grep 10276
06-16 15:37:11.242 16811 16811 W ADB_SERVICES: service_to_fd() name=shell:cat /proc/net/xt_qtaguid/stats | grep 10276
06-16 15:37:11.243 16811 16811 W ADB_SERVICES: read_meminfo() mem_free=204520
06-16 15:37:11.244 16811 16811 W ADB_SERVICES: create_subproc ret_fd=24 pid=17308
06-16 15:37:11.245 16811 16811 W ADB_SERVICES: LS(76112): bound to 'shell:cat /proc/net/xt_qtaguid/stats | grep 10276' via 24
06-16 15:37:11.248 17308 17308 W ADB_SERVICES: adb: unable to update oom_score_adj
06-16 15:37:11.278 16811 16811 D ADB_SERVICES:  closing because is_eof=1 r=-1 s->fde.force_eof=0
06-16 15:37:11.278 16811 16811 W ADB_SERVICES: entered. LS(76112) fd=24
06-16 15:37:11.285 16811 16811 W ADB_SERVICES: create_local_service_socket() name=shell:cat /proc/15430/stat
06-16 15:37:11.285 16811 16811 W ADB_SERVICES: service_to_fd() name=shell:cat /proc/15430/stat
06-16 15:37:11.286 16811 16811 W ADB_SERVICES: read_meminfo() mem_free=204328
06-16 15:37:11.286 16811 16811 W ADB_SERVICES: create_subproc ret_fd=24 pid=17317
06-16 15:37:11.286 16811 16811 W ADB_SERVICES: LS(76113): bound to 'shell:cat /proc/15430/stat' via 24
06-16 15:37:11.287 17317 17317 W ADB_SERVICES: adb: unable to update oom_score_adj
06-16 15:37:11.293 16811 16811 D ADB_SERVICES:  closing because is_eof=1 r=1 s->fde.force_eof=0
06-16 15:37:11.293 16811 16811 W ADB_SERVICES: entered. LS(76113) fd=24
06-16 15:37:11.324 16811 16811 W ADB_SERVICES: create_local_service_socket() name=shell:cat /proc/stat
06-16 15:37:11.324 16811 16811 W ADB_SERVICES: service_to_fd() name=shell:cat /proc/stat
06-16 15:37:11.324 16811 16811 W ADB_SERVICES: read_meminfo() mem_free=204380
06-16 15:37:11.325 16811 16811 W ADB_SERVICES: create_subproc ret_fd=24 pid=17318
06-16 15:37:11.325 16811 16811 W ADB_SERVICES: LS(76114): bound to 'shell:cat /proc/stat' via 24
06-16 15:37:11.326 17318 17318 W ADB_SERVICES: adb: unable to update oom_score_adj
06-16 15:37:11.337 16811 16811 D ADB_SERVICES:  closing because is_eof=1 r=-1 s->fde.force_eof=0
06-16 15:37:11.337 16811 16811 W ADB_SERVICES: entered. LS(76114) fd=24
06-16 15:37:11.341 15430 15981 D BgTest  : bgCount 140
06-16 15:37:11.810 16811 16811 W ADB_SERVICES: create_local_service_socket() name=shell:cat /proc/net/xt_qtaguid/stats | grep 10276
06-16 15:37:11.810 16811 16811 W ADB_SERVICES: service_to_fd() name=shell:cat /proc/net/xt_qtaguid/stats | grep 10276
06-16 15:37:11.811 16811 16811 W ADB_SERVICES: read_meminfo() mem_free=204520
06-16 15:37:11.811 16811 16811 W ADB_SERVICES: create_subproc ret_fd=24 pid=17319
06-16 15:37:11.811 16811 16811 W ADB_SERVICES: LS(76115): bound to 'shell:cat /proc/net/xt_qtaguid/stats | grep 10276' via 24
06-16 15:37:11.812 17319 17319 W ADB_SERVICES: adb: unable to update oom_score_adj
06-16 15:37:11.828 16811 16811 D ADB_SERVICES:  closing because is_eof=1 r=-1 s->fde.force_eof=0
06-16 15:37:11.828 16811 16811 W ADB_SERVICES: entered. LS(76115) fd=24
06-16 15:37:11.859   874  1592 V SettingsInterface:  from settings cache , name = netstats_time_cache_max_age , value = null
06-16 15:37:11.859   874  1592 V NetworkStats: performPollLocked(flags=0x3)
06-16 15:37:11.862   874  1592 D NetdConnector: SND -> {8061 bandwidth gettetherstats}
06-16 15:37:11.862   296   779 D FrameworkListener: dispatchCommand data = (8061 bandwidth gettetherstats)
06-16 15:37:11.862   296   779 D SocketClient: SocketClient sendData done: 200 8061 Tethering stats list completed
06-16 15:37:11.863   874   960 D NetdConnector: RCV <- {200 8061 Tethering stats list completed}
06-16 15:37:11.863   874  1592 D NetdConnector: RMV <- {200 8061 Tethering stats list completed}
06-16 15:37:11.865   874  1592 I NetworkStatsRecorder: recordSnapshotLocked: ident[[{type=WIFI, subType=COMBINED, networkId=sodino}]]
06-16 15:37:11.866   874  1592 W NetworkStatsRecorder: unknown interfaces [lo, p2p0], ignoring those stats
06-16 15:37:11.866   874  1592 I NetworkStatsRecorder: recordSnapshotLocked: ident[[{type=WIFI, subType=COMBINED, networkId=sodino}]]
06-16 15:37:11.867   874  1592 W NetworkStatsRecorder: unknown interfaces [lo, p2p0], ignoring those stats
06-16 15:37:11.867 16811 16811 W ADB_SERVICES: create_local_service_socket() name=shell:cat /proc/15430/stat
06-16 15:37:11.867 16811 16811 W ADB_SERVICES: service_to_fd() name=shell:cat /proc/15430/stat
06-16 15:37:11.868 16811 16811 W ADB_SERVICES: read_meminfo() mem_free=204488
06-16 15:37:11.868 16811 16811 W ADB_SERVICES: create_subproc ret_fd=24 pid=17322
06-16 15:37:11.868 16811 16811 W ADB_SERVICES: LS(76116): bound to 'shell:cat /proc/15430/stat' via 24
06-16 15:37:11.870   874  1592 I NetworkStatsRecorder: recordSnapshotLocked: ident[[{type=WIFI, subType=COMBINED, networkId=sodino}]]
06-16 15:37:11.871   874  1592 W NetworkStatsRecorder: unknown interfaces [lo, p2p0], ignoring those stats
06-16 15:37:11.872   874  1592 W NetworkStatsRecorder: unknown interfaces [lo, p2p0], ignoring those stats
06-16 15:37:11.873   874  1592 V NetworkStats: performPollLocked() took 14ms
06-16 15:37:11.874 17322 17322 W ADB_SERVICES: adb: unable to update oom_score_adj
06-16 15:37:11.875   874  1592 V SettingsInterface:  from settings cache , name = netstats_sample_enabled , value = null
06-16 15:37:11.877   874  1592 V ActivityManager: Broadcast: Intent { act=com.android.server.action.NETWORK_STATS_UPDATED flg=0x40000010 } ordered=false userid=-1 callerApp=ProcessRecord{2de77b41 874:system/1000}
06-16 15:37:11.883   874   966 V NetworkPolicy: updateNetworkEnabledLocked()
06-16 15:37:11.884  1860  1881 V SettingsInterface:  from settings cache , name = multi_sim_data_call , value = -1
06-16 15:37:11.885   874   966 V NetworkPolicy:  checking policy:NetworkPolicy[NetworkTemplate: matchRule=MOBILE_ALL, matchSubscriberIds=[null]]: cycleDay=19, cycleTimezone=Asia/Shanghai, warningBytes=104857600, limitBytes=-1, lastWarningSnooze=-1, lastLimitSnooze=-1, metered=true, inferred=true
06-16 15:37:11.885   874   966 V NetworkPolicy:  checking policy:NetworkPolicy[NetworkTemplate: matchRule=MOBILE_ALL, subscriberId=460028..., matchSubscriberIds=[460028...]]: cycleDay=1, cycleTimezone=Asia/Shanghai, warningBytes=2412510335, limitBytes=3015637919, lastWarningSnooze=-1, lastLimitSnooze=-1, metered=true, inferred=false
06-16 15:37:11.886   874   966 V NetworkPolicy:  checking policy:NetworkPolicy[NetworkTemplate: matchRule=MOBILE_ALL, subscriberId=460006..., matchSubscriberIds=[460006...]]: cycleDay=1, cycleTimezone=Asia/Shanghai, warningBytes=104857600, limitBytes=-1, lastWarningSnooze=-1, lastLimitSnooze=-1, metered=true, inferred=false
06-16 15:37:11.886   874   966 V NetworkPolicy:  checking policy:NetworkPolicy[NetworkTemplate: matchRule=MOBILE_ALL, subscriberId=460028..., matchSubscriberIds=[460028...]]: cycleDay=1, cycleTimezone=Asia/Shanghai, warningBytes=-1, limitBytes=-1, lastWarningSnooze=-1, lastLimitSnooze=-1, metered=true, inferred=false
06-16 15:37:11.886   874   966 V NetworkPolicy: updateNotificationsLocked()
06-16 15:37:11.887  1860  1880 V SettingsInterface:  from settings cache , name = multi_sim_data_call , value = -1
06-16 15:37:11.890  1860  2369 V SettingsInterface:  from settings cache , name = multi_sim_data_call , value = -1
06-16 15:37:11.890  1231  1559 D trafficTest: whichSimSelected slotId=-1,可能是未插卡，也可能是modern挂了，也可能插了双卡，其中流量卡挂了，或还在初始化中, 而另一张卡没有自动切换成流量
06-16 15:37:11.890  1231  1559 D NetworkManagementMz: LocalSubscriptionManager: getSubId 0
06-16 15:37:11.892  1231  1559 D NetworkManagementMz: LocalSubscriptionManager: intSubId -2
06-16 15:37:11.892  1231  1559 D NetworkManagementMz: LocalSubscriptionManager: intSubId -2
06-16 15:37:11.892  1231  1559 D NetworkManagementMz: LocalSubscriptionManager: subId[0] is : -2
06-16 15:37:11.894  1231  1559 D NetworkManagementMz: LocalTelephonyManager: imsi null
06-16 15:37:11.894  1231  1559 D NetworkManagementMz: LocalSubscriptionManager: getSubId 1
06-16 15:37:11.895  1231  1559 D NetworkManagementMz: LocalSubscriptionManager: intSubId -3
06-16 15:37:11.895  1231  1559 D NetworkManagementMz: LocalSubscriptionManager: intSubId -3
06-16 15:37:11.895  1231  1559 D NetworkManagementMz: LocalSubscriptionManager: subId[1] is : -3
06-16 15:37:11.899  1231  1559 D NetworkManagementMz: LocalTelephonyManager: imsi null
06-16 15:37:11.900  1860  2369 V SettingsInterface:  from settings cache , name = multi_sim_data_call , value = -1
06-16 15:37:11.901  1231  1559 D trafficTest: whichSimSelected slotId=-1,可能是未插卡，也可能是modern挂了，也可能插了双卡，其中流量卡挂了，或还在初始化中, 而另一张卡没有自动切换成流量
06-16 15:37:11.901  1231  1559 D NetworkManagementMz: LocalSubscriptionManager: getSubId 0
06-16 15:37:11.902  1231  1559 D NetworkManagementMz: LocalSubscriptionManager: intSubId -2
06-16 15:37:11.902  1231  1559 D NetworkManagementMz: LocalSubscriptionManager: intSubId -2
06-16 15:37:11.902  1231  1559 D NetworkManagementMz: LocalSubscriptionManager: subId[0] is : -2
06-16 15:37:11.904  1231  1559 D NetworkManagementMz: LocalTelephonyManager: imsi null
06-16 15:37:11.904  1231  1559 D NetworkManagementMz: LocalSubscriptionManager: getSubId 1
06-16 15:37:11.906  1231  1559 D NetworkManagementMz: LocalSubscriptionManager: intSubId -3
06-16 15:37:11.906  1231  1559 D NetworkManagementMz: LocalSubscriptionManager: intSubId -3
06-16 15:37:11.906  1231  1559 D NetworkManagementMz: LocalSubscriptionManager: subId[1] is : -3
06-16 15:37:11.910  1231  1559 D NetworkManagementMz: LocalTelephonyManager: imsi null
06-16 15:37:11.911  1231  1231 D trafficTest: has data listener
06-16 15:37:11.911  1231  1231 D trafficTest1: pollingService通知Ui更新
06-16 15:37:11.911  1231  1231 D trafficTest: ----refreshGeneralShowData
06-16 15:37:11.911  1231  1231 D trafficTest: ----------widget manager receiver dataChanged
06-16 15:37:11.911  1231  1231 D trafficTest: widget manager send broadcast to widget
06-16 15:37:11.911   874  1828 V ActivityManager: Broadcast: Intent { act=android.com.meizu.safe.provider.SafeWidgetProvider flg=0x10 (has extras) } ordered=false userid=-2 callerApp=ProcessRecord{25d454a8 1231:com.meizu.safe/1000}
06-16 15:37:11.912   874   923 I libPerfService: perfSetFavorPid - pid:15430, 3c46
06-16 15:37:11.914  1231  1231 I vpnTrace: notifySavingDataChanged: isShowSavingFunc: false
06-16 15:37:11.914  1231  1231 D TrafficTest: --------------亮屏且有监听器updateDataInterval = 15000
06-16 15:37:11.915  1231  1231 D trafficTest3: ---------widget receiver data change msg
06-16 15:37:11.915 15430 15430 D BgTest  : uiCount 146  +5
06-16 15:37:11.916  1231  1231 D trafficTest3: updateRemoteView: SimCardTrafficForShow{imsi='null', totalBytes=-1, remainBytes=0, dayUsedBytes=0, leftDays=0, monthUsedbytes=0, usedPercent=0.0, idleMode=false}
06-16 15:37:11.930 16811 16811 D ADB_SERVICES:  closing because is_eof=1 r=1 s->fde.force_eof=0
06-16 15:37:11.930 16811 16811 W ADB_SERVICES: entered. LS(76116) fd=24
06-16 15:37:11.940  1231  1231 D RemoteViews: mActions is repeat
06-16 15:37:11.940  1231  1231 D RemoteViews: mActions is repeat
06-16 15:37:11.944  1885  1885 D AppWidgetHost: updateAppWidgetView HANDLE_UPDATE 
06-16 15:37:11.944  1885  1885 D AppWidgetHost: updateAppWidgetView appWidgetId 15 com.meizu.flyme.launcher.at@179658cb
06-16 15:37:11.966 16811 16811 W ADB_SERVICES: create_local_service_socket() name=shell:cat /proc/stat
06-16 15:37:11.966 16811 16811 W ADB_SERVICES: service_to_fd() name=shell:cat /proc/stat
06-16 15:37:11.966 16811 16811 W ADB_SERVICES: read_meminfo() mem_free=204240
06-16 15:37:11.967 16811 16811 W ADB_SERVICES: create_subproc ret_fd=24 pid=17323
06-16 15:37:11.967 16811 16811 W ADB_SERVICES: LS(76117): bound to 'shell:cat /proc/stat' via 24
06-16 15:37:11.968 17323 17323 W ADB_SERVICES: adb: unable to update oom_score_adj
06-16 15:37:11.974 16811 16811 D ADB_SERVICES:  closing because is_eof=1 r=-1 s->fde.force_eof=0
06-16 15:37:11.974 16811 16811 W ADB_SERVICES: entered. LS(76117) fd=24
06-16 15:37:12.352 16811 16811 W ADB_SERVICES: create_local_service_socket() name=shell:cat /proc/net/xt_qtaguid/stats | grep 10276
06-16 15:37:12.352 16811 16811 W ADB_SERVICES: service_to_fd() name=shell:cat /proc/net/xt_qtaguid/stats | grep 10276
06-16 15:37:12.354 16811 16811 W ADB_SERVICES: read_meminfo() mem_free=204116
06-16 15:37:12.356 16811 16811 W ADB_SERVICES: create_subproc ret_fd=24 pid=17324
06-16 15:37:12.356 16811 16811 W ADB_SERVICES: LS(76118): bound to 'shell:cat /proc/net/xt_qtaguid/stats | grep 10276' via 24
06-16 15:37:12.359 17324 17324 W ADB_SERVICES: adb: unable to update oom_score_adj
06-16 15:37:12.388 15430 15981 D BgTest  : bgCount 141
06-16 15:37:12.389 16811 16811 D ADB_SERVICES:  closing because is_eof=1 r=-1 s->fde.force_eof=0
06-16 15:37:12.389 16811 16811 W ADB_SERVICES: entered. LS(76118) fd=24
06-16 15:37:12.453   874   968 D WifiHW  : enter -->wifi_send_command cmd=IFNAME=wlan0 SIGNAL_POLL
06-16 15:37:12.454 11599 11599 D wpa_supplicant: wlan0: Control interface command 'SIGNAL_POLL'
06-16 15:37:12.473   874   968 D WifiHW  : leave --> reply=RSSI=-55
06-16 15:37:12.473   874   968 D WifiHW  : LINKSPEED=65
06-16 15:37:12.473   874   968 D WifiHW  : NOISE=9999
06-16 15:37:12.473   874   968 D WifiHW  : FREQUENCY=2462
06-16 15:37:12.473   874   968 D WifiHW  : 
06-16 15:37:12.475   874   968 V ActivityManager: Broadcast sticky: Intent { act=android.net.wifi.RSSI_CHANGED flg=0x4000010 (has extras) } ordered=false userid=-1 callerApp=ProcessRecord{2de77b41 874:system/1000}
06-16 15:37:12.479   874   989 D WifiWatchdogStateMachine: RSSI current: 3 new: -55, 4
06-16 15:37:12.480  1040  1040 D NetworkController: onReceive: intent=Intent { act=android.net.wifi.RSSI_CHANGED flg=0x4000010 (has extras) }
06-16 15:37:12.480  1040  1040 D NetworkController.WifiSignalController: isDirty : false
06-16 15:37:12.482  1040  1040 D NetworkController.WifiSignalController: Change in state from: connected=true,enabled=true,level=3,inetCondition=1,iconGroup=IconGroup(Wi-Fi Icons),activityIn=false,activityOut=false,rssi=-56,networkType=null,lastModified=06-16 03:37:09,ssid="sodino"enabling=falsedisabling=falseconnecting=false
06-16 15:37:12.482  1040  1040 D NetworkController.WifiSignalController: 	to: connected=true,enabled=true,level=4,inetCondition=1,iconGroup=IconGroup(Wi-Fi Icons),activityIn=false,activityOut=false,rssi=-55,networkType=null,lastModified=06-16 03:37:09,ssid="sodino"enabling=falsedisabling=falseconnecting=false
06-16 15:37:12.482  1040  1040 D NetworkController.WifiSignalController: Wifi notifyListeners: level= 4, wifiActivity= 0
06-16 15:37:12.482  1040  1040 D SignalClusterView: setWifiIndicators, visible=true, strengthIcon=2130839040, contentDescription=WLAN信号满格。
06-16 15:37:12.487  1040  1040 D NetworkController.WifiSignalController: Wifi notifyListeners: level= 4, wifiActivity= 0
06-16 15:37:12.487  1040  1040 D SignalClusterView: setWifiIndicators, visible=true, strengthIcon=2130839040, contentDescription=WLAN信号满格。
06-16 15:37:12.487  1040  1040 D NetworkController.WifiSignalController: Wifi notifyListeners: level= 4, wifiActivity= 0
06-16 15:37:12.487  1040  1040 D SignalClusterView: setWifiIndicators, visible=true, strengthIcon=2130839040, contentDescription=WLAN信号满格。
06-16 15:37:12.487  1040  1040 D NetworkController.WifiSignalController: Wifi notifyListeners: level= 4, wifiActivity= 0
06-16 15:37:12.487  1040  1040 D SignalClusterView: setWifiIndicators, visible=true, strengthIcon=2130839040, contentDescription=WLAN信号满格。
06-16 15:37:12.488  1040  1040 D ConnectionRateView: DataConnection: new=true,old=true
06-16 15:37:12.488  1040  1040 D ConnectionRateView: DataConnection: new=true,old=true
06-16 15:37:12.500   874   968 D WifiStateMachine: mLastSignalLevel:2, newSignalLevel:3
06-16 15:37:12.502   874  1712 I libPerfService: perfSetFavorPid - pid:0, 0
06-16 15:37:12.512 16811 16811 W ADB_SERVICES: create_local_service_socket() name=shell:cat /proc/15430/stat
06-16 15:37:12.512 16811 16811 W ADB_SERVICES: service_to_fd() name=shell:cat /proc/15430/stat
06-16 15:37:12.512 16811 16811 W ADB_SERVICES: read_meminfo() mem_free=203992
06-16 15:37:12.513 16811 16811 W ADB_SERVICES: create_subproc ret_fd=24 pid=17327
06-16 15:37:12.513 16811 16811 W ADB_SERVICES: LS(76119): bound to 'shell:cat /proc/15430/stat' via 24
06-16 15:37:12.514 17327 17327 W ADB_SERVICES: adb: unable to update oom_score_adj
06-16 15:37:12.517   272   272 I SurfaceFlinger: [Built-in Screen (type:0)] fps:0.689502,dur:1450.32,max:1450.32,min:1450.32
06-16 15:37:12.522 16811 16811 D ADB_SERVICES:  closing because is_eof=1 r=1 s->fde.force_eof=0
06-16 15:37:12.522 16811 16811 W ADB_SERVICES: entered. LS(76119) fd=24
06-16 15:37:12.550 16811 16811 W ADB_SERVICES: create_local_service_socket() name=shell:cat /proc/stat
06-16 15:37:12.550 16811 16811 W ADB_SERVICES: service_to_fd() name=shell:cat /proc/stat
06-16 15:37:12.551 16811 16811 W ADB_SERVICES: read_meminfo() mem_free=204008
06-16 15:37:12.551 16811 16811 W ADB_SERVICES: create_subproc ret_fd=24 pid=17328
06-16 15:37:12.551 16811 16811 W ADB_SERVICES: LS(76120): bound to 'shell:cat /proc/stat' via 24
06-16 15:37:12.553 17328 17328 W ADB_SERVICES: adb: unable to update oom_score_adj
06-16 15:37:12.560 16811 16811 D ADB_SERVICES:  closing because is_eof=1 r=-1 s->fde.force_eof=0
