06-16 19:52:18.368 26242 26242 D BgTest  : uiCount 53
06-16 19:52:18.500 26242 27124 D BgTest  : bgCount 53
06-16 19:52:18.642 10692 23548 D SharkNetwork: runTimeout(), will check timeout for sharkSend with seqNoTag: 192
06-16 19:52:18.643 10692 23548 I ThreadPool: add task, adding: 1, waiting: 1
06-16 19:52:18.643 10692 23547 I ThreadPool: expand to normal core pool size(4) = 4
06-16 19:52:18.643 10692 23547 I ThreadPool: excute task: com.tencent.meri-runTimeout
06-16 19:52:18.643 10692 23588 I ThreadPool: before execute - task: com.tencent.meri-runTimeout, start time: 1497608538643, cpu time: 773005179
06-16 19:52:18.643 10692 23588 D SharkNetwork: removeSendingBySeqNoTag() seqNoTag: 192
06-16 19:52:18.644 10692 23588 I ThreadPool: after execute - task: com.tencent.meri-runTimeout, used time: 1, cpu time: 330469
06-16 19:52:18.644 10692 23547 I ThreadPool: --------after execute------
06-16 19:52:18.644 10692 23547 I ThreadPool: expand to normal core pool size(4) = 4
06-16 19:52:18.946   451   451 W auditd  : type=1400 "StartThread""s1302""proc"
06-16 19:52:18.949   451   451 W auditd  : type=1400 "StartThread""touchpanel""proc"
06-16 19:52:18.949   451   451 W auditd  : type=1400 "StartThread""cmdline""proc"
06-16 19:52:18.975   451   451 W auditd  : type=1400 "StartThread""429""proc"
06-16 19:52:18.975   451   451 W auditd  : type=1400 "StartThread""452""proc"
06-16 19:52:18.977   451   451 W auditd  : type=1400 "StartThread""514""proc"
06-16 19:52:18.978   451   451 W auditd  : type=1400 "StartThread""515""proc"
06-16 19:52:18.979   451   451 W auditd  : type=1400 "StartThread""516""proc"
06-16 19:52:18.979   451   451 W auditd  : type=1400 "StartThread""517""proc"
06-16 19:52:18.980   451   451 W auditd  : type=1400 "StartThread""518""proc"
06-16 19:52:18.981   451   451 W auditd  : type=1400 "StartThread""521""proc"
06-16 19:52:18.983   451   451 W auditd  : type=1400 "StartThread""527""proc"
06-16 19:52:18.985   451   451 W auditd  : type=1400 "StartThread""529""proc"
06-16 19:52:18.985   451   451 W auditd  : type=1400 "StartThread""531""proc"
06-16 19:52:18.985   451   451 W auditd  : type=1400 "StartThread""567""proc"
06-16 19:52:18.985   451   451 W auditd  : type=1400 "StartThread""588""proc"
06-16 19:52:18.985   451   451 W auditd  : type=1400 "StartThread""594""proc"
06-16 19:52:18.985   451   451 W auditd  : type=1400 "StartThread""cmdline""proc"
06-16 19:52:18.985   451   451 W auditd  : type=1400 "StartThread""cmdline""proc"
06-16 19:52:18.985   451   451 W auditd  : type=1400 "StartThread""820""proc"
06-16 19:52:19.372 26242 26242 D BgTest  : uiCount 54
06-16 19:52:19.505 26242 27124 D BgTest  : bgCount 54
06-16 19:52:19.938 25700 25793 D UTAnalytics:LogStoreMgr: pid:25700 [store],
06-16 19:52:19.954 25700 25793 D UTAnalytics:UTSqliteLogStore: pid:25700 sql:SELECT * FROM log ORDER BY time ASC  LIMIT 316,
06-16 19:52:19.960 25700 25793 D UTAnalytics:LogStoreMgr: pid:25700 [get],[],
06-16 19:52:19.964 25700 25793 D UTAnalytics:UploadEngine: pid:25700 UTDC.bBackground:false,AppInfoUtil.isForeground(UTDC.getContext()) ,true,
06-16 19:52:19.969 25700 25793 D UTAnalytics:UploadTask: pid:25700 mPeriod:30000,
06-16 19:52:19.987   451   451 W auditd  : type=1400 "StartThread""s1302""proc"
06-16 19:52:19.987   451   451 W auditd  : type=1400 "StartThread""touchpanel""proc"
06-16 19:52:19.989   451   451 W auditd  : type=1400 "StartThread""cmdline""proc"
06-16 19:52:20.014   451   451 W auditd  : type=1400 "StartThread""429""proc"
06-16 19:52:20.015   451   451 W auditd  : type=1400 "StartThread""452""proc"
06-16 19:52:20.017   451   451 W auditd  : type=1400 "StartThread""514""proc"
06-16 19:52:20.018   451   451 W auditd  : type=1400 "StartThread""515""proc"
06-16 19:52:20.018   451   451 W auditd  : type=1400 "StartThread""516""proc"
06-16 19:52:20.018   451   451 W auditd  : type=1400 "StartThread""517""proc"
06-16 19:52:20.018   451   451 W auditd  : type=1400 "StartThread""518""proc"
06-16 19:52:20.018   451   451 W auditd  : type=1400 "StartThread""521""proc"
06-16 19:52:20.018   451   451 W auditd  : type=1400 "StartThread""527""proc"
06-16 19:52:20.019   451   451 W auditd  : type=1400 "StartThread""529""proc"
06-16 19:52:20.019   451   451 W auditd  : type=1400 "StartThread""531""proc"
06-16 19:52:20.019   451   451 W auditd  : type=1400 "StartThread""567""proc"
06-16 19:52:20.019   451   451 W auditd  : type=1400 "StartThread""588""proc"
06-16 19:52:20.019   451   451 W auditd  : type=1400 "StartThread""594""proc"
06-16 19:52:20.019   451   451 W auditd  : type=1400 "StartThread""cmdline""proc"
06-16 19:52:20.019   451   451 W auditd  : type=1400 "StartThread""cmdline""proc"
06-16 19:52:20.019   451   451 W auditd  : type=1400 "StartThread""820""proc"
06-16 19:52:20.374 26242 26242 D BgTest  : uiCount 55
06-16 19:52:20.512 26242 27124 D BgTest  : bgCount 55
06-16 19:52:21.026   451   451 W auditd  : type=1400 "StartThread""s1302""proc"
06-16 19:52:21.027   451   451 W auditd  : type=1400 "StartThread""touchpanel""proc"
06-16 19:52:21.027   451   451 W auditd  : type=1400 "StartThread""cmdline""proc"
06-16 19:52:21.035   451   451 W auditd  : type=1400 "StartThread""429""proc"
06-16 19:52:21.037   451   451 W auditd  : type=1400 "StartThread""452""proc"
06-16 19:52:21.037   451   451 W auditd  : type=1400 "StartThread""514""proc"
06-16 19:52:21.037   451   451 W auditd  : type=1400 "StartThread""515""proc"
06-16 19:52:21.038   451   451 W auditd  : type=1400 "StartThread""516""proc"
06-16 19:52:21.039   451   451 W auditd  : type=1400 "StartThread""517""proc"
06-16 19:52:21.039   451   451 W auditd  : type=1400 "StartThread""518""proc"
06-16 19:52:21.039   451   451 W auditd  : type=1400 "StartThread""521""proc"
06-16 19:52:21.039   451   451 W auditd  : type=1400 "StartThread""527""proc"
06-16 19:52:21.040   451   451 W auditd  : type=1400 "StartThread""529""proc"
06-16 19:52:21.041   451   451 W auditd  : type=1400 "StartThread""531""proc"
06-16 19:52:21.041   451   451 W auditd  : type=1400 "StartThread""567""proc"
06-16 19:52:21.041   451   451 W auditd  : type=1400 "StartThread""588""proc"
06-16 19:52:21.041   451   451 W auditd  : type=1400 "StartThread""594""proc"
06-16 19:52:21.041   451   451 W auditd  : type=1400 "StartThread""cmdline""proc"
06-16 19:52:21.041   451   451 W auditd  : type=1400 "StartThread""cmdline""proc"
06-16 19:52:21.041   451   451 W auditd  : type=1400 "StartThread""820""proc"
06-16 19:52:21.376 26242 26242 D BgTest  : uiCount 56
06-16 19:52:21.518 26242 27124 D BgTest  : bgCount 56
06-16 19:52:22.047   451   451 W auditd  : type=1400 "StartThread""s1302""proc"
06-16 19:52:22.048   451   451 W auditd  : type=1400 "StartThread""touchpanel""proc"
06-16 19:52:22.050   451   451 W auditd  : type=1400 "StartThread""cmdline""proc"
06-16 19:52:22.076   451   451 W auditd  : type=1400 "StartThread""429""proc"
06-16 19:52:22.076   451   451 W auditd  : type=1400 "StartThread""452""proc"
06-16 19:52:22.076   451   451 W auditd  : type=1400 "StartThread""514""proc"
06-16 19:52:22.077   451   451 W auditd  : type=1400 "StartThread""515""proc"
06-16 19:52:22.077   451   451 W auditd  : type=1400 "StartThread""516""proc"
06-16 19:52:22.077   451   451 W auditd  : type=1400 "StartThread""517""proc"
06-16 19:52:22.077   451   451 W auditd  : type=1400 "StartThread""518""proc"
06-16 19:52:22.078   451   451 W auditd  : type=1400 "StartThread""521""proc"
06-16 19:52:22.078   451   451 W auditd  : type=1400 "StartThread""527""proc"
06-16 19:52:22.078   451   451 W auditd  : type=1400 "StartThread""529""proc"
06-16 19:52:22.078   451   451 W auditd  : type=1400 "StartThread""531""proc"
06-16 19:52:22.078   451   451 W auditd  : type=1400 "StartThread""567""proc"
06-16 19:52:22.079   451   451 W auditd  : type=1400 "StartThread""588""proc"
06-16 19:52:22.079   451   451 W auditd  : type=1400 "StartThread""594""proc"
06-16 19:52:22.079   451   451 W auditd  : type=1400 "StartThread""cmdline""proc"
06-16 19:52:22.079   451   451 W auditd  : type=1400 "StartThread""cmdline""proc"
06-16 19:52:22.079   451   451 W auditd  : type=1400 "StartThread""820""proc"
06-16 19:52:22.260  1412  1412 I DeviceIdleController: updateChargingLocked: charging=true
06-16 19:52:22.261  1412  1412 I DeviceIdleController: becomeActiveLocked, reason = charging
06-16 19:52:22.268  3629  3629 D AbstractProcessor: onBatteryChange Percent:45 State:2 
06-16 19:52:22.378 26242 26242 D BgTest  : uiCount 57
06-16 19:52:22.434  1412 31903 D ConnectivityService: Returning unblocked NetworkInfo to uid=10084
06-16 19:52:22.522 26242 27124 D BgTest  : bgCount 57
06-16 19:52:22.594 10685 10853 E JavaBinder: !!! FAILED BINDER TRANSACTION !!!  (parcel size = 2402880)
06-16 19:52:23.085   451   451 W auditd  : type=1400 "StartThread""s1302""proc"
06-16 19:52:23.089   451   451 W auditd  : type=1400 "StartThread""touchpanel""proc"
06-16 19:52:23.089   451   451 W auditd  : type=1400 "StartThread""cmdline""proc"
06-16 19:52:23.116   451   451 W auditd  : type=1400 "StartThread""429""proc"
06-16 19:52:23.116   451   451 W auditd  : type=1400 "StartThread""452""proc"
06-16 19:52:23.116   451   451 W auditd  : type=1400 "StartThread""514""proc"
06-16 19:52:23.116   451   451 W auditd  : type=1400 "StartThread""515""proc"
06-16 19:52:23.117   451   451 W auditd  : type=1400 "StartThread""516""proc"
06-16 19:52:23.118   451   451 W auditd  : type=1400 "StartThread""517""proc"
06-16 19:52:23.118   451   451 W auditd  : type=1400 "StartThread""518""proc"
06-16 19:52:23.118   451   451 W auditd  : type=1400 "StartThread""521""proc"
06-16 19:52:23.118   451   451 W auditd  : type=1400 "StartThread""527""proc"
06-16 19:52:23.118   451   451 W auditd  : type=1400 "StartThread""529""proc"
06-16 19:52:23.118   451   451 W auditd  : type=1400 "StartThread""531""proc"
06-16 19:52:23.119   451   451 W auditd  : type=1400 "StartThread""567""proc"
06-16 19:52:23.119   451   451 W auditd  : type=1400 "StartThread""588""proc"
06-16 19:52:23.119   451   451 W auditd  : type=1400 "StartThread""594""proc"
06-16 19:52:23.119   451   451 W auditd  : type=1400 "StartThread""cmdline""proc"
06-16 19:52:23.119   451   451 W auditd  : type=1400 "StartThread""cmdline""proc"
06-16 19:52:23.119   451   451 W auditd  : type=1400 "StartThread""820""proc"
06-16 19:52:23.380 26242 26242 D BgTest  : uiCount 58
06-16 19:52:23.507 25700 25793 D UTAnalytics:CommitTask: pid:25700 check&commit event:65502,
06-16 19:52:23.507 25700 25789 D UTAnalytics:CommitTask: pid:25700 check&commit event:65133,
06-16 19:52:23.509 25700 25793 D UTAnalytics:CommitTask: pid:25700 next:65502,
06-16 19:52:23.509 25700 25789 D UTAnalytics:CommitTask: pid:25700 next:65133,
06-16 19:52:23.510 25700 25793 D UTAnalytics:CommitTask: pid:25700 check&commit event:65501,
06-16 19:52:23.510 25700 25793 D UTAnalytics:CommitTask: pid:25700 next:65501,
06-16 19:52:23.511 25700 25789 D UTAnalytics:CommitTask: pid:25700 check&commit event:65503,
06-16 19:52:23.513 25700 25789 D UTAnalytics:CommitTask: pid:25700 next:65503,
06-16 19:52:23.530 26242 27124 D BgTest  : bgCount 58
06-16 19:52:24.125   451   451 W auditd  : type=1400 "StartThread""s1302""proc"
06-16 19:52:24.126   451   451 W auditd  : type=1400 "StartThread""touchpanel""proc"
06-16 19:52:24.129   451   451 W auditd  : type=1400 "StartThread""cmdline""proc"
06-16 19:52:24.155   451   451 W auditd  : type=1400 "StartThread""429""proc"
06-16 19:52:24.156   451   451 W auditd  : type=1400 "StartThread""452""proc"
06-16 19:52:24.156   451   451 W auditd  : type=1400 "StartThread""514""proc"
06-16 19:52:24.158   451   451 W auditd  : type=1400 "StartThread""515""proc"
06-16 19:52:24.160   451   451 W auditd  : type=1400 "StartThread""516""proc"
06-16 19:52:24.160   451   451 W auditd  : type=1400 "StartThread""517""proc"
06-16 19:52:24.160   451   451 W auditd  : type=1400 "StartThread""518""proc"
06-16 19:52:24.160   451   451 W auditd  : type=1400 "StartThread""521""proc"
06-16 19:52:24.160   451   451 W auditd  : type=1400 "StartThread""527""proc"
06-16 19:52:24.161   451   451 W auditd  : type=1400 "StartThread""529""proc"
06-16 19:52:24.161   451   451 W auditd  : type=1400 "StartThread""531""proc"
06-16 19:52:24.161   451   451 W auditd  : type=1400 "StartThread""567""proc"
06-16 19:52:24.161   451   451 W auditd  : type=1400 "StartThread""588""proc"
06-16 19:52:24.161   451   451 W auditd  : type=1400 "StartThread""594""proc"
06-16 19:52:24.161   451   451 W auditd  : type=1400 "StartThread""cmdline""proc"
06-16 19:52:24.161   451   451 W auditd  : type=1400 "StartThread""cmdline""proc"
06-16 19:52:24.161   451   451 W auditd  : type=1400 "StartThread""820""proc"
06-16 19:52:24.231  1412  1886 V AlarmManager: Triggering alarm #0: Alarm{152df9d type 0 when 1497608544230 com.sodino.postdelay}operation =Intent { act=action.test.XML }
06-16 19:52:24.238  1412  1461 D DeviceIdleController: Adding AppId 10120 to temp whitelist
06-16 19:52:24.238  1412  1461 D DeviceIdleController: Setting wakelock temp whitelist to [10120]
06-16 19:52:24.241 26242 26242 D com.sodino.postdelay.XmlAlarmReceiver: onReceive xml 2017-06-16 19:52:24.240
06-16 19:52:24.241 26242 26242 D com.sodino.postdelay.TestAlarmService: nextXmlAlarm
06-16 19:52:24.242 26242 26242 D com.sodino.postdelay.TestAlarmService: Schedule intentXml alarm at 2017-06-16 19:53:24.241
06-16 19:52:24.243 26242 26242 D com.sodino.postdelay.TestAlarmService: Alarm scheule using setExactAndAllowWhileIdle
06-16 19:52:24.382 26242 26242 D BgTest  : uiCount 59
06-16 19:52:24.536 26242 27124 D BgTest  : bgCount 59
06-16 19:52:25.170   451   451 W auditd  : type=1400 "StartThread""s1302""proc"
06-16 19:52:25.171   451   451 W auditd  : type=1400 "StartThread""touchpanel""proc"
06-16 19:52:25.173   451   451 W auditd  : type=1400 "StartThread""cmdline""proc"
06-16 19:52:25.180   451   451 W auditd  : type=1400 "StartThread""429""proc"
06-16 19:52:25.183   451   451 W auditd  : type=1400 "StartThread""452""proc"
06-16 19:52:25.186   451   451 W auditd  : type=1400 "StartThread""514""proc"
06-16 19:52:25.186   451   451 W auditd  : type=1400 "StartThread""515""proc"
06-16 19:52:25.186   451   451 W auditd  : type=1400 "StartThread""516""proc"
06-16 19:52:25.186   451   451 W auditd  : type=1400 "StartThread""517""proc"
06-16 19:52:25.186   451   451 W auditd  : type=1400 "StartThread""518""proc"
06-16 19:52:25.186   451   451 W auditd  : type=1400 "StartThread""521""proc"
06-16 19:52:25.186   451   451 W auditd  : type=1400 "StartThread""527""proc"
06-16 19:52:25.187   451   451 W auditd  : type=1400 "StartThread""529""proc"
06-16 19:52:25.187   451   451 W auditd  : type=1400 "StartThread""531""proc"
06-16 19:52:25.187   451   451 W auditd  : type=1400 "StartThread""567""proc"
06-16 19:52:25.187   451   451 W auditd  : type=1400 "StartThread""588""proc"
06-16 19:52:25.187   451   451 W auditd  : type=1400 "StartThread""594""proc"
06-16 19:52:25.187   451   451 W auditd  : type=1400 "StartThread""cmdline""proc"
06-16 19:52:25.187   451   451 W auditd  : type=1400 "StartThread""cmdline""proc"
06-16 19:52:25.188   451   451 W auditd  : type=1400 "StartThread""820""proc"
06-16 19:52:25.230  1412  1886 V AlarmManager: Triggering alarm #0: Alarm{4b83fe3 type 0 when 1497608544236 com.sodino.postdelay}operation =Intent { act=action.test.XML.code }
06-16 19:52:25.233  1412  1461 D DeviceIdleController: Adding AppId 10120 to temp whitelist
06-16 19:52:25.235 26242 26242 D com.sodino.postdelay.CodeAlarmReceiver: onReceive code 2017-06-16 19:52:25.234
06-16 19:52:25.235 26242 26242 D com.sodino.postdelay.TestAlarmService: nextCodeAlarm
06-16 19:52:25.235 26242 26242 D com.sodino.postdelay.TestAlarmService: Schedule intentCode alarm at 2017-06-16 19:53:25.235
06-16 19:52:25.235 26242 26242 D com.sodino.postdelay.TestAlarmService: Alarm scheule using setExactAndAllowWhileIdle
06-16 19:52:25.384 26242 26242 D BgTest  : uiCount 60
06-16 19:52:25.458  1966  1966 W ProcessCpuTracker: Skipping unknown process pid 28020
06-16 19:52:25.458  1966  1966 W ProcessCpuTracker: Skipping unknown process pid 28022
06-16 19:52:25.459  1966  1966 W ProcessCpuTracker: Skipping unknown process pid 28023
06-16 19:52:25.541 26242 27124 D BgTest  : bgCount 60
06-16 19:52:26.189   451   451 W auditd  : type=1400 "StartThread""s1302""proc"
06-16 19:52:26.189   451   451 W auditd  : type=1400 "StartThread""touchpanel""proc"
06-16 19:52:26.191   451   451 W auditd  : type=1400 "StartThread""cmdline""proc"
06-16 19:52:26.219   451   451 W auditd  : type=1400 "StartThread""429""proc"
06-16 19:52:26.220   451   451 W auditd  : type=1400 "StartThread""452""proc"
06-16 19:52:26.221   451   451 W auditd  : type=1400 "StartThread""514""proc"
06-16 19:52:26.221   451   451 W auditd  : type=1400 "StartThread""515""proc"
06-16 19:52:26.221   451   451 W auditd  : type=1400 "StartThread""516""proc"
06-16 19:52:26.221   451   451 W auditd  : type=1400 "StartThread""517""proc"
06-16 19:52:26.221   451   451 W auditd  : type=1400 "StartThread""518""proc"
06-16 19:52:26.221   451   451 W auditd  : type=1400 "StartThread""521""proc"
06-16 19:52:26.221   451   451 W auditd  : type=1400 "StartThread""527""proc"
06-16 19:52:26.221   451   451 W auditd  : type=1400 "StartThread""529""proc"
06-16 19:52:26.221   451   451 W auditd  : type=1400 "StartThread""531""proc"
06-16 19:52:26.222   451   451 W auditd  : type=1400 "StartThread""567""proc"
06-16 19:52:26.222   451   451 W auditd  : type=1400 "StartThread""588""proc"
06-16 19:52:26.222   451   451 W auditd  : type=1400 "StartThread""594""proc"
06-16 19:52:26.223   451   451 W auditd  : type=1400 "StartThread""cmdline""proc"
06-16 19:52:26.223   451   451 W auditd  : type=1400 "StartThread""cmdline""proc"
06-16 19:52:26.223   451   451 W auditd  : type=1400 "StartThread""820""proc"
06-16 19:52:26.386 26242 26242 D BgTest  : uiCount 61
06-16 19:52:26.548 26242 27124 D BgTest  : bgCount 61
06-16 19:52:27.238   451   451 W auditd  : type=1400 "StartThread""s1302""proc"
06-16 19:52:27.239   451   451 W auditd  : type=1400 "StartThread""touchpanel""proc"
06-16 19:52:27.240   451   451 W auditd  : type=1400 "StartThread""cmdline""proc"
06-16 19:52:27.247   451   451 W auditd  : type=1400 "StartThread""429""proc"
06-16 19:52:27.248   451   451 W auditd  : type=1400 "StartThread""452""proc"
06-16 19:52:27.248   451   451 W auditd  : type=1400 "StartThread""514""proc"
06-16 19:52:27.248   451   451 W auditd  : type=1400 "StartThread""515""proc"
06-16 19:52:27.248   451   451 W auditd  : type=1400 "StartThread""516""proc"
06-16 19:52:27.249   451   451 W auditd  : type=1400 "StartThread""517""proc"
06-16 19:52:27.249   451   451 W auditd  : type=1400 "StartThread""518""proc"
06-16 19:52:27.249   451   451 W auditd  : type=1400 "StartThread""521""proc"
06-16 19:52:27.249   451   451 W auditd  : type=1400 "StartThread""527""proc"
06-16 19:52:27.250   451   451 W auditd  : type=1400 "StartThread""529""proc"
06-16 19:52:27.250   451   451 W auditd  : type=1400 "StartThread""531""proc"
06-16 19:52:27.250   451   451 W auditd  : type=1400 "StartThread""567""proc"
06-16 19:52:27.250   451   451 W auditd  : type=1400 "StartThread""588""proc"
06-16 19:52:27.251   451   451 W auditd  : type=1400 "StartThread""594""proc"
06-16 19:52:27.251   451   451 W auditd  : type=1400 "StartThread""cmdline""proc"
06-16 19:52:27.251   451   451 W auditd  : type=1400 "StartThread""cmdline""proc"
06-16 19:52:27.251   451   451 W auditd  : type=1400 "StartThread""820""proc"
06-16 19:52:27.324 24277 24339 D UTAnalytics:LogStoreMgr: pid:24277 [store],
06-16 19:52:27.338 24277 24339 D UTAnalytics:UTSqliteLogStore: pid:24277 sql:SELECT * FROM log ORDER BY time ASC  LIMIT 243,
06-16 19:52:27.344 24277 24339 D UTAnalytics:LogStoreMgr: pid:24277 [get],[],
06-16 19:52:27.349 24277 24339 D UTAnalytics:UploadEngine: pid:24277 UTDC.bBackground:false,AppInfoUtil.isForeground(UTDC.getContext()) ,true,
06-16 19:52:27.355 24277 24339 D UTAnalytics:UploadTask: pid:24277 mPeriod:30000,
06-16 19:52:27.389 26242 26242 D BgTest  : uiCount 62
06-16 19:52:27.552 26242 27124 D BgTest  : bgCount 62
06-16 19:52:28.257   451   451 W auditd  : type=1400 "StartThread""s1302""proc"
06-16 19:52:28.259   451   451 W auditd  : type=1400 "StartThread""touchpanel""proc"
06-16 19:52:28.259   451   451 W auditd  : type=1400 "StartThread""cmdline""proc"
06-16 19:52:28.262  1412  1412 I DeviceIdleController: updateChargingLocked: charging=true
06-16 19:52:28.262  1412  1412 I DeviceIdleController: becomeActiveLocked, reason = charging
06-16 19:52:28.262  3629  3629 D AbstractProcessor: onBatteryChange Percent:45 State:2 
06-16 19:52:28.271   451   451 W auditd  : type=1400 "StartThread""429""proc"
06-16 19:52:28.271   451   451 W auditd  : type=1400 "StartThread""452""proc"
06-16 19:52:28.272   451   451 W auditd  : type=1400 "StartThread""514""proc"
06-16 19:52:28.272   451   451 W auditd  : type=1400 "StartThread""515""proc"
06-16 19:52:28.273   451   451 W auditd  : type=1400 "StartThread""516""proc"
06-16 19:52:28.273   451   451 W auditd  : type=1400 "StartThread""517""proc"
06-16 19:52:28.273   451   451 W auditd  : type=1400 "StartThread""518""proc"
06-16 19:52:28.273   451   451 W auditd  : type=1400 "StartThread""521""proc"
06-16 19:52:28.273   451   451 W auditd  : type=1400 "StartThread""527""proc"
06-16 19:52:28.273   451   451 W auditd  : type=1400 "StartThread""529""proc"
06-16 19:52:28.273   451   451 W auditd  : type=1400 "StartThread""531""proc"
06-16 19:52:28.273   451   451 W auditd  : type=1400 "StartThread""567""proc"
06-16 19:52:28.273   451   451 W auditd  : type=1400 "StartThread""588""proc"
06-16 19:52:28.273   451   451 W auditd  : type=1400 "StartThread""594""proc"
06-16 19:52:28.273   451   451 W auditd  : type=1400 "StartThread""cmdline""proc"
06-16 19:52:28.273   451   451 W auditd  : type=1400 "StartThread""cmdline""proc"
06-16 19:52:28.273   451   451 W auditd  : type=1400 "StartThread""820""proc"
06-16 19:52:28.391 26242 26242 D BgTest  : uiCount 63
06-16 19:52:28.558 26242 27124 D BgTest  : bgCount 63
06-16 19:52:29.283   451   451 W auditd  : type=1400 "StartThread""s1302""proc"
06-16 19:52:29.283   451   451 W auditd  : type=1400 "StartThread""touchpanel""proc"
06-16 19:52:29.285   451   451 W auditd  : type=1400 "StartThread""cmdline""proc"
06-16 19:52:29.314   451   451 W auditd  : type=1400 "StartThread""429""proc"
06-16 19:52:29.315   451   451 W auditd  : type=1400 "StartThread""452""proc"
06-16 19:52:29.317   451   451 W auditd  : type=1400 "StartThread""514""proc"
06-16 19:52:29.317   451   451 W auditd  : type=1400 "StartThread""515""proc"
06-16 19:52:29.317   451   451 W auditd  : type=1400 "StartThread""516""proc"
06-16 19:52:29.317   451   451 W auditd  : type=1400 "StartThread""517""proc"
06-16 19:52:29.317   451   451 W auditd  : type=1400 "StartThread""518""proc"
06-16 19:52:29.317   451   451 W auditd  : type=1400 "StartThread""521""proc"
06-16 19:52:29.317   451   451 W auditd  : type=1400 "StartThread""527""proc"
06-16 19:52:29.317   451   451 W auditd  : type=1400 "StartThread""529""proc"
06-16 19:52:29.317   451   451 W auditd  : type=1400 "StartThread""531""proc"
06-16 19:52:29.317   451   451 W auditd  : type=1400 "StartThread""567""proc"
06-16 19:52:29.317   451   451 W auditd  : type=1400 "StartThread""588""proc"
06-16 19:52:29.318   451   451 W auditd  : type=1400 "StartThread""594""proc"
06-16 19:52:29.318   451   451 W auditd  : type=1400 "StartThread""cmdline""proc"
06-16 19:52:29.318   451   451 W auditd  : type=1400 "StartThread""cmdline""proc"
06-16 19:52:29.318   451   451 W auditd  : type=1400 "StartThread""820""proc"
06-16 19:52:29.395 26242 26242 D BgTest  : uiCount 64
06-16 19:52:29.562 26242 27124 D BgTest  : bgCount 64
06-16 19:52:30.323   451   451 W auditd  : type=1400 "StartThread""s1302""proc"
06-16 19:52:30.324   451   451 W auditd  : type=1400 "StartThread""touchpanel""proc"
06-16 19:52:30.326   451   451 W auditd  : type=1400 "StartThread""cmdline""proc"
06-16 19:52:30.354   451   451 W auditd  : type=1400 "StartThread""429""proc"
06-16 19:52:30.355   451   451 W auditd  : type=1400 "StartThread""452""proc"
06-16 19:52:30.357   451   451 W auditd  : type=1400 "StartThread""514""proc"
06-16 19:52:30.357   451   451 W auditd  : type=1400 "StartThread""515""proc"
06-16 19:52:30.357   451   451 W auditd  : type=1400 "StartThread""516""proc"
06-16 19:52:30.357   451   451 W auditd  : type=1400 "StartThread""517""proc"
06-16 19:52:30.357   451   451 W auditd  : type=1400 "StartThread""518""proc"
06-16 19:52:30.357   451   451 W auditd  : type=1400 "StartThread""521""proc"
06-16 19:52:30.357   451   451 W auditd  : type=1400 "StartThread""527""proc"
06-16 19:52:30.357   451   451 W auditd  : type=1400 "StartThread""529""proc"
06-16 19:52:30.357   451   451 W auditd  : type=1400 "StartThread""531""proc"
06-16 19:52:30.357   451   451 W auditd  : type=1400 "StartThread""567""proc"
06-16 19:52:30.358   451   451 W auditd  : type=1400 "StartThread""588""proc"
06-16 19:52:30.358   451   451 W auditd  : type=1400 "StartThread""594""proc"
06-16 19:52:30.358   451   451 W auditd  : type=1400 "StartThread""cmdline""proc"
06-16 19:52:30.358   451   451 W auditd  : type=1400 "StartThread""cmdline""proc"
06-16 19:52:30.358   451   451 W auditd  : type=1400 "StartThread""820""proc"
06-16 19:52:30.399 26242 26242 D BgTest  : uiCount 65
06-16 19:52:30.569 26242 27124 D BgTest  : bgCount 65
06-16 19:52:31.367   451   451 W auditd  : type=1400 "StartThread""s1302""proc"
06-16 19:52:31.367   451   451 W auditd  : type=1400 "StartThread""touchpanel""proc"
06-16 19:52:31.369   451   451 W auditd  : type=1400 "StartThread""cmdline""proc"
06-16 19:52:31.398   451   451 W auditd  : type=1400 "StartThread""429""proc"
06-16 19:52:31.398   451   451 W auditd  : type=1400 "StartThread""452""proc"
06-16 19:52:31.398   451   451 W auditd  : type=1400 "StartThread""514""proc"
06-16 19:52:31.399   451   451 W auditd  : type=1400 "StartThread""515""proc"
06-16 19:52:31.399   451   451 W auditd  : type=1400 "StartThread""516""proc"
06-16 19:52:31.399   451   451 W auditd  : type=1400 "StartThread""517""proc"
06-16 19:52:31.399   451   451 W auditd  : type=1400 "StartThread""518""proc"
06-16 19:52:31.400   451   451 W auditd  : type=1400 "StartThread""521""proc"
06-16 19:52:31.400   451   451 W auditd  : type=1400 "StartThread""527""proc"
06-16 19:52:31.400   451   451 W auditd  : type=1400 "StartThread""529""proc"
06-16 19:52:31.400   451   451 W auditd  : type=1400 "StartThread""531""proc"
06-16 19:52:31.400   451   451 W auditd  : type=1400 "StartThread""567""proc"
06-16 19:52:31.401   451   451 W auditd  : type=1400 "StartThread""588""proc"
06-16 19:52:31.401   451   451 W auditd  : type=1400 "StartThread""594""proc"
06-16 19:52:31.401   451   451 W auditd  : type=1400 "StartThread""cmdline""proc"
06-16 19:52:31.401   451   451 W auditd  : type=1400 "StartThread""cmdline""proc"
06-16 19:52:31.402 26242 26242 D BgTest  : uiCount 66
06-16 19:52:31.401   451   451 W auditd  : type=1400 "StartThread""820""proc"
06-16 19:52:31.571 26242 27124 D BgTest  : bgCount 66
06-16 19:52:32.404 26242 26242 D BgTest  : uiCount 67
06-16 19:52:32.410   451   451 W auditd  : type=1400 "StartThread""s1302""proc"
06-16 19:52:32.411   451   451 W auditd  : type=1400 "StartThread""touchpanel""proc"
06-16 19:52:32.412   451   451 W auditd  : type=1400 "StartThread""cmdline""proc"
06-16 19:52:32.437   451   451 W auditd  : type=1400 "StartThread""429""proc"
06-16 19:52:32.437   451   451 W auditd  : type=1400 "StartThread""452""proc"
06-16 19:52:32.437   451   451 W auditd  : type=1400 "StartThread""514""proc"
06-16 19:52:32.438   451   451 W auditd  : type=1400 "StartThread""515""proc"
06-16 19:52:32.438   451   451 W auditd  : type=1400 "StartThread""516""proc"
06-16 19:52:32.438   451   451 W auditd  : type=1400 "StartThread""517""proc"
06-16 19:52:32.438   451   451 W auditd  : type=1400 "StartThread""518""proc"
06-16 19:52:32.438   451   451 W auditd  : type=1400 "StartThread""521""proc"
06-16 19:52:32.438   451   451 W auditd  : type=1400 "StartThread""527""proc"
06-16 19:52:32.438   451   451 W auditd  : type=1400 "StartThread""529""proc"
06-16 19:52:32.438   451   451 W auditd  : type=1400 "StartThread""531""proc"
06-16 19:52:32.438   451   451 W auditd  : type=1400 "StartThread""567""proc"
06-16 19:52:32.438   451   451 W auditd  : type=1400 "StartThread""588""proc"
06-16 19:52:32.438   451   451 W auditd  : type=1400 "StartThread""594""proc"
06-16 19:52:32.438   451   451 W auditd  : type=1400 "StartThread""cmdline""proc"
06-16 19:52:32.438   451   451 W auditd  : type=1400 "StartThread""cmdline""proc"
06-16 19:52:32.438   451   451 W auditd  : type=1400 "StartThread""820""proc"
06-16 19:52:32.579 26242 27124 D BgTest  : bgCount 67
06-16 19:52:33.406 26242 26242 D BgTest  : uiCount 68
06-16 19:52:33.447   451   451 W auditd  : type=1400 "StartThread""s1302""proc"
06-16 19:52:33.447   451   451 W auditd  : type=1400 "StartThread""touchpanel""proc"
06-16 19:52:33.447   451   451 W auditd  : type=1400 "StartThread""cmdline""proc"
06-16 19:52:33.459   451   451 W auditd  : type=1400 "StartThread""429""proc"
06-16 19:52:33.460   451   451 W auditd  : type=1400 "StartThread""452""proc"
06-16 19:52:33.461   451   451 W auditd  : type=1400 "StartThread""514""proc"
06-16 19:52:33.462   451   451 W auditd  : type=1400 "StartThread""515""proc"
06-16 19:52:33.462   451   451 W auditd  : type=1400 "StartThread""516""proc"
06-16 19:52:33.463   451   451 W auditd  : type=1400 "StartThread""517""proc"
06-16 19:52:33.463   451   451 W auditd  : type=1400 "StartThread""518""proc"
06-16 19:52:33.463   451   451 W auditd  : type=1400 "StartThread""521""proc"
06-16 19:52:33.463   451   451 W auditd  : type=1400 "StartThread""527""proc"
06-16 19:52:33.463   451   451 W auditd  : type=1400 "StartThread""529""proc"
06-16 19:52:33.463   451   451 W auditd  : type=1400 "StartThread""531""proc"
06-16 19:52:33.463   451   451 W auditd  : type=1400 "StartThread""567""proc"
06-16 19:52:33.463   451   451 W auditd  : type=1400 "StartThread""588""proc"
06-16 19:52:33.463   451   451 W auditd  : type=1400 "StartThread""594""proc"
06-16 19:52:33.465   451   451 W auditd  : type=1400 "StartThread""cmdline""proc"
06-16 19:52:33.465   451   451 W auditd  : type=1400 "StartThread""cmdline""proc"
06-16 19:52:33.465   451   451 W auditd  : type=1400 "StartThread""820""proc"
06-16 19:52:33.584 26242 27124 D BgTest  : bgCount 68
06-16 19:52:34.257  1412  1412 I DeviceIdleController: updateChargingLocked: charging=true
06-16 19:52:34.258  1412  1412 I DeviceIdleController: becomeActiveLocked, reason = charging
06-16 19:52:34.262  3629  3629 D AbstractProcessor: onBatteryChange Percent:45 State:2 
06-16 19:52:34.282  1412  1460 D DeviceIdleController: handleMessage(5)
06-16 19:52:34.408 26242 26242 D BgTest  : uiCount 69
06-16 19:52:34.480   451   451 W auditd  : type=1400 "StartThread""s1302""proc"
06-16 19:52:34.481   451   451 W auditd  : type=1400 "StartThread""touchpanel""proc"
06-16 19:52:34.481   451   451 W auditd  : type=1400 "StartThread""cmdline""proc"
06-16 19:52:34.515   451   451 W auditd  : type=1400 "StartThread""429""proc"
06-16 19:52:34.517   451   451 W auditd  : type=1400 "StartThread""452""proc"
06-16 19:52:34.517   451   451 W auditd  : type=1400 "StartThread""514""proc"
06-16 19:52:34.518   451   451 W auditd  : type=1400 "StartThread""515""proc"
06-16 19:52:34.518   451   451 W auditd  : type=1400 "StartThread""516""proc"
06-16 19:52:34.518   451   451 W auditd  : type=1400 "StartThread""517""proc"
06-16 19:52:34.518   451   451 W auditd  : type=1400 "StartThread""518""proc"
06-16 19:52:34.518   451   451 W auditd  : type=1400 "StartThread""521""proc"
06-16 19:52:34.521   451   451 W auditd  : type=1400 "StartThread""527""proc"
06-16 19:52:34.522   451   451 W auditd  : type=1400 "StartThread""529""proc"
06-16 19:52:34.522   451   451 W auditd  : type=1400 "StartThread""531""proc"
06-16 19:52:34.523   451   451 W auditd  : type=1400 "StartThread""567""proc"
06-16 19:52:34.523   451   451 W auditd  : type=1400 "StartThread""588""proc"
06-16 19:52:34.523   451   451 W auditd  : type=1400 "StartThread""594""proc"
06-16 19:52:34.523   451   451 W auditd  : type=1400 "StartThread""cmdline""proc"
06-16 19:52:34.523   451   451 W auditd  : type=1400 "StartThread""cmdline""proc"
06-16 19:52:34.524   451   451 W auditd  : type=1400 "StartThread""820""proc"
06-16 19:52:34.592 26242 27124 D BgTest  : bgCount 69
06-16 19:52:35.238  1412  1460 D DeviceIdleController: handleMessage(5)
06-16 19:52:35.239  1412  1460 D DeviceIdleController: Removing UID 10120 from temp whitelist
06-16 19:52:35.239  1412  1460 D DeviceIdleController: Setting wakelock temp whitelist to []
06-16 19:52:35.413 26242 26242 D BgTest  : uiCount 70
06-16 19:52:35.536   451   451 W auditd  : type=1400 "StartThread""s1302""proc"
06-16 19:52:35.537   451   451 W auditd  : type=1400 "StartThread""touchpanel""proc"
06-16 19:52:35.539   451   451 W auditd  : type=1400 "StartThread""cmdline""proc"
06-16 19:52:35.567   451   451 W auditd  : type=1400 "StartThread""429""proc"
06-16 19:52:35.568   451   451 W auditd  : type=1400 "StartThread""452""proc"
06-16 19:52:35.570   451   451 W auditd  : type=1400 "StartThread""514""proc"
06-16 19:52:35.571   451   451 W auditd  : type=1400 "StartThread""515""proc"
06-16 19:52:35.573   451   451 W auditd  : type=1400 "StartThread""516""proc"
06-16 19:52:35.574   451   451 W auditd  : type=1400 "StartThread""517""proc"
06-16 19:52:35.574   451   451 W auditd  : type=1400 "StartThread""518""proc"
06-16 19:52:35.574   451   451 W auditd  : type=1400 "StartThread""521""proc"
06-16 19:52:35.574   451   451 W auditd  : type=1400 "StartThread""527""proc"
06-16 19:52:35.574   451   451 W auditd  : type=1400 "StartThread""529""proc"
06-16 19:52:35.574   451   451 W auditd  : type=1400 "StartThread""531""proc"
06-16 19:52:35.575   451   451 W auditd  : type=1400 "StartThread""567""proc"
06-16 19:52:35.577   451   451 W auditd  : type=1400 "StartThread""588""proc"
06-16 19:52:35.577   451   451 W auditd  : type=1400 "StartThread""594""proc"
06-16 19:52:35.577   451   451 W auditd  : type=1400 "StartThread""cmdline""proc"
06-16 19:52:35.577   451   451 W auditd  : type=1400 "StartThread""cmdline""proc"
06-16 19:52:35.577   451   451 W auditd  : type=1400 "StartThread""820""proc"
06-16 19:52:35.598 26242 27124 D BgTest  : bgCount 70
06-16 19:52:36.415 26242 26242 D BgTest  : uiCount 71
06-16 19:52:36.585   451   451 W auditd  : type=1400 "StartThread""s1302""proc"
06-16 19:52:36.586   451   451 W auditd  : type=1400 "StartThread""touchpanel""proc"
06-16 19:52:36.587   451   451 W auditd  : type=1400 "StartThread""cmdline""proc"
06-16 19:52:36.605 26242 27124 D BgTest  : bgCount 71
06-16 19:52:36.618   451   451 W auditd  : type=1400 "StartThread""429""proc"
06-16 19:52:36.618   451   451 W auditd  : type=1400 "StartThread""452""proc"
06-16 19:52:36.619   451   451 W auditd  : type=1400 "StartThread""514""proc"
06-16 19:52:36.619   451   451 W auditd  : type=1400 "StartThread""515""proc"
06-16 19:52:36.619   451   451 W auditd  : type=1400 "StartThread""516""proc"
06-16 19:52:36.620   451   451 W auditd  : type=1400 "StartThread""517""proc"
06-16 19:52:36.620   451   451 W auditd  : type=1400 "StartThread""518""proc"
06-16 19:52:36.620   451   451 W auditd  : type=1400 "StartThread""521""proc"
06-16 19:52:36.620   451   451 W auditd  : type=1400 "StartThread""527""proc"
06-16 19:52:36.620   451   451 W auditd  : type=1400 "StartThread""529""proc"
06-16 19:52:36.620   451   451 W auditd  : type=1400 "StartThread""531""proc"
06-16 19:52:36.620   451   451 W auditd  : type=1400 "StartThread""567""proc"
06-16 19:52:36.620   451   451 W auditd  : type=1400 "StartThread""588""proc"
06-16 19:52:36.620   451   451 W auditd  : type=1400 "StartThread""594""proc"
06-16 19:52:36.623   451   451 W auditd  : type=1400 "StartThread""cmdline""proc"
06-16 19:52:36.623   451   451 W auditd  : type=1400 "StartThread""cmdline""proc"
06-16 19:52:36.623   451   451 W auditd  : type=1400 "StartThread""820""proc"
06-16 19:52:37.417 26242 26242 D BgTest  : uiCount 72
06-16 19:52:37.613 26242 27124 D BgTest  : bgCount 72
06-16 19:52:37.639   451   451 W auditd  : type=1400 "StartThread""s1302""proc"
06-16 19:52:37.640   451   451 W auditd  : type=1400 "StartThread""touchpanel""proc"
06-16 19:52:37.641   451   451 W auditd  : type=1400 "StartThread""cmdline""proc"
06-16 19:52:37.650   451   451 W auditd  : type=1400 "StartThread""429""proc"
06-16 19:52:37.650   451   451 W auditd  : type=1400 "StartThread""452""proc"
06-16 19:52:37.651   451   451 W auditd  : type=1400 "StartThread""514""proc"
06-16 19:52:37.652   451   451 W auditd  : type=1400 "StartThread""515""proc"
06-16 19:52:37.652   451   451 W auditd  : type=1400 "StartThread""516""proc"
06-16 19:52:37.654   451   451 W auditd  : type=1400 "StartThread""517""proc"
06-16 19:52:37.654   451   451 W auditd  : type=1400 "StartThread""518""proc"
06-16 19:52:37.655   451   451 W auditd  : type=1400 "StartThread""521""proc"
06-16 19:52:37.655   451   451 W auditd  : type=1400 "StartThread""527""proc"
06-16 19:52:37.656   451   451 W auditd  : type=1400 "StartThread""529""proc"
06-16 19:52:37.656   451   451 W auditd  : type=1400 "StartThread""531""proc"
06-16 19:52:37.656   451   451 W auditd  : type=1400 "StartThread""567""proc"
06-16 19:52:37.657   451   451 W auditd  : type=1400 "StartThread""588""proc"
06-16 19:52:37.657   451   451 W auditd  : type=1400 "StartThread""594""proc"
06-16 19:52:37.657   451   451 W auditd  : type=1400 "StartThread""cmdline""proc"
06-16 19:52:37.657   451   451 W auditd  : type=1400 "StartThread""cmdline""proc"
06-16 19:52:37.657   451   451 W auditd  : type=1400 "StartThread""820""proc"
06-16 19:52:38.419 26242 26242 D BgTest  : uiCount 73
06-16 19:52:38.619 26242 27124 D BgTest  : bgCount 73
06-16 19:52:38.663   451   451 W auditd  : type=1400 "StartThread""s1302""proc"
06-16 19:52:38.664   451   451 W auditd  : type=1400 "StartThread""touchpanel""proc"
06-16 19:52:38.665   451   451 W auditd  : type=1400 "StartThread""cmdline""proc"
06-16 19:52:38.694   451   451 W auditd  : type=1400 "StartThread""429""proc"
06-16 19:52:38.696   451   451 W auditd  : type=1400 "StartThread""452""proc"
06-16 19:52:38.696   451   451 W auditd  : type=1400 "StartThread""514""proc"
06-16 19:52:38.696   451   451 W auditd  : type=1400 "StartThread""515""proc"
06-16 19:52:38.697   451   451 W auditd  : type=1400 "StartThread""516""proc"
06-16 19:52:38.697   451   451 W auditd  : type=1400 "StartThread""517""proc"
06-16 19:52:38.697   451   451 W auditd  : type=1400 "StartThread""518""proc"
06-16 19:52:38.697   451   451 W auditd  : type=1400 "StartThread""521""proc"
06-16 19:52:38.697   451   451 W auditd  : type=1400 "StartThread""527""proc"
06-16 19:52:38.697   451   451 W auditd  : type=1400 "StartThread""529""proc"
06-16 19:52:38.697   451   451 W auditd  : type=1400 "StartThread""531""proc"
06-16 19:52:38.697   451   451 W auditd  : type=1400 "StartThread""567""proc"
06-16 19:52:38.697   451   451 W auditd  : type=1400 "StartThread""588""proc"
06-16 19:52:38.697   451   451 W auditd  : type=1400 "StartThread""594""proc"
06-16 19:52:38.697   451   451 W auditd  : type=1400 "StartThread""cmdline""proc"
06-16 19:52:38.697   451   451 W auditd  : type=1400 "StartThread""cmdline""proc"
06-16 19:52:38.697   451   451 W auditd  : type=1400 "StartThread""820""proc"
06-16 19:52:39.424 26242 26242 D BgTest  : uiCount 74
06-16 19:52:39.622 26242 27124 D BgTest  : bgCount 74
06-16 19:52:39.705   451   451 W auditd  : type=1400 "StartThread""s1302""proc"
06-16 19:52:39.706   451   451 W auditd  : type=1400 "StartThread""touchpanel""proc"
06-16 19:52:39.706   451   451 W auditd  : type=1400 "StartThread""cmdline""proc"
06-16 19:52:39.716   451   451 W auditd  : type=1400 "StartThread""429""proc"
06-16 19:52:39.717   451   451 W auditd  : type=1400 "StartThread""452""proc"
06-16 19:52:39.717   451   451 W auditd  : type=1400 "StartThread""514""proc"
06-16 19:52:39.720   451   451 W auditd  : type=1400 "StartThread""515""proc"
06-16 19:52:39.720   451   451 W auditd  : type=1400 "StartThread""516""proc"
06-16 19:52:39.720   451   451 W auditd  : type=1400 "StartThread""517""proc"
06-16 19:52:39.720   451   451 W auditd  : type=1400 "StartThread""518""proc"
06-16 19:52:39.720   451   451 W auditd  : type=1400 "StartThread""521""proc"
06-16 19:52:39.720   451   451 W auditd  : type=1400 "StartThread""527""proc"
06-16 19:52:39.720   451   451 W auditd  : type=1400 "StartThread""529""proc"
06-16 19:52:39.720   451   451 W auditd  : type=1400 "StartThread""531""proc"
06-16 19:52:39.720   451   451 W auditd  : type=1400 "StartThread""567""proc"
06-16 19:52:39.720   451   451 W auditd  : type=1400 "StartThread""588""proc"
06-16 19:52:39.720   451   451 W auditd  : type=1400 "StartThread""594""proc"
06-16 19:52:39.720   451   451 W auditd  : type=1400 "StartThread""cmdline""proc"
06-16 19:52:39.720   451   451 W auditd  : type=1400 "StartThread""cmdline""proc"
06-16 19:52:39.720   451   451 W auditd  : type=1400 "StartThread""820""proc"
06-16 19:52:40.268  1412  1412 I DeviceIdleController: updateChargingLocked: charging=true
06-16 19:52:40.269  1412  1412 I DeviceIdleController: becomeActiveLocked, reason = charging
06-16 19:52:40.274  3629  3629 D AbstractProcessor: onBatteryChange Percent:45 State:2 
06-16 19:52:40.426 26242 26242 D BgTest  : uiCount 75
06-16 19:52:40.630 26242 27124 D BgTest  : bgCount 75
06-16 19:52:40.729   451   451 W auditd  : type=1400 "StartThread""s1302""proc"
06-16 19:52:40.729   451   451 W auditd  : type=1400 "StartThread""touchpanel""proc"
06-16 19:52:40.732   451   451 W auditd  : type=1400 "StartThread""cmdline""proc"
06-16 19:52:40.758   451   451 W auditd  : type=1400 "StartThread""429""proc"
06-16 19:52:40.759   451   451 W auditd  : type=1400 "StartThread""452""proc"
06-16 19:52:40.759   451   451 W auditd  : type=1400 "StartThread""514""proc"
06-16 19:52:40.759   451   451 W auditd  : type=1400 "StartThread""515""proc"
06-16 19:52:40.760   451   451 W auditd  : type=1400 "StartThread""516""proc"
06-16 19:52:40.760   451   451 W auditd  : type=1400 "StartThread""517""proc"
06-16 19:52:40.760   451   451 W auditd  : type=1400 "StartThread""518""proc"
06-16 19:52:40.760   451   451 W auditd  : type=1400 "StartThread""521""proc"
06-16 19:52:40.760   451   451 W auditd  : type=1400 "StartThread""527""proc"
06-16 19:52:40.761   451   451 W auditd  : type=1400 "StartThread""529""proc"
06-16 19:52:40.761   451   451 W auditd  : type=1400 "StartThread""531""proc"
06-16 19:52:40.761   451   451 W auditd  : type=1400 "StartThread""567""proc"
06-16 19:52:40.761   451   451 W auditd  : type=1400 "StartThread""588""proc"
06-16 19:52:40.764   451   451 W auditd  : type=1400 "StartThread""594""proc"
06-16 19:52:40.764   451   451 W auditd  : type=1400 "StartThread""cmdline""proc"
06-16 19:52:40.764   451   451 W auditd  : type=1400 "StartThread""cmdline""proc"
06-16 19:52:40.765   451   451 W auditd  : type=1400 "StartThread""820""proc"
06-16 19:52:40.921  1412  1902 D WifiStateMachine: shouldSwitchNetwork  txSuccessRate=1.57 rxSuccessRate=0.01 delta 37 -> 37
06-16 19:52:40.930  1412  2623 E WifiService: Permission denial: Need ACCESS_COARSE_LOCATION or ACCESS_FINE_LOCATION permission to get scan results
06-16 19:52:40.934  2273  2273 I wpa_supplicant: wlan0: CTRL-EVENT-DISCONNECTED bssid=84:d9:31:14:4f:20 reason=3 locally_generated=1
06-16 19:52:40.936  2273  2273 E wpa_supplicant: eap_proxy: eap_proxy_notify_config
06-16 19:52:40.936  2273  2273 E wpa_supplicant: eap_proxy: eap_proxy_notify_config
06-16 19:52:40.936  2273  2273 E wpa_supplicant: eap_proxy: eap_proxy_notify_config
06-16 19:52:40.936  2273  2273 E wpa_supplicant: eap_proxy: eap_proxy_notify_config
06-16 19:52:40.937  1412  1902 D WifiStateMachine: CMD_AUTO_CONNECT sup state CompletedState my state ConnectedState nid=8 roam=3
06-16 19:52:40.937  1412  1902 D WifiStateMachine: CMD_AUTO_CONNECT will save config -> "Meitu.cp" nid=8
06-16 19:52:40.940  1412  1481 D Tethering: InitialState.processMessage what=4
06-16 19:52:40.941  2273  2273 W wpa_supplicant: nl80211: Was expecting local disconnect but got another disconnect event first
06-16 19:52:40.941  2273  2273 E wpa_supplicant: eap_proxy: eap_proxy_notify_config
06-16 19:52:40.943  1412  1481 D Tethering: sendTetherStateChangedBroadcast 0, 0, 0
06-16 19:52:40.943  1412  1898 D NtpTrustedTime: currentTimeMillis() cache hit
06-16 19:52:40.944  2653  2653 I QtiTetherService/TetherNotifier: onReceive()
06-16 19:52:40.944  2653  2653 I QtiTetherService/TetherNotifier: recognized android.net.conn.TETHER_STATE_CHANGED
06-16 19:52:40.944  2653  2653 I QtiTetherService/TetherNotifier: Active=[]
06-16 19:52:40.951  1412  1898 I TetherStatsReporting: getTetherStats() called NetworkStats: elapsedRealtime=287199215
06-16 19:52:40.951  1412  1898 I TetherStatsReporting:   [0] iface=wlan0 uid=0 set=DEFAULT tag=0x0 rxBytes=11493531 rxPackets=59491 txBytes=28930073 txPackets=556877 operations=0
06-16 19:52:40.951  1412  1898 I TetherStatsReporting:   [1] iface=wlan0 uid=0 set=FOREGROUND tag=0x0 rxBytes=0 rxPackets=0 txBytes=0 txPackets=0 operations=0
06-16 19:52:40.951  1412  1898 I TetherStatsReporting:   [2] iface=wlan0 uid=1000 set=DEFAULT tag=0x0 rxBytes=445167 rxPackets=1651 txBytes=285659 txPackets=2199 operations=0
06-16 19:52:40.951  1412  1898 I TetherStatsReporting:   [3] iface=wlan0 uid=1000 set=FOREGROUND tag=0x0 rxBytes=0 rxPackets=0 txBytes=0 txPackets=0 operations=0
06-16 19:52:40.951  1412  1898 I TetherStatsReporting:   [4] iface=wlan0 uid=2000 set=DEFAULT tag=0x0 rxBytes=22043842 rxPackets=122952 txBytes=43605924 txPackets=90076 operations=0
06-16 19:52:40.951  1412  1898 I TetherStatsReporting:   [5] iface=wlan0 uid=2000 set=FOREGROUND tag=0x0 rxBytes=0 rxPackets=0 txBytes=0 txPackets=0 operations=0
06-16 19:52:40.951  1412  1898 I TetherStatsReporting:   [6] iface=wlan0 uid=10000 set=DEFAULT tag=0x0 rxBytes=5972 rxPackets=37 txBytes=5707 txPackets=36 operations=0
06-16 19:52:40.951  1412  1898 I TetherStatsReporting:   [7] iface=wlan0 uid=10000 set=FOREGROUND tag=0x0 rxBytes=6140 rxPackets=38 txBytes=11199 txPackets=56 operations=0
06-16 19:52:40.951  1412  1898 I TetherStatsReporting:   [8] iface=wlan0 uid=10003 set=DEFAULT tag=0x0 rxBytes=3958 rxPackets=10 txBytes=1312 txPackets=10 operations=0
06-16 19:52:40.951  1412  1898 I TetherStatsReporting:   [9] iface=wlan0 uid=10003 set=FOREGROUND tag=0x0 rxBytes=0 rxPackets=0 txBytes=0 txPackets=0 operations=0
06-16 19:52:40.951  1412  1898 I TetherStatsReporting:   [10] iface=wlan0 uid=10009 set=DEFAULT tag=0x0 rxBytes=85584 rxPackets=647 txBytes=88801 txPackets=894 operations=0
06-16 19:52:40.951  1412  1898 I TetherStatsReporting:   [11] iface=wlan0 uid=10009 set=FOREGROUND tag=0x0 rxBytes=85398326 rxPackets=57129 txBytes=1664094 txPackets=34552 operations=0
06-16 19:52:40.951  1412  1898 I TetherStatsReporting:   [12] iface=wlan0 uid=10013 set=DEFAULT tag=0x0 rxBytes=1352 rxPackets=8 txBytes=2362 txPackets=12 operations=0
06-16 19:52:40.951  1412  1898 I TetherStatsReporting:   [13] iface=wlan0 uid=10013 set=FOREGROUND tag=0x0 rxBytes=0 rxPackets=0 txBytes=0 txPackets=0 operations=0
06-16 19:52:40.951  1412  1898 I TetherStatsReporting:   [14] iface=wlan0 uid=10047 set=DEFAULT tag=0x0 rxBytes=330 rxPackets=4 txBytes=1321 txPackets=6 operations=0
06-16 19:52:40.951  1412  1898 I TetherStatsReporting:   [15] iface=wlan0 uid=10047 set=FOREGROUND tag=0x0 rxBytes=0 rxPackets=0 txBytes=0 txPackets=0 operations=0
06-16 19:52:40.951  1412  1898 I TetherStatsReporting:   [16] iface=wlan0 uid=10061 set=DEFAULT tag=0x0 rxBytes=419045 rxPackets=1889 txBytes=607900 txPackets=2857 operations=0
06-16 19:52:40.951  1412  1898 I TetherStatsReporting:   [17] iface=wlan0 uid=10061 set=FOREGROUND tag=0x0 rxBytes=11590573 rxPackets=9280 txBytes=853321 txPackets=8421 operations=0
06-16 19:52:40.951  1412  1898 I TetherStatsReporting:   [18] iface=wlan0 uid=10067 set=DEFAULT tag=0x0 rxBytes=15391 rxPackets=38 txBytes=9404 txPackets=52 operations=0
06-16 19:52:40.951  1412  1898 I TetherStatsReporting:   [19] iface=wlan0 uid=10067 set=FOREGROUND tag=0x0 rxBytes=0 rxPackets=0 txBytes=0 txPackets=0 operations=0
06-16 19:52:40.951  1412  1898 I TetherStatsReporting:   [20] iface=wlan0 uid=10070 set=DEFAULT tag=0x0 rxBytes=368 rxPackets=4 txBytes=637 txPackets=5 operations=0
06-16 19:52:40.951  1412  1898 I TetherStatsReporting:   [21] iface=wlan0 uid=10070 set=FOREGROUND tag=0x0 rxBytes=0 rxPackets=0 txBytes=0 txPackets=0 operations=0
06-16 19:52:40.951  1412  1898 I TetherStatsReporting:   [22] iface=wlan0 uid=10072 set=DEFAULT tag=0x0 rxBytes=0 rxPackets=0 txBytes=76 txPackets=1 operations=0
06-16 19:52:40.951  1412  1898 I TetherStatsReporting:   [23] iface=wlan0 uid=10072 set=FOREGROUND tag=0x0 rxBytes=0 rxPackets=0 txBytes=0 txPackets=0 operations=0
06-16 19:52:40.951  1412  1898 I TetherStatsReporting:   [24] iface=wlan0 uid=10084 set=DEFAULT tag=0x0 rxBytes=160004 rxPackets=506 txBytes=66736 txPackets=589 operations=0
06-16 19:52:40.951  1412  1898 I TetherStatsReporting:   [25] iface=wlan0 uid=10084 set=FOREGROUND tag=0x0 rxBytes=0 rxPackets=0 txBytes=0 txPackets=0 operations=0
06-16 19:52:40.951  1412  1898 I TetherStatsReporting:   [26] iface=wlan0 uid=10090 set=DEFAULT tag=0x0 rxBytes=3223686 rxPackets=16720 txBytes=2493887 txPackets=25160 operations=0
06-16 19:52:40.951  1412  1898 I TetherStatsReporting:   [27] iface=wlan0 uid=10090 set=FOREGROUND tag=0x0 rxBytes=0 rxPackets=0 txBytes=0 txPackets=0 operations=0
06-16 19:52:40.951  1412  1898 I TetherStatsReporting:   [28] iface=wlan0 uid=10092 set=DEFAULT tag=0x0 rxBytes=23172 rxPackets=122 txBytes=17263 txPackets=105 operations=0
