06-16 15:37:49.589   874   931 D DisplayPowerState: Screen ready
06-16 15:37:49.589   874   931 D DisplayPowerState: setColorFadeLevel: level=0.0778361
06-16 15:37:49.607   874   931 D DisplayPowerState: Screen ready
06-16 15:37:49.608   874   931 D DisplayPowerState: setColorFadeLevel: level=0.04592848
06-16 15:37:49.626   874   931 D DisplayPowerState: Screen ready
06-16 15:37:49.626   874   931 D DisplayPowerState: setColorFadeLevel: level=0.022103548
06-16 15:37:49.645   874   931 D DisplayPowerState: Screen ready
06-16 15:37:49.645   874   931 D DisplayPowerState: setColorFadeLevel: level=0.0067853928
06-16 15:37:49.663   874   931 D DisplayPowerState: Screen ready
06-16 15:37:49.663   874   931 D DisplayPowerState: setColorFadeLevel: level=1.3875961E-4
06-16 15:37:49.668   874  1848 D DeviceStateService: doCheckState handle=3
06-16 15:37:49.671   874  1848 D DeviceStateService: Native: nativeDoCheckLockState check=0, lock_rtx->enable=0,lock_rtx->lock_state=0,result:0.
06-16 15:37:49.671   874   899 D DeviceStateService: doCheckState handle=4
06-16 15:37:49.672   874   899 D DeviceStateService: Native: nativeDoCheckLockState check=0, lock_rtx->enable=0,lock_rtx->lock_state=0,result:0.
06-16 15:37:49.681   874   931 D DisplayPowerState: Screen ready
06-16 15:37:49.682   874   931 D DisplayPowerState: setColorFadeLevel: level=0.0
06-16 15:37:49.700   874   931 D DisplayPowerState: Requesting new screen state: state=ON, backlight=0
06-16 15:37:49.700   874   931 D DisplayPowerState: Screen not ready
06-16 15:37:49.700   874   993 D lights  : write 0 to /sys/class/leds/lcd-backlight/brightness
06-16 15:37:49.700   874   993 D DisplayPowerState: Updating screen state: state=ON, backlight=0, backlightChanged=true
06-16 15:37:49.700   874   993 D lights  : write_int open fd=291
06-16 15:37:49.700   874   931 D DisplayPowerController: debounceProximitySensor : mProximity:-1,setInteractive:false, mProximityScreenOffBroadcastSend:false
06-16 15:37:49.700   874   931 D DisplayPowerState: setScreenState: state=1
06-16 15:37:49.705   272   272 I SurfaceFlinger: [Built-in Screen (type:0)] fps:40.540733,dur:1011.33,max:148.81,min:15.85
06-16 15:37:49.707   874   931 D SensorService: SensorDevice::activate: ident=0x7f5fd8cda0, handle=0x00000002, enabled=0, count=1
06-16 15:37:49.707   874   931 D SensorService: disable index=0
06-16 15:37:49.707   874   931 D SensorService: 	>>> actuating h/w activate handle=2 enabled=0
06-16 15:37:49.707   874   931 I SensorHAL: Dev Active, handle: 2, name: LTR559 Proximity Sensor, enable: 0.
06-16 15:37:49.707   874   931 I SensorHAL: SensorBase::Enable. name: LTR559 Proximity Sensor, enable: 0
06-16 15:37:49.707   874   931 I SensorHAL: HWSensorBase::Enable, handle: 2, name: lsm6ds3_proximity, enable: 0
06-16 15:37:49.707   874   931 D SensorService: ~SensorEventConnection(0x7f5fd8cda0)
06-16 15:37:49.707   874   931 D SensorService: 2 active sensors
06-16 15:37:49.707   874   931 D SensorService: removing connection 0x7f5fd8cda0 for sensor[0].handle=0x00000001
06-16 15:37:49.707   874   931 D SensorService: removing connection 0x7f5fd8cda0 for sensor[1].handle=0x00000007
06-16 15:37:49.707   874   931 D SensorService: SensorDevice::activate: ident=0x7f5fd8ca20, handle=0x00000001, enabled=0, count=1
06-16 15:37:49.707   874   931 D SensorService: disable index=0
06-16 15:37:49.708   874   931 D DisplayPowerState: setScreenBrightness: brightness=0
06-16 15:37:49.707   874   931 D SensorService: 	>>> actuating h/w activate handle=1 enabled=0
06-16 15:37:49.708   874   931 D DisplayPowerState: Requesting new screen state: state=OFF, backlight=0
06-16 15:37:49.707   874   931 I SensorHAL: Dev Active, handle: 1, name: LTR559 Light Sensor, enable: 0.
06-16 15:37:49.708   874   931 D DisplayPowerState: Screen not ready
06-16 15:37:49.707   874   931 I SensorHAL: SensorBase::Enable. name: LTR559 Light Sensor, enable: 0
06-16 15:37:49.708   874   931 D DisplayPowerController: debounceProximitySensor : mProximity:-1,setInteractive:false, mProximityScreenOffBroadcastSend:false
06-16 15:37:49.708   874   931 I SensorHAL: HWSensorBase::Enable, handle: 1, name: lsm6ds3_light, enable: 0
06-16 15:37:49.708   874   993 D DisplayPowerState: Updating screen state: state=OFF, backlight=0, backlightChanged=false
06-16 15:37:49.708   874   931 D SensorService: ~SensorEventConnection(0x7f5fd8ca20)
06-16 15:37:49.708   874   993 D DisplayManagerService: Update global display state for DisplayDeviceInfo{"内置屏幕": uniqueId="local:0", 1080 x 1920, 57.860004 fps, supportedRefreshRates [57.860004], density 480, 480.0 x 480.0 dpi, appVsyncOff -8000000, presDeadline 26283096, touch INTERNAL, rotation 0, type BUILT_IN, state ON, subtype 0, FLAG_DEFAULT_DISPLAY, FLAG_ROTATES_WITH_CONTENT, FLAG_SECURE, FLAG_SUPPORTS_PROTECTED_BUFFERS}
06-16 15:37:49.708   874   931 D SensorService: 1 active sensors
06-16 15:37:49.709   874   993 D LocalDisplayAdapter: requestDisplayState(OFF, id=0)
06-16 15:37:49.708   874   931 D SensorService: removing connection 0x7f5fd8ca20 for sensor[0].handle=0x00000007
06-16 15:37:49.709   874   928 I DisplayManagerService: Display device changed: DisplayDeviceInfo{"内置屏幕": uniqueId="local:0", 1080 x 1920, 57.860004 fps, supportedRefreshRates [57.860004], density 480, 480.0 x 480.0 dpi, appVsyncOff -8000000, presDeadline 26283096, touch INTERNAL, rotation 0, type BUILT_IN, state OFF, subtype 0, FLAG_DEFAULT_DISPLAY, FLAG_ROTATES_WITH_CONTENT, FLAG_SECURE, FLAG_SUPPORTS_PROTECTED_BUFFERS}
06-16 15:37:49.709   272   272 D SurfaceFlinger: Set power mode=0, type=0 flinger=0x7f7a059000
06-16 15:37:49.709   874   928 D DisplayManagerService: Delivering display event: displayId=0, event=2
06-16 15:37:49.709   874   874 V ActivityManager: Display changed displayId=0
06-16 15:37:49.709   272   272 I hwcomposer: [HWC] SetPowerMode(0) Display(0)
06-16 15:37:49.722   272   272 I PerfService: PerfServiceNative_notifyDisplayType:1
06-16 15:37:49.799   874   931 D DisplayPowerState: Screen ready
06-16 15:37:49.799   874   931 D DisplayPowerController: debounceProximitySensor : mProximity:-1,setInteractive:false, mProximityScreenOffBroadcastSend:false
06-16 15:37:49.799   874   874 I ActivityManager: onWakefulnessChanged: 0
06-16 15:37:49.849 15430 15981 D BgTest  : bgCount 177
06-16 15:37:49.865   874  1832 V ActivityManager: Broadcast: Intent { act=android.intent.action.CLOSE_SYSTEM_DIALOGS flg=0x50000010 (has extras) } ordered=false userid=-1 callerApp=null
06-16 15:37:49.866  1040  1040 V PhoneStatusBar: onReceive: Intent { act=android.intent.action.CLOSE_SYSTEM_DIALOGS flg=0x50000010 (has extras) }
06-16 15:37:49.965 15430 15430 D BgTest  : uiCount 184  +6
06-16 15:37:50.170  1040  1040 W recents.Component: create a new LoadPlan to load thumbnail -- background
06-16 15:37:50.172  1040  1040 W recents.Performance: preload while task Change spend : 2
06-16 15:37:50.320   874   922 D GpsLocationProvider: receive broadcast intent, action: android.intent.action.SCREEN_OFF
06-16 15:37:50.322  1561  1561 I PowerLogHandler: set screenoff msg 
06-16 15:37:50.326  1040  1040 V PhoneStatusBar: onReceive: Intent { act=android.intent.action.SCREEN_OFF flg=0x50000010 }
06-16 15:37:50.326  1040  1040 V PhoneStatusBar: hiding heads up window
06-16 15:37:50.331  1885  1885 I Launcher: launcher stats1 = WORKSPACE
06-16 15:37:50.456 17671 17671 I CalendarProvider2: Sending notification intent: Intent { act=android.intent.action.PROVIDER_CHANGED dat=content://com.android.calendar }
06-16 15:37:50.456 17671 17671 W ContentResolver: Failed to get type for: content://com.android.calendar (Unknown URL content://com.android.calendar)
06-16 15:37:50.457   874  1245 V ActivityManager: Broadcast: Intent { act=android.intent.action.PROVIDER_CHANGED dat=content://com.android.calendar flg=0x10 } ordered=false userid=0 callerApp=ProcessRecord{243e2d37 17671:com.android.providers.calendar/u0a4}
06-16 15:37:50.461  6795  6795 D MzCalendarWidget: AppWidgetService received an intent. It was Intent { act=android.intent.action.PROVIDER_CHANGED dat=content://com.android.calendar flg=0x10 cmp=com.android.calendar/com.meizu.flyme.calendar.widget.CalendarAppWidgetService$CalendarFactory }
06-16 15:37:50.465  6795  6795 I MzCalendar: AlertReceiver, onReceive action --- android.intent.action.PROVIDER_CHANGED
06-16 15:37:50.467   874  1162 D LinkWakenInterception: isInterceptAsUsual, the callerPkg(com.android.calendar) and calleePkg are same, return false.
06-16 15:37:50.467   874  1162 D Interception: isInterceptByRule realCallingPid: 6795 isInterceptAsUsual: false isMatch: false, runType===retrieve_service|||callerPkg===com.android.calendar|||calleePkg===com.android.calendar|||calleeClass===com.meizu.flyme.calendar.alerts.AlertService|||processName===com.android.calendar:remote|||action===*|||data===*|||extras===Bundle[mParcelledData.dataSize=228]|||interception===false
06-16 15:37:50.469  6795  6795 D MzCalendarWidget: Querying for widget events...
06-16 15:37:50.474  6795 17702 D AlertService: Action = android.intent.action.PROVIDER_CHANGED, alarmTime : 19700101T080000
06-16 15:37:50.476 17671 17696 D SQLiteDatabase: beginTransaction()
06-16 15:37:50.476 17671 17696 D SQLiteDatabase: endTransaction()
06-16 15:37:50.487  6795 17702 I MzCalendar: AlertService, Beginning updateAlertNotification
06-16 15:37:50.488   874  1712 D AlarmManager: manual remove option = PendingIntent{235db80d: PendingIntentRecord{13026d0d com.android.calendar broadcastIntent}}
06-16 15:37:50.488   874  1712 V AlarmManager: remove(operation) changed bounds; rebatching com.android.calendar.APPWIDGET_SCHEDULED_UPDATE
06-16 15:37:50.489   874  1712 D AlarmManager:  alarm = Alarm{40983c2 type 0 when 15:38:44 start 15:38:44 end 15:38:44 com.sodino.postdelay} add to Batch{83e65d3 num=1 start=188026603 end=188026603 STANDALONE}
06-16 15:37:50.491   874  1712 D AlarmAlignManager: adjustAlarmByPermission type = 1 Alarm{19c9d510 type 0 when 15:41:00 start 15:40:30 end 15:41:30 com.tencent.mm}
06-16 15:37:50.492   874  1712 D AlarmAlignManager: adjustAlarmByPermission type = 1 Alarm{143ac809 type 2 when 15:43:14 start 15:42:44 end 15:43:44 com.tencent.mm}
06-16 15:37:50.494   874  1712 D AlarmManager:  alarm = Alarm{5f01a0e type 3 when 17:25:30 start 17:25:30 end 17:25:30 android} add to Batch{23ff8c2f num=1 start=194431909 end=194431909}
06-16 15:37:50.495   874  1712 D AlarmManager:  alarm = Alarm{bdf323c type 0 when 22:59:59 start 23:00:00 end 23:00:00 com.android.settings} add to Batch{25bedbc5 num=1 start=214501662 end=214501662 STANDALONE}
06-16 15:37:50.495  6795 17702 I MzCalendar: AlertService, No fired or scheduled alerts
06-16 15:37:50.496   874  1712 D AlarmManager:  alarm = Alarm{3897c91a type 1 when 00:00:00 start 00:00:00 end 00:00:00 com.meizu.flyme.input} add to Batch{3c02bc4b num=1 start=218101662 end=218101662 STANDALONE}
06-16 15:37:50.497   874  1712 D AlarmManager:  alarm = Alarm{f8b3628 type 1 when 00:00:00 start 00:00:00 end 00:00:00 com.meizu.flyme.launcher} add to Batch{3c02bc4b num=2 start=218101662 end=218101662 STANDALONE}
06-16 15:37:50.499   874  1245 V AlarmManager: APP set(PendingIntent{13b66f41: PendingIntentRecord{13026d0d com.android.calendar broadcastIntent}}) : type=1 triggerAtTime=1497628800000 win=0 tElapsed=218101663 maxElapsed=218101663 interval=0 standalone=true
06-16 15:37:50.500   874  1245 D AlarmManager:  alarm = Alarm{7d95ce6 type 1 when 00:00:00 start 00:00:00 end 00:00:00 com.android.calendar} add to Batch{3c02bc4b num=3 start=218101663 end=218101662 STANDALONE}
06-16 15:37:50.889 15430 15981 D BgTest  : bgCount 178
06-16 15:37:50.966 15430 15430 D BgTest  : uiCount 185  +6
06-16 15:37:51.929 15430 15981 D BgTest  : bgCount 179
06-16 15:37:51.967 15430 15430 D BgTest  : uiCount 186  +6
06-16 15:37:52.569  1561  2084 D DataBuryManager: end charging 
06-16 15:37:52.572  1561  2084 I DataBuryManager:  charge_battery : {battery_volume_available_before_charge=97, charge_time=187.83, charge_type=2, battery_volume_available_after_charge=100, near_last_time=39.205334}
06-16 15:37:52.572  1561  2084 D DataBuryManager: currentLevel : 100 currentStatus : 5 currentPlugType : 0
06-16 15:37:52.623  1561  2084 D DataBuryManager: end charging 
06-16 15:37:52.623  1561  2084 D DataBuryManager: currentLevel : 100 currentStatus : 5 currentPlugType : 0
06-16 15:37:52.968 15430 15430 D BgTest  : uiCount 187  +7
06-16 15:37:52.969 15430 15981 D BgTest  : bgCount 180
06-16 15:37:53.780   319   319 I thermal_repeater: oh, queryMdThermalInfo (0)Bad file number
06-16 15:37:53.788   319   319 I thermal_repeater: [recvMdThermalInfo] ret=25, strLen=127,  1, 32767,,, -1, 32767, 2
06-16 15:37:53.970 15430 15430 D BgTest  : uiCount 188  +7
06-16 15:37:53.970 15430 15981 D BgTest  : bgCount 181
06-16 15:37:54.173  1835  1958 V SettingsInterface:  from settings cache , name = mz_game_mode , value = null
06-16 15:37:54.290  1835  1974 D RecordState: startCheck recordList = [] currentTime = 187975952
06-16 15:37:54.290  1835  1974 V SettingsInterface:  from settings cache , name = location_providers_allowed , value = default
06-16 15:37:54.290   874  1245 D CSLegacyTypeTracker: getNetworkForType type 0
06-16 15:37:54.290  1835  1974 V SettingsInterface:  from settings cache , name = location_providers_allowed , value = default
06-16 15:37:54.290   874  1245 D CSLegacyTypeTracker: getNetworkForType type 1
06-16 15:37:54.290  1835  1974 D LocationState: startCheck navigatingList = [] currentTime = 187975952
06-16 15:37:54.290   874  1245 D CSLegacyTypeTracker: getNetworkForType type 2
06-16 15:37:54.290   874  1245 D CSLegacyTypeTracker: getNetworkForType type 3
06-16 15:37:54.290   874  1245 D CSLegacyTypeTracker: getNetworkForType type 4
06-16 15:37:54.290   874  1245 D CSLegacyTypeTracker: getNetworkForType type 5
06-16 15:37:54.290   874  1245 D CSLegacyTypeTracker: getNetworkForType type 7
06-16 15:37:54.290   874  1245 D CSLegacyTypeTracker: getNetworkForType type 10
06-16 15:37:54.290   874  1245 D CSLegacyTypeTracker: getNetworkForType type 11
06-16 15:37:54.291   874  1245 D CSLegacyTypeTracker: getNetworkForType type 12
06-16 15:37:54.291   874  1245 D CSLegacyTypeTracker: getNetworkForType type 14
06-16 15:37:54.291   874  1245 D CSLegacyTypeTracker: getNetworkForType type 15
06-16 15:37:54.291   874  1245 D CSLegacyTypeTracker: getNetworkForType type 17
06-16 15:37:54.291   874  1245 D CSLegacyTypeTracker: getNetworkForType type 34
06-16 15:37:54.291   874  1245 D CSLegacyTypeTracker: getNetworkForType type 35
06-16 15:37:54.291   874  1245 D CSLegacyTypeTracker: getNetworkForType type 36
06-16 15:37:54.291   874  1245 D CSLegacyTypeTracker: getNetworkForType type 37
06-16 15:37:54.291   874  1245 D CSLegacyTypeTracker: getNetworkForType type 38
06-16 15:37:54.291   874  1245 D CSLegacyTypeTracker: getNetworkForType type 40
06-16 15:37:54.291   874  1245 D CSLegacyTypeTracker: getNetworkForType type 41
06-16 15:37:54.291   874  1245 D CSLegacyTypeTracker: getNetworkForType type 49
06-16 15:37:54.296  1835  1974 D MultiMediaState: startCheck musicList = [] currentTime = 187975957 isMusicPlaying = true  isPluggedHeadPhone = false isInteractive = false
06-16 15:37:54.296  1835  1974 D MultiMediaState: startCheck  otherList = [com.sodino.postdelay, com.meizu.flyme.launcher, com.meizu.flymecommunication, com.android.calendar, com.android.providers.calendar, com.android.providers.media, com.android.providers.downloads, com.mediatek.mtklogger, com.meizu.safe, com.android.defcontainer, com.meizu.battery, com.android.musicfx, com.android.providers.applications, com.android.providers.userdictionary, com.android.providers.contacts, com.meizu.voiceassistant, com.meizu.media.gallery, com.meizu.compaign, com.meizu.media.video, com.meizu.media.music, com.svox.pico, com.meizu.filemanager, com.android.settings, com.android.packageinstaller, com.android.keychain, com.tencent.mm, com.meizu.privacy, com.meizu.account, com.meizu.mzsyncservice, com.tencent.qqpinyin, com.meizu.flyme.service.find, com.flyme.systemuitools, com.meizu.share, com.meizu.cloud, com.android.providers.telephony, com.android.stk, com.android.phone, com.meizu.alphame, com.mediatek.nlpservice, com.android.incallui, com.waves.maxxservice, com.amap.android.location, com.meizu.experiencedatasync, com.android.systemui, android, com.android.providers.settings, com.android.server.telecom, com.android.location.fused] currentTime = 187975957 isMusicPlaying = false  isPluggedHeadPhone = false isInteractive = false
06-16 15:37:54.296  1835  1974 D ScreenRecordState: isScreenRecord currentTime = 187975958 mScreenRecordTime = 0 isScreenRecord = false
06-16 15:37:54.296  1835  1974 D RecordState: isRecording currentTime = 187975958 mRecordTime = 0 isRecord = false
06-16 15:37:54.296  1835  1974 D LocationState: isNavigation currentTime = 187975958 mNavigationTime = 0 isNavigation = false
06-16 15:37:54.296  1835  1974 D DownloadState: isDownload currentTime = 187975958 mDownloadTime = 181016028 isDownload = false
06-16 15:37:54.296  1835  1974 D MultiMediaState: isPlayMusic currentTime = 187975958 mPlayMusicTime = 0 isMusic = false
06-16 15:38:45.025   874   953 V AlarmManager: Checking for alarms... rtc=1497598725025, elapsed=188026687
06-16 15:38:45.026 15430 15430 D BgTest  : uiCount 189  +7
06-16 15:38:45.026   874   953 D AlarmManager: set alarm to RTC 2-188161987-15:41:00
06-16 15:38:45.026 15430 15981 D BgTest  : bgCount 182
06-16 15:38:45.027   874   953 D AlarmManager: set alarm to RTC 3-188029221-15:38:47
06-16 15:38:45.028   874   953 D AlarmManager: sending alarm Alarm{11bed227 type 3 when 15:38:00 start 15:37:59 end 15:38:00 android}and operation:android.intent.action.TIME_TICK
06-16 15:38:45.029   279   279 E ccci_fsd(1): Failed to read from FS device (-1) !! errno = 4
06-16 15:38:45.028   874   953 V ActivityManager: Broadcast: Intent { act=android.intent.action.TIME_TICK flg=0x50000114 (has extras) } ordered=true userid=-1 callerApp=null
06-16 15:38:45.029   874   874 V AlarmManager: Received TIME_TICK alarm; rescheduling
06-16 15:38:45.030   874   953 V AlarmManager: sending alarm Alarm{11bed227 type 3 when 15:38:00 start 15:38:00 end 15:37:59 android} success
06-16 15:38:45.032   874   953 D AlarmManager: sending alarm Alarm{23718cd4 type 3 when 15:38:44 start 15:38:44 end 15:38:44 com.sodino.postdelay}and operation:action.test.XML.repeating
06-16 15:38:45.032   874   953 V ActivityManager: Broadcast: Intent { act=action.test.XML.repeating flg=0x114 (has extras) } ordered=true userid=0 callerApp=null
06-16 15:38:45.034   874   953 V AlarmManager: sending alarm Alarm{23718cd4 type 3 when 15:38:44 start 15:38:44 end 15:38:44 com.sodino.postdelay} success
06-16 15:38:45.035   874   953 D AlarmManager: sending alarm Alarm{3039be7d type 0 when 15:38:44 start 15:38:44 end 15:38:44 com.sodino.postdelay}and operation:action.test.XML
06-16 15:38:45.035   874   953 V ActivityManager: Broadcast: Intent { act=action.test.XML flg=0x114 (has extras) } ordered=true userid=0 callerApp=null
06-16 15:38:45.035 15430 15430 D com.sodino.postdelay.XmlAlarmRepeatingReceiver: onReceive xml.repating 2017-06-16 15:38:45.035
06-16 15:38:45.036   874   953 V AlarmManager: sending alarm Alarm{3039be7d type 0 when 15:38:44 start 15:38:44 end 15:38:44 com.sodino.postdelay} success
06-16 15:38:45.037   874   953 D AlarmManager: sending alarm Alarm{40983c2 type 0 when 15:38:44 start 15:38:44 end 15:38:44 com.sodino.postdelay}and operation:action.test.XML.code
06-16 15:38:45.038   874   953 V ActivityManager: Broadcast: Intent { act=action.test.XML.code flg=0x114 (has extras) } ordered=true userid=0 callerApp=null
06-16 15:38:45.039 15430 15430 D com.sodino.postdelay.XmlAlarmReceiver: onReceive xml 2017-06-16 15:38:45.038
06-16 15:38:45.039 15430 15430 D com.sodino.postdelay.TestAlarmService: nextXmlAlarm
06-16 15:38:45.039 15430 15430 D com.sodino.postdelay.TestAlarmService: Schedule intentXml alarm at 2017-06-16 15:39:45.039
06-16 15:38:45.040   874   953 V AlarmManager: sending alarm Alarm{40983c2 type 0 when 15:38:44 start 15:38:44 end 15:38:44 com.sodino.postdelay} success
06-16 15:38:45.040   874   874 V AlarmManager: APP set(PendingIntent{1d616e05: PendingIntentRecord{edf8e5a android broadcastIntent}}) : type=3 triggerAtTime=188041662 win=0 tElapsed=188041662 maxElapsed=188041662 interval=0 standalone=true
06-16 15:38:45.040   874   900 V AlarmManager: APP set(PendingIntent{324e6172: PendingIntentRecord{3b537184 com.sodino.postdelay broadcastIntent}}) : type=0 triggerAtTime=1497598785039 win=0 tElapsed=188086702 maxElapsed=188086702 interval=0 standalone=true
06-16 15:38:45.041  1040  1040 D KeyguardUpdateMonitor: received broadcast android.intent.action.TIME_TICK
06-16 15:38:45.041   874   900 D AlarmManager: set alarm to RTC 2-188086702-15:39:45
06-16 15:38:45.041  1040  1040 D KeyguardUpdateMonitor: handleTimeUpdate
06-16 15:38:45.042  1040  1040 V SettingsInterface:  from settings cache , name = time_12_24 , value = 24
06-16 15:38:45.043  1040  1040 V SettingsInterface:  from settings cache , name = time_12_24 , value = 24
06-16 15:38:45.043  1040  1040 V SettingsInterface:  from settings cache , name = time_12_24 , value = 24
06-16 15:38:45.044 15430 15430 D com.sodino.postdelay.CodeAlarmReceiver: onReceive code 2017-06-16 15:38:45.044
06-16 15:38:45.044 15430 15430 D com.sodino.postdelay.TestAlarmService: nextCodeAlarm
06-16 15:38:45.044 15430 15430 D com.sodino.postdelay.TestAlarmService: Schedule intentCode alarm at 2017-06-16 15:39:45.044
06-16 15:38:45.045   874  1884 V AlarmManager: APP set(PendingIntent{1d3c69c3: PendingIntentRecord{387dc369 com.sodino.postdelay broadcastIntent}}) : type=0 triggerAtTime=1497598785044 win=0 tElapsed=188086706 maxElapsed=188086706 interval=0 standalone=true
06-16 15:38:45.046   874  1884 D AlarmManager:  alarm = Alarm{2ac4a240 type 0 when 15:39:45 start 15:39:45 end 15:39:45 com.sodino.postdelay} add to Batch{1ca8c579 num=1 start=188086702 end=188086702 STANDALONE}
06-16 15:38:45.093  1040  1040 V SettingsInterface:  from settings cache , name = date_format , value = null
06-16 15:38:45.563   279   279 E ccci_fsd(1): Failed to read from FS device (-1) !! errno = 4
06-16 15:39:45.016   279   279 E ccci_fsd(1): Failed to read from FS device (-1) !! errno = 4
06-16 15:39:45.017   874   953 V AlarmManager: Checking for alarms... rtc=1497598785017, elapsed=188086679
06-16 15:39:45.017   874   953 V AlarmManager: isPowerSavingStart = true
06-16 15:39:45.017   874   953 V AlarmManager: isAlarmNeedAlign = true
06-16 15:39:45.018   874   953 D AlarmManager: set alarm to RTC 2-188086879-15:39:45
06-16 15:39:45.019   874   953 D AlarmManager: sending alarm Alarm{149d22be type 3 when 15:38:47 start 15:38:47 end 15:38:47 android}and operation:android.content.jobscheduler.JOB_DELAY_EXPIRED
06-16 15:39:45.019   874   953 V ActivityManager: Broadcast: Intent { act=android.content.jobscheduler.JOB_DELAY_EXPIRED flg=0x114 (has extras) } ordered=true userid=0 callerApp=null
06-16 15:39:45.020   874   874 V AlarmManager: isPowerSavingStart = true
06-16 15:39:45.020   874   874 V AlarmManager: isAlarmNeedAlign = true
06-16 15:39:45.021   874   953 V AlarmManager: sending alarm Alarm{149d22be type 3 when 15:38:47 start 15:38:47 end 15:38:47 android} success
06-16 15:39:45.022   874   953 D AlarmManager: sending alarm Alarm{471df1f type 3 when 15:39:00 start 15:39:00 end 15:39:00 android}and operation:android.intent.action.TIME_TICK
06-16 15:39:45.023   874   953 V ActivityManager: Broadcast: Intent { act=android.intent.action.TIME_TICK flg=0x50000114 (has extras) } ordered=true userid=-1 callerApp=null
06-16 15:39:45.024   874   953 V AlarmManager: sending alarm Alarm{471df1f type 3 when 15:39:00 start 15:39:00 end 15:39:00 android} success
06-16 15:39:45.024   874   953 D AlarmManager: sending alarm Alarm{771a26c type 3 when 15:39:44 start 15:39:44 end 15:39:44 com.sodino.postdelay}and operation:action.test.XML.repeating
06-16 15:39:45.025   874   953 V ActivityManager: Broadcast: Intent { act=action.test.XML.repeating flg=0x114 (has extras) } ordered=true userid=0 callerApp=null
06-16 15:39:45.026   874   953 V AlarmManager: sending alarm Alarm{771a26c type 3 when 15:39:44 start 15:39:44 end 15:39:44 com.sodino.postdelay} success
06-16 15:39:45.026   874   874 V AlarmManager: APP set(PendingIntent{14eadd4c: PendingIntentRecord{2c359195 android broadcastIntent}}) : type=3 triggerAtTime=202685826 win=-1 tElapsed=202685826 maxElapsed=213635184 interval=0 standalone=false
06-16 15:39:45.027   874   874 D AlarmManager: set alarm to RTC 2-188086888-15:39:45
06-16 15:39:45.028   874   874 V AlarmManager: Received TIME_TICK alarm; rescheduling
06-16 15:39:45.028   874   874 V AlarmManager: isPowerSavingStart = true
06-16 15:39:45.028   874   874 V AlarmManager: isAlarmNeedAlign : android skip!
06-16 15:39:45.029 15430 15430 D BgTest  : uiCount 190  +7
06-16 15:39:45.028   874   874 V AlarmManager: APP set(PendingIntent{1d616e05: PendingIntentRecord{edf8e5a android broadcastIntent}}) : type=3 triggerAtTime=188101662 win=0 tElapsed=188101662 maxElapsed=188101662 interval=0 standalone=true
06-16 15:39:45.029   874   874 D AlarmManager: set alarm to RTC 2-188086891-15:39:45
06-16 15:39:45.030 15430 15430 D com.sodino.postdelay.XmlAlarmRepeatingReceiver: onReceive xml.repating 2017-06-16 15:39:45.029
06-16 15:39:45.040  1040  1040 D KeyguardUpdateMonitor: received broadcast android.intent.action.TIME_TICK
06-16 15:39:45.040  1040  1040 D KeyguardUpdateMonitor: handleTimeUpdate
06-16 15:39:45.041  1040  1040 V SettingsInterface:  from settings cache , name = time_12_24 , value = 24
06-16 15:39:45.042  1040  1040 V SettingsInterface:  from settings cache , name = time_12_24 , value = 24
06-16 15:39:45.042  1040  1040 V SettingsInterface:  from settings cache , name = time_12_24 , value = 24
06-16 15:39:45.063 15430 15981 D BgTest  : bgCount 183
06-16 15:39:45.090  1040  1040 V SettingsInterface:  from settings cache , name = date_format , value = null
06-16 15:39:45.229   874   953 V AlarmManager: Checking for alarms... rtc=1497598785228, elapsed=188086891
06-16 15:39:45.229   874   953 D AlarmManager: set alarm to RTC 2-188161987-15:41:00
06-16 15:39:45.230   874   953 D AlarmManager: set alarm to RTC 3-188101662-15:40:00
06-16 15:39:45.231   874   953 D AlarmManager: sending alarm Alarm{16674035 type 0 when 15:39:45 start 15:39:45 end 15:39:45 com.sodino.postdelay}and operation:action.test.XML
06-16 15:39:45.231   874   953 V ActivityManager: Broadcast: Intent { act=action.test.XML flg=0x114 (has extras) } ordered=true userid=0 callerApp=null
06-16 15:39:45.233   874   953 V AlarmManager: sending alarm Alarm{16674035 type 0 when 15:39:45 start 15:39:45 end 15:39:45 com.sodino.postdelay} success
06-16 15:39:45.234 15430 15430 D com.sodino.postdelay.XmlAlarmReceiver: onReceive xml 2017-06-16 15:39:45.234
06-16 15:39:45.234 15430 15430 D com.sodino.postdelay.TestAlarmService: nextXmlAlarm
06-16 15:39:45.234   874   953 D AlarmManager: sending alarm Alarm{2ac4a240 type 0 when 15:39:45 start 15:39:45 end 15:39:45 com.sodino.postdelay}and operation:action.test.XML.code
06-16 15:39:45.234   874   953 V ActivityManager: Broadcast: Intent { act=action.test.XML.code flg=0x114 (has extras) } ordered=true userid=0 callerApp=null
06-16 15:39:45.234 15430 15430 D com.sodino.postdelay.TestAlarmService: Schedule intentXml alarm at 2017-06-16 15:40:45.234
06-16 15:39:45.235   874  1712 V AlarmManager: isPowerSavingStart = true
06-16 15:39:45.235   874  1712 V AlarmManager: isAlarmNeedAlign = true
06-16 15:39:45.236   874   953 V AlarmManager: sending alarm Alarm{2ac4a240 type 0 when 15:39:45 start 15:39:45 end 15:39:45 com.sodino.postdelay} success
06-16 15:39:45.236   874  1712 V AlarmManager: APP set(PendingIntent{1d84acca: PendingIntentRecord{3b537184 com.sodino.postdelay broadcastIntent}}) : type=0 triggerAtTime=1497598845234 win=0 tElapsed=188146896 maxElapsed=188446896 interval=0 standalone=false
06-16 15:39:45.237   874  1712 D AlarmManager:  alarm = Alarm{2c5f4e3b type 0 when 15:40:45 start 15:40:44 end 15:40:46 com.sodino.postdelay} add to Batch{2b0c7958 num=1 start=188131987 end=188191987}
06-16 15:39:45.238   874  1712 D AlarmManager: set alarm to RTC 2-188147396-15:40:45
06-16 15:39:45.239 15430 15430 D com.sodino.postdelay.CodeAlarmReceiver: onReceive code 2017-06-16 15:39:45.239
06-16 15:39:45.239 15430 15430 D com.sodino.postdelay.TestAlarmService: nextCodeAlarm
06-16 15:39:45.239 15430 15430 D com.sodino.postdelay.TestAlarmService: Schedule intentCode alarm at 2017-06-16 15:40:45.239
06-16 15:39:45.240   874   899 V AlarmManager: isPowerSavingStart = true
06-16 15:39:45.240   874   899 V AlarmManager: isAlarmNeedAlign = true
06-16 15:39:45.240   874   899 V AlarmManager: APP set(PendingIntent{1358aab1: PendingIntentRecord{387dc369 com.sodino.postdelay broadcastIntent}}) : type=0 triggerAtTime=1497598845239 win=0 tElapsed=188146901 maxElapsed=188446901 interval=0 standalone=false
06-16 15:39:45.241   874   899 D AlarmManager:  alarm = Alarm{36a8cb96 type 0 when 15:40:45 start 15:40:44 end 15:40:46 com.sodino.postdelay} add to Batch{2b0c7958 num=2 start=188145896 end=188147896}
06-16 15:40:46.025   279   279 E ccci_fsd(1): Failed to read from FS device (-1) !! errno = 4
06-16 15:40:46.026   874   982 D AudioService: MzCreateMediaserverWatchdogThread: monitor mediaserver end !!!
06-16 15:40:46.026   874   953 V AlarmManager: Checking for alarms... rtc=1497598846026, elapsed=188147688
06-16 15:40:46.026   874   982 D AudioService: MzCreateMediaserverWatchdogThread: monitor mediaserver start !!!
06-16 15:40:46.026   874   953 V AlarmManager: isPowerSavingStart = true
06-16 15:40:46.026   874   953 V AlarmManager: isAlarmNeedAlign = true
06-16 15:40:46.028   874   953 D AlarmAlignManager: adjustAlarmByPermission type = 1 Alarm{3fea9317 type 0 when 15:56:00 start 15:55:30 end 15:56:30 com.tencent.mm}
06-16 15:40:46.026   874   953 V AlarmManager: isPowerSavingStart = true
06-16 15:40:46.029   874 17707 D AudioSystem: +setParameters(): mediaserver_monitor=1 
06-16 15:40:46.026   874   953 V AlarmManager: isAlarmNeedAlign = true
06-16 15:40:46.029   301   948 I AudioFlinger: setParameters(): io 0, keyvalue mediaserver_monitor=1, calling pid 874
06-16 15:40:46.028   874   953 D AlarmManager: set alarm to RTC 2-188296343-15:43:14
06-16 15:40:46.031   301   948 D AudioALSAHardware: +setParameters(): mediaserver_monitor=1
06-16 15:40:46.029   874   953 D AlarmManager: set alarm to RTC 3-188150940-15:40:49
06-16 15:40:46.031   301   948 W AudioALSAHardware: setParameters(), still have param.size() = 1, remain param = "mediaserver_monitor=1"
06-16 15:40:46.030   874   953 D AlarmManager: sending alarm Alarm{a7bd304 type 3 when 15:40:00 start 15:39:59 end 15:40:00 android}and operation:android.intent.action.TIME_TICK
06-16 15:40:46.031   301   948 D AudioALSAHardware: -setParameters(): mediaserver_monitor=1 
06-16 15:40:46.030   874   953 V ActivityManager: Broadcast: Intent { act=android.intent.action.TIME_TICK flg=0x50000114 (has extras) } ordered=true userid=-1 callerApp=null
06-16 15:40:46.031   301   948 D bt_audio_a2dp_hw: [A2DP_HW] [adev_set_parameters@1540] out is null , check in stream
06-16 15:40:46.031   874   874 V AlarmManager: Received TIME_TICK alarm; rescheduling
06-16 15:40:46.031   301   948 I str_params: key: 'mediaserver_monitor' value: '1'
06-16 15:40:46.031   874   874 V AlarmManager: isPowerSavingStart = true
06-16 15:40:46.031   301   948 D usb_audio_hw: adev_set_parameters: kvpairs = mediaserver_monitor=1
06-16 15:40:46.031   874   874 V AlarmManager: isAlarmNeedAlign : android skip!
06-16 15:40:46.032   874 17707 D AudioSystem: -setParameters(): mediaserver_monitor=1 
06-16 15:40:46.032   874   953 V AlarmManager: sending alarm Alarm{a7bd304 type 3 when 15:40:00 start 15:39:59 end 15:40:00 android} success
06-16 15:40:46.033   301 19502 I AudioPolicyManager: setStreamVolumeIndex stream = 7 index = 15 device = 0x400
06-16 15:40:46.034   874   953 D AlarmManager: sending alarm Alarm{2a1c40ed type 3 when 15:40:44 start 15:40:44 end 15:40:44 com.sodino.postdelay}and operation:action.test.XML.repeating
06-16 15:40:46.035   874   953 V ActivityManager: Broadcast: Intent { act=action.test.XML.repeating flg=0x114 (has extras) } ordered=true userid=0 callerApp=null
06-16 15:40:46.037   874   953 V AlarmManager: sending alarm Alarm{2a1c40ed type 3 when 15:40:44 start 15:40:44 end 15:40:44 com.sodino.postdelay} success
06-16 15:40:46.038   874   953 D AlarmManager: sending alarm Alarm{2c5f4e3b type 0 when 15:40:45 start 15:40:44 end 15:40:46 com.sodino.postdelay}and operation:action.test.XML
06-16 15:40:46.038 15430 15430 D com.sodino.postdelay.XmlAlarmRepeatingReceiver: onReceive xml.repating 2017-06-16 15:40:46.038
06-16 15:40:46.038   874   953 V ActivityManager: Broadcast: Intent { act=action.test.XML flg=0x114 (has extras) } ordered=true userid=0 callerApp=null
06-16 15:40:46.040   874   953 V AlarmManager: sending alarm Alarm{2c5f4e3b type 0 when 15:40:45 start 15:40:44 end 15:40:46 com.sodino.postdelay} success
06-16 15:40:46.041   874   953 D AlarmManager: sending alarm Alarm{36a8cb96 type 0 when 15:40:45 start 15:40:44 end 15:40:46 com.sodino.postdelay}and operation:action.test.XML.code
06-16 15:40:46.042   874   953 V ActivityManager: Broadcast: Intent { act=action.test.XML.code flg=0x114 (has extras) } ordered=true userid=0 callerApp=null
06-16 15:40:46.042 15430 15430 D com.sodino.postdelay.XmlAlarmReceiver: onReceive xml 2017-06-16 15:40:46.041
06-16 15:40:46.042 15430 15430 D com.sodino.postdelay.TestAlarmService: nextXmlAlarm
06-16 15:40:46.042 15430 15430 D com.sodino.postdelay.TestAlarmService: Schedule intentXml alarm at 2017-06-16 15:41:46.042
06-16 15:40:46.043   874  1162 V AlarmManager: isPowerSavingStart = true
06-16 15:40:46.043   874  1162 V AlarmManager: isAlarmNeedAlign = true
06-16 15:40:46.043   874   953 V AlarmManager: sending alarm Alarm{36a8cb96 type 0 when 15:40:45 start 15:40:44 end 15:40:46 com.sodino.postdelay} success
06-16 15:40:46.044   874   953 D AlarmManager: sending alarm Alarm{19c9d510 type 0 when 15:41:00 start 15:40:30 end 15:41:30 com.tencent.mm}and operation:null
06-16 15:40:46.044   874   953 V ActivityManager: Broadcast: Intent { flg=0x114 cmp=com.tencent.mm/.booter.MMReceivers$AlarmReceiver (has extras) } ordered=true userid=0 callerApp=null
06-16 15:40:46.046   874   953 V AlarmManager: sending alarm Alarm{19c9d510 type 0 when 15:41:00 start 15:40:30 end 15:41:30 com.tencent.mm} success
06-16 15:40:46.046   874   874 V AlarmManager: APP set(PendingIntent{1d616e05: PendingIntentRecord{edf8e5a android broadcastIntent}}) : type=3 triggerAtTime=188161662 win=0 tElapsed=188161662 maxElapsed=188161662 interval=0 standalone=true
06-16 15:40:46.047   874   874 D AlarmManager:  alarm = Alarm{2e1e0b22 type 3 when 15:40:59 start 15:41:00 end 15:41:00 android} add to Batch{87b49b3 num=1 start=188162008 end=188162008}
06-16 15:40:46.047   874  1162 V AlarmManager: APP set(PendingIntent{20651b70: PendingIntentRecord{3b537184 com.sodino.postdelay broadcastIntent}}) : type=0 triggerAtTime=1497598906042 win=0 tElapsed=188207704 maxElapsed=188507704 interval=0 standalone=false
06-16 15:40:46.048  1040  1040 D KeyguardUpdateMonitor: received broadcast android.intent.action.TIME_TICK
06-16 15:40:46.048  1040  1040 D KeyguardUpdateMonitor: handleTimeUpdate
06-16 15:40:46.049   874  1162 D AlarmManager: set alarm to RTC 2-188207704-15:41:46
06-16 15:40:46.049  1040  1040 V SettingsInterface:  from settings cache , name = time_12_24 , value = 24
06-16 15:40:46.049  1040  1040 V SettingsInterface:  from settings cache , name = time_12_24 , value = 24
06-16 15:40:46.050  1040  1040 V SettingsInterface:  from settings cache , name = time_12_24 , value = 24
06-16 15:40:46.051   874  1848 V AlarmManager: isPowerSavingStart = true
06-16 15:40:46.050 15430 15430 D com.sodino.postdelay.CodeAlarmReceiver: onReceive code 2017-06-16 15:40:46.050
06-16 15:40:46.051   874  1848 V AlarmManager: isAlarmNeedAlign = true
06-16 15:40:46.050 15430 15430 D com.sodino.postdelay.TestAlarmService: nextCodeAlarm
06-16 15:40:46.051   874  1848 V AlarmManager: APP set(PendingIntent{208fee9: PendingIntentRecord{387dc369 com.sodino.postdelay broadcastIntent}}) : type=0 triggerAtTime=1497598906050 win=0 tElapsed=188207712 maxElapsed=188507712 interval=0 standalone=false
06-16 15:40:46.051 15430 15430 D com.sodino.postdelay.TestAlarmService: Schedule intentCode alarm at 2017-06-16 15:41:46.050
06-16 15:40:46.053   874  1848 D AlarmManager:  alarm = Alarm{2cb5b76e type 0 when 15:41:46 start 15:41:45 end 15:41:47 com.sodino.postdelay} add to Batch{3456ce0f num=1 start=188206704 end=188208704}
06-16 15:40:46.053   874  1848 D AlarmManager: set alarm to RTC 2-188208204-15:41:46
06-16 15:40:46.092  1040  1040 V SettingsInterface:  from settings cache , name = date_format , value = null
06-16 15:40:46.159   874  1245 V SettingsInterface:  from settings cache , name = netstats_time_cache_max_age , value = null
06-16 15:40:46.160   874  1245 V NetworkStats: performPollLocked(flags=0x3)
06-16 15:40:46.162   874  1245 D NetdConnector: SND -> {8064 bandwidth gettetherstats}
06-16 15:40:46.162   296   779 D FrameworkListener: dispatchCommand data = (8064 bandwidth gettetherstats)
06-16 15:40:46.162   296   779 D SocketClient: SocketClient sendData done: 200 8064 Tethering stats list completed
06-16 15:40:46.162   874   960 D NetdConnector: RCV <- {200 8064 Tethering stats list completed}
06-16 15:40:46.162   874  1245 D NetdConnector: RMV <- {200 8064 Tethering stats list completed}
06-16 15:40:46.164   874  1245 W NetworkStatsRecorder: unknown interfaces [lo, p2p0], ignoring those stats
06-16 15:40:46.164   874  1245 W NetworkStatsRecorder: unknown interfaces [lo, p2p0], ignoring those stats
06-16 15:40:46.164   874  1245 I NetworkStatsRecorder: recordSnapshotLocked: ident[[{type=WIFI, subType=COMBINED, networkId=sodino}]]
06-16 15:40:46.164   874  1245 W NetworkStatsRecorder: unknown interfaces [lo, p2p0], ignoring those stats
06-16 15:40:46.164   874  1245 W NetworkStatsRecorder: unknown interfaces [lo, p2p0], ignoring those stats
06-16 15:40:46.167   874  1245 V NetworkStats: performPollLocked() took 8ms
06-16 15:40:46.168   874  1245 V SettingsInterface:  from settings cache , name = netstats_sample_enabled , value = null
06-16 15:40:46.169   874  1245 V ActivityManager: Broadcast: Intent { act=com.android.server.action.NETWORK_STATS_UPDATED flg=0x40000010 } ordered=false userid=-1 callerApp=ProcessRecord{2de77b41 874:system/1000}
06-16 15:40:46.169   874   966 V NetworkPolicy: updateNetworkEnabledLocked()
06-16 15:40:46.170  1860  1880 V SettingsInterface:  from settings cache , name = multi_sim_data_call , value = -1
06-16 15:40:46.170   874   966 V NetworkPolicy:  checking policy:NetworkPolicy[NetworkTemplate: matchRule=MOBILE_ALL, matchSubscriberIds=[null]]: cycleDay=19, cycleTimezone=Asia/Shanghai, warningBytes=104857600, limitBytes=-1, lastWarningSnooze=-1, lastLimitSnooze=-1, metered=true, inferred=true
06-16 15:40:46.170  1860  2189 V SettingsInterface:  from settings cache , name = multi_sim_data_call , value = -1
06-16 15:40:46.170   874   966 V NetworkPolicy:  checking policy:NetworkPolicy[NetworkTemplate: matchRule=MOBILE_ALL, subscriberId=460028..., matchSubscriberIds=[460028...]]: cycleDay=1, cycleTimezone=Asia/Shanghai, warningBytes=2412510335, limitBytes=3015637919, lastWarningSnooze=-1, lastLimitSnooze=-1, metered=true, inferred=false
06-16 15:40:46.170   874   966 V NetworkPolicy:  checking policy:NetworkPolicy[NetworkTemplate: matchRule=MOBILE_ALL, subscriberId=460006..., matchSubscriberIds=[460006...]]: cycleDay=1, cycleTimezone=Asia/Shanghai, warningBytes=104857600, limitBytes=-1, lastWarningSnooze=-1, lastLimitSnooze=-1, metered=true, inferred=false
06-16 15:40:46.171   874   966 V NetworkPolicy:  checking policy:NetworkPolicy[NetworkTemplate: matchRule=MOBILE_ALL, subscriberId=460028..., matchSubscriberIds=[460028...]]: cycleDay=1, cycleTimezone=Asia/Shanghai, warningBytes=-1, limitBytes=-1, lastWarningSnooze=-1, lastLimitSnooze=-1, metered=true, inferred=false
06-16 15:40:46.171   874   966 V NetworkPolicy: updateNotificationsLocked()
06-16 15:40:46.171  1231  1559 D trafficTest: whichSimSelected slotId=-1,可能是未插卡，也可能是modern挂了，也可能插了双卡，其中流量卡挂了，或还在初始化中, 而另一张卡没有自动切换成流量
06-16 15:40:46.171  1231  1559 D NetworkManagementMz: LocalSubscriptionManager: getSubId 0
06-16 15:40:46.171  1860 13323 V SettingsInterface:  from settings cache , name = multi_sim_data_call , value = -1
06-16 15:40:46.171  1231  1559 D NetworkManagementMz: LocalSubscriptionManager: intSubId -2
06-16 15:40:46.171  1231  1559 D NetworkManagementMz: LocalSubscriptionManager: intSubId -2
06-16 15:40:46.172  1231  1559 D NetworkManagementMz: LocalSubscriptionManager: subId[0] is : -2
06-16 15:40:46.173  1231  1559 D NetworkManagementMz: LocalTelephonyManager: imsi null
06-16 15:40:46.173  1231  1559 D NetworkManagementMz: LocalSubscriptionManager: getSubId 1
06-16 15:40:46.174  1231  1559 D NetworkManagementMz: LocalSubscriptionManager: intSubId -3
06-16 15:40:46.174  1231  1559 D NetworkManagementMz: LocalSubscriptionManager: intSubId -3
06-16 15:40:46.174  1231  1559 D NetworkManagementMz: LocalSubscriptionManager: subId[1] is : -3
06-16 15:40:46.175  1231  1559 D NetworkManagementMz: LocalTelephonyManager: imsi null
06-16 15:40:46.175  1860 13323 V SettingsInterface:  from settings cache , name = multi_sim_data_call , value = -1
06-16 15:40:46.176  1231  1559 D trafficTest: whichSimSelected slotId=-1,可能是未插卡，也可能是modern挂了，也可能插了双卡，其中流量卡挂了，或还在初始化中, 而另一张卡没有自动切换成流量
06-16 15:40:46.176  1231  1559 D NetworkManagementMz: LocalSubscriptionManager: getSubId 0
06-16 15:40:46.176  1231  1559 D NetworkManagementMz: LocalSubscriptionManager: intSubId -2
06-16 15:40:46.176  1231  1559 D NetworkManagementMz: LocalSubscriptionManager: intSubId -2
06-16 15:40:46.176  1231  1559 D NetworkManagementMz: LocalSubscriptionManager: subId[0] is : -2
06-16 15:40:46.178  1231  1559 D NetworkManagementMz: LocalTelephonyManager: imsi null
06-16 15:40:46.178  1231  1559 D NetworkManagementMz: LocalSubscriptionManager: getSubId 1
06-16 15:40:46.178  1231  1559 D NetworkManagementMz: LocalSubscriptionManager: intSubId -3
06-16 15:40:46.178  1231  1559 D NetworkManagementMz: LocalSubscriptionManager: intSubId -3
06-16 15:40:46.178  1231  1559 D NetworkManagementMz: LocalSubscriptionManager: subId[1] is : -3
06-16 15:40:46.180  1231  1559 D NetworkManagementMz: LocalTelephonyManager: imsi null
06-16 15:40:46.180  1231  1231 D trafficTest: has data listener
06-16 15:40:46.180  1231  1231 D trafficTest1: pollingService通知Ui更新
06-16 15:40:46.180  1231  1231 D trafficTest: ----refreshGeneralShowData
06-16 15:40:46.180  1231  1231 D trafficTest: ----------widget manager receiver dataChanged
06-16 15:40:46.180  1231  1231 D trafficTest: widget manager send broadcast to widget
06-16 15:40:46.181   874  1891 V ActivityManager: Broadcast: Intent { act=android.com.meizu.safe.provider.SafeWidgetProvider flg=0x10 (has extras) } ordered=false userid=-2 callerApp=ProcessRecord{25d454a8 1231:com.meizu.safe/1000}
06-16 15:40:46.181  1231  1231 I vpnTrace: notifySavingDataChanged: isShowSavingFunc: false
06-16 15:40:46.181  1231  1231 D TrafficTest: --------------亮屏且有监听器updateDataInterval = 15000
06-16 15:40:46.184  1231  1231 D trafficTest3: ---------widget receiver data change msg
06-16 15:40:46.185  1231  1231 D trafficTest3: updateRemoteView: SimCardTrafficForShow{imsi='null', totalBytes=-1, remainBytes=0, dayUsedBytes=0, leftDays=0, monthUsedbytes=0, usedPercent=0.0, idleMode=false}
06-16 15:40:46.203  1231  1231 D RemoteViews: mActions is repeat
06-16 15:40:46.203  1231  1231 D RemoteViews: mActions is repeat
06-16 15:40:46.207  1885  1885 D AppWidgetHost: updateAppWidgetView HANDLE_UPDATE 
06-16 15:40:46.207  1885  1885 D AppWidgetHost: updateAppWidgetView appWidgetId 15 com.meizu.flyme.launcher.at@179658cb
06-16 15:40:46.298 15430 15430 D BgTest  : uiCount 191  +7
06-16 15:40:46.373 15430 15981 D BgTest  : bgCount 184
06-16 15:41:11.017   279   279 E ccci_fsd(1): Failed to read from FS device (-1) !! errno = 4
06-16 15:41:11.018 11599 11599 D wpa_supplicant: wlan0: RX EAPOL from 98:01:a7:9e:dd:75
06-16 15:41:11.018   874   953 V AlarmManager: Checking for alarms... rtc=1497598871018, elapsed=188172680
06-16 15:41:11.018 11599 11599 D wpa_supplicant: RX EAPOL - hexdump(len=131): 02 03 00 7f 02 13 82 00 00 00 00 00 00 00 00 00 09 00 00 00 00 00 00 00 00 00 00 00 00 00 00 00 00 00 00 00 00 00 00 00 00 00 00 00 00 00 00 00 00 00 00 00 00 00 00 00 00 00 00 00 00 00 00 00 00 00 00 00 00 00 00 00 00 00 00 00 00 00 00 00 00 6f e7 7c b7 60 09 25 9a c1 2c 7c 25 1b 5b f5 bf 00 20 44 bb 74 0d d4 1e f8 4b be 57 56 f3 f1 5c 16 66 d0 55 58 e7 11 de 48 fa 27 ad d1 e6 55 3f f6 2f
06-16 15:41:11.018   874   953 V AlarmManager: isPowerSavingStart = true
06-16 15:41:11.018 11599 11599 D wpa_supplicant: wlan0: IEEE 802.1X RX: version=2 type=3 length=127
06-16 15:41:11.018   874   953 V AlarmManager: isAlarmNeedAlign = true
06-16 15:41:11.019 11599 11599 D wpa_supplicant: WPA: RX EAPOL-Key - hexdump(len=131): 02 03 00 7f 02 13 82 00 00 00 00 00 00 00 00 00 09 00 00 00 00 00 00 00 00 00 00 00 00 00 00 00 00 00 00 00 00 00 00 00 00 00 00 00 00 00 00 00 00 00 00 00 00 00 00 00 00 00 00 00 00 00 00 00 00 00 00 00 00 00 00 00 00 00 00 00 00 00 00 00 00 6f e7 7c b7 60 09 25 9a c1 2c 7c 25 1b 5b f5 bf 00 20 44 bb 74 0d d4 1e f8 4b be 57 56 f3 f1 5c 16 66 d0 55 58 e7 11 de 48 fa 27 ad d1 e6 55 3f f6 2f
06-16 15:41:11.019   874   953 D AlarmManager: set alarm to RTC 3-188206378-15:41:44
06-16 15:41:11.019 11599 11599 D wpa_supplicant: wlan0:   EAPOL-Key type=2
06-16 15:41:11.021   874   953 D AlarmManager: sending alarm Alarm{2e1e0b22 type 3 when 15:41:00 start 15:41:00 end 15:41:00 android}and operation:android.intent.action.TIME_TICK
06-16 15:41:11.019 11599 11599 D wpa_supplicant: wlan0:   key_info 0x1382 (ver=2 keyidx=0 rsvd=0 Group Ack MIC Secure Encr)
06-16 15:41:11.021   874   953 V ActivityManager: Broadcast: Intent { act=android.intent.action.TIME_TICK flg=0x50000114 (has extras) } ordered=true userid=-1 callerApp=null
06-16 15:41:11.019 11599 11599 D wpa_supplicant: wlan0:   key_length=0 key_data_length=32
06-16 15:41:11.022   874   874 V AlarmManager: Received TIME_TICK alarm; rescheduling
06-16 15:41:11.019 11599 11599 D wpa_supplicant:   replay_counter - hexdump(len=8): 00 00 00 00 00 00 00 09
06-16 15:41:11.022   874   874 V AlarmManager: isPowerSavingStart = true
06-16 15:41:11.019 11599 11599 D wpa_supplicant:   key_nonce - hexdump(len=32): 00 00 00 00 00 00 00 00 00 00 00 00 00 00 00 00 00 00 00 00 00 00 00 00 00 00 00 00 00 00 00 00
06-16 15:41:11.022   874   874 V AlarmManager: isAlarmNeedAlign : android skip!
06-16 15:41:11.019 11599 11599 D wpa_supplicant:   key_iv - hexdump(len=16): 00 00 00 00 00 00 00 00 00 00 00 00 00 00 00 00
06-16 15:41:11.024   874   953 V AlarmManager: sending alarm Alarm{2e1e0b22 type 3 when 15:41:00 start 15:41:00 end 15:41:00 android} success
06-16 15:41:11.019 11599 11599 D wpa_supplicant:   key_rsc - hexdump(len=8): 00 00 00 00 00 00 00 00
06-16 15:41:11.026   874   968 V ActivityManager: Broadcast sticky: Intent { act=android.net.wifi.supplicant.STATE_CHANGE flg=0x24000010 (has extras) } ordered=false userid=-1 callerApp=ProcessRecord{2de77b41 874:system/1000}
06-16 15:41:11.019 11599 11599 D wpa_supplicant:   key_id (reserved) - hexdump(len=8): 00 00 00 00 00 00 00 00
06-16 15:41:11.019 11599 11599 D wpa_supplicant:   key_mic - hexdump(len=16): 6f e7 7c b7 60 09 25 9a c1 2c 7c 25 1b 5b f5 bf
06-16 15:41:11.027   874   953 D AlarmManager: sending alarm Alarm{2a587e9c type 3 when 15:40:49 start 15:40:49 end 15:40:49 com.meizu.alphame}and operation:com.meizu.alphame.system.idle
06-16 15:41:11.019 11599 11599 D wpa_supplicant: RSN: encrypted key data - hexdump(len=32): 44 bb 74 0d d4 1e f8 4b be 57 56 f3 f1 5c 16 66 d0 55 58 e7 11 de 48 fa 27 ad d1 e6 55 3f f6 2f
06-16 15:41:11.027   874   968 V ActivityManager: Broadcast sticky: Intent { act=android.net.wifi.supplicant.STATE_CHANGE flg=0x24000010 (has extras) } ordered=false userid=-1 callerApp=ProcessRecord{2de77b41 874:system/1000}
06-16 15:41:11.019 11599 11599 D wpa_supplicant: WPA: decrypted EAPOL-Key key data - hexdump(len=24): [REMOVED]
06-16 15:41:11.029   874   953 V ActivityManager: Broadcast: Intent { act=com.meizu.alphame.system.idle flg=0x114 (has extras) } ordered=true userid=0 callerApp=null
06-16 15:41:11.019 11599 11599 D wpa_supplicant: wlan0: WPA: RX message 1 of Group Key Handshake from 98:01:a7:9e:dd:75 (ver=2)
06-16 15:41:11.019 11599 11599 D wpa_supplicant: RSN: msg 1/2 key data - hexdump(len=24): dd 16 00 0f ac 01 02 00 df 26 c5 ac 77 5c 7d ef 71 9a 72 1f 0e e6 95 e5
06-16 15:41:11.019 11599 11599 D wpa_supplicant: WPA: GTK in EAPOL-Key - hexdump(len=24): [REMOVED]
06-16 15:41:11.019 11599 11599 D wpa_supplicant: RSN: received GTK in group key handshake - hexdump(len=18): 02 00 df 26 c5 ac 77 5c 7d ef 71 9a 72 1f 0e e6 95 e5
06-16 15:41:11.019 11599 11599 D wpa_supplicant: wlan0: State: COMPLETED -> GROUP_HANDSHAKE
06-16 15:41:11.019 11599 11599 D wpa_supplicant: CTRL_IFACE monitor sent successfully to /data/misc/wifi/sockets/wpa_ctrl_874-22\x00
06-16 15:41:11.031   874   953 V AlarmManager: sending alarm Alarm{2a587e9c type 3 when 15:40:49 start 15:40:49 end 15:40:49 com.meizu.alphame} success
06-16 15:41:11.019 11599 11599 D wpa_supplicant: WPA: Group Key - hexdump(len=16): [REMOVED]
06-16 15:41:11.032   874   953 D AlarmManager: sending alarm Alarm{6e9a0a5 type 3 when 15:41:00 start 15:41:00 end 15:41:00 com.tencent.mm}and operation:com.tencent.mm.TrafficStatsReceiver
06-16 15:41:11.019 11599 11599 D wpa_supplicant: wlan0: WPA: Installing GTK to the driver (keyidx=2 tx=0 len=16)
