魅蓝note2 android 5.1


智能后台的模式下...

锁屏时间 
06-18 20:07:23.043   874   874 V ActivityManager: Broadcast: Intent { act=android.intent.action.SCREEN_OFF flg=0x50000010 } ordered=true userid=-1 callerApp=ProcessRecord{2de77b41 874:system/1000}

解屏时间
06-18 20:22:30.029   874   874 V ActivityManager: Broadcast: Intent { act=android.intent.action.SCREEN_ON flg=0x50000010 } ordered=true userid=-1 callerApp=ProcessRecord{2de77b41 874:system/1000}

Timer && TimerTask（CountTask）没有按设定每分钟执行一次。而是在解屏之后才执行
06-18 20:07:13.279  1282  1392 D com.sodino.postdelay.CountTask: call CountTask at 2017-06-18 20:07:13.279
06-18 20:07:13.280  1282  1392 D com.sodino.postdelay.TestAlarmService: schedule next CountTask at 2017-06-18 20:08:13.279
06-18 20:22:44.389  1282  1392 D com.sodino.postdelay.CountTask: call CountTask at 2017-06-18 20:22:44.389
06-18 20:22:44.390  1282  1392 D com.sodino.postdelay.TestAlarmService: schedule next CountTask at 2017-06-18 20:23:44.389


CodeAlarmReceiver并没有按每分钟规律输出，日志如下：
sodino-mbp:mqtt.log sodino$ grep CodeAlarmReceiver alarm.log 
06-18 20:06:13.312  1282  1282 D com.sodino.postdelay.CodeAlarmReceiver: onReceive code 2017-06-18 20:06:13.312
06-18 20:07:13.313  1282  1282 D com.sodino.postdelay.CodeAlarmReceiver: onReceive code 2017-06-18 20:07:13.313
06-18 20:08:13.278  1282  1282 D com.sodino.postdelay.CodeAlarmReceiver: onReceive code 2017-06-18 20:08:13.277
06-18 20:15:44.047  1282  1282 D com.sodino.postdelay.CodeAlarmReceiver: onReceive code 2017-06-18 20:15:44.046
06-18 20:20:29.054  1282  1282 D com.sodino.postdelay.CodeAlarmReceiver: onReceive code 2017-06-18 20:20:29.054
06-18 20:22:30.945  1282  1282 D com.sodino.postdelay.CodeAlarmReceiver: onReceive code 2017-06-18 20:22:30.945


XmlAlarmReceiver并没有按每分钟规律输出，日志如下：
sodino-mbp:mqtt.log sodino$ grep XmlAlarmReceiver alarm.log 
06-18 20:06:13.298  1282  1282 D com.sodino.postdelay.XmlAlarmReceiver: onReceive xml 2017-06-18 20:06:13.298
06-18 20:07:13.285  1282  1282 D com.sodino.postdelay.XmlAlarmReceiver: onReceive xml 2017-06-18 20:07:13.285
06-18 20:08:13.272  1282  1282 D com.sodino.postdelay.XmlAlarmReceiver: onReceive xml 2017-06-18 20:08:13.272
06-18 20:15:44.038  1282  1282 D com.sodino.postdelay.XmlAlarmReceiver: onReceive xml 2017-06-18 20:15:44.037
06-18 20:20:29.040  1282  1282 D com.sodino.postdelay.XmlAlarmReceiver: onReceive xml 2017-06-18 20:20:29.039
06-18 20:22:30.938  1282  1282 D com.sodino.postdelay.XmlAlarmReceiver: onReceive xml 2017-06-18 20:22:30.937


XmlAlarmRepeatingReceiver并没有按每分钟规律输出，日志如下：
sodino-mbp:mqtt.log sodino$ grep XmlAlarmRepeatingReceiver alarm.log 
06-18 20:06:13.287  1282  1282 D com.sodino.postdelay.XmlAlarmRepeatingReceiver: onReceive xml.repating 2017-06-18 20:06:13.287
06-18 20:07:13.272  1282  1282 D com.sodino.postdelay.XmlAlarmRepeatingReceiver: onReceive xml.repating 2017-06-18 20:07:13.271
06-18 20:08:13.269  1282  1282 D com.sodino.postdelay.XmlAlarmRepeatingReceiver: onReceive xml.repating 2017-06-18 20:08:13.269
06-18 20:09:13.271  1282  1282 D com.sodino.postdelay.XmlAlarmRepeatingReceiver: onReceive xml.repating 2017-06-18 20:09:13.271
06-18 20:15:44.033  1282  1282 D com.sodino.postdelay.XmlAlarmRepeatingReceiver: onReceive xml.repating 2017-06-18 20:15:44.032
06-18 20:16:14.040  1282  1282 D com.sodino.postdelay.XmlAlarmRepeatingReceiver: onReceive xml.repating 2017-06-18 20:16:14.039
06-18 20:20:29.037  1282  1282 D com.sodino.postdelay.XmlAlarmRepeatingReceiver: onReceive xml.repating 2017-06-18 20:20:29.037
06-18 20:22:30.950  1282  1282 D com.sodino.postdelay.XmlAlarmRepeatingReceiver: onReceive xml.repating 2017-06-18 20:22:30.949
06-18 20:22:33.099  1282  1282 D com.sodino.postdelay.XmlAlarmRepeatingReceiver: onReceive xml.repating 2017-06-18 20:22:33.098
06-18 20:22:35.322  1282  1282 D com.sodino.postdelay.XmlAlarmRepeatingReceiver: onReceive xml.repating 2017-06-18 20:22:35.321


--------- beginning of system
06-18 20:04:10.455   874  1712 I ActivityManager: Process com.svox.pico (pid 30114) has died
06-18 20:04:10.455   874  1712 D ActivityManager: SVC-handleAppDiedLocked: app = ProcessRecord{3670df51 30114:com.svox.pico/u0a70}, app.pid = 30114
06-18 20:04:10.455   874  1712 D ActivityManager: removeDyingProviderLocked: cpr=ContentProviderRecord{1bbff3b6 u0 com.svox.pico/.providers.SettingsProvider} always=false inLaunching=false
06-18 20:04:10.455   874  1712 D ActivityManager: SVC-mBroadcastQueues: com.android.server.am.BroadcastQueue@3255f377
06-18 20:04:10.455   874  1712 D ActivityManager: SVC-mBroadcastQueues: com.android.server.am.BroadcastQueue@23d11be4
06-18 20:04:10.456   874  1592 D DisplayManagerService: Display listener for pid 30114 died.
06-18 20:04:10.495   874   922 W libprocessgroup: failed to open /acct/uid_10070/pid_30114/cgroup.procs: No such file or directory
06-18 20:04:10.549   874  1531 W Watchdog: SWT Watchdog after wait current time:100816735
06-18 20:04:10.550   874  1531 W Watchdog: **Get SF Time **1
06-18 20:04:10.550   874  1531 W Watchdog: SWT Watchdog before synchronized:100816736
06-18 20:04:10.550   874  1531 W Watchdog: SWT Watchdog after synchronized:100816736
06-18 20:04:10.550   874  1531 W Watchdog: SWT Watchdog before wait timeout:30000
06-18 20:04:10.550   874  1531 W Watchdog: SWT Watchdog before wait current time:100816736
06-18 20:04:10.550   874  1531 W Watchdog: SWT Watchdog before wait start:100816736
06-18 20:04:10.550   874  1531 W Watchdog: SWT Watchdog before wait CHECK_INTERVAL:30000
06-18 20:04:11.171   874   995 D TaskPersister: removeObsoleteFile: deleting file=25828_task.xml
06-18 20:04:11.445   319   319 I thermal_repeater: oh, queryMdThermalInfo (0)Bad file number
06-18 20:04:11.458   319   319 I thermal_repeater: [recvMdThermalInfo] ret=25, strLen=127,  1, 32767,,, -1, 32767, 2
06-18 20:04:11.923   874  1712 V ActivityManager: Broadcast sticky: Intent { act=android.intent.action.SIG_STR flg=0x20000010 (has extras) } ordered=false userid=-1 callerApp=ProcessRecord{2de77b41 874:system/1000}
06-18 20:04:13.266   874  1082 V AlarmManager: APP set(PendingIntent{135e8824: PendingIntentRecord{3c931f8d com.sodino.postdelay broadcastIntent}}) : type=2 triggerAtTime=376814927 win=-1 tElapsed=376814927 maxElapsed=376859927 interval=60000 standalone=false
06-18 20:04:13.267   874  1082 D AlarmManager: set alarm to RTC 2-376814927-20:05:13
06-18 20:04:13.269   874   899 V AlarmManager: APP set(PendingIntent{124f9542: PendingIntentRecord{3e68d953 com.sodino.postdelay broadcastIntent}}) : type=0 triggerAtTime=1497787513268 win=0 tElapsed=376814930 maxElapsed=376814930 interval=0 standalone=true
06-18 20:04:13.273   874   900 V AlarmManager: APP set(PendingIntent{449b345: PendingIntentRecord{345e8a9a com.sodino.postdelay broadcastIntent}}) : type=0 triggerAtTime=1497787513272 win=0 tElapsed=376814934 maxElapsed=376814934 interval=0 standalone=true
06-18 20:04:13.568   874   937 I PackageManager: mcs_unbind
06-18 20:04:13.568   874   937 I PackageManager: calling disconnectService()
06-18 20:04:15.208   874   874 V ActivityManager: Broadcast sticky: Intent { act=android.intent.action.BATTERY_CHANGED flg=0x60000010 (has extras) } ordered=false userid=-1 callerApp=null
06-18 20:04:15.209   874   874 D UsbDeviceManager: onReceive - BATTERY_CHANGED - mPlugType: 2, mSettingUsbCharging: false, mConnected: true, mSettingUsbBicr: false
06-18 20:04:15.210   874   874 D WifiService: onReceive, action:android.intent.action.BATTERY_CHANGED
06-18 20:04:15.213   874   970 D WifiController: DeviceActiveState{ when=-4ms what=155652 arg1=2 target=com.android.internal.util.StateMachine$SmHandler }
06-18 20:04:15.213   874   970 D WifiController: StaEnabledState{ when=-4ms what=155652 arg1=2 target=com.android.internal.util.StateMachine$SmHandler }
06-18 20:04:15.213   874   970 D WifiController: DefaultState{ when=-4ms what=155652 arg1=2 target=com.android.internal.util.StateMachine$SmHandler }
06-18 20:04:16.465   319   319 I thermal_repeater: oh, queryMdThermalInfo (0)Bad file number
06-18 20:04:16.481   319   319 I thermal_repeater: [recvMdThermalInfo] ret=25, strLen=127,  1, 32767,,, -1, 32767, 2
06-18 20:04:16.757   874  1830 D ActivityManager: getContentProviderImpl: from caller=android.app.ApplicationThreadProxy@177793a8 (pid=27049, userId=0) to get content provider com.meizu.account cpr=ContentProviderRecord{2f5a50da u0 com.meizu.account/.database.AccountContentProvider}
06-18 20:04:16.873   874  1884 D ActivityManager: getContentProviderImpl: from caller=android.app.ApplicationThreadProxy@8d73ec1 (pid=27049, userId=0) to get content provider com.meizu.account cpr=ContentProviderRecord{2f5a50da u0 com.meizu.account/.database.AccountContentProvider}
06-18 20:04:21.485   319   319 I thermal_repeater: oh, queryMdThermalInfo (0)Bad file number
06-18 20:04:21.497   319   319 I thermal_repeater: [recvMdThermalInfo] ret=25, strLen=127,  1, 32767,,, -1, 32767, 2
06-18 20:04:21.844   296   778 D SocketClient: SocketClient sendData done: 
06-18 20:04:22.782   874  1830 V NetworkStats: performPollLocked(flags=0x3)
06-18 20:04:22.792   874  1830 D NetdConnector: SND -> {8789 bandwidth gettetherstats}
06-18 20:04:22.795   296   779 D FrameworkListener: dispatchCommand data = (8789 bandwidth gettetherstats)
06-18 20:04:22.795   296   779 D SocketClient: SocketClient sendData done: 200 8789 Tethering stats list completed
06-18 20:04:22.795   874   960 D NetdConnector: RCV <- {200 8789 Tethering stats list completed}
06-18 20:04:22.797   874  1830 D NetdConnector: RMV <- {200 8789 Tethering stats list completed}
06-18 20:04:22.799   874  1830 I NetworkStatsRecorder: recordSnapshotLocked: ident[[{type=WIFI, subType=COMBINED, networkId=sodino}]]
06-18 20:04:22.800   874  1830 W NetworkStatsRecorder: unknown interfaces [lo, p2p0], ignoring those stats
06-18 20:04:22.800   874  1830 I NetworkStatsRecorder: recordSnapshotLocked: ident[[{type=WIFI, subType=COMBINED, networkId=sodino}]]
06-18 20:04:22.801   874  1830 W NetworkStatsRecorder: unknown interfaces [lo, p2p0], ignoring those stats
06-18 20:04:22.802   874  1830 I NetworkStatsRecorder: recordSnapshotLocked: ident[[{type=WIFI, subType=COMBINED, networkId=sodino}]]
06-18 20:04:22.803   874  1830 I NetworkStatsRecorder: recordSnapshotLocked: ident[[{type=WIFI, subType=COMBINED, networkId=sodino}]]
06-18 20:04:22.804   874  1830 W NetworkStatsRecorder: unknown interfaces [lo, p2p0], ignoring those stats
06-18 20:04:22.805   874  1830 I NetworkStatsRecorder: recordSnapshotLocked: ident[[{type=WIFI, subType=COMBINED, networkId=sodino}]]
06-18 20:04:22.806   874  1830 W NetworkStatsRecorder: unknown interfaces [lo, p2p0], ignoring those stats
06-18 20:04:22.807   874  1830 V NetworkStats: performPollLocked() took 25ms
06-18 20:04:22.810   874  1830 V ActivityManager: Broadcast: Intent { act=com.android.server.action.NETWORK_STATS_UPDATED flg=0x40000010 } ordered=false userid=-1 callerApp=ProcessRecord{2de77b41 874:system/1000}
06-18 20:04:22.811   874   966 V NetworkPolicy: updateNetworkEnabledLocked()
06-18 20:04:22.814   874   966 V NetworkPolicy:  checking policy:NetworkPolicy[NetworkTemplate: matchRule=MOBILE_ALL, matchSubscriberIds=[null]]: cycleDay=19, cycleTimezone=Asia/Shanghai, warningBytes=104857600, limitBytes=-1, lastWarningSnooze=-1, lastLimitSnooze=-1, metered=true, inferred=true
06-18 20:04:22.814   874   966 V NetworkPolicy:  checking policy:NetworkPolicy[NetworkTemplate: matchRule=MOBILE_ALL, subscriberId=460028..., matchSubscriberIds=[460028...]]: cycleDay=1, cycleTimezone=Asia/Shanghai, warningBytes=2412510335, limitBytes=3015637919, lastWarningSnooze=-1, lastLimitSnooze=-1, metered=true, inferred=false
06-18 20:04:22.814   874   966 V NetworkPolicy:  checking policy:NetworkPolicy[NetworkTemplate: matchRule=MOBILE_ALL, subscriberId=460006..., matchSubscriberIds=[460006...]]: cycleDay=1, cycleTimezone=Asia/Shanghai, warningBytes=104857600, limitBytes=-1, lastWarningSnooze=-1, lastLimitSnooze=-1, metered=true, inferred=false
06-18 20:04:22.814   874   966 V NetworkPolicy:  checking policy:NetworkPolicy[NetworkTemplate: matchRule=MOBILE_ALL, subscriberId=460028..., matchSubscriberIds=[460028...]]: cycleDay=1, cycleTimezone=Asia/Shanghai, warningBytes=-1, limitBytes=-1, lastWarningSnooze=-1, lastLimitSnooze=-1, metered=true, inferred=false
06-18 20:04:22.814   874   966 V NetworkPolicy: updateNotificationsLocked()
06-18 20:04:22.842   874   900 V ActivityManager: Broadcast: Intent { act=android.com.meizu.safe.provider.SafeWidgetProvider flg=0x10 (has extras) } ordered=false userid=-2 callerApp=ProcessRecord{25d454a8 1231:com.meizu.safe/1000}
06-18 20:04:25.260   874   874 V ActivityManager: Broadcast sticky: Intent { act=android.intent.action.BATTERY_CHANGED flg=0x60000010 (has extras) } ordered=false userid=-1 callerApp=null
06-18 20:04:25.270   874   874 D UsbDeviceManager: onReceive - BATTERY_CHANGED - mPlugType: 2, mSettingUsbCharging: false, mConnected: true, mSettingUsbBicr: false
06-18 20:04:25.271   874   874 D WifiService: onReceive, action:android.intent.action.BATTERY_CHANGED
06-18 20:04:25.271   874   970 D WifiController: DeviceActiveState{ when=0 what=155652 arg1=2 target=com.android.internal.util.StateMachine$SmHandler }
06-18 20:04:25.271   874   970 D WifiController: StaEnabledState{ when=-1ms what=155652 arg1=2 target=com.android.internal.util.StateMachine$SmHandler }
06-18 20:04:25.271   874   970 D WifiController: DefaultState{ when=-1ms what=155652 arg1=2 target=com.android.internal.util.StateMachine$SmHandler }
06-18 20:04:26.501   319   319 I thermal_repeater: oh, queryMdThermalInfo (0)Bad file number
06-18 20:04:26.513   319   319 I thermal_repeater: [recvMdThermalInfo] ret=25, strLen=127,  1, 32767,,, -1, 32767, 2
06-18 20:04:31.519   319   319 I thermal_repeater: oh, queryMdThermalInfo (0)Bad file number
06-18 20:04:31.531   319   319 I thermal_repeater: [recvMdThermalInfo] ret=25, strLen=127,  1, 32767,,, -1, 32767, 2
06-18 20:04:35.246   874   874 V ActivityManager: Broadcast sticky: Intent { act=android.intent.action.BATTERY_CHANGED flg=0x60000010 (has extras) } ordered=false userid=-1 callerApp=null
06-18 20:04:35.260   874   874 D UsbDeviceManager: onReceive - BATTERY_CHANGED - mPlugType: 2, mSettingUsbCharging: false, mConnected: true, mSettingUsbBicr: false
06-18 20:04:35.260   874   874 D WifiService: onReceive, action:android.intent.action.BATTERY_CHANGED
06-18 20:04:35.260   874   970 D WifiController: DeviceActiveState{ when=0 what=155652 arg1=2 target=com.android.internal.util.StateMachine$SmHandler }
06-18 20:04:35.260   874   970 D WifiController: StaEnabledState{ when=0 what=155652 arg1=2 target=com.android.internal.util.StateMachine$SmHandler }
06-18 20:04:35.260   874   970 D WifiController: DefaultState{ when=0 what=155652 arg1=2 target=com.android.internal.util.StateMachine$SmHandler }
06-18 20:04:36.536   319   319 I thermal_repeater: oh, queryMdThermalInfo (0)Bad file number
06-18 20:04:36.545   319   319 I thermal_repeater: [recvMdThermalInfo] ret=25, strLen=127,  1, 32767,,, -1, 32767, 2
06-18 20:04:37.859   874  1592 V NetworkStats: performPollLocked(flags=0x3)
06-18 20:04:37.870   874  1592 D NetdConnector: SND -> {8790 bandwidth gettetherstats}
06-18 20:04:37.873   296   779 D FrameworkListener: dispatchCommand data = (8790 bandwidth gettetherstats)
06-18 20:04:37.873   296   779 D SocketClient: SocketClient sendData done: 200 8790 Tethering stats list completed
06-18 20:04:37.873   874   960 D NetdConnector: RCV <- {200 8790 Tethering stats list completed}
06-18 20:04:37.877   874  1592 D NetdConnector: RMV <- {200 8790 Tethering stats list completed}
06-18 20:04:37.882   874  1592 I NetworkStatsRecorder: recordSnapshotLocked: ident[[{type=WIFI, subType=COMBINED, networkId=sodino}]]
06-18 20:04:37.884   874  1592 W NetworkStatsRecorder: unknown interfaces [lo, p2p0], ignoring those stats
06-18 20:04:37.885   874  1592 I NetworkStatsRecorder: recordSnapshotLocked: ident[[{type=WIFI, subType=COMBINED, networkId=sodino}]]
06-18 20:04:37.885   874  1592 W NetworkStatsRecorder: unknown interfaces [lo, p2p0], ignoring those stats
06-18 20:04:37.886   874  1592 I NetworkStatsRecorder: recordSnapshotLocked: ident[[{type=WIFI, subType=COMBINED, networkId=sodino}]]
06-18 20:04:37.887   874  1592 W NetworkStatsRecorder: unknown interfaces [lo, p2p0], ignoring those stats
06-18 20:04:37.888   874  1592 W NetworkStatsRecorder: unknown interfaces [lo, p2p0], ignoring those stats
06-18 20:04:37.889   874  1592 V NetworkStats: performPollLocked() took 29ms
06-18 20:04:37.892   874  1592 V ActivityManager: Broadcast: Intent { act=com.android.server.action.NETWORK_STATS_UPDATED flg=0x40000010 } ordered=false userid=-1 callerApp=ProcessRecord{2de77b41 874:system/1000}
06-18 20:04:37.893   874   966 V NetworkPolicy: updateNetworkEnabledLocked()
06-18 20:04:37.895   874   966 V NetworkPolicy:  checking policy:NetworkPolicy[NetworkTemplate: matchRule=MOBILE_ALL, matchSubscriberIds=[null]]: cycleDay=19, cycleTimezone=Asia/Shanghai, warningBytes=104857600, limitBytes=-1, lastWarningSnooze=-1, lastLimitSnooze=-1, metered=true, inferred=true
06-18 20:04:37.895   874   966 V NetworkPolicy:  checking policy:NetworkPolicy[NetworkTemplate: matchRule=MOBILE_ALL, subscriberId=460028..., matchSubscriberIds=[460028...]]: cycleDay=1, cycleTimezone=Asia/Shanghai, warningBytes=2412510335, limitBytes=3015637919, lastWarningSnooze=-1, lastLimitSnooze=-1, metered=true, inferred=false
06-18 20:04:37.896   874   966 V NetworkPolicy:  checking policy:NetworkPolicy[NetworkTemplate: matchRule=MOBILE_ALL, subscriberId=460006..., matchSubscriberIds=[460006...]]: cycleDay=1, cycleTimezone=Asia/Shanghai, warningBytes=104857600, limitBytes=-1, lastWarningSnooze=-1, lastLimitSnooze=-1, metered=true, inferred=false
06-18 20:04:37.896   874   966 V NetworkPolicy:  checking policy:NetworkPolicy[NetworkTemplate: matchRule=MOBILE_ALL, subscriberId=460028..., matchSubscriberIds=[460028...]]: cycleDay=1, cycleTimezone=Asia/Shanghai, warningBytes=-1, limitBytes=-1, lastWarningSnooze=-1, lastLimitSnooze=-1, metered=true, inferred=false
06-18 20:04:37.896   874   966 V NetworkPolicy: updateNotificationsLocked()
06-18 20:04:37.923   874  1824 V ActivityManager: Broadcast: Intent { act=android.com.meizu.safe.provider.SafeWidgetProvider flg=0x10 (has extras) } ordered=false userid=-2 callerApp=ProcessRecord{25d454a8 1231:com.meizu.safe/1000}
06-18 20:04:40.551   874  1531 W Watchdog: SWT Watchdog after wait current time:100846736
06-18 20:04:40.551   874  1531 W Watchdog: **Get SF Time **1
06-18 20:04:40.551   874  1531 W Watchdog: SWT Watchdog before synchronized:100846737
06-18 20:04:40.551   874  1531 W Watchdog: SWT Watchdog after synchronized:100846737
06-18 20:04:40.551   874  1531 W Watchdog: SWT Watchdog before wait timeout:30000
06-18 20:04:40.551   874  1531 W Watchdog: SWT Watchdog before wait current time:100846737
06-18 20:04:40.551   874  1531 W Watchdog: SWT Watchdog before wait start:100846737
06-18 20:04:40.551   874  1531 W Watchdog: SWT Watchdog before wait CHECK_INTERVAL:30000
06-18 20:04:41.550   319   319 I thermal_repeater: oh, queryMdThermalInfo (0)Bad file number
06-18 20:04:41.562   319   319 I thermal_repeater: [recvMdThermalInfo] ret=25, strLen=127,  1, 32767,,, -1, 32767, 2
06-18 20:04:45.256   874   874 V ActivityManager: Broadcast sticky: Intent { act=android.intent.action.BATTERY_CHANGED flg=0x60000010 (has extras) } ordered=false userid=-1 callerApp=null
06-18 20:04:45.269   874   874 D UsbDeviceManager: onReceive - BATTERY_CHANGED - mPlugType: 2, mSettingUsbCharging: false, mConnected: true, mSettingUsbBicr: false
06-18 20:04:45.269   874   874 D WifiService: onReceive, action:android.intent.action.BATTERY_CHANGED
06-18 20:04:45.269   874   970 D WifiController: DeviceActiveState{ when=0 what=155652 arg1=2 target=com.android.internal.util.StateMachine$SmHandler }
06-18 20:04:45.269   874   970 D WifiController: StaEnabledState{ when=0 what=155652 arg1=2 target=com.android.internal.util.StateMachine$SmHandler }
06-18 20:04:45.269   874   970 D WifiController: DefaultState{ when=0 what=155652 arg1=2 target=com.android.internal.util.StateMachine$SmHandler }
06-18 20:04:46.565   319   319 I thermal_repeater: oh, queryMdThermalInfo (0)Bad file number
06-18 20:04:46.575   319   319 I thermal_repeater: [recvMdThermalInfo] ret=25, strLen=127,  1, 32767,,, -1, 32767, 2
06-18 20:04:51.582   319   319 I thermal_repeater: oh, queryMdThermalInfo (0)Bad file number
06-18 20:04:51.593   319   319 I thermal_repeater: [recvMdThermalInfo] ret=25, strLen=127,  1, 32767,,, -1, 32767, 2
06-18 20:04:52.058   874  1162 V ActivityManager: Broadcast: Intent { act=com.android.providers.media.ACTIVATE_MEDIAPROCESS flg=0x10 } ordered=false userid=0 callerApp=ProcessRecord{3ff4efa 3944:android.process.media/u0a9}
06-18 20:04:52.949   874  1162 V NetworkStats: performPollLocked(flags=0x3)
06-18 20:04:52.957   874  1162 D NetdConnector: SND -> {8791 bandwidth gettetherstats}
06-18 20:04:52.961   296   779 D FrameworkListener: dispatchCommand data = (8791 bandwidth gettetherstats)
06-18 20:04:52.962   296   779 D SocketClient: SocketClient sendData done: 200 8791 Tethering stats list completed
06-18 20:04:52.962   874   960 D NetdConnector: RCV <- {200 8791 Tethering stats list completed}
06-18 20:04:52.964   874  1162 D NetdConnector: RMV <- {200 8791 Tethering stats list completed}
06-18 20:04:52.969   874  1162 I NetworkStatsRecorder: recordSnapshotLocked: ident[[{type=WIFI, subType=COMBINED, networkId=sodino}]]
06-18 20:04:52.975   874  1162 W NetworkStatsRecorder: unknown interfaces [lo, p2p0], ignoring those stats
06-18 20:04:52.975   874  1162 I NetworkStatsRecorder: recordSnapshotLocked: ident[[{type=WIFI, subType=COMBINED, networkId=sodino}]]
06-18 20:04:52.976   874  1162 W NetworkStatsRecorder: unknown interfaces [lo, p2p0], ignoring those stats
06-18 20:04:52.977   874  1162 I NetworkStatsRecorder: recordSnapshotLocked: ident[[{type=WIFI, subType=COMBINED, networkId=sodino}]]
06-18 20:04:52.978   874  1162 W NetworkStatsRecorder: unknown interfaces [lo, p2p0], ignoring those stats
06-18 20:04:52.979   874  1162 W NetworkStatsRecorder: unknown interfaces [lo, p2p0], ignoring those stats
06-18 20:04:52.982   874  1162 V NetworkStats: performPollLocked() took 33ms
06-18 20:04:52.985   874  1162 V ActivityManager: Broadcast: Intent { act=com.android.server.action.NETWORK_STATS_UPDATED flg=0x40000010 } ordered=false userid=-1 callerApp=ProcessRecord{2de77b41 874:system/1000}
06-18 20:04:52.989   874   966 V NetworkPolicy: updateNetworkEnabledLocked()
06-18 20:04:52.991   874   966 V NetworkPolicy:  checking policy:NetworkPolicy[NetworkTemplate: matchRule=MOBILE_ALL, matchSubscriberIds=[null]]: cycleDay=19, cycleTimezone=Asia/Shanghai, warningBytes=104857600, limitBytes=-1, lastWarningSnooze=-1, lastLimitSnooze=-1, metered=true, inferred=true
06-18 20:04:52.991   874   966 V NetworkPolicy:  checking policy:NetworkPolicy[NetworkTemplate: matchRule=MOBILE_ALL, subscriberId=460028..., matchSubscriberIds=[460028...]]: cycleDay=1, cycleTimezone=Asia/Shanghai, warningBytes=2412510335, limitBytes=3015637919, lastWarningSnooze=-1, lastLimitSnooze=-1, metered=true, inferred=false
06-18 20:04:52.992   874   966 V NetworkPolicy:  checking policy:NetworkPolicy[NetworkTemplate: matchRule=MOBILE_ALL, subscriberId=460006..., matchSubscriberIds=[460006...]]: cycleDay=1, cycleTimezone=Asia/Shanghai, warningBytes=104857600, limitBytes=-1, lastWarningSnooze=-1, lastLimitSnooze=-1, metered=true, inferred=false
06-18 20:04:52.992   874   966 V NetworkPolicy:  checking policy:NetworkPolicy[NetworkTemplate: matchRule=MOBILE_ALL, subscriberId=460028..., matchSubscriberIds=[460028...]]: cycleDay=1, cycleTimezone=Asia/Shanghai, warningBytes=-1, limitBytes=-1, lastWarningSnooze=-1, lastLimitSnooze=-1, metered=true, inferred=false
06-18 20:04:52.992   874   966 V NetworkPolicy: updateNotificationsLocked()
06-18 20:04:53.019   874  1832 V ActivityManager: Broadcast: Intent { act=android.com.meizu.safe.provider.SafeWidgetProvider flg=0x10 (has extras) } ordered=false userid=-2 callerApp=ProcessRecord{25d454a8 1231:com.meizu.safe/1000}
06-18 20:04:55.245   874   874 V ActivityManager: Broadcast sticky: Intent { act=android.intent.action.BATTERY_CHANGED flg=0x60000010 (has extras) } ordered=false userid=-1 callerApp=null
06-18 20:04:55.251   874   874 D UsbDeviceManager: onReceive - BATTERY_CHANGED - mPlugType: 2, mSettingUsbCharging: false, mConnected: true, mSettingUsbBicr: false
06-18 20:04:55.252   874   874 D WifiService: onReceive, action:android.intent.action.BATTERY_CHANGED
06-18 20:04:55.252   874   970 D WifiController: DeviceActiveState{ when=0 what=155652 arg1=2 target=com.android.internal.util.StateMachine$SmHandler }
06-18 20:04:55.252   874   970 D WifiController: StaEnabledState{ when=0 what=155652 arg1=2 target=com.android.internal.util.StateMachine$SmHandler }
06-18 20:04:55.252   874   970 D WifiController: DefaultState{ when=0 what=155652 arg1=2 target=com.android.internal.util.StateMachine$SmHandler }
06-18 20:04:56.595   319   319 I thermal_repeater: oh, queryMdThermalInfo (0)Bad file number
06-18 20:04:56.607   319   319 I thermal_repeater: [recvMdThermalInfo] ret=25, strLen=127,  1, 32767,,, -1, 32767, 2
06-18 20:05:00.000   874   953 V AlarmManager: Checking for alarms... rtc=1497787499999, elapsed=376801662
06-18 20:05:00.001   874   953 D AlarmManager: sending alarm Alarm{230ab666 type 3 when 20:05:00 start 20:05:00 end 20:05:00 android}and operation:android.intent.action.TIME_TICK
06-18 20:05:00.001   874   953 V ActivityManager: Broadcast: Intent { act=android.intent.action.TIME_TICK flg=0x50000114 (has extras) } ordered=true userid=-1 callerApp=null
06-18 20:05:00.003   874   874 V AlarmManager: Received TIME_TICK alarm; rescheduling
06-18 20:05:00.004   874   953 V AlarmManager: sending alarm Alarm{230ab666 type 3 when 20:05:00 start 20:05:00 end 20:05:00 android} success
06-18 20:05:00.006   874   874 V AlarmManager: APP set(PendingIntent{1d616e05: PendingIntentRecord{edf8e5a android broadcastIntent}}) : type=3 triggerAtTime=376861662 win=0 tElapsed=376861662 maxElapsed=376861662 interval=0 standalone=true
06-18 20:05:01.613   319   319 I thermal_repeater: oh, queryMdThermalInfo (0)Bad file number
06-18 20:05:01.622   319   319 I thermal_repeater: [recvMdThermalInfo] ret=25, strLen=127,  1, 32767,,, -1, 32767, 2
06-18 20:05:04.735   296   775 D FrameworkListener: dispatchCommand data = (getaddrinfo cgicol.amap.com ^ 1024 0 1 0 0)
06-18 20:05:04.739   296  2075 D SocketClient: SocketClient sendData done: 222
06-18 20:05:04.740   296  2075 D SocketClient: SocketClient sendData done: 
06-18 20:05:04.740   296  2075 D SocketClient: SocketClient sendData done: 
06-18 20:05:04.741   296  2075 D SocketClient: SocketClient sendData done: 
06-18 20:05:04.742   296  2075 D SocketClient: SocketClient sendData done: 
06-18 20:05:04.742   296  2075 D SocketClient: SocketClient sendData done: 
06-18 20:05:04.748   296   778 D SocketClient: SocketClient sendData done: 
06-18 20:05:04.749   296  2075 D SocketClient: SocketClient sendData done: 
06-18 20:05:05.054   874   930 W ProcessCpuTracker: Skipping unknown process pid 2077
06-18 20:05:05.255   874   874 V ActivityManager: Broadcast sticky: Intent { act=android.intent.action.BATTERY_CHANGED flg=0x60000010 (has extras) } ordered=false userid=-1 callerApp=null
06-18 20:05:05.261   874   874 D UsbDeviceManager: onReceive - BATTERY_CHANGED - mPlugType: 2, mSettingUsbCharging: false, mConnected: true, mSettingUsbBicr: false
06-18 20:05:05.261   874   874 D WifiService: onReceive, action:android.intent.action.BATTERY_CHANGED
06-18 20:05:05.261   874   970 D WifiController: DeviceActiveState{ when=0 what=155652 arg1=2 target=com.android.internal.util.StateMachine$SmHandler }
06-18 20:05:05.262   874   970 D WifiController: StaEnabledState{ when=0 what=155652 arg1=2 target=com.android.internal.util.StateMachine$SmHandler }
06-18 20:05:05.262   874   970 D WifiController: DefaultState{ when=0 what=155652 arg1=2 target=com.android.internal.util.StateMachine$SmHandler }
06-18 20:05:06.629   319   319 I thermal_repeater: oh, queryMdThermalInfo (0)Bad file number
06-18 20:05:06.640   319   319 I thermal_repeater: [recvMdThermalInfo] ret=25, strLen=127,  1, 32767,,, -1, 32767, 2
06-18 20:05:08.036   874  1882 V NetworkStats: performPollLocked(flags=0x3)
06-18 20:05:08.046   874  1882 D NetdConnector: SND -> {8792 bandwidth gettetherstats}
06-18 20:05:08.048   296   779 D FrameworkListener: dispatchCommand data = (8792 bandwidth gettetherstats)
06-18 20:05:08.049   296   779 D SocketClient: SocketClient sendData done: 200 8792 Tethering stats list completed
06-18 20:05:08.049   874   960 D NetdConnector: RCV <- {200 8792 Tethering stats list completed}
06-18 20:05:08.053   874  1882 D NetdConnector: RMV <- {200 8792 Tethering stats list completed}
06-18 20:05:08.056   874  1882 I NetworkStatsRecorder: recordSnapshotLocked: ident[[{type=WIFI, subType=COMBINED, networkId=sodino}]]
06-18 20:05:08.057   874  1882 W NetworkStatsRecorder: unknown interfaces [lo, p2p0], ignoring those stats
06-18 20:05:08.058   874  1882 I NetworkStatsRecorder: recordSnapshotLocked: ident[[{type=WIFI, subType=COMBINED, networkId=sodino}]]
06-18 20:05:08.058   874  1882 W NetworkStatsRecorder: unknown interfaces [lo, p2p0], ignoring those stats
06-18 20:05:08.059   874  1882 I NetworkStatsRecorder: recordSnapshotLocked: ident[[{type=WIFI, subType=COMBINED, networkId=sodino}]]
06-18 20:05:08.060   874  1882 I NetworkStatsRecorder: recordSnapshotLocked: ident[[{type=WIFI, subType=COMBINED, networkId=sodino}]]
06-18 20:05:08.060   874  1882 I NetworkStatsRecorder: recordSnapshotLocked: ident[[{type=WIFI, subType=COMBINED, networkId=sodino}]]
06-18 20:05:08.061   874  1882 W NetworkStatsRecorder: unknown interfaces [lo, p2p0], ignoring those stats
06-18 20:05:08.062   874  1882 W NetworkStatsRecorder: unknown interfaces [lo, p2p0], ignoring those stats
06-18 20:05:08.063   874  1882 V NetworkStats: performPollLocked() took 27ms
06-18 20:05:08.066   874  1882 V ActivityManager: Broadcast: Intent { act=com.android.server.action.NETWORK_STATS_UPDATED flg=0x40000010 } ordered=false userid=-1 callerApp=ProcessRecord{2de77b41 874:system/1000}
06-18 20:05:08.067   874   966 V NetworkPolicy: updateNetworkEnabledLocked()
06-18 20:05:08.069   874   966 V NetworkPolicy:  checking policy:NetworkPolicy[NetworkTemplate: matchRule=MOBILE_ALL, matchSubscriberIds=[null]]: cycleDay=19, cycleTimezone=Asia/Shanghai, warningBytes=104857600, limitBytes=-1, lastWarningSnooze=-1, lastLimitSnooze=-1, metered=true, inferred=true
06-18 20:05:08.069   874   966 V NetworkPolicy:  checking policy:NetworkPolicy[NetworkTemplate: matchRule=MOBILE_ALL, subscriberId=460028..., matchSubscriberIds=[460028...]]: cycleDay=1, cycleTimezone=Asia/Shanghai, warningBytes=2412510335, limitBytes=3015637919, lastWarningSnooze=-1, lastLimitSnooze=-1, metered=true, inferred=false
06-18 20:05:08.070   874   966 V NetworkPolicy:  checking policy:NetworkPolicy[NetworkTemplate: matchRule=MOBILE_ALL, subscriberId=460006..., matchSubscriberIds=[460006...]]: cycleDay=1, cycleTimezone=Asia/Shanghai, warningBytes=104857600, limitBytes=-1, lastWarningSnooze=-1, lastLimitSnooze=-1, metered=true, inferred=false
06-18 20:05:08.070   874   966 V NetworkPolicy:  checking policy:NetworkPolicy[NetworkTemplate: matchRule=MOBILE_ALL, subscriberId=460028..., matchSubscriberIds=[460028...]]: cycleDay=1, cycleTimezone=Asia/Shanghai, warningBytes=-1, limitBytes=-1, lastWarningSnooze=-1, lastLimitSnooze=-1, metered=true, inferred=false
06-18 20:05:08.070   874   966 V NetworkPolicy: updateNotificationsLocked()
06-18 20:05:08.098   874  1848 V ActivityManager: Broadcast: Intent { act=android.com.meizu.safe.provider.SafeWidgetProvider flg=0x10 (has extras) } ordered=false userid=-2 callerApp=ProcessRecord{25d454a8 1231:com.meizu.safe/1000}
06-18 20:05:10.552   874  1531 W Watchdog: SWT Watchdog after wait current time:100876737
06-18 20:05:10.552   874  1531 W Watchdog: **Get SF Time **1
06-18 20:05:10.552   874  1531 W Watchdog: SWT Watchdog before synchronized:100876738
06-18 20:05:10.552   874  1531 W Watchdog: SWT Watchdog after synchronized:100876738
06-18 20:05:10.553   874  1531 W Watchdog: SWT Watchdog before wait timeout:30000
06-18 20:05:10.553   874  1531 W Watchdog: SWT Watchdog before wait current time:100876738
06-18 20:05:10.553   874  1531 W Watchdog: SWT Watchdog before wait start:100876738
06-18 20:05:10.553   874  1531 W Watchdog: SWT Watchdog before wait CHECK_INTERVAL:30000
06-18 20:05:11.647   319   319 I thermal_repeater: oh, queryMdThermalInfo (0)Bad file number
06-18 20:05:11.659   319   319 I thermal_repeater: [recvMdThermalInfo] ret=25, strLen=127,  1, 32767,,, -1, 32767, 2
06-18 20:05:13.265   874   953 V AlarmManager: Checking for alarms... rtc=1497787513265, elapsed=376814927
06-18 20:05:13.267   874   953 D AlarmManager: set alarm to RTC 2-376870957-20:06:09
06-18 20:05:13.268   874   953 D AlarmManager: set alarm to RTC 3-376849046-20:05:47
06-18 20:05:13.274   874   953 D AlarmManager: sending alarm Alarm{1d864254 type 2 when 20:05:13 start 20:05:13 end 20:05:13 com.sodino.postdelay}and operation:action.test.XML.repeating
06-18 20:05:13.282   874   953 V ActivityManager: Broadcast: Intent { act=action.test.XML.repeating flg=0x114 (has extras) } ordered=true userid=0 callerApp=null
06-18 20:05:13.298   874   953 V AlarmManager: sending alarm Alarm{1d864254 type 2 when 20:05:13 start 20:05:13 end 20:05:13 com.sodino.postdelay} success
06-18 20:05:13.300   874   953 D AlarmManager: sending alarm Alarm{2e0e0290 type 0 when 20:05:13 start 20:05:13 end 20:05:13 com.sodino.postdelay}and operation:action.test.XML
06-18 20:05:13.301   874   953 V ActivityManager: Broadcast: Intent { act=action.test.XML flg=0x114 (has extras) } ordered=true userid=0 callerApp=null
06-18 20:05:13.308   874   953 V AlarmManager: sending alarm Alarm{2e0e0290 type 0 when 20:05:13 start 20:05:13 end 20:05:13 com.sodino.postdelay} success
06-18 20:05:13.310   874   953 D AlarmManager: sending alarm Alarm{27981fcb type 0 when 20:05:13 start 20:05:13 end 20:05:13 com.sodino.postdelay}and operation:action.test.XML.code
06-18 20:05:13.311   874   953 V ActivityManager: Broadcast: Intent { act=action.test.XML.code flg=0x114 (has extras) } ordered=true userid=0 callerApp=null
06-18 20:05:13.313   874   953 V AlarmManager: sending alarm Alarm{27981fcb type 0 when 20:05:13 start 20:05:13 end 20:05:13 com.sodino.postdelay} success
06-18 20:05:13.314   874  1882 V AlarmManager: APP set(PendingIntent{1b5805fd: PendingIntentRecord{3e68d953 com.sodino.postdelay broadcastIntent}}) : type=0 triggerAtTime=1497787573305 win=0 tElapsed=376874967 maxElapsed=376874967 interval=0 standalone=true
06-18 20:05:13.320   874  1830 V AlarmManager: APP set(PendingIntent{d2f2fc0: PendingIntentRecord{345e8a9a com.sodino.postdelay broadcastIntent}}) : type=0 triggerAtTime=1497787573319 win=0 tElapsed=376874981 maxElapsed=376874981 interval=0 standalone=true
06-18 20:05:15.225   874   874 V ActivityManager: Broadcast sticky: Intent { act=android.intent.action.BATTERY_CHANGED flg=0x60000010 (has extras) } ordered=false userid=-1 callerApp=null
06-18 20:05:15.243   874   874 D UsbDeviceManager: onReceive - BATTERY_CHANGED - mPlugType: 2, mSettingUsbCharging: false, mConnected: true, mSettingUsbBicr: false
06-18 20:05:15.243   874   874 D WifiService: onReceive, action:android.intent.action.BATTERY_CHANGED
06-18 20:05:15.244   874   970 D WifiController: DeviceActiveState{ when=0 what=155652 arg1=2 target=com.android.internal.util.StateMachine$SmHandler }
06-18 20:05:15.244   874   970 D WifiController: StaEnabledState{ when=0 what=155652 arg1=2 target=com.android.internal.util.StateMachine$SmHandler }
06-18 20:05:15.244   874   970 D WifiController: DefaultState{ when=0 what=155652 arg1=2 target=com.android.internal.util.StateMachine$SmHandler }
06-18 20:05:16.666   319   319 I thermal_repeater: oh, queryMdThermalInfo (0)Bad file number
06-18 20:05:16.681   319   319 I thermal_repeater: [recvMdThermalInfo] ret=25, strLen=127,  1, 32767,,, -1, 32767, 2
06-18 20:05:18.321   874   923 W ProcessCpuTracker: Skipping unknown process pid 2264
06-18 20:05:21.691   319   319 I thermal_repeater: oh, queryMdThermalInfo (0)Bad file number
06-18 20:05:21.703   319   319 I thermal_repeater: [recvMdThermalInfo] ret=25, strLen=127,  1, 32767,,, -1, 32767, 2
06-18 20:05:23.116   874   900 V NetworkStats: performPollLocked(flags=0x3)
06-18 20:05:23.122   874   900 D NetdConnector: SND -> {8793 bandwidth gettetherstats}
06-18 20:05:23.122   296   779 D FrameworkListener: dispatchCommand data = (8793 bandwidth gettetherstats)
06-18 20:05:23.123   296   779 D SocketClient: SocketClient sendData done: 200 8793 Tethering stats list completed
06-18 20:05:23.123   874   960 D NetdConnector: RCV <- {200 8793 Tethering stats list completed}
06-18 20:05:23.136   874   900 D NetdConnector: RMV <- {200 8793 Tethering stats list completed}
06-18 20:05:23.154   874   900 I NetworkStatsRecorder: recordSnapshotLocked: ident[[{type=WIFI, subType=COMBINED, networkId=sodino}]]
06-18 20:05:23.155   874   900 W NetworkStatsRecorder: unknown interfaces [lo, p2p0], ignoring those stats
06-18 20:05:23.155   874   900 I NetworkStatsRecorder: recordSnapshotLocked: ident[[{type=WIFI, subType=COMBINED, networkId=sodino}]]
06-18 20:05:23.156   874   900 W NetworkStatsRecorder: unknown interfaces [lo, p2p0], ignoring those stats
06-18 20:05:23.156   874   900 I NetworkStatsRecorder: recordSnapshotLocked: ident[[{type=WIFI, subType=COMBINED, networkId=sodino}]]
06-18 20:05:23.157   874   900 I NetworkStatsRecorder: recordSnapshotLocked: ident[[{type=WIFI, subType=COMBINED, networkId=sodino}]]
06-18 20:05:23.158   874   900 W NetworkStatsRecorder: unknown interfaces [lo, p2p0], ignoring those stats
06-18 20:05:23.159   874   900 W NetworkStatsRecorder: unknown interfaces [lo, p2p0], ignoring those stats
06-18 20:05:23.161   874   900 V NetworkStats: performPollLocked() took 45ms
06-18 20:05:23.165   874   900 V ActivityManager: Broadcast: Intent { act=com.android.server.action.NETWORK_STATS_UPDATED flg=0x40000010 } ordered=false userid=-1 callerApp=ProcessRecord{2de77b41 874:system/1000}
06-18 20:05:23.167   874   966 V NetworkPolicy: updateNetworkEnabledLocked()
06-18 20:05:23.169   874   966 V NetworkPolicy:  checking policy:NetworkPolicy[NetworkTemplate: matchRule=MOBILE_ALL, matchSubscriberIds=[null]]: cycleDay=19, cycleTimezone=Asia/Shanghai, warningBytes=104857600, limitBytes=-1, lastWarningSnooze=-1, lastLimitSnooze=-1, metered=true, inferred=true
06-18 20:05:23.169   874   966 V NetworkPolicy:  checking policy:NetworkPolicy[NetworkTemplate: matchRule=MOBILE_ALL, subscriberId=460028..., matchSubscriberIds=[460028...]]: cycleDay=1, cycleTimezone=Asia/Shanghai, warningBytes=2412510335, limitBytes=3015637919, lastWarningSnooze=-1, lastLimitSnooze=-1, metered=true, inferred=false
06-18 20:05:23.169   874   966 V NetworkPolicy:  checking policy:NetworkPolicy[NetworkTemplate: matchRule=MOBILE_ALL, subscriberId=460006..., matchSubscriberIds=[460006...]]: cycleDay=1, cycleTimezone=Asia/Shanghai, warningBytes=104857600, limitBytes=-1, lastWarningSnooze=-1, lastLimitSnooze=-1, metered=true, inferred=false
06-18 20:05:23.169   874   966 V NetworkPolicy:  checking policy:NetworkPolicy[NetworkTemplate: matchRule=MOBILE_ALL, subscriberId=460028..., matchSubscriberIds=[460028...]]: cycleDay=1, cycleTimezone=Asia/Shanghai, warningBytes=-1, limitBytes=-1, lastWarningSnooze=-1, lastLimitSnooze=-1, metered=true, inferred=false
06-18 20:05:23.169   874   966 V NetworkPolicy: updateNotificationsLocked()
06-18 20:05:23.201   874  1245 V ActivityManager: Broadcast: Intent { act=android.com.meizu.safe.provider.SafeWidgetProvider flg=0x10 (has extras) } ordered=false userid=-2 callerApp=ProcessRecord{25d454a8 1231:com.meizu.safe/1000}
06-18 20:05:26.708   319   319 I thermal_repeater: oh, queryMdThermalInfo (0)Bad file number
06-18 20:05:26.720   319   319 I thermal_repeater: [recvMdThermalInfo] ret=25, strLen=127,  1, 32767,,, -1, 32767, 2
06-18 20:05:29.849   874  1882 V AlarmManager: APP set(PendingIntent{16702c3e: PendingIntentRecord{3c60844b com.autonavi.minimap broadcastIntent}}) : type=0 triggerAtTime=1497787799847 win=-1 tElapsed=377101509 maxElapsed=377304008 interval=0 standalone=false
06-18 20:05:31.726   319   319 I thermal_repeater: oh, queryMdThermalInfo (0)Bad file number
06-18 20:05:31.746   319   319 I thermal_repeater: [recvMdThermalInfo] ret=25, strLen=127,  1, 32767,,, -1, 32767, 2
06-18 20:05:35.226   874   874 V ActivityManager: Broadcast sticky: Intent { act=android.intent.action.BATTERY_CHANGED flg=0x60000010 (has extras) } ordered=false userid=-1 callerApp=null
06-18 20:05:35.238   874   874 D UsbDeviceManager: onReceive - BATTERY_CHANGED - mPlugType: 2, mSettingUsbCharging: false, mConnected: true, mSettingUsbBicr: false
06-18 20:05:35.238   874   874 D WifiService: onReceive, action:android.intent.action.BATTERY_CHANGED
06-18 20:05:35.238   874   970 D WifiController: DeviceActiveState{ when=0 what=155652 arg1=2 target=com.android.internal.util.StateMachine$SmHandler }
06-18 20:05:35.238   874   970 D WifiController: StaEnabledState{ when=0 what=155652 arg1=2 target=com.android.internal.util.StateMachine$SmHandler }
06-18 20:05:35.238   874   970 D WifiController: DefaultState{ when=0 what=155652 arg1=2 target=com.android.internal.util.StateMachine$SmHandler }
06-18 20:05:36.753   319   319 I thermal_repeater: oh, queryMdThermalInfo (0)Bad file number
06-18 20:05:36.766   319   319 I thermal_repeater: [recvMdThermalInfo] ret=25, strLen=127,  1, 32767,,, -1, 32767, 2
06-18 20:05:38.213   874  1848 V NetworkStats: performPollLocked(flags=0x3)
06-18 20:05:38.222   874  1848 D NetdConnector: SND -> {8794 bandwidth gettetherstats}
06-18 20:05:38.225   296   779 D FrameworkListener: dispatchCommand data = (8794 bandwidth gettetherstats)
06-18 20:05:38.225   296   779 D SocketClient: SocketClient sendData done: 200 8794 Tethering stats list completed
06-18 20:05:38.225   874   960 D NetdConnector: RCV <- {200 8794 Tethering stats list completed}
06-18 20:05:38.230   874  1848 D NetdConnector: RMV <- {200 8794 Tethering stats list completed}
06-18 20:05:38.235   874  1848 I NetworkStatsRecorder: recordSnapshotLocked: ident[[{type=WIFI, subType=COMBINED, networkId=sodino}]]
06-18 20:05:38.235   874  1848 W NetworkStatsRecorder: unknown interfaces [lo, p2p0], ignoring those stats
06-18 20:05:38.236   874  1848 I NetworkStatsRecorder: recordSnapshotLocked: ident[[{type=WIFI, subType=COMBINED, networkId=sodino}]]
06-18 20:05:38.237   874  1848 W NetworkStatsRecorder: unknown interfaces [lo, p2p0], ignoring those stats
06-18 20:05:38.237   874  1848 I NetworkStatsRecorder: recordSnapshotLocked: ident[[{type=WIFI, subType=COMBINED, networkId=sodino}]]
06-18 20:05:38.238   874  1848 I NetworkStatsRecorder: recordSnapshotLocked: ident[[{type=WIFI, subType=COMBINED, networkId=sodino}]]
06-18 20:05:38.239   874  1848 W NetworkStatsRecorder: unknown interfaces [lo, p2p0], ignoring those stats
06-18 20:05:38.240   874  1848 W NetworkStatsRecorder: unknown interfaces [lo, p2p0], ignoring those stats
06-18 20:05:38.241   874  1848 V NetworkStats: performPollLocked() took 28ms
06-18 20:05:38.244   874  1848 V ActivityManager: Broadcast: Intent { act=com.android.server.action.NETWORK_STATS_UPDATED flg=0x40000010 } ordered=false userid=-1 callerApp=ProcessRecord{2de77b41 874:system/1000}
06-18 20:05:38.245   874   966 V NetworkPolicy: updateNetworkEnabledLocked()
06-18 20:05:38.247   874   966 V NetworkPolicy:  checking policy:NetworkPolicy[NetworkTemplate: matchRule=MOBILE_ALL, matchSubscriberIds=[null]]: cycleDay=19, cycleTimezone=Asia/Shanghai, warningBytes=104857600, limitBytes=-1, lastWarningSnooze=-1, lastLimitSnooze=-1, metered=true, inferred=true
06-18 20:05:38.247   874   966 V NetworkPolicy:  checking policy:NetworkPolicy[NetworkTemplate: matchRule=MOBILE_ALL, subscriberId=460028..., matchSubscriberIds=[460028...]]: cycleDay=1, cycleTimezone=Asia/Shanghai, warningBytes=2412510335, limitBytes=3015637919, lastWarningSnooze=-1, lastLimitSnooze=-1, metered=true, inferred=false
06-18 20:05:38.248   874   966 V NetworkPolicy:  checking policy:NetworkPolicy[NetworkTemplate: matchRule=MOBILE_ALL, subscriberId=460006..., matchSubscriberIds=[460006...]]: cycleDay=1, cycleTimezone=Asia/Shanghai, warningBytes=104857600, limitBytes=-1, lastWarningSnooze=-1, lastLimitSnooze=-1, metered=true, inferred=false
06-18 20:05:38.248   874   966 V NetworkPolicy:  checking policy:NetworkPolicy[NetworkTemplate: matchRule=MOBILE_ALL, subscriberId=460028..., matchSubscriberIds=[460028...]]: cycleDay=1, cycleTimezone=Asia/Shanghai, warningBytes=-1, limitBytes=-1, lastWarningSnooze=-1, lastLimitSnooze=-1, metered=true, inferred=false
06-18 20:05:38.248   874   966 V NetworkPolicy: updateNotificationsLocked()
06-18 20:05:38.280   874  1245 V ActivityManager: Broadcast: Intent { act=android.com.meizu.safe.provider.SafeWidgetProvider flg=0x10 (has extras) } ordered=false userid=-2 callerApp=ProcessRecord{25d454a8 1231:com.meizu.safe/1000}
06-18 20:05:40.553   874  1531 W Watchdog: SWT Watchdog after wait current time:100906739
06-18 20:05:40.554   874  1531 W Watchdog: **Get SF Time **1
06-18 20:05:40.556   874  1531 W Watchdog: SWT Watchdog before synchronized:100906742
06-18 20:05:40.557   874  1531 W Watchdog: SWT Watchdog after synchronized:100906742
06-18 20:05:40.557   874  1531 W Watchdog: SWT Watchdog before wait timeout:30000
06-18 20:05:40.557   874  1531 W Watchdog: SWT Watchdog before wait current time:100906743
06-18 20:05:40.557   874  1531 W Watchdog: SWT Watchdog before wait start:100906742
06-18 20:05:40.557   874  1531 W Watchdog: SWT Watchdog before wait CHECK_INTERVAL:30000
06-18 20:05:41.773   319   319 I thermal_repeater: oh, queryMdThermalInfo (0)Bad file number
06-18 20:05:41.786   319   319 I thermal_repeater: [recvMdThermalInfo] ret=25, strLen=127,  1, 32767,,, -1, 32767, 2
06-18 20:05:46.790   319   319 I thermal_repeater: oh, queryMdThermalInfo (0)Bad file number
06-18 20:05:46.801   319   319 I thermal_repeater: [recvMdThermalInfo] ret=25, strLen=127,  1, 32767,,, -1, 32767, 2
06-18 20:05:47.384   874   953 V AlarmManager: Checking for alarms... rtc=1497787547384, elapsed=376849046
06-18 20:05:47.385   874   953 D AlarmManager: set alarm to RTC 3-376861662-20:06:00
06-18 20:05:47.391   874   953 D AlarmManager: sending alarm Alarm{3131ea9f type 1 when 20:05:47 start 20:05:47 end 20:05:47 com.flyme.systemuitools}and operation:nisdk.SYNC
06-18 20:05:47.394   874   953 V ActivityManager: Broadcast: Intent { act=nisdk.SYNC flg=0x114 (has extras) } ordered=true userid=0 callerApp=null
06-18 20:05:47.403   874   953 V AlarmManager: sending alarm Alarm{3131ea9f type 1 when 20:05:47 start 20:05:47 end 20:05:47 com.flyme.systemuitools} success
06-18 20:05:51.805   319   319 I thermal_repeater: oh, queryMdThermalInfo (0)Bad file number
06-18 20:05:51.817   319   319 I thermal_repeater: [recvMdThermalInfo] ret=25, strLen=127,  1, 32767,,, -1, 32767, 2
06-18 20:05:53.298   874  1828 V NetworkStats: performPollLocked(flags=0x3)
06-18 20:05:53.300   874  1828 D NetdConnector: SND -> {8795 bandwidth gettetherstats}
06-18 20:05:53.300   296   779 D FrameworkListener: dispatchCommand data = (8795 bandwidth gettetherstats)
06-18 20:05:53.300   296   779 D SocketClient: SocketClient sendData done: 200 8795 Tethering stats list completed
06-18 20:05:53.300   874   960 D NetdConnector: RCV <- {200 8795 Tethering stats list completed}
06-18 20:05:53.302   874  1828 D NetdConnector: RMV <- {200 8795 Tethering stats list completed}
06-18 20:05:53.306   874  1828 I NetworkStatsRecorder: recordSnapshotLocked: ident[[{type=WIFI, subType=COMBINED, networkId=sodino}]]
06-18 20:05:53.307   874  1828 W NetworkStatsRecorder: unknown interfaces [lo, p2p0], ignoring those stats
06-18 20:05:53.308   874  1828 I NetworkStatsRecorder: recordSnapshotLocked: ident[[{type=WIFI, subType=COMBINED, networkId=sodino}]]
06-18 20:05:53.310   874  1828 W NetworkStatsRecorder: unknown interfaces [lo, p2p0], ignoring those stats
06-18 20:05:53.312   874  1828 I NetworkStatsRecorder: recordSnapshotLocked: ident[[{type=WIFI, subType=COMBINED, networkId=sodino}]]
06-18 20:05:53.313   874  1828 W NetworkStatsRecorder: unknown interfaces [lo, p2p0], ignoring those stats
06-18 20:05:53.315   874  1828 W NetworkStatsRecorder: unknown interfaces [lo, p2p0], ignoring those stats
06-18 20:05:53.318   874  1828 V NetworkStats: performPollLocked() took 20ms
06-18 20:05:53.323   874  1828 V ActivityManager: Broadcast: Intent { act=com.android.server.action.NETWORK_STATS_UPDATED flg=0x40000010 } ordered=false userid=-1 callerApp=ProcessRecord{2de77b41 874:system/1000}
06-18 20:05:53.325   874   966 V NetworkPolicy: updateNetworkEnabledLocked()
06-18 20:05:53.327   874   966 V NetworkPolicy:  checking policy:NetworkPolicy[NetworkTemplate: matchRule=MOBILE_ALL, matchSubscriberIds=[null]]: cycleDay=19, cycleTimezone=Asia/Shanghai, warningBytes=104857600, limitBytes=-1, lastWarningSnooze=-1, lastLimitSnooze=-1, metered=true, inferred=true
06-18 20:05:53.327   874   966 V NetworkPolicy:  checking policy:NetworkPolicy[NetworkTemplate: matchRule=MOBILE_ALL, subscriberId=460028..., matchSubscriberIds=[460028...]]: cycleDay=1, cycleTimezone=Asia/Shanghai, warningBytes=2412510335, limitBytes=3015637919, lastWarningSnooze=-1, lastLimitSnooze=-1, metered=true, inferred=false
