06-18 20:05:53.328   874   966 V NetworkPolicy:  checking policy:NetworkPolicy[NetworkTemplate: matchRule=MOBILE_ALL, subscriberId=460006..., matchSubscriberIds=[460006...]]: cycleDay=1, cycleTimezone=Asia/Shanghai, warningBytes=104857600, limitBytes=-1, lastWarningSnooze=-1, lastLimitSnooze=-1, metered=true, inferred=false
06-18 20:05:53.328   874   966 V NetworkPolicy:  checking policy:NetworkPolicy[NetworkTemplate: matchRule=MOBILE_ALL, subscriberId=460028..., matchSubscriberIds=[460028...]]: cycleDay=1, cycleTimezone=Asia/Shanghai, warningBytes=-1, limitBytes=-1, lastWarningSnooze=-1, lastLimitSnooze=-1, metered=true, inferred=false
06-18 20:05:53.328   874   966 V NetworkPolicy: updateNotificationsLocked()
06-18 20:05:53.354   874  1245 V ActivityManager: Broadcast: Intent { act=android.com.meizu.safe.provider.SafeWidgetProvider flg=0x10 (has extras) } ordered=false userid=-2 callerApp=ProcessRecord{25d454a8 1231:com.meizu.safe/1000}
06-18 20:05:55.253   874   874 V ActivityManager: Broadcast sticky: Intent { act=android.intent.action.BATTERY_CHANGED flg=0x60000010 (has extras) } ordered=false userid=-1 callerApp=null
06-18 20:05:55.268   874   874 D UsbDeviceManager: onReceive - BATTERY_CHANGED - mPlugType: 2, mSettingUsbCharging: false, mConnected: true, mSettingUsbBicr: false
06-18 20:05:55.268   874   874 D WifiService: onReceive, action:android.intent.action.BATTERY_CHANGED
06-18 20:05:55.268   874   970 D WifiController: DeviceActiveState{ when=0 what=155652 arg1=2 target=com.android.internal.util.StateMachine$SmHandler }
06-18 20:05:55.268   874   970 D WifiController: StaEnabledState{ when=0 what=155652 arg1=2 target=com.android.internal.util.StateMachine$SmHandler }
06-18 20:05:55.268   874   970 D WifiController: DefaultState{ when=0 what=155652 arg1=2 target=com.android.internal.util.StateMachine$SmHandler }
06-18 20:05:56.821   319   319 I thermal_repeater: oh, queryMdThermalInfo (0)Bad file number
06-18 20:05:56.833   319   319 I thermal_repeater: [recvMdThermalInfo] ret=25, strLen=127,  1, 32767,,, -1, 32767, 2
06-18 20:06:00.000   874   953 V AlarmManager: Checking for alarms... rtc=1497787560000, elapsed=376861662
06-18 20:06:00.017   874   953 D AlarmManager: sending alarm Alarm{2806eda7 type 3 when 20:06:00 start 20:05:59 end 20:06:00 android}and operation:android.intent.action.TIME_TICK
06-18 20:06:00.021   874   953 V ActivityManager: Broadcast: Intent { act=android.intent.action.TIME_TICK flg=0x50000114 (has extras) } ordered=true userid=-1 callerApp=null
06-18 20:06:00.026   874   874 V AlarmManager: Received TIME_TICK alarm; rescheduling
06-18 20:06:00.031   874   953 V AlarmManager: sending alarm Alarm{2806eda7 type 3 when 20:06:00 start 20:06:00 end 20:06:00 android} success
06-18 20:06:00.038   874   953 D AlarmManager: sending alarm Alarm{273ece4a type 3 when 20:06:00 start 20:06:00 end 20:06:00 android}and operation:android.content.jobscheduler.JOB_DELAY_EXPIRED
06-18 20:06:00.039   874   953 V ActivityManager: Broadcast: Intent { act=android.content.jobscheduler.JOB_DELAY_EXPIRED flg=0x114 (has extras) } ordered=true userid=0 callerApp=null
06-18 20:06:00.043   874   953 V AlarmManager: sending alarm Alarm{273ece4a type 3 when 20:06:00 start 20:06:00 end 20:06:00 android} success
06-18 20:06:00.045   874   953 D AlarmManager: sending alarm Alarm{169788f1 type 3 when 20:06:00 start 20:06:00 end 20:06:00 com.tencent.mm}and operation:com.tencent.mm.TrafficStatsReceiver
06-18 20:06:00.046   874   953 V ActivityManager: Broadcast: Intent { act=com.tencent.mm.TrafficStatsReceiver flg=0x114 (has extras) } ordered=true userid=0 callerApp=null
06-18 20:06:00.050   874   953 V AlarmManager: sending alarm Alarm{169788f1 type 3 when 20:06:00 start 20:06:00 end 20:06:00 com.tencent.mm} success
06-18 20:06:00.054   874   874 V AlarmManager: APP set(PendingIntent{1d616e05: PendingIntentRecord{edf8e5a android broadcastIntent}}) : type=3 triggerAtTime=376921662 win=0 tElapsed=376921662 maxElapsed=376921662 interval=0 standalone=true
06-18 20:06:00.055   874   874 V AlarmManager: APP set(PendingIntent{14eadd4c: PendingIntentRecord{2c359195 android broadcastIntent}}) : type=3 triggerAtTime=376861725 win=-1 tElapsed=376866717 maxElapsed=376866717 interval=0 standalone=false
06-18 20:06:00.056   874   874 D AlarmManager: set alarm to RTC 3-376866717-20:06:05
06-18 20:06:01.840   319   319 I thermal_repeater: oh, queryMdThermalInfo (0)Bad file number
06-18 20:06:01.849   319   319 I thermal_repeater: [recvMdThermalInfo] ret=25, strLen=127,  1, 32767,,, -1, 32767, 2
--------- beginning of main
06-18 20:06:02.497   874   968 D WifiStateMachine: mLastSignalLevel:3, newSignalLevel:3
06-18 20:06:02.504 16811 16811 W ADB_SERVICES: create_local_service_socket() name=shell:cat /proc/stat
06-18 20:06:02.504 16811 16811 W ADB_SERVICES: service_to_fd() name=shell:cat /proc/stat
06-18 20:06:02.505 16811 16811 W ADB_SERVICES: read_meminfo() mem_free=84460
06-18 20:06:02.505 16811 16811 W ADB_SERVICES: create_subproc ret_fd=21 pid=2720
06-18 20:06:02.505 16811 16811 W ADB_SERVICES: LS(81190): bound to 'shell:cat /proc/stat' via 21
06-18 20:06:02.507  2720  2720 W ADB_SERVICES: adb: unable to update oom_score_adj
06-18 20:06:02.514 16811 16811 D ADB_SERVICES:  closing because is_eof=1 r=-1 s->fde.force_eof=0
06-18 20:06:02.514 16811 16811 W ADB_SERVICES: entered. LS(81190) fd=21
06-18 20:06:02.890 16811 16811 W ADB_SERVICES: create_local_service_socket() name=shell:cat /proc/net/xt_qtaguid/stats | grep 10278
06-18 20:06:02.890 16811 16811 W ADB_SERVICES: service_to_fd() name=shell:cat /proc/net/xt_qtaguid/stats | grep 10278
06-18 20:06:02.891 16811 16811 W ADB_SERVICES: read_meminfo() mem_free=84444
06-18 20:06:02.893 16811 16811 W ADB_SERVICES: create_subproc ret_fd=21 pid=2721
06-18 20:06:02.893 16811 16811 W ADB_SERVICES: LS(81191): bound to 'shell:cat /proc/net/xt_qtaguid/stats | grep 10278' via 21
06-18 20:06:02.898  2721  2721 W ADB_SERVICES: adb: unable to update oom_score_adj
06-18 20:06:02.921 16811 16811 D ADB_SERVICES:  closing because is_eof=1 r=-1 s->fde.force_eof=0
06-18 20:06:02.921 16811 16811 W ADB_SERVICES: entered. LS(81191) fd=21
06-18 20:06:03.048 16811 16811 W ADB_SERVICES: create_local_service_socket() name=shell:cat /proc/1282/stat
06-18 20:06:03.048 16811 16811 W ADB_SERVICES: service_to_fd() name=shell:cat /proc/1282/stat
06-18 20:06:03.049 16811 16811 W ADB_SERVICES: read_meminfo() mem_free=84412
06-18 20:06:03.050 16811 16811 W ADB_SERVICES: create_subproc ret_fd=21 pid=2725
06-18 20:06:03.051 16811 16811 W ADB_SERVICES: LS(81192): bound to 'shell:cat /proc/1282/stat' via 21
06-18 20:06:03.056  2725  2725 W ADB_SERVICES: adb: unable to update oom_score_adj
06-18 20:06:03.072 16811 16811 D ADB_SERVICES:  closing because is_eof=1 r=-1 s->fde.force_eof=0
06-18 20:06:03.072 16811 16811 W ADB_SERVICES: entered. LS(81192) fd=21
06-18 20:06:03.088 16811 16811 W ADB_SERVICES: create_local_service_socket() name=shell:cat /proc/stat
06-18 20:06:03.088 16811 16811 W ADB_SERVICES: service_to_fd() name=shell:cat /proc/stat
06-18 20:06:03.088 16811 16811 W ADB_SERVICES: read_meminfo() mem_free=84412
06-18 20:06:03.089 16811 16811 W ADB_SERVICES: create_subproc ret_fd=21 pid=2726
06-18 20:06:03.089 16811 16811 W ADB_SERVICES: LS(81193): bound to 'shell:cat /proc/stat' via 21
06-18 20:06:03.090  2726  2726 W ADB_SERVICES: adb: unable to update oom_score_adj
06-18 20:06:03.097 16811 16811 D ADB_SERVICES:  closing because is_eof=1 r=-1 s->fde.force_eof=0
06-18 20:06:03.097 16811 16811 W ADB_SERVICES: entered. LS(81193) fd=21
06-18 20:06:03.399  1282  1282 D BgTest  : uiCount 109  +4
06-18 20:06:03.444  1282  1391 D BgTest  : bgCount 105
06-18 20:06:03.461 16811 16811 W ADB_SERVICES: create_local_service_socket() name=shell:cat /proc/net/xt_qtaguid/stats | grep 10278
06-18 20:06:03.461 16811 16811 W ADB_SERVICES: service_to_fd() name=shell:cat /proc/net/xt_qtaguid/stats | grep 10278
06-18 20:06:03.462 16811 16811 W ADB_SERVICES: read_meminfo() mem_free=84412
06-18 20:06:03.464 16811 16811 W ADB_SERVICES: create_subproc ret_fd=21 pid=2727
06-18 20:06:03.464 16811 16811 W ADB_SERVICES: LS(81194): bound to 'shell:cat /proc/net/xt_qtaguid/stats | grep 10278' via 21
06-18 20:06:03.469  2727  2727 W ADB_SERVICES: adb: unable to update oom_score_adj
06-18 20:06:03.496 16811 16811 D ADB_SERVICES:  closing because is_eof=1 r=-1 s->fde.force_eof=0
06-18 20:06:03.496 16811 16811 W ADB_SERVICES: entered. LS(81194) fd=21
06-18 20:06:03.628 16811 16811 W ADB_SERVICES: create_local_service_socket() name=shell:cat /proc/1282/stat
06-18 20:06:03.628 16811 16811 W ADB_SERVICES: service_to_fd() name=shell:cat /proc/1282/stat
06-18 20:06:03.630 16811 16811 W ADB_SERVICES: read_meminfo() mem_free=84428
06-18 20:06:03.631 16811 16811 W ADB_SERVICES: create_subproc ret_fd=21 pid=2730
06-18 20:06:03.631 16811 16811 W ADB_SERVICES: LS(81195): bound to 'shell:cat /proc/1282/stat' via 21
06-18 20:06:03.636  2730  2730 W ADB_SERVICES: adb: unable to update oom_score_adj
06-18 20:06:03.652 16811 16811 D ADB_SERVICES:  closing because is_eof=1 r=-1 s->fde.force_eof=0
06-18 20:06:03.652 16811 16811 W ADB_SERVICES: entered. LS(81195) fd=21
06-18 20:06:03.666 16811 16811 W ADB_SERVICES: create_local_service_socket() name=shell:cat /proc/stat
06-18 20:06:03.666 16811 16811 W ADB_SERVICES: service_to_fd() name=shell:cat /proc/stat
06-18 20:06:03.667 16811 16811 W ADB_SERVICES: read_meminfo() mem_free=84428
06-18 20:06:03.669 16811 16811 W ADB_SERVICES: create_subproc ret_fd=21 pid=2731
06-18 20:06:03.669 16811 16811 W ADB_SERVICES: LS(81196): bound to 'shell:cat /proc/stat' via 21
06-18 20:06:03.674  2731  2731 W ADB_SERVICES: adb: unable to update oom_score_adj
06-18 20:06:03.690 16811 16811 D ADB_SERVICES:  closing because is_eof=1 r=-1 s->fde.force_eof=0
06-18 20:06:03.690 16811 16811 W ADB_SERVICES: entered. LS(81196) fd=21
06-18 20:06:04.007 16811 16811 W ADB_SERVICES: create_local_service_socket() name=shell:cat /proc/net/xt_qtaguid/stats | grep 10278
06-18 20:06:04.007 16811 16811 W ADB_SERVICES: service_to_fd() name=shell:cat /proc/net/xt_qtaguid/stats | grep 10278
06-18 20:06:04.008 16811 16811 W ADB_SERVICES: read_meminfo() mem_free=84444
06-18 20:06:04.011 16811 16811 W ADB_SERVICES: create_subproc ret_fd=21 pid=2732
06-18 20:06:04.012 16811 16811 W ADB_SERVICES: LS(81197): bound to 'shell:cat /proc/net/xt_qtaguid/stats | grep 10278' via 21
06-18 20:06:04.015  2732  2732 W ADB_SERVICES: adb: unable to update oom_score_adj
06-18 20:06:04.048 16811 16811 D ADB_SERVICES:  closing because is_eof=1 r=-1 s->fde.force_eof=0
06-18 20:06:04.048 16811 16811 W ADB_SERVICES: entered. LS(81197) fd=21
06-18 20:06:04.213 16811 16811 W ADB_SERVICES: create_local_service_socket() name=shell:cat /proc/1282/stat
06-18 20:06:04.213 16811 16811 W ADB_SERVICES: service_to_fd() name=shell:cat /proc/1282/stat
06-18 20:06:04.214 16811 16811 W ADB_SERVICES: read_meminfo() mem_free=84428
06-18 20:06:04.216 16811 16811 W ADB_SERVICES: create_subproc ret_fd=21 pid=2735
06-18 20:06:04.216 16811 16811 W ADB_SERVICES: LS(81198): bound to 'shell:cat /proc/1282/stat' via 21
06-18 20:06:04.221  2735  2735 W ADB_SERVICES: adb: unable to update oom_score_adj
06-18 20:06:04.237 16811 16811 D ADB_SERVICES:  closing because is_eof=1 r=-1 s->fde.force_eof=0
06-18 20:06:04.237 16811 16811 W ADB_SERVICES: entered. LS(81198) fd=21
06-18 20:06:04.253 16811 16811 W ADB_SERVICES: create_local_service_socket() name=shell:cat /proc/stat
06-18 20:06:04.253 16811 16811 W ADB_SERVICES: service_to_fd() name=shell:cat /proc/stat
06-18 20:06:04.254 16811 16811 W ADB_SERVICES: read_meminfo() mem_free=84428
06-18 20:06:04.255 16811 16811 W ADB_SERVICES: create_subproc ret_fd=21 pid=2736
06-18 20:06:04.255 16811 16811 W ADB_SERVICES: LS(81199): bound to 'shell:cat /proc/stat' via 21
06-18 20:06:04.260  2736  2736 W ADB_SERVICES: adb: unable to update oom_score_adj
06-18 20:06:04.281 16811 16811 D ADB_SERVICES:  closing because is_eof=1 r=-1 s->fde.force_eof=0
06-18 20:06:04.281 16811 16811 W ADB_SERVICES: entered. LS(81199) fd=21
06-18 20:06:04.400  1282  1282 D BgTest  : uiCount 110  +4
06-18 20:06:04.476  1282  1391 D BgTest  : bgCount 106
06-18 20:06:04.582 16811 16811 W ADB_SERVICES: create_local_service_socket() name=shell:cat /proc/net/xt_qtaguid/stats | grep 10278
06-18 20:06:04.582 16811 16811 W ADB_SERVICES: service_to_fd() name=shell:cat /proc/net/xt_qtaguid/stats | grep 10278
06-18 20:06:04.583 16811 16811 W ADB_SERVICES: read_meminfo() mem_free=84428
06-18 20:06:04.584 16811 16811 W ADB_SERVICES: create_subproc ret_fd=21 pid=2737
06-18 20:06:04.585 16811 16811 W ADB_SERVICES: LS(81200): bound to 'shell:cat /proc/net/xt_qtaguid/stats | grep 10278' via 21
06-18 20:06:04.590  2737  2737 W ADB_SERVICES: adb: unable to update oom_score_adj
06-18 20:06:04.616 16811 16811 D ADB_SERVICES:  closing because is_eof=1 r=-1 s->fde.force_eof=0
06-18 20:06:04.616 16811 16811 W ADB_SERVICES: entered. LS(81200) fd=21
06-18 20:06:04.797 16811 16811 W ADB_SERVICES: create_local_service_socket() name=shell:cat /proc/1282/stat
06-18 20:06:04.797 16811 16811 W ADB_SERVICES: service_to_fd() name=shell:cat /proc/1282/stat
06-18 20:06:04.799 16811 16811 W ADB_SERVICES: read_meminfo() mem_free=84428
06-18 20:06:04.801 16811 16811 W ADB_SERVICES: create_subproc ret_fd=21 pid=2740
06-18 20:06:04.801 16811 16811 W ADB_SERVICES: LS(81201): bound to 'shell:cat /proc/1282/stat' via 21
06-18 20:06:04.805  2740  2740 W ADB_SERVICES: adb: unable to update oom_score_adj
06-18 20:06:04.821 16811 16811 D ADB_SERVICES:  closing because is_eof=1 r=-1 s->fde.force_eof=0
06-18 20:06:04.821 16811 16811 W ADB_SERVICES: entered. LS(81201) fd=21
06-18 20:06:04.841 16811 16811 W ADB_SERVICES: create_local_service_socket() name=shell:cat /proc/stat
06-18 20:06:04.841 16811 16811 W ADB_SERVICES: service_to_fd() name=shell:cat /proc/stat
06-18 20:06:04.841 16811 16811 W ADB_SERVICES: read_meminfo() mem_free=84428
06-18 20:06:04.842 16811 16811 W ADB_SERVICES: create_subproc ret_fd=21 pid=2741
06-18 20:06:04.842 16811 16811 W ADB_SERVICES: LS(81202): bound to 'shell:cat /proc/stat' via 21
06-18 20:06:04.843  2741  2741 W ADB_SERVICES: adb: unable to update oom_score_adj
06-18 20:06:04.850 16811 16811 D ADB_SERVICES:  closing because is_eof=1 r=1 s->fde.force_eof=0
06-18 20:06:04.850 16811 16811 W ADB_SERVICES: entered. LS(81202) fd=21
06-18 20:06:04.944 29526 29754 V SettingsInterface:  from settings cache , name = airplane_mode_on , value = 0
06-18 20:06:04.951 29526 29754 V SettingsInterface:  from settings cache , name = location_providers_allowed , value = default
06-18 20:06:04.963 29526 29754 V SettingsInterface:  from settings cache , name = mock_location , value = 0
06-18 20:06:05.005   272   272 I SurfaceFlinger: [Built-in Screen (type:0)] fps:0.332823,dur:3004.60,max:3004.60,min:3004.60
06-18 20:06:05.055   874   953 V AlarmManager: Checking for alarms... rtc=1497787565055, elapsed=376866717
06-18 20:06:05.060   874   953 D AlarmManager: sending alarm Alarm{2fd491bb type 3 when 20:06:05 start 20:06:05 end 20:06:05 android}and operation:android.content.jobscheduler.JOB_DELAY_EXPIRED
06-18 20:06:05.062   874   953 V ActivityManager: Broadcast: Intent { act=android.content.jobscheduler.JOB_DELAY_EXPIRED flg=0x114 (has extras) } ordered=true userid=0 callerApp=null
06-18 20:06:05.066   874   953 V AlarmManager: sending alarm Alarm{2fd491bb type 3 when 20:06:05 start 20:06:05 end 20:06:05 android} success
06-18 20:06:05.096   874   874 V AlarmManager: APP set(PendingIntent{14eadd4c: PendingIntentRecord{2c359195 android broadcastIntent}}) : type=3 triggerAtTime=391956777 win=-1 tElapsed=391956777 maxElapsed=403274291 interval=0 standalone=false
06-18 20:06:05.097   874   874 I libPerfService: perfSetFavorPid - pid:1282, 502
06-18 20:06:05.150 16811 16811 W ADB_SERVICES: create_local_service_socket() name=shell:cat /proc/net/xt_qtaguid/stats | grep 10278
06-18 20:06:05.150 16811 16811 W ADB_SERVICES: service_to_fd() name=shell:cat /proc/net/xt_qtaguid/stats | grep 10278
06-18 20:06:05.151 16811 16811 W ADB_SERVICES: read_meminfo() mem_free=84476
06-18 20:06:05.152 16811 16811 W ADB_SERVICES: create_subproc ret_fd=21 pid=2742
06-18 20:06:05.152 16811 16811 W ADB_SERVICES: LS(81203): bound to 'shell:cat /proc/net/xt_qtaguid/stats | grep 10278' via 21
06-18 20:06:05.158  2742  2742 W ADB_SERVICES: adb: unable to update oom_score_adj
06-18 20:06:05.192 16811 16811 D ADB_SERVICES:  closing because is_eof=1 r=-1 s->fde.force_eof=0
06-18 20:06:05.192 16811 16811 W ADB_SERVICES: entered. LS(81203) fd=21
06-18 20:06:05.384 16811 16811 W ADB_SERVICES: create_local_service_socket() name=shell:cat /proc/1282/stat
06-18 20:06:05.384 16811 16811 W ADB_SERVICES: service_to_fd() name=shell:cat /proc/1282/stat
06-18 20:06:05.387 16811 16811 W ADB_SERVICES: read_meminfo() mem_free=84460
06-18 20:06:05.388 16811 16811 W ADB_SERVICES: create_subproc ret_fd=21 pid=2745
06-18 20:06:05.389 16811 16811 W ADB_SERVICES: LS(81204): bound to 'shell:cat /proc/1282/stat' via 21
06-18 20:06:05.392  2745  2745 W ADB_SERVICES: adb: unable to update oom_score_adj
06-18 20:06:05.402  1282  1282 D BgTest  : uiCount 111  +4
06-18 20:06:05.407 16811 16811 D ADB_SERVICES:  closing because is_eof=1 r=1 s->fde.force_eof=0
06-18 20:06:05.407 16811 16811 W ADB_SERVICES: entered. LS(81204) fd=21
06-18 20:06:05.429 16811 16811 W ADB_SERVICES: create_local_service_socket() name=shell:cat /proc/stat
06-18 20:06:05.429 16811 16811 W ADB_SERVICES: service_to_fd() name=shell:cat /proc/stat
06-18 20:06:05.430 16811 16811 W ADB_SERVICES: read_meminfo() mem_free=84460
06-18 20:06:05.430 16811 16811 W ADB_SERVICES: create_subproc ret_fd=21 pid=2746
06-18 20:06:05.430 16811 16811 W ADB_SERVICES: LS(81205): bound to 'shell:cat /proc/stat' via 21
06-18 20:06:05.432  2746  2746 W ADB_SERVICES: adb: unable to update oom_score_adj
06-18 20:06:05.439 16811 16811 D ADB_SERVICES:  closing because is_eof=1 r=-1 s->fde.force_eof=0
06-18 20:06:05.439 16811 16811 W ADB_SERVICES: entered. LS(81205) fd=21
06-18 20:06:05.504   874   968 D WifiHW  : enter -->wifi_send_command cmd=IFNAME=wlan0 SIGNAL_POLL
06-18 20:06:05.506 11599 11599 D wpa_supplicant: wlan0: Control interface command 'SIGNAL_POLL'
06-18 20:06:05.517  1282  1391 D BgTest  : bgCount 107
06-18 20:06:05.528   874   968 D WifiHW  : leave --> reply=RSSI=-40
06-18 20:06:05.528   874   968 D WifiHW  : LINKSPEED=65
06-18 20:06:05.528   874   968 D WifiHW  : NOISE=9999
06-18 20:06:05.528   874   968 D WifiHW  : FREQUENCY=2462
06-18 20:06:05.528   874   968 D WifiHW  : 
06-18 20:06:05.528   874   968 D WifiStateMachine: mLastSignalLevel:3, newSignalLevel:3
06-18 20:06:05.718 16811 16811 W ADB_SERVICES: create_local_service_socket() name=shell:cat /proc/net/xt_qtaguid/stats | grep 10278
06-18 20:06:05.718 16811 16811 W ADB_SERVICES: service_to_fd() name=shell:cat /proc/net/xt_qtaguid/stats | grep 10278
06-18 20:06:05.719 16811 16811 W ADB_SERVICES: read_meminfo() mem_free=84460
06-18 20:06:05.720 16811 16811 W ADB_SERVICES: create_subproc ret_fd=21 pid=2747
06-18 20:06:05.720 16811 16811 W ADB_SERVICES: LS(81206): bound to 'shell:cat /proc/net/xt_qtaguid/stats | grep 10278' via 21
06-18 20:06:05.725  2747  2747 W ADB_SERVICES: adb: unable to update oom_score_adj
06-18 20:06:05.755 16811 16811 D ADB_SERVICES:  closing because is_eof=1 r=-1 s->fde.force_eof=0
06-18 20:06:05.755 16811 16811 W ADB_SERVICES: entered. LS(81206) fd=21
06-18 20:06:05.974 16811 16811 W ADB_SERVICES: create_local_service_socket() name=shell:cat /proc/1282/stat
06-18 20:06:05.974 16811 16811 W ADB_SERVICES: service_to_fd() name=shell:cat /proc/1282/stat
06-18 20:06:05.975 16811 16811 W ADB_SERVICES: read_meminfo() mem_free=84460
06-18 20:06:05.978 16811 16811 W ADB_SERVICES: create_subproc ret_fd=21 pid=2750
06-18 20:06:05.979 16811 16811 W ADB_SERVICES: LS(81207): bound to 'shell:cat /proc/1282/stat' via 21
06-18 20:06:05.982  2750  2750 W ADB_SERVICES: adb: unable to update oom_score_adj
06-18 20:06:05.998 16811 16811 D ADB_SERVICES:  closing because is_eof=1 r=-1 s->fde.force_eof=0
06-18 20:06:05.998 16811 16811 W ADB_SERVICES: entered. LS(81207) fd=21
06-18 20:06:06.021 16811 16811 W ADB_SERVICES: create_local_service_socket() name=shell:cat /proc/stat
06-18 20:06:06.021 16811 16811 W ADB_SERVICES: service_to_fd() name=shell:cat /proc/stat
06-18 20:06:06.022 16811 16811 W ADB_SERVICES: read_meminfo() mem_free=84460
06-18 20:06:06.023 16811 16811 W ADB_SERVICES: create_subproc ret_fd=21 pid=2751
06-18 20:06:06.023 16811 16811 W ADB_SERVICES: LS(81208): bound to 'shell:cat /proc/stat' via 21
06-18 20:06:06.029  2751  2751 W ADB_SERVICES: adb: unable to update oom_score_adj
06-18 20:06:06.045 16811 16811 D ADB_SERVICES:  closing because is_eof=1 r=1 s->fde.force_eof=0
06-18 20:06:06.045 16811 16811 W ADB_SERVICES: entered. LS(81208) fd=21
06-18 20:06:06.288 16811 16811 W ADB_SERVICES: create_local_service_socket() name=shell:cat /proc/net/xt_qtaguid/stats | grep 10278
06-18 20:06:06.288 16811 16811 W ADB_SERVICES: service_to_fd() name=shell:cat /proc/net/xt_qtaguid/stats | grep 10278
06-18 20:06:06.289 16811 16811 W ADB_SERVICES: read_meminfo() mem_free=84460
06-18 20:06:06.291 16811 16811 W ADB_SERVICES: create_subproc ret_fd=21 pid=2752
06-18 20:06:06.291 16811 16811 W ADB_SERVICES: LS(81209): bound to 'shell:cat /proc/net/xt_qtaguid/stats | grep 10278' via 21
06-18 20:06:06.296  2752  2752 W ADB_SERVICES: adb: unable to update oom_score_adj
06-18 20:06:06.332 16811 16811 D ADB_SERVICES:  closing because is_eof=1 r=-1 s->fde.force_eof=0
06-18 20:06:06.332 16811 16811 W ADB_SERVICES: entered. LS(81209) fd=21
06-18 20:06:06.403  1282  1282 D BgTest  : uiCount 112  +4
06-18 20:06:06.538   874   982 D AudioService: MzCreateMediaserverWatchdogThread: monitor mediaserver end !!!
06-18 20:06:06.538   874   982 D AudioService: MzCreateMediaserverWatchdogThread: monitor mediaserver start !!!
06-18 20:06:06.542   874  2755 D AudioSystem: +setParameters(): mediaserver_monitor=1 
06-18 20:06:06.545   301   301 I AudioFlinger: setParameters(): io 0, keyvalue mediaserver_monitor=1, calling pid 874
06-18 20:06:06.547   301   301 D AudioALSAHardware: +setParameters(): mediaserver_monitor=1
06-18 20:06:06.548   301   301 W AudioALSAHardware: setParameters(), still have param.size() = 1, remain param = "mediaserver_monitor=1"
06-18 20:06:06.548   301   301 D AudioALSAHardware: -setParameters(): mediaserver_monitor=1 
06-18 20:06:06.548   301   301 D bt_audio_a2dp_hw: [A2DP_HW] [adev_set_parameters@1540] out is null , check in stream
06-18 20:06:06.548   301   301 I str_params: key: 'mediaserver_monitor' value: '1'
06-18 20:06:06.548   301   301 D usb_audio_hw: adev_set_parameters: kvpairs = mediaserver_monitor=1
06-18 20:06:06.552   874  2755 D AudioSystem: -setParameters(): mediaserver_monitor=1 
06-18 20:06:06.556   301 19502 I AudioPolicyManager: setStreamVolumeIndex stream = 7 index = 15 device = 0x400
06-18 20:06:06.558  1282  1391 D BgTest  : bgCount 108
06-18 20:06:06.568 16811 16811 W ADB_SERVICES: create_local_service_socket() name=shell:cat /proc/1282/stat
06-18 20:06:06.568 16811 16811 W ADB_SERVICES: service_to_fd() name=shell:cat /proc/1282/stat
06-18 20:06:06.569 16811 16811 W ADB_SERVICES: read_meminfo() mem_free=84444
06-18 20:06:06.571 16811 16811 W ADB_SERVICES: create_subproc ret_fd=21 pid=2756
06-18 20:06:06.571 16811 16811 W ADB_SERVICES: LS(81210): bound to 'shell:cat /proc/1282/stat' via 21
06-18 20:06:06.576  2756  2756 W ADB_SERVICES: adb: unable to update oom_score_adj
06-18 20:06:06.592 16811 16811 D ADB_SERVICES:  closing because is_eof=1 r=-1 s->fde.force_eof=0
06-18 20:06:06.592 16811 16811 W ADB_SERVICES: entered. LS(81210) fd=21
06-18 20:06:06.609 16811 16811 W ADB_SERVICES: create_local_service_socket() name=shell:cat /proc/stat
06-18 20:06:06.609 16811 16811 W ADB_SERVICES: service_to_fd() name=shell:cat /proc/stat
06-18 20:06:06.612 16811 16811 W ADB_SERVICES: read_meminfo() mem_free=84444
06-18 20:06:06.613 16811 16811 W ADB_SERVICES: create_subproc ret_fd=21 pid=2757
06-18 20:06:06.614 16811 16811 W ADB_SERVICES: LS(81211): bound to 'shell:cat /proc/stat' via 21
06-18 20:06:06.618  2757  2757 W ADB_SERVICES: adb: unable to update oom_score_adj
06-18 20:06:06.638 16811 16811 D ADB_SERVICES:  closing because is_eof=1 r=-1 s->fde.force_eof=0
06-18 20:06:06.638 16811 16811 W ADB_SERVICES: entered. LS(81211) fd=21
06-18 20:06:06.856   319   319 I thermal_repeater: oh, queryMdThermalInfo (0)Bad file number
06-18 20:06:06.861 16811 16811 W ADB_SERVICES: create_local_service_socket() name=shell:cat /proc/net/xt_qtaguid/stats | grep 10278
06-18 20:06:06.861 16811 16811 W ADB_SERVICES: service_to_fd() name=shell:cat /proc/net/xt_qtaguid/stats | grep 10278
06-18 20:06:06.862 16811 16811 W ADB_SERVICES: read_meminfo() mem_free=84444
06-18 20:06:06.864 16811 16811 W ADB_SERVICES: create_subproc ret_fd=21 pid=2758
06-18 20:06:06.864 16811 16811 W ADB_SERVICES: LS(81212): bound to 'shell:cat /proc/net/xt_qtaguid/stats | grep 10278' via 21
06-18 20:06:06.870   319   319 I thermal_repeater: [recvMdThermalInfo] ret=25, strLen=127,  1, 32767,,, -1, 32767, 2
06-18 20:06:06.874  2758  2758 W ADB_SERVICES: adb: unable to update oom_score_adj
06-18 20:06:06.897 16811 16811 D ADB_SERVICES:  closing because is_eof=1 r=-1 s->fde.force_eof=0
06-18 20:06:06.897 16811 16811 W ADB_SERVICES: entered. LS(81212) fd=21
06-18 20:06:06.923  1040  1040 D NetworkController.WifiSignalController: setActivity: wifiActivity= 2
06-18 20:06:06.923  1040  1040 D NetworkController.WifiSignalController: isDirty : false
06-18 20:06:06.924  1040  1040 D NetworkController.WifiSignalController: Change in state from: connected=true,enabled=true,level=4,inetCondition=1,iconGroup=IconGroup(Wi-Fi Icons),activityIn=false,activityOut=false,rssi=-37,networkType=null,lastModified=06-18 08:05:46,ssid="sodino"enabling=falsedisabling=falseconnecting=false
06-18 20:06:06.924  1040  1040 D NetworkController.WifiSignalController: 	to: connected=true,enabled=true,level=4,inetCondition=1,iconGroup=IconGroup(Wi-Fi Icons),activityIn=false,activityOut=true,rssi=-37,networkType=null,lastModified=06-18 08:05:46,ssid="sodino"enabling=falsedisabling=falseconnecting=false
06-18 20:06:06.924  1040  1040 D NetworkController.WifiSignalController: Wifi notifyListeners: level= 4, wifiActivity= 2
06-18 20:06:06.924  1040  1040 D SignalClusterView: setWifiIndicators, visible=true, strengthIcon=2130839044, contentDescription=WLAN信号满格。
06-18 20:06:06.930  1040  1040 D NetworkController.WifiSignalController: Wifi notifyListeners: level= 4, wifiActivity= 2
06-18 20:06:06.930  1040  1040 D SignalClusterView: setWifiIndicators, visible=true, strengthIcon=2130839044, contentDescription=WLAN信号满格。
06-18 20:06:06.930  1040  1040 D NetworkController.WifiSignalController: Wifi notifyListeners: level= 4, wifiActivity= 2
06-18 20:06:06.930  1040  1040 D SignalClusterView: setWifiIndicators, visible=true, strengthIcon=2130839044, contentDescription=WLAN信号满格。
06-18 20:06:06.930  1040  1040 D NetworkController.WifiSignalController: Wifi notifyListeners: level= 4, wifiActivity= 2
06-18 20:06:06.930  1040  1040 D SignalClusterView: setWifiIndicators, visible=true, strengthIcon=2130839044, contentDescription=WLAN信号满格。
06-18 20:06:06.937  1040  1040 D ConnectionRateView: DataConnection: new=true,old=true
06-18 20:06:06.937  1040  1040 D ConnectionRateView: DataConnection: new=true,old=true
06-18 20:06:06.942   874  1848 I libPerfService: perfSetFavorPid - pid:0, 0
06-18 20:06:06.956   272   272 I SurfaceFlinger: [Built-in Screen (type:0)] fps:0.512550,dur:1951.03,max:1951.03,min:1951.03
06-18 20:06:06.972 16811 16811 W ADB_SERVICES: create_local_service_socket() name=shell:
06-18 20:06:06.972 16811 16811 W ADB_SERVICES: service_to_fd() name=shell:
06-18 20:06:06.973 16811 16811 W ADB_SERVICES: read_meminfo() mem_free=84444
06-18 20:06:06.974 16811 16811 W ADB_SERVICES: create_subproc ret_fd=21 pid=2761
06-18 20:06:06.974 16811 16811 W ADB_SERVICES: LS(81213): bound to 'shell:' via 21
06-18 20:06:06.976  2761  2761 W ADB_SERVICES: adb: unable to update oom_score_adj
06-18 20:06:07.156 16811 16811 W ADB_SERVICES: create_local_service_socket() name=shell:cat /proc/1282/stat
06-18 20:06:07.156 16811 16811 W ADB_SERVICES: service_to_fd() name=shell:cat /proc/1282/stat
06-18 20:06:07.157 16811 16811 W ADB_SERVICES: read_meminfo() mem_free=83948
06-18 20:06:07.159 16811 16811 W ADB_SERVICES: create_subproc ret_fd=24 pid=2765
06-18 20:06:07.159 16811 16811 W ADB_SERVICES: LS(81214): bound to 'shell:cat /proc/1282/stat' via 24
06-18 20:06:07.164  2765  2765 W ADB_SERVICES: adb: unable to update oom_score_adj
06-18 20:06:07.180 16811 16811 D ADB_SERVICES:  closing because is_eof=1 r=-1 s->fde.force_eof=0
06-18 20:06:07.180 16811 16811 W ADB_SERVICES: entered. LS(81214) fd=24
06-18 20:06:07.199 16811 16811 W ADB_SERVICES: create_local_service_socket() name=shell:cat /proc/stat
06-18 20:06:07.199 16811 16811 W ADB_SERVICES: service_to_fd() name=shell:cat /proc/stat
06-18 20:06:07.199 16811 16811 W ADB_SERVICES: read_meminfo() mem_free=83948
06-18 20:06:07.200 16811 16811 W ADB_SERVICES: create_subproc ret_fd=24 pid=2766
06-18 20:06:07.200 16811 16811 W ADB_SERVICES: LS(81215): bound to 'shell:cat /proc/stat' via 24
06-18 20:06:07.201  2766  2766 W ADB_SERVICES: adb: unable to update oom_score_adj
06-18 20:06:07.208 16811 16811 D ADB_SERVICES:  closing because is_eof=1 r=-1 s->fde.force_eof=0
06-18 20:06:07.208 16811 16811 W ADB_SERVICES: entered. LS(81215) fd=24
06-18 20:06:07.405  1282  1282 D BgTest  : uiCount 113  +4
06-18 20:06:07.432 16811 16811 W ADB_SERVICES: create_local_service_socket() name=shell:cat /proc/net/xt_qtaguid/stats | grep 10278
06-18 20:06:07.432 16811 16811 W ADB_SERVICES: service_to_fd() name=shell:cat /proc/net/xt_qtaguid/stats | grep 10278
06-18 20:06:07.433 16811 16811 W ADB_SERVICES: read_meminfo() mem_free=83948
06-18 20:06:07.437 16811 16811 W ADB_SERVICES: create_subproc ret_fd=24 pid=2767
06-18 20:06:07.438 16811 16811 W ADB_SERVICES: LS(81216): bound to 'shell:cat /proc/net/xt_qtaguid/stats | grep 10278' via 24
06-18 20:06:07.445  2767  2767 W ADB_SERVICES: adb: unable to update oom_score_adj
06-18 20:06:07.475 16811 16811 D ADB_SERVICES:  closing because is_eof=1 r=-1 s->fde.force_eof=0
06-18 20:06:07.475 16811 16811 W ADB_SERVICES: entered. LS(81216) fd=24
06-18 20:06:07.543   874  1162 D CSLegacyTypeTracker: getNetworkForType type 1
06-18 20:06:07.551  1192  1238 D Logger  : init gslb manager: 1.0.2
06-18 20:06:07.555  1192  1238 D Logger  : external storage permission is not granted
06-18 20:06:07.565  1192  1238 D Logger  : convert uxip.meizu.com from cache[1]: Entry{data={"ip_infos":[{"domain":"uxip.meizu.com","ip":"183.61.122.70","available":true,"current_success_weak_count":0,"current_error_count":0,"current_error_weak_count":0,"history_success_count":0,"history_error_count":0,"history_success_weak_count":0,"history_error_weak_count":0,"not_available_count":0},{"domain":"uxip.meizu.com","ip":"183.61.122.70","available":true,"current_success_weak_count":0,"current_error_count":0,"current_error_weak_count":0,"history_success_count":0,"history_error_count":0,"history_success_weak_count":0,"history_error_weak_count":0,"not_available_count":0},{"domain":"uxip.meizu.com","ip":"221.5.35.70","available":true,"current_success_weak_count":0,"current_error_count":0,"current_error_weak_count":0,"history_success_count":0,"history_error_count":0,"history_success_weak_count":0,"history_error_weak_count":0,"not_available_count":0},{"domain":"uxip.meizu.com","ip":"183.232.2.144","available":true,"current_success_weak_count":0,"current_error_count":0,"current_error_weak_count":0,"history_success_count":0,"history_error_count":0,"history_success_weak_count":0,"history_error_weak_count":0,"not_available_count":0}]}, createDate=1497787243575, lastModified=1497787243575, ttl=1497794443575, extra={}}
06-18 20:06:07.566  1192  1238 D Logger  : spend time: 13 ms
06-18 20:06:07.571  1192  1238 I System.out: open:https://183.61.122.70/api/v3/event/CT4I4E2NEVCLCU644FCTCV0G/batch?md5=0f253a0581d4ab2667b63fbe52fd9983&ts=1497787567&nonce=-198053144&sign=4e67e26859bc7246c5b713606b530c87
06-18 20:06:07.573  1192  1238 D libc-netbsd: [getaddrinfo]: hostname=183.61.122.70; servname=(null); cache_mode=(null), netid=0; mark=0
06-18 20:06:07.574  1192  1238 D libc-netbsd: [getaddrinfo]: ai_addrlen=0; ai_canonname=(null); ai_flags=4; ai_family=0
06-18 20:06:07.575  1192  1238 D libc-netbsd: [getaddrinfo]: hostname=183.61.122.70; servname=(null); cache_mode=(null), netid=0; mark=0
06-18 20:06:07.576  1192  1238 D libc-netbsd: [getaddrinfo]: ai_addrlen=0; ai_canonname=(null); ai_flags=4; ai_family=0
06-18 20:06:07.577  1192  1238 D FlymeTrafficTracking: tag  (53) com.meizu.media.music pool-3-thread-2 uid 10017
06-18 20:06:07.577  1192  1238 D NetworkManagementSocketTagger: tagSocket(53) with statsTag=0xffffffff, statsUid=-1
06-18 20:06:07.578  1192  1238 I System.out: [CDS]connect[/183.61.122.70:443] tm:90
06-18 20:06:07.579  1192  1238 D Posix   : [Posix_connect Debug]Process com.meizu.media.music :443 
06-18 20:06:07.580   296   778 D SocketClient: SocketClient sendData done: 
06-18 20:06:07.598  1282  1391 D BgTest  : bgCount 109
06-18 20:06:07.646  1192  1238 D libc-netbsd: [getaddrinfo]: hostname=183.61.122.70; servname=(null); cache_mode=(null), netid=0; mark=0
06-18 20:06:07.648  1192  1238 D libc-netbsd: [getaddrinfo]: ai_addrlen=0; ai_canonname=(null); ai_flags=4; ai_family=0
06-18 20:06:07.651  1192  1238 D NativeCrypto: ssl=0xf4915800 NativeCrypto_SSL_do_handshake fd=0xdecf23e0 shc=0xdecf23e4 timeout_millis=0 client_mode=1 npn=0x0
06-18 20:06:07.653  1192  1238 D NativeCrypto: doing handshake ++
06-18 20:06:07.655  1192  1238 D NativeCrypto: ssl=0xf4915800 info_callback where=0x10 ret=1
06-18 20:06:07.656  1192  1238 D NativeCrypto: ssl=0xf4915800 handshake start in UNKWN  before/connect initialization
06-18 20:06:07.658  1192  1238 D NativeCrypto: ssl=0xf4915800 info_callback calling handshakeCompleted
06-18 20:06:07.659  1192  1238 D NativeCrypto: ssl=0xf4915800 info_callback completed
06-18 20:06:07.661  1192  1238 D NativeCrypto: ssl=0xf4915800 info_callback where=0x1001 ret=1
06-18 20:06:07.663  1192  1238 D NativeCrypto: ssl=0xf4915800 SSL_connect:UNKWN  before/connect initialization
06-18 20:06:07.664  1192  1238 D NativeCrypto: ssl=0xf4915800 info_callback ignored
06-18 20:06:07.665  1192  1238 D NativeCrypto: ssl=0xf4915800 info_callback where=0x1001 ret=1
06-18 20:06:07.666  1192  1238 D NativeCrypto: ssl=0xf4915800 SSL_connect:3WCH_A SSLv3 write client hello A
06-18 20:06:07.666  1192  1238 D NativeCrypto: ssl=0xf4915800 info_callback ignored
06-18 20:06:07.667  1192  1238 D NativeCrypto: ssl=0xf4915800 info_callback where=0x1002 ret=-1
06-18 20:06:07.667  1192  1238 D NativeCrypto: ssl=0xf4915800 SSL_connect:error exit in 3RSH_A SSLv3 read server hello A
06-18 20:06:07.668  1192  1238 D NativeCrypto: ssl=0xf4915800 info_callback ignored
06-18 20:06:07.668  1192  1238 D NativeCrypto: doing handshake -- ret=-1
06-18 20:06:07.669  1192  1238 D NativeCrypto: ssl=0xf4915800 NativeCrypto_SSL_do_handshake ret=-1 errno=11 sslError=2 timeout_millis=0
06-18 20:06:07.695  1192  1238 D NativeCrypto: doing handshake ++
06-18 20:06:07.696  1192  1238 D NativeCrypto: ssl=0xf4915800 info_callback where=0x1001 ret=1
06-18 20:06:07.697  1192  1238 D NativeCrypto: ssl=0xf4915800 SSL_connect:3RSH_A SSLv3 read server hello A
06-18 20:06:07.697  1192  1238 D NativeCrypto: ssl=0xf4915800 info_callback ignored
06-18 20:06:07.698  1192  1238 E NativeCrypto: ssl=0xf4915800 cert_verify_callback x509_store_ctx=0xdecf2220 arg=0x0
06-18 20:06:07.699  1192  1238 E NativeCrypto: ssl=0xf4915800 cert_verify_callback calling verifyCertificateChain authMethod=ECDHE_RSA
06-18 20:06:07.725  1192  1238 D NativeCrypto: ssl=0xf4915800 cert_verify_callback => 1
06-18 20:06:07.725  1192  1238 D NativeCrypto: ssl=0xf4915800 info_callback where=0x1001 ret=1
06-18 20:06:07.726  1192  1238 D NativeCrypto: ssl=0xf4915800 SSL_connect:3RSC_A SSLv3 read server certificate A
06-18 20:06:07.726  1192  1238 D NativeCrypto: ssl=0xf4915800 info_callback ignored
06-18 20:06:07.728  1192  1238 D NativeCrypto: ssl=0xf4915800 info_callback where=0x1001 ret=1
06-18 20:06:07.729  1192  1238 D NativeCrypto: ssl=0xf4915800 SSL_connect:3RSKEA SSLv3 read server key exchange A
06-18 20:06:07.729  1192  1238 D NativeCrypto: ssl=0xf4915800 info_callback ignored
06-18 20:06:07.729  1192  1238 D NativeCrypto: ssl=0xf4915800 info_callback where=0x1001 ret=1
06-18 20:06:07.730  1192  1238 D NativeCrypto: ssl=0xf4915800 SSL_connect:3RSD_A SSLv3 read server done A
06-18 20:06:07.730  1192  1238 D NativeCrypto: ssl=0xf4915800 info_callback ignored
06-18 20:06:07.739  1192  1238 D NativeCrypto: ssl=0xf4915800 info_callback where=0x1001 ret=1
06-18 20:06:07.740  1192  1238 D NativeCrypto: ssl=0xf4915800 SSL_connect:3WCKEA SSLv3 write client key exchange A
06-18 20:06:07.740  1192  1238 D NativeCrypto: ssl=0xf4915800 info_callback ignored
06-18 20:06:07.740 16811 16811 W ADB_SERVICES: create_local_service_socket() name=shell:cat /proc/1282/stat
06-18 20:06:07.740 16811 16811 W ADB_SERVICES: service_to_fd() name=shell:cat /proc/1282/stat
06-18 20:06:07.741 16811 16811 W ADB_SERVICES: read_meminfo() mem_free=82768
06-18 20:06:07.741 16811 16811 W ADB_SERVICES: create_subproc ret_fd=24 pid=2773
06-18 20:06:07.741 16811 16811 W ADB_SERVICES: LS(81217): bound to 'shell:cat /proc/1282/stat' via 24
06-18 20:06:07.743  1192  1238 D NativeCrypto: ssl=0xf4915800 info_callback where=0x1001 ret=1
06-18 20:06:07.744  2773  2773 W ADB_SERVICES: adb: unable to update oom_score_adj
06-18 20:06:07.750 16811 16811 D ADB_SERVICES:  closing because is_eof=1 r=1 s->fde.force_eof=0
06-18 20:06:07.750 16811 16811 W ADB_SERVICES: entered. LS(81217) fd=24
06-18 20:06:07.752  1192  1238 D NativeCrypto: ssl=0xf4915800 SSL_connect:3WCCSA SSLv3 write change cipher spec A
06-18 20:06:07.753  1192  1238 D NativeCrypto: ssl=0xf4915800 info_callback ignored
06-18 20:06:07.753  1192  1238 D NativeCrypto: ssl=0xf4915800 info_callback where=0x1001 ret=1
06-18 20:06:07.754  1192  1238 D NativeCrypto: ssl=0xf4915800 SSL_connect:3WFINA SSLv3 write finished A
06-18 20:06:07.754  1192  1238 D NativeCrypto: ssl=0xf4915800 info_callback ignored
06-18 20:06:07.755  1192  1238 D NativeCrypto: ssl=0xf4915800 info_callback where=0x1001 ret=1
06-18 20:06:07.756  1192  1238 D NativeCrypto: ssl=0xf4915800 SSL_connect:3FLUSH SSLv3 flush data
06-18 20:06:07.756  1192  1238 D NativeCrypto: ssl=0xf4915800 info_callback ignored
06-18 20:06:07.756  1192  1238 D NativeCrypto: ssl=0xf4915800 info_callback where=0x1002 ret=-1
06-18 20:06:07.757  1192  1238 D NativeCrypto: ssl=0xf4915800 SSL_connect:error exit in UNKWN  SSLv3 read server session ticket A
06-18 20:06:07.757  1192  1238 D NativeCrypto: ssl=0xf4915800 info_callback ignored
06-18 20:06:07.758  1192  1238 D NativeCrypto: doing handshake -- ret=-1
06-18 20:06:07.758  1192  1238 D NativeCrypto: ssl=0xf4915800 NativeCrypto_SSL_do_handshake ret=-1 errno=11 sslError=2 timeout_millis=0
06-18 20:06:07.774  1192  1238 D NativeCrypto: doing handshake ++
06-18 20:06:07.775  1192  1238 D NativeCrypto: ssl=0xf4915800 info_callback where=0x1001 ret=1
06-18 20:06:07.775  1192  1238 D NativeCrypto: ssl=0xf4915800 SSL_connect:UNKWN  SSLv3 read server session ticket A
06-18 20:06:07.775  1192  1238 D NativeCrypto: ssl=0xf4915800 info_callback ignored
06-18 20:06:07.776  1192  1238 D NativeCrypto: ssl=0xf4915800 info_callback where=0x1001 ret=1
06-18 20:06:07.777  1192  1238 D NativeCrypto: ssl=0xf4915800 SSL_connect:3RFINA SSLv3 read finished A
06-18 20:06:07.777  1192  1238 D NativeCrypto: ssl=0xf4915800 info_callback ignored
06-18 20:06:07.777  1192  1238 D NativeCrypto: ssl=0xf4915800 info_callback where=0x20 ret=1
06-18 20:06:07.778  1192  1238 D NativeCrypto: ssl=0xf4915800 handshake done in SSLOK  SSL negotiation finished successfully
06-18 20:06:07.778  1192  1238 D NativeCrypto: ssl=0xf4915800 info_callback calling handshakeCompleted
06-18 20:06:07.779  1192  1238 D NativeCrypto: ssl=0xf4915800 info_callback completed
06-18 20:06:07.779 16811 16811 W ADB_SERVICES: create_local_service_socket() name=shell:cat /proc/stat
06-18 20:06:07.779 16811 16811 W ADB_SERVICES: service_to_fd() name=shell:cat /proc/stat
06-18 20:06:07.780 16811 16811 W ADB_SERVICES: read_meminfo() mem_free=82504
06-18 20:06:07.780 16811 16811 W ADB_SERVICES: create_subproc ret_fd=24 pid=2774
06-18 20:06:07.780 16811 16811 W ADB_SERVICES: LS(81218): bound to 'shell:cat /proc/stat' via 24
06-18 20:06:07.782  1192  1238 D NativeCrypto: ssl=0xf4915800 info_callback where=0x1002 ret=1
06-18 20:06:07.783  2774  2774 W ADB_SERVICES: adb: unable to update oom_score_adj
06-18 20:06:07.784  1192  1238 D NativeCrypto: ssl=0xf4915800 SSL_connect:ok exit in SSLOK  SSL negotiation finished successfully
06-18 20:06:07.790  1192  1238 D NativeCrypto: ssl=0xf4915800 info_callback ignored
06-18 20:06:07.791  1192  1238 D NativeCrypto: doing handshake -- ret=1
06-18 20:06:07.791  1192  1238 D NativeCrypto: ssl=0xf4915800 NativeCrypto_SSL_get_certificate => NULL
06-18 20:06:07.793 16811 16811 D ADB_SERVICES:  closing because is_eof=1 r=1 s->fde.force_eof=0
06-18 20:06:07.793 16811 16811 W ADB_SERVICES: entered. LS(81218) fd=24
06-18 20:06:07.796  1192  1238 I System.out: gba_cipher_suite:TLS_ECDHE_RSA_WITH_AES_128_GCM_SHA256
06-18 20:06:07.797  1192  1238 D libc-netbsd: [getaddrinfo]: hostname=uxip.meizu.com; servname=(null); cache_mode=(null), netid=0; mark=0
06-18 20:06:07.798  1192  1238 D libc-netbsd: [getaddrinfo]: ai_addrlen=0; ai_canonname=(null); ai_flags=4; ai_family=0
06-18 20:06:07.801  1192  1238 I System.out: [OkHttp] sendRequest>>
06-18 20:06:07.802  1192  1238 I System.out: [OkHttp] sendRequest<<
06-18 20:06:07.803  1192  1238 D NativeCrypto: ssl=0xf4915800 sslWrite buf=0xf48ed000 len=900 write_timeout_millis=0
06-18 20:06:07.805  1192  1238 D NativeCrypto: ssl=0xf4915800 sslRead buf=0xf48ed000 len=2048,timeo=0
06-18 20:06:07.839  1192  1238 I NetworkManagementSocketTagger: untagSocket(53)
06-18 20:06:07.840  1192  1238 D FlymeTrafficTracking: untag(53) com.meizu.media.music pool-3-thread-2 uid 10017 263ms
06-18 20:06:07.928  1040  1040 D NetworkController.WifiSignalController: setActivity: wifiActivity= 3
06-18 20:06:07.928  1040  1040 D NetworkController.WifiSignalController: isDirty : false
06-18 20:06:07.929  1040  1040 D NetworkController.WifiSignalController: Change in state from: connected=true,enabled=true,level=4,inetCondition=1,iconGroup=IconGroup(Wi-Fi Icons),activityIn=false,activityOut=true,rssi=-37,networkType=null,lastModified=06-18 08:06:06,ssid="sodino"enabling=falsedisabling=falseconnecting=false
06-18 20:06:07.929  1040  1040 D NetworkController.WifiSignalController: 	to: connected=true,enabled=true,level=4,inetCondition=1,iconGroup=IconGroup(Wi-Fi Icons),activityIn=true,activityOut=true,rssi=-37,networkType=null,lastModified=06-18 08:06:06,ssid="sodino"enabling=falsedisabling=falseconnecting=false
06-18 20:06:07.930  1040  1040 D NetworkController.WifiSignalController: Wifi notifyListeners: level= 4, wifiActivity= 3
06-18 20:06:07.930  1040  1040 D SignalClusterView: setWifiIndicators, visible=true, strengthIcon=2130839042, contentDescription=WLAN信号满格。
06-18 20:06:07.950  1040  1040 D NetworkController.WifiSignalController: Wifi notifyListeners: level= 4, wifiActivity= 3
06-18 20:06:07.951  1040  1040 D SignalClusterView: setWifiIndicators, visible=true, strengthIcon=2130839042, contentDescription=WLAN信号满格。
06-18 20:06:07.952  1040  1040 D NetworkController.WifiSignalController: Wifi notifyListeners: level= 4, wifiActivity= 3
06-18 20:06:07.952  1040  1040 D SignalClusterView: setWifiIndicators, visible=true, strengthIcon=2130839042, contentDescription=WLAN信号满格。
06-18 20:06:07.953  1040  1040 D NetworkController.WifiSignalController: Wifi notifyListeners: level= 4, wifiActivity= 3
06-18 20:06:07.954  1040  1040 D SignalClusterView: setWifiIndicators, visible=true, strengthIcon=2130839042, contentDescription=WLAN信号满格。
06-18 20:06:07.955  1040  1040 D ConnectionRateView: DataConnection: new=true,old=true
06-18 20:06:07.955  1040  1040 D ConnectionRateView: DataConnection: new=true,old=true
06-18 20:06:07.976   272   272 I SurfaceFlinger: [Built-in Screen (type:0)] fps:0.980612,dur:1019.77,max:1019.77,min:1019.77
06-18 20:06:08.008 16811 16811 W ADB_SERVICES: create_local_service_socket() name=shell:cat /proc/net/xt_qtaguid/stats | grep 10278
06-18 20:06:08.008 16811 16811 W ADB_SERVICES: service_to_fd() name=shell:cat /proc/net/xt_qtaguid/stats | grep 10278
06-18 20:06:08.009 16811 16811 W ADB_SERVICES: read_meminfo() mem_free=82520
06-18 20:06:08.010 16811 16811 W ADB_SERVICES: create_subproc ret_fd=24 pid=2775
06-18 20:06:08.010 16811 16811 W ADB_SERVICES: LS(81219): bound to 'shell:cat /proc/net/xt_qtaguid/stats | grep 10278' via 24
06-18 20:06:08.012  2775  2775 W ADB_SERVICES: adb: unable to update oom_score_adj
06-18 20:06:08.029 16811 16811 D ADB_SERVICES:  closing because is_eof=1 r=-1 s->fde.force_eof=0
06-18 20:06:08.029 16811 16811 W ADB_SERVICES: entered. LS(81219) fd=24
06-18 20:06:08.321 16811 16811 W ADB_SERVICES: create_local_service_socket() name=shell:cat /proc/1282/stat
06-18 20:06:08.321 16811 16811 W ADB_SERVICES: service_to_fd() name=shell:cat /proc/1282/stat
06-18 20:06:08.321 16811 16811 W ADB_SERVICES: read_meminfo() mem_free=82252
06-18 20:06:08.322 16811 16811 W ADB_SERVICES: create_subproc ret_fd=24 pid=2778
06-18 20:06:08.322 16811 16811 W ADB_SERVICES: LS(81220): bound to 'shell:cat /proc/1282/stat' via 24
06-18 20:06:08.323  2778  2778 W ADB_SERVICES: adb: unable to update oom_score_adj
06-18 20:06:08.329 16811 16811 D ADB_SERVICES:  closing because is_eof=1 r=1 s->fde.force_eof=0
06-18 20:06:08.329 16811 16811 W ADB_SERVICES: entered. LS(81220) fd=24
06-18 20:06:08.360 16811 16811 W ADB_SERVICES: create_local_service_socket() name=shell:cat /proc/stat
06-18 20:06:08.360 16811 16811 W ADB_SERVICES: service_to_fd() name=shell:cat /proc/stat
06-18 20:06:08.361 16811 16811 W ADB_SERVICES: read_meminfo() mem_free=82236
06-18 20:06:08.362 16811 16811 W ADB_SERVICES: create_subproc ret_fd=24 pid=2779
06-18 20:06:08.362 16811 16811 W ADB_SERVICES: LS(81221): bound to 'shell:cat /proc/stat' via 24
06-18 20:06:08.368  2779  2779 W ADB_SERVICES: adb: unable to update oom_score_adj
06-18 20:06:08.373   874   900 V SettingsInterface:  from settings cache , name = netstats_time_cache_max_age , value = null
06-18 20:06:08.376   874   900 V NetworkStats: performPollLocked(flags=0x3)
06-18 20:06:08.383   874   900 D NetdConnector: SND -> {8796 bandwidth gettetherstats}
06-18 20:06:08.383   296   779 D FrameworkListener: dispatchCommand data = (8796 bandwidth gettetherstats)
06-18 20:06:08.383   296   779 D SocketClient: SocketClient sendData done: 200 8796 Tethering stats list completed
06-18 20:06:08.384   874   960 D NetdConnector: RCV <- {200 8796 Tethering stats list completed}
06-18 20:06:08.390   874   900 D NetdConnector: RMV <- {200 8796 Tethering stats list completed}
06-18 20:06:08.393 16811 16811 D ADB_SERVICES:  closing because is_eof=1 r=-1 s->fde.force_eof=0
06-18 20:06:08.393 16811 16811 W ADB_SERVICES: entered. LS(81221) fd=24
06-18 20:06:08.396   874   900 I NetworkStatsRecorder: recordSnapshotLocked: ident[[{type=WIFI, subType=COMBINED, networkId=sodino}]]
06-18 20:06:08.396   874   900 W NetworkStatsRecorder: unknown interfaces [lo, p2p0], ignoring those stats
06-18 20:06:08.397   874   900 I NetworkStatsRecorder: recordSnapshotLocked: ident[[{type=WIFI, subType=COMBINED, networkId=sodino}]]
06-18 20:06:08.398   874   900 W NetworkStatsRecorder: unknown interfaces [lo, p2p0], ignoring those stats
06-18 20:06:08.399   874   900 I NetworkStatsRecorder: recordSnapshotLocked: ident[[{type=WIFI, subType=COMBINED, networkId=sodino}]]
06-18 20:06:08.399   874   900 I NetworkStatsRecorder: recordSnapshotLocked: ident[[{type=WIFI, subType=COMBINED, networkId=sodino}]]
06-18 20:06:08.400   874   900 W NetworkStatsRecorder: unknown interfaces [lo, p2p0], ignoring those stats
06-18 20:06:08.401   874   900 W NetworkStatsRecorder: unknown interfaces [lo, p2p0], ignoring those stats
06-18 20:06:08.402   874   900 V NetworkStats: performPollLocked() took 25ms
06-18 20:06:08.403   874   900 V SettingsInterface:  from settings cache , name = netstats_sample_enabled , value = null
06-18 20:06:08.405   874   900 V ActivityManager: Broadcast: Intent { act=com.android.server.action.NETWORK_STATS_UPDATED flg=0x40000010 } ordered=false userid=-1 callerApp=ProcessRecord{2de77b41 874:system/1000}
06-18 20:06:08.406  1282  1282 D BgTest  : uiCount 114  +4
06-18 20:06:08.407   874   966 V NetworkPolicy: updateNetworkEnabledLocked()
06-18 20:06:08.408  1860  2369 V SettingsInterface:  from settings cache , name = multi_sim_data_call , value = -1
06-18 20:06:08.409   874   966 V NetworkPolicy:  checking policy:NetworkPolicy[NetworkTemplate: matchRule=MOBILE_ALL, matchSubscriberIds=[null]]: cycleDay=19, cycleTimezone=Asia/Shanghai, warningBytes=104857600, limitBytes=-1, lastWarningSnooze=-1, lastLimitSnooze=-1, metered=true, inferred=true
06-18 20:06:08.409   874   966 V NetworkPolicy:  checking policy:NetworkPolicy[NetworkTemplate: matchRule=MOBILE_ALL, subscriberId=460028..., matchSubscriberIds=[460028...]]: cycleDay=1, cycleTimezone=Asia/Shanghai, warningBytes=2412510335, limitBytes=3015637919, lastWarningSnooze=-1, lastLimitSnooze=-1, metered=true, inferred=false
