06-16 19:52:41.959  1412  1905 I TetherStatsReporting:   [31] iface=wlan0 uid=10095 set=FOREGROUND tag=0x0 rxBytes=0 rxPackets=0 txBytes=0 txPackets=0 operations=0
06-16 19:52:41.959  1412  1905 I TetherStatsReporting:   [32] iface=wlan0 uid=10096 set=DEFAULT tag=0x0 rxBytes=2432119 rxPackets=4073 txBytes=646128 txPackets=4661 operations=0
06-16 19:52:41.959  1412  1905 I TetherStatsReporting:   [33] iface=wlan0 uid=10096 set=FOREGROUND tag=0x0 rxBytes=15838551 rxPackets=11303 txBytes=626560 txPackets=9148 operations=0
06-16 19:52:41.959  1412  1905 I TetherStatsReporting:   [34] iface=wlan0 uid=10097 set=DEFAULT tag=0x0 rxBytes=1239908 rxPackets=455
06-16 19:52:41.959  1412  1905 I TetherStatsReporting: combining tether stats
06-16 19:52:41.960  2653  2766 D QtiTetherService/IpaWrapper: getStats(false)
06-16 19:52:41.962  1412  1905 D NtpTrustedTime: currentTimeMillis() cache hit
06-16 19:52:41.964 16718 16743 W FileUtils: Failed to chmod(/storage/emulated/0/Market/.private/shared_prefs/com.oneplus.market_main_prefs.xml): android.system.ErrnoException: chmod failed: EPERM (Operation not permitted)
06-16 19:52:41.968  1412  1899 D NtpTrustedTime: currentTimeMillis() cache hit
06-16 19:52:41.968  1412  1899 D NtpTrustedTime: currentTimeMillis() cache hit
06-16 19:52:41.968  1412  1905 D ConnectivityService: notifyType IP_CHANGED for NetworkAgentInfo [WIFI () - 405]
06-16 19:52:41.969  1412  1905 D NtpTrustedTime: currentTimeMillis() cache hit
06-16 19:52:41.971 16718 28285 W FileUtils: Failed to chmod(/storage/emulated/0/Market/.private/database/market_sp.db): android.system.ErrnoException: chmod failed: EPERM (Operation not permitted)
06-16 19:52:41.976  1412  1905 I TetherStatsReporting: getTetherStats() called NetworkStats: elapsedRealtime=287200241
06-16 19:52:41.976  1412  1905 I TetherStatsReporting:   [0] iface=wlan0 uid=0 set=DEFAULT tag=0x0 rxBytes=11493873 rxPackets=59492 txBytes=28930213 txPackets=556879 operations=0
06-16 19:52:41.976  1412  1905 I TetherStatsReporting:   [1] iface=wlan0 uid=0 set=FOREGROUND tag=0x0 rxBytes=0 rxPackets=0 txBytes=0 txPackets=0 operations=0
06-16 19:52:41.976  1412  1905 I TetherStatsReporting:   [2] iface=wlan0 uid=1000 set=DEFAULT tag=0x0 rxBytes=445167 rxPackets=1651 txBytes=285659 txPackets=2199 operations=0
06-16 19:52:41.976  1412  1905 I TetherStatsReporting:   [3] iface=wlan0 uid=1000 set=FOREGROUND tag=0x0 rxBytes=0 rxPackets=0 txBytes=0 txPackets=0 operations=0
06-16 19:52:41.976  1412  1905 I TetherStatsReporting:   [4] iface=wlan0 uid=2000 set=DEFAULT tag=0x0 rxBytes=22043842 rxPackets=122952 txBytes=43605924 txPackets=90076 operations=0
06-16 19:52:41.976  1412  1905 I TetherStatsReporting:   [5] iface=wlan0 uid=2000 set=FOREGROUND tag=0x0 rxBytes=0 rxPackets=0 txBytes=0 txPackets=0 operations=0
06-16 19:52:41.976  1412  1905 I TetherStatsReporting:   [6] iface=wlan0 uid=10000 set=DEFAULT tag=0x0 rxBytes=5972 rxPackets=37 txBytes=5707 txPackets=36 operations=0
06-16 19:52:41.976  1412  1905 I TetherStatsReporting:   [7] iface=wlan0 uid=10000 set=FOREGROUND tag=0x0 rxBytes=6140 rxPackets=38 txBytes=11199 txPackets=56 operations=0
06-16 19:52:41.976  1412  1905 I TetherStatsReporting:   [8] iface=wlan0 uid=10003 set=DEFAULT tag=0x0 rxBytes=3958 rxPackets=10 txBytes=1312 txPackets=10 operations=0
06-16 19:52:41.976  1412  1905 I TetherStatsReporting:   [9] iface=wlan0 uid=10003 set=FOREGROUND tag=0x0 rxBytes=0 rxPackets=0 txBytes=0 txPackets=0 operations=0
06-16 19:52:41.976  1412  1905 I TetherStatsReporting:   [10] iface=wlan0 uid=10009 set=DEFAULT tag=0x0 rxBytes=85584 rxPackets=647 txBytes=88801 txPackets=894 operations=0
06-16 19:52:41.976  1412  1905 I TetherStatsReporting:   [11] iface=wlan0 uid=10009 set=FOREGROUND tag=0x0 rxBytes=85398326 rxPackets=57129 txBytes=1664094 txPackets=34552 operations=0
06-16 19:52:41.976  1412  1905 I TetherStatsReporting:   [12] iface=wlan0 uid=10013 set=DEFAULT tag=0x0 rxBytes=1352 rxPackets=8 txBytes=2362 txPackets=12 operations=0
06-16 19:52:41.976  1412  1905 I TetherStatsReporting:   [13] iface=wlan0 uid=10013 set=FOREGROUND tag=0x0 rxBytes=0 rxPackets=0 txBytes=0 txPackets=0 operations=0
06-16 19:52:41.976  1412  1905 I TetherStatsReporting:   [14] iface=wlan0 uid=10047 set=DEFAULT tag=0x0 rxBytes=330 rxPackets=4 txBytes=1321 txPackets=6 operations=0
06-16 19:52:41.976  1412  1905 I TetherStatsReporting:   [15] iface=wlan0 uid=10047 set=FOREGROUND tag=0x0 rxBytes=0 rxPackets=0 txBytes=0 txPackets=0 operations=0
06-16 19:52:41.976  1412  1905 I TetherStatsReporting:   [16] iface=wlan0 uid=10061 set=DEFAULT tag=0x0 rxBytes=419045 rxPackets=1889 txBytes=607900 txPackets=2857 operations=0
06-16 19:52:41.976  1412  1905 I TetherStatsReporting:   [17] iface=wlan0 uid=10061 set=FOREGROUND tag=0x0 rxBytes=11590573 rxPackets=9280 txBytes=853321 txPackets=8421 operations=0
06-16 19:52:41.976  1412  1905 I TetherStatsReporting:   [18] iface=wlan0 uid=10067 set=DEFAULT tag=0x0 rxBytes=15391 rxPackets=38 txBytes=9404 txPackets=52 operations=0
06-16 19:52:41.976  1412  1905 I TetherStatsReporting:   [19] iface=wlan0 uid=10067 set=FOREGROUND tag=0x0 rxBytes=0 rxPackets=0 txBytes=0 txPackets=0 operations=0
06-16 19:52:41.976  1412  1905 I TetherStatsReporting:   [20] iface=wlan0 uid=10070 set=DEFAULT tag=0x0 rxBytes=368 rxPackets=4 txBytes=637 txPackets=5 operations=0
06-16 19:52:41.976  1412  1905 I TetherStatsReporting:   [21] iface=wlan0 uid=10070 set=FOREGROUND tag=0x0 rxBytes=0 rxPackets=0 txBytes=0 txPackets=0 operations=0
06-16 19:52:41.976  1412  1905 I TetherStatsReporting:   [22] iface=wlan0 uid=10072 set=DEFAULT tag=0x0 rxBytes=0 rxPackets=0 txBytes=76 txPackets=1 operations=0
06-16 19:52:41.976  1412  1905 I TetherStatsReporting:   [23] iface=wlan0 uid=10072 set=FOREGROUND tag=0x0 rxBytes=0 rxPackets=0 txBytes=0 txPackets=0 operations=0
06-16 19:52:41.976  1412  1905 I TetherStatsReporting:   [24] iface=wlan0 uid=10084 set=DEFAULT tag=0x0 rxBytes=160004 rxPackets=506 txBytes=66736 txPackets=589 operations=0
06-16 19:52:41.976  1412  1905 I TetherStatsReporting:   [25] iface=wlan0 uid=10084 set=FOREGROUND tag=0x0 rxBytes=0 rxPackets=0 txBytes=0 txPackets=0 operations=0
06-16 19:52:41.976  1412  1905 I TetherStatsReporting:   [26] iface=wlan0 uid=10090 set=DEFAULT tag=0x0 rxBytes=3223686 rxPackets=16720 txBytes=2493887 txPackets=25160 operations=0
06-16 19:52:41.976  1412  1905 I TetherStatsReporting:   [27] iface=wlan0 uid=10090 set=FOREGROUND tag=0x0 rxBytes=0 rxPackets=0 txBytes=0 txPackets=0 operations=0
06-16 19:52:41.976  1412  1905 I TetherStatsReporting:   [28] iface=wlan0 uid=10092 set=DEFAULT tag=0x0 rxBytes=23172 rxPackets=122 txBytes=17263 txPackets=105 operations=0
06-16 19:52:41.976  1412  1905 I TetherStatsReporting:   [29] iface=wlan0 uid=10092 set=FOREGROUND tag=0x0 rxBytes=0 rxPackets=0 txBytes=0 txPackets=0 operations=0
06-16 19:52:41.976  1412  1905 I TetherStatsReporting:   [30] iface=wlan0 uid=10095 set=DEFAULT tag=0x0 rxBytes=3421615 rxPackets=3416 txBytes=466237 txPackets=3880 operations=0
06-16 19:52:41.976  1412  1905 I TetherStatsReporting:   [31] iface=wlan0 uid=10095 set=FOREGROUND tag=0x0 rxBytes=0 rxPackets=0 txBytes=0 txPackets=0 operations=0
06-16 19:52:41.976  1412  1905 I TetherStatsReporting:   [32] iface=wlan0 uid=10096 set=DEFAULT tag=0x0 rxBytes=2432119 rxPackets=4073 txBytes=646128 txPackets=4661 operations=0
06-16 19:52:41.976  1412  1905 I TetherStatsReporting:   [33] iface=wlan0 uid=10096 set=FOREGROUND tag=0x0 rxBytes=15838551 rxPackets=11303 txBytes=626560 txPackets=9148 operations=0
06-16 19:52:41.976  1412  1905 I TetherStatsReporting:   [34] iface=wlan0 uid=10097 set=DEFAULT tag=0x0 rxBytes=1239908 rxPackets=455
06-16 19:52:41.976  1412  1905 I TetherStatsReporting: combining tether stats
06-16 19:52:41.977  2653  2763 D QtiTetherService/IpaWrapper: getStats(false)
06-16 19:52:41.978  1412  1905 D NtpTrustedTime: currentTimeMillis() cache hit
06-16 19:52:41.979  1412  1905 D ConnectivityService: scheduleUnvalidatedPrompt 405
06-16 19:52:41.979  1412  1905 D ConnectivityService: updateSignalStrengthThresholds: CONNECT, sending [] to NetworkAgentInfo [WIFI () - 405]
06-16 19:52:41.979  1412  1899 D NtpTrustedTime: currentTimeMillis() cache hit
06-16 19:52:41.979  1412  1905 D ConnectivityService: rematch for NetworkAgentInfo [WIFI () - 405]
06-16 19:52:41.979  1412  1902 D WifiNetworkAgent: NetworkAgent: Received signal strength thresholds: []
06-16 19:52:41.979  1412  1899 D NtpTrustedTime: currentTimeMillis() cache hit
06-16 19:52:41.979  1412  1905 D ConnectivityService:    accepting network in place of null
06-16 19:52:41.979  1412  1902 D WifiNative-HAL: stopRssiMonitoring, cmdId 0
06-16 19:52:41.980  1412  1905 D ConnectivityService: Switching to new default network: NetworkAgentInfo{ ni{[type: WIFI[], state: CONNECTED/CONNECTED, reason: (unspecified), extra: "Meitu.cp", roaming: false, failover: false, isAvailable: true]}  network{405}  lp{{InterfaceName: wlan0 LinkAddresses: [fe80::c2ee:fbff:fed6:a9f7/64,172.17.32.97/16,]  Routes: [172.17.32.0/24 -> 0.0.0.0 wlan0,0.0.0.0/0 -> 172.17.32.1 wlan0,] DnsAddresses: [218.85.152.99,218.85.157.99,8.8.8.8,] Domains: null MTU: 0 TcpBufferSizes: 524288,1048576,2097152,262144,524288,1048576}}  nc{[ Transports: WIFI Capabilities: INTERNET&NOT_RESTRICTED&TRUSTED&NOT_VPN LinkUpBandwidth>=1048576Kbps LinkDnBandwidth>=1048576Kbps SignalStrength: -51]}  Score{20}  everValidated{false}  lastValidated{false}  created{true} lingering{false} explicitlySelected{false} acceptUnvalidated{false} everCaptivePortalDetected{false} lastCaptivePortalDetected{false} }
06-16 19:52:41.984  2998  2998 D ConnectivityManager: getMobileDataEnabled()+ subId=-1
06-16 19:52:41.985  2660  2798 D PhoneInterfaceManager: [PhoneIntfMgr] getDataEnabled: subId=-1 phoneId=-1
06-16 19:52:41.985  2660  2798 E PhoneInterfaceManager: [PhoneIntfMgr] getDataEnabled: no phone subId=-1 retVal=false
06-16 19:52:41.985  2998  2998 D ConnectivityManager: getMobileDataEnabled()- subId=-1 retVal=false
06-16 19:52:41.987 16718 28285 W FileUtils: Failed to chmod(/storage/emulated/0/Market/.private/database/market_sp.db): android.system.ErrnoException: chmod failed: EPERM (Operation not permitted)
06-16 19:52:41.989  3629  3629 I CheckUpdateReceiver: Got connectivity change, has connection: false
06-16 19:52:41.996  3027  3027 D NetWorkBroadcast: ------netWorkState--------0
06-16 19:52:41.998   820  1538 V IdletimerController: runCmd(/system/bin/ip6tables -w -t raw -A idletimer_raw_PREROUTING -i wlan0 -j IDLETIMER --timeout 15 --label 1 --send_nl_msg 1) res_ipv4=0, res_ipv6=0
06-16 19:52:42.014   820  1538 V IdletimerController: runCmd(/system/bin/ip6tables -w -t mangle -A idletimer_mangle_POSTROUTING -o wlan0 -j IDLETIMER --timeout 15 --label 1 --send_nl_msg 1) res_ipv4=0, res_ipv6=0
06-16 19:52:42.018  2580  2819 W QCNEJ   : |CORE| network available: 405
06-16 19:52:42.018  1412  1905 D CSLegacyTypeTracker: Sending CONNECTED broadcast for type 1 NetworkAgentInfo [WIFI () - 405] isDefaultNetwork=true
06-16 19:52:42.018  1412  1905 D ConnectivityService: sendStickyBroadcast: action=android.net.conn.CONNECTIVITY_CHANGE
06-16 19:52:42.019  2580  2819 W QCNEJ   : |CORE| onAvailable: bind the process to WIFI
06-16 19:52:42.020  1412  1905 D ConnectivityService: notifyType PRECHECK for NetworkAgentInfo [WIFI () - 405]
06-16 19:52:42.021  2580  2819 W QCNEJ   : |CORE| newLp: {InterfaceName: wlan0 LinkAddresses: [fe80::c2ee:fbff:fed6:a9f7/64,172.17.32.97/16,]  Routes: [172.17.32.0/24 -> 0.0.0.0 wlan0,0.0.0.0/0 -> 172.17.32.1 wlan0,] DnsAddresses: [218.85.152.99,218.85.157.99,8.8.8.8,] Domains: null MTU: 0 TcpBufferSizes: 524288,1048576,2097152,262144,524288,1048576}
06-16 19:52:42.021  2580  2819 W QCNEJ   : |CORE| curLp: {InterfaceName: wlan0 LinkAddresses: [fe80::c2ee:fbff:fed6:a9f7/64,172.17.32.97/16,]  Routes: [172.17.32.0/24 -> 0.0.0.0 wlan0,0.0.0.0/0 -> 172.17.32.1 wlan0,] DnsAddresses: [218.85.152.99,218.85.157.99,8.8.8.8,] Domains: null MTU: 0}
06-16 19:52:42.021  1412 28249 D NetworkMonitor/NetworkAgentInfo [WIFI () - 405]: Checking http://g.cn/generate_204 on "Meitu.cp", g.cn=203.208.41.184,203.208.41.191,203.208.41.175,203.208.41.183,2404:6800:4005:807::2003
06-16 19:52:42.022  1412 28249 I DpmTcmClient: RegisterTcmMonitor from: com.android.okhttp.TcmIdleTimerMonitor
06-16 19:52:42.023  1412  1481 D Tethering: MasterInitialState.processMessage what=3
06-16 19:52:42.023 10692 10692 I NetworkBroadcastReceiver: android.net.conn.CONNECTIVITY_CHANGE
06-16 19:52:42.024  1412  2575 D NetworkTimeUpdateService: System time = 1497608562024 event = 3
06-16 19:52:42.026  1412  2665 D ConnectivityService: Returning unblocked NetworkInfo to uid=10141
06-16 19:52:42.027 10692 23549 I ThreadPool: before execute - task: com.tmsdk.common-monitor_toConnected, start time: 1497608562027, cpu time: 1461124283
06-16 19:52:42.027 10692 23549 I NetworkBroadcastReceiver: copy != null ? true
06-16 19:52:42.027 10692 23549 I NetworkBroadcastReceiver: copy.size() : 1
06-16 19:52:42.029 10692 23549 I ThreadPool: add task, adding: 1, waiting: 1
06-16 19:52:42.029 10692 23547 I ThreadPool: excute task: com.tmsdk.common-reportAllNetWorkChange
06-16 19:52:42.029 10692 23550 I ThreadPool: before execute - task: com.tmsdk.common-reportAllNetWorkChange, start time: 1497608562029, cpu time: 887803785
06-16 19:52:42.029 10692 23550 D SharkProtocolQueue: sendShark() cmdId: 11 pushSeqNo: 0
06-16 19:52:42.029 10692 23550 D WifiConnectManager-WifiReporter: report
06-16 19:52:42.029 10692 23550 D WifiConnectManager-WifiReporter: getItems:/data/user/0/com.tencent.android.qqdownloader/files/tmsdk.dat
06-16 19:52:42.030 10692 23550 E WifiConnectManager-WifiReporter: getItems FileNotFoundException
06-16 19:52:42.030 10692 23550 D WifiConnectManager-WifiReporter: no data
06-16 19:52:42.030 10692 23591 I ConverterUtil: [shark_compress]without compress, length: 2 cmdId: 11 flag: 0 -> 1
06-16 19:52:42.030 10692 23591 V SharkProtocolQueue: [shark_timer]对seq: 195计时(ms): 180000
06-16 19:52:42.030 10692 23550 I ThreadPool: after execute - task: com.tmsdk.common-reportAllNetWorkChange, used time: 1, cpu time: 473229
06-16 19:52:42.030 10692 23591 I SharkNetwork: asyncSendShark() mSharkQueueWaiting.size(): 1
06-16 19:52:42.030 10692 23591 I GuidCertifier: getGuid:03027017030711333700422447381114
06-16 19:52:42.030 24277 24339 D UTAnalytics:CommitTask: pid:24277 check&commit event:65133,
06-16 19:52:42.030 24277 24339 D UTAnalytics:CommitTask: pid:24277 next:65133,
06-16 19:52:42.030 24277 24339 D UTAnalytics:CommitTask: pid:24277 check&commit event:65502,
06-16 19:52:42.030 24277 24339 D UTAnalytics:CommitTask: pid:24277 next:65502,
06-16 19:52:42.030 24277 24339 D UTAnalytics:CommitTask: pid:24277 check&commit event:65503,
06-16 19:52:42.030 24277 24339 D UTAnalytics:CommitTask: pid:24277 next:65503,
06-16 19:52:42.030 24277 24339 D UTAnalytics:CommitTask: pid:24277 check&commit event:65501,
06-16 19:52:42.030 24277 24339 D UTAnalytics:CommitTask: pid:24277 next:65501,
06-16 19:52:42.030 10692 23547 I ThreadPool: --------after execute------
06-16 19:52:42.030 10692 23548 I SharkNetwork: MSG_SHARK_SEND
06-16 19:52:42.031 10692 23548 I GuidCertifier: getGuid:03027017030711333700422447381114
06-16 19:52:42.031 10692 23594 I SharkNetwork: [network_control] after control, sashimis.size(): 1
06-16 19:52:42.032  2674  2674 D OPLocationService: receive broadcast intent, action: android.net.conn.CONNECTIVITY_CHANGE
06-16 19:52:42.032  3629  3629 D AbstractProcessor: onConnectChange Type:1
06-16 19:52:42.033 10692 23594 I DEBUG   : your    signature is A095641B30785F28642708F481603E0B len:32
06-16 19:52:42.033 10692 23594 I DEBUG   : licence signature is A095641B30785F28642708F481603E0B len:32
06-16 19:52:42.033 10692 23594 D SharkNetwork: spSend() sharkSend.seqNoTag: 195
06-16 19:52:42.033 10692 23594 I SharkWharf: [tcp_control][http_control]sendData(), use http channel
06-16 19:52:42.033 10692 23594 I GuidCertifier: getGuid:03027017030711333700422447381114
06-16 19:52:42.033 10692 23594 D ConverterUtil: [shark_v4][shark_fin] must take sharkfin: !isTcpChannel: true isRsa: false isGuid: false isFP: false
06-16 19:52:42.039 10692 23549 I ThreadPool: after execute - task: com.tmsdk.common-monitor_toConnected, used time: 12, cpu time: 898542
06-16 19:52:42.040 10692 23547 I ThreadPool: --------after execute------
06-16 19:52:42.040 10692 23547 I ThreadPool: expand to normal core pool size(4) = 4
06-16 19:52:42.041  9561  9561 V xiaomi  : [Thread:1] network changed, [type: WIFI[], state: CONNECTED/CONNECTED, reason: (unspecified), extra: "Meitu.cp", roaming: false, failover: false, isAvailable: true]
06-16 19:52:42.044 10692 10692 D AccessSchedulerTrigger: Network changed
06-16 19:52:42.049 10692 10692 I a       : updateApn
06-16 19:52:42.057 10692 10692 I a       : showApnInfo... Apn:,sIsNetworkOk:true,sNetType:1,sIsProxy:false,sProxyAddress:
06-16 19:52:42.058 10692 10692 D AccessSchedulerTrigger: onAccessSchedulerTriggered by network change
06-16 19:52:42.058 10692 10692 I AccessSchedulerImpl: onAccessSchedulerTriggered... try to addTask
06-16 19:52:42.058 10692 10692 I AccessSchedulerImpl: addTask...
06-16 19:52:42.058 10692 10692 D AccessSchedulerImpl: before add, queue size:0
06-16 19:52:42.059 10692 10692 D AccessSchedulerImpl: addTask ret:true
06-16 19:52:42.059 10692 10760 D AccessSchedulerImpl: task taked, try scheduler...
06-16 19:52:42.059 10692 10692 D AccessSchedulerImpl: after add, queue size:0
06-16 19:52:42.059 10692 10760 I AccessSchedulerImpl: scheduler...begin
06-16 19:52:42.068 10692 23594 I ConverterUtil: [ip_list][conn_monitor]checkSharkfin(), apn=0 isWifi=true authType=0
06-16 19:52:42.068 10692 23594 D SharkDao: [sp_guid] onGetWSGuid(), internal report wsGuid: null
06-16 19:52:42.068 10692 23594 D SharkOutlet: [sp_guid] onGetWSGuid(), report wsGuid: null
06-16 19:52:42.068 10692 23594 D ConverterUtil: createSendBytes(), isHello? false sendData.length: 141
06-16 19:52:42.068 10692 23594 V HttpNetworkManager: [http_control]sendDataAsyn(), waiting tasks: 1
06-16 19:52:42.069  1412  1905 D ConnectivityService: NetworkAgentInfo [WIFI () - 405] validation  passed
06-16 19:52:42.070  1412  1905 D ConnectivityService: notifyType CAP_CHANGED for NetworkAgentInfo [WIFI () - 405]
06-16 19:52:42.072 10692 10760 I DataAccessDBImpl: updateApnUseTime... for apn:ssid_"Meitu.cp"84:d9:31:14:4f:22,updateRet:1
06-16 19:52:42.072 10692 23548 I HttpNetworkManager: [http_control]handleMessage(), allow start, running tasks: 0
06-16 19:52:42.072 10692 10760 I AccessSchedulerStorageManager: updateApnUseTime... apnName:ssid_"Meitu.cp"84:d9:31:14:4f:22
06-16 19:52:42.072 10692 10760 I AccessSchedulerStorageManager: isNeedScheduler... 
06-16 19:52:42.072 10692 10760 D AccessSchedulerStorageManager: try updateCacheInfo...currentApn:ssid_"Meitu.cp"84:d9:31:14:4f:22
06-16 19:52:42.072 10692 23548 I ThreadPool: add task, adding: 1, waiting: 1
06-16 19:52:42.072 10692 10760 I AccessSchedulerStorageManager: same apn. no need update.
06-16 19:52:42.072 10692 10760 I AccessSchedulerImpl: scheduler...no need scheduler. return
06-16 19:52:42.073 10692 10760 D AccessSchedulerImpl: try take a task...
06-16 19:52:42.074 10692 23547 I ThreadPool: expand to normal core pool size(4) = 4
06-16 19:52:42.074 10692 23547 I ThreadPool: excute task: com.tencent.meri-shark-http-send
06-16 19:52:42.074 10692 23588 I ThreadPool: before execute - task: com.tencent.meri-shark-http-send, start time: 1497608562074, cpu time: 773477002
06-16 19:52:42.074 10692 23588 I HttpNetwork: [http_control]sendData()
06-16 19:52:42.096  1412  1905 D ConnectivityService: sendStickyBroadcast: action=android.net.conn.INET_CONDITION_ACTION
06-16 19:52:42.103 16718 16784 I DpmTcmClient: RegisterTcmMonitor from: com.android.okhttp.TcmIdleTimerMonitor
06-16 19:52:42.106 10692 23588 D HttpConnection:  couldNotConnect()
06-16 19:52:42.106 10692 23588 D HttpConnection:  couldNotConnect() diff: -1497608562106
06-16 19:52:42.106 10692 23588 D HttpConnection:  couldNotConnect() false
06-16 19:52:42.106 10692 23588 I HIPList : [ip_list]getIPEndPointByStr(), ip: http://120.198.203.156 port: 80
06-16 19:52:42.106 10692 23588 I HIPList : [ip_list]getHttpIp(), httpIp: http://120.198.203.156
06-16 19:52:42.106 10692 23588 I HttpNetwork: [http_control]start()
06-16 19:52:42.109  1412  1899 D NtpTrustedTime: currentTimeMillis() cache hit
06-16 19:52:42.109  1412  1899 D NtpTrustedTime: currentTimeMillis() cache hit
06-16 19:52:42.109  1412  1899 D NtpTrustedTime: currentTimeMillis() cache hit
06-16 19:52:42.110  1412  1899 D NtpTrustedTime: currentTimeMillis() cache hit
06-16 19:52:42.110  9561  9649 V xiaomi  : [Thread:1173] JOB: do reconnect..
06-16 19:52:42.130 10692 23588 I DpmTcmClient: RegisterTcmMonitor from: com.android.okhttp.TcmIdleTimerMonitor
06-16 19:52:42.130 10692 23588 I HttpNetwork: [http_control]start(), ret: 0 httpUrl: http://120.198.203.156
06-16 19:52:42.130 10692 23588 I HttpNetwork: [http_control]doSend()
06-16 19:52:42.130 10692 23588 I HttpNetwork: [http_control]doSend(), bf [http send] bytes: 141
06-16 19:52:42.139  9561  9649 V xiaomi  : [Thread:1173] update the connection status. disconnected -> connecting : ERROR_OK 
06-16 19:52:42.140  1412 28249 D NetworkMonitor/NetworkAgentInfo [WIFI () - 405]: isCaptivePortal: ret=204 headers={null=[HTTP/1.1 204 No Content], Content-Length=[0], Date=[Fri, 16 Jun 2017 10:22:41 GMT], X-Android-Received-Millis=[1497608562140], X-Android-Response-Source=[NETWORK 204], X-Android-Selected-Protocol=[http/1.1], X-Android-Sent-Millis=[1497608562082]}
06-16 19:52:42.142  1412  1905 D ConnectivityService: setProvNotificationVisibleIntent null visible=false networkType=MOBILE extraInfo=null highPriority=false
06-16 19:52:42.142  1412  1905 D ConnectivityService: NetworkAgentInfo [WIFI () - 405] validation  passed
06-16 19:52:42.157 10692 10731 D com.qq.connect: looper ip --> 14.17.41.155
06-16 19:52:42.167 10692 23588 D HttpNetwork: [flow_control][http_control]doSend(), [http send] bytes: 141
06-16 19:52:42.178  9131  9131 D NetworkChangeNotifierAutoDetect: Network connectivity changed, type is: 2
06-16 19:52:42.187  3741 28319 I DpmTcmClient: RegisterTcmMonitor from: com.android.okhttp.TcmIdleTimerMonitor
06-16 19:52:42.189  9561  9649 V xiaomi  : [Thread:1173] begin to connect to 42.62.94.2:443
06-16 19:52:42.191 10692 10692 D NetworkChangeNotifierAutoDetect: Network connectivity changed, type is: 2
06-16 19:52:42.216  4216  4216 D awcn.NetworkStatusMonitor:  receiver:android.net.conn.CONNECTIVITY_CHANGE
06-16 19:52:42.216  4216  4216 D HOOK    : AssetManager isUpToDate:true
06-16 19:52:42.216  4216  7184 D awcn.NetworkStatusMonitor:  [checkNetworkStatus]
06-16 19:52:42.216  4216  7184 I awcn.NetworkStatusMonitor:  checkNetworkStatus info.isConnected:true info.isAvailable:true
06-16 19:52:42.220  4216  7184 I awcn.NetworkStatusMonitor:  Network Status Change NO ===>>> WIFI
06-16 19:52:42.220  4216  7184 I awcn.NetworkStatusHelper:  
06-16 19:52:42.220  4216  7184 I awcn.NetworkStatusHelper: 
06-16 19:52:42.220  4216  7184 I awcn.NetworkStatusHelper: Network detail***********************
06-16 19:52:42.220  4216  7184 I awcn.NetworkStatusHelper: status: WIFI
06-16 19:52:42.220  4216  7184 I awcn.NetworkStatusHelper:  BSSID: 84:d9:31:14:4f:22
06-16 19:52:42.220  4216  7184 I awcn.NetworkStatusHelper:  SSID: "Meitu.cp"
06-16 19:52:42.220  4216  7184 I awcn.NetworkStatusHelper: ******************************************
06-16 19:52:42.220  4216  7184 D awcn.SessionCenter:  onNetworkStatusChanged networkStatus:WIFI
06-16 19:52:42.221  4216 28302 D LocationManager: removeUpdates listener=com.loc.g$1@19076d6 packageName=  com.eg.android.AlipayGphone
06-16 19:52:42.228  4216  7184 D awcn.SessionCenter:  [reCreateSession]
06-16 19:52:42.228  4216  7184 I awcn.SessionCenter:  recreate session failed: infos is empty
06-16 19:52:42.229  4216  7184 I awcn.BandWidthSampler:  [startNetworkMeter] NetworkStatus:WIFI
06-16 19:52:42.242 10692 23588 I HttpNetwork: [http_control]doSend(), resposeCode: 200
06-16 19:52:42.242 10692 23588 I HttpNetwork: [http_control]doSend(), HeaderFields: {null=[HTTP/1.1 200 OK], Cache-Control=[no-cache], Content-Length=[47], Content-Type=[application/octet-stream], Date=[Fri, 16 Jun 2017 10:22:41 GMT], Server=[QBServer], X-Android-Received-Millis=[1497608562242], X-Android-Response-Source=[NETWORK 200], X-Android-Selected-Protocol=[http/1.1], X-Android-Sent-Millis=[1497608562167]}
06-16 19:52:42.243 10692 23588 D HttpNetwork: [flow_control][http_control]doSend(), [http receive] bytes: 47
06-16 19:52:42.243 10692 23588 I HttpNetwork: [http_control]stop()
06-16 19:52:42.243 10692 23588 I HttpNetwork: [http_control]sendData() 发包成功或无网络，不重试， ret: 0
06-16 19:52:42.243 10692 23588 D HttpNetwork: [http_control]sendData() ret: 0
06-16 19:52:42.243 10692 23588 I ThreadPool: add task, adding: 1, waiting: 1
06-16 19:52:42.243 10692 23588 D HttpNetworkManager: [http_control]-------- send finish, running tasks: 0, waiting tasks: 0
06-16 19:52:42.243 10692 23588 I ThreadPool: after execute - task: com.tencent.meri-shark-http-send, used time: 169, cpu time: 4509844
06-16 19:52:42.244 10692 23547 I ThreadPool: expand to normal core pool size(4) = 4
06-16 19:52:42.244 10692 23547 I ThreadPool: excute task: com.tencent.meri-shark-http-callback
06-16 19:52:42.244 10692 23547 I ThreadPool: --------after execute------
06-16 19:52:42.244 10692 23581 I ThreadPool: before execute - task: com.tencent.meri-shark-http-callback, start time: 1497608562244, cpu time: 884054647
06-16 19:52:42.244 10692 23581 D SharkWharf: [tcp_control][http_control]sendData(), http callback, errCode: 0
06-16 19:52:42.244 10692 23581 I SharkNetwork: onFinish(), retCode: 0
06-16 19:52:42.244 10692 23581 D SharkNetwork: onFinish() retData.length: 47
06-16 19:52:42.244 10692 23581 D SharkNetwork: onFinish() sharkSeq: 195 ssTag: tmsdkobf.ed$b@1be9e6e shark回包或push个数: 1
06-16 19:52:42.244 10692 23581 I SharkNetwork: [rsa_key]onFinish() 密钥是否过期：否
06-16 19:52:42.245 10692 23581 D SharkNetwork: removeSendingBySeqNoTag() seqNoTag: 195
06-16 19:52:42.247 10692 23581 I DEBUG   : your    signature is A095641B30785F28642708F481603E0B len:32
06-16 19:52:42.247 10692 23581 I DEBUG   : licence signature is A095641B30785F28642708F481603E0B len:32
06-16 19:52:42.247 10692 23581 I ThreadPool: add task, adding: 1, waiting: 1
06-16 19:52:42.247 10692 23581 I ThreadPool: after execute - task: com.tencent.meri-shark-http-callback, used time: 3, cpu time: 1705416
06-16 19:52:42.248 10692 23547 I ThreadPool: expand to normal core pool size(4) = 4
06-16 19:52:42.248 10692 23547 I ThreadPool: excute task: com.tencent.meri-shark callback
06-16 19:52:42.248 10692 23547 I ThreadPool: --------after execute------
06-16 19:52:42.248 10692 23550 I ThreadPool: before execute - task: com.tencent.meri-shark callback, start time: 1497608562248, cpu time: 888443734
06-16 19:52:42.248 10692 23550 I ThreadPool: after execute - task: com.tencent.meri-shark callback, used time: 0, cpu time: 145729
06-16 19:52:42.248 10692 23547 I ThreadPool: --------after execute------
06-16 19:52:42.248 10692 23547 I ThreadPool: expand to normal core pool size(4) = 4
06-16 19:52:42.275  7000 28335 I DpmTcmClient: RegisterTcmMonitor from: com.android.okhttp.TcmIdleTimerMonitor
06-16 19:52:42.281  9131  9131 D NetworkChangeNotifierAutoDetect: Network connectivity changed, type is: 2
06-16 19:52:42.282  9561  9649 V xiaomi  : [Thread:1173] tcp connected
06-16 19:52:42.283  9561  9649 V xiaomi  : [Thread:1173] begin to openstream...
06-16 19:52:42.283  9561  9649 V xiaomi  : [Thread:1173] connected to 42.62.94.2:443 in 94
06-16 19:52:42.297  9131  9131 D NetworkChangeNotifierAutoDetect: Network connectivity changed, type is: 2
06-16 19:52:42.324 10692 10731 D com.qq.connect: ret len: 75
06-16 19:52:42.324 10692 10731 D com.qq.connect: response: 1014
06-16 19:52:42.324 10692 10731 D com.qq.connect: getIPList: success
06-16 19:52:42.348 11424 11424 D OPAppUpdate: ConnectiveChangedReceiver onReceive isConnected = true
06-16 19:52:42.352 11424 11424 D OPAppUpdate: isWifi = true
06-16 19:52:42.357 11424 11424 D OPAppUpdate: resume to download error state task
06-16 19:52:42.378  5671  5671 I ConnectivityReceiver: network state changed
06-16 19:52:42.381  5671  5671 I ConnectivityReceiver: current network type: 1
06-16 19:52:42.384  9561 28337 V xiaomi  : [Thread:3802] setChallenge hash = 5c0a9c67
06-16 19:52:42.384  9561 28337 V xiaomi  : [Thread:3802] update the connection status. connecting -> connected : ERROR_OK 
06-16 19:52:42.386  9561  9649 V xiaomi  : [Thread:1173] JOB: bind the client. 5
06-16 19:52:42.386  9561  9649 V xiaomi  : [Thread:1173] update the client 5 status. unbind->binding unknown ERROR_OK null null
06-16 19:52:42.388  9561  9649 V xiaomi  : [Thread:1173] SMACK: bind id=dqYy5-166
06-16 19:52:42.395  4216 28329 I DpmTcmClient: RegisterTcmMonitor from: com.android.okhttp.TcmIdleTimerMonitor
06-16 19:52:42.432 26242 26242 D BgTest  : uiCount 77
06-16 19:52:42.441  4086  4086 I PushLogSC2815_weibo: [main-1]action is android.net.conn.CONNECTIVITY_CHANGE(weibo/null:-1)
06-16 19:52:42.448  4086  4118 I PushLogSC2815_weibo: [Thread-90-90]votedPackage from file:com.sina.weibo(weibo/null:-1)
06-16 19:52:42.455  9561  9649 V xiaomi  : [Thread:1173] update the client 5 status. binding->binded OPEN ERROR_OK null null
06-16 19:52:42.455  9561  9649 V xiaomi  : [Thread:1173] SMACK: channel bind succeeded, chid=5
06-16 19:52:42.463  4086  4086 I PushLogSC2815_weibo: [main-1]PushService onStartCommand(weibo/null:-1)
06-16 19:52:42.464 25700 25700 D com.meitu.meipaimv.ConnectStateReceiver: mobile=false wifi=true hasChanged=true
06-16 19:52:42.465 25700 25700 D Event   : No subscribers registered for event class com.meitu.meipaimv.event.NetStateEvent
06-16 19:52:42.465 25700 25700 D Event   : No subscribers registered for event class de.greenrobot.event.NoSubscriberEvent
06-16 19:52:42.476 25700 25700 I MTBusiness: [MtbNetworkStateReceiver] [2017-04-25_03] onReceive connected (SourceFile:34)
06-16 19:52:42.477 25700 25700 I MTBusiness: [SettingsRequestWatchDog] [2017-04-25_03] isFailWithNetError:false (SourceFile:67)
06-16 19:52:42.479 25700 25700 I MTBusiness: [MtbNetworkStateReceiver] [2017-04-25_03] onReceive wifi (SourceFile:40)
06-16 19:52:42.480 25700 25700 I MTBusiness: [BasePreference] [2017-04-25_03] remove key=sp_preload_cache (SourceFile:56)
06-16 19:52:42.480 25700 25700 I MTBusiness: [BaseBean] [2017-04-25_03] [parsePreloadBean] start (SourceFile:43)
06-16 19:52:42.498  4086  4137 I PushLogSC2815_weibo: [ReceiverDispatcher-95]lastnetWorkType:-1 curNetWorkType:1(weibo/null:-1)
06-16 19:52:42.507 25700 25700 W MTBusiness: [BaseBean] [2017-04-25_03] [parsePreloadBean] preloadBeenArray is null or length <= 0 ! (SourceFile:46)
06-16 19:52:42.517  3264  3264 D com.avos.avoscloud.PushService: PushService->onStartCommand->158: Start to connect to push server with installationId 4664c4527d954e807ac33bf12bf55d29
06-16 19:52:42.520  3264  3264 D IJKMEDIA: IjkMediaPlayer_psglobal_refresh
06-16 19:52:42.531  4086  4137 I PushLogSC2815_weibo: [ReceiverDispatcher-95]after getConnectPushSrvInterval:0 ms, connectTimes:0(weibo/null:-1)
06-16 19:52:42.531  4086  4137 I PushLogSC2815_weibo: [ReceiverDispatcher-95]no limit to connect pushsvr(weibo/null:-1)
06-16 19:52:42.534 32159 32159 D MLog    : CONNECTIVITY_ACTION
06-16 19:52:42.575  5419 28264 D QtiGbaAuthService: getGbaUserAgent(com.tencent.android.qqdownloader) not exempt
06-16 19:52:42.577  5671 28351 I DpmTcmClient: RegisterTcmMonitor from: com.android.okhttp.TcmIdleTimerMonitor
06-16 19:52:42.579  4086 28364 I DpmTcmClient: RegisterTcmMonitor from: com.android.okhttp.TcmIdleTimerMonitor
06-16 19:52:42.615 24389 24433 E Parcel  : Reading a NULL string not supported here.
06-16 19:52:42.622 24389 24433 E Parcel  : Reading a NULL string not supported here.
06-16 19:52:42.629 24389 24433 E Parcel  : Reading a NULL string not supported here.
06-16 19:52:42.636 24389 24433 E Parcel  : Reading a NULL string not supported here.
06-16 19:52:42.642 26242 27124 D BgTest  : bgCount 77
06-16 19:52:42.644 32201 32224 E Parcel  : Reading a NULL string not supported here.
06-16 19:52:42.653 32201 32224 E Parcel  : Reading a NULL string not supported here.
06-16 19:52:42.660 32201 32224 E Parcel  : Reading a NULL string not supported here.
06-16 19:52:42.666 32201 32224 E Parcel  : Reading a NULL string not supported here.
06-16 19:52:42.705 10685 10883 E lenzli  : processFlag: daemon, [pool-4-protocalManager-thread-9:1030] b.a(147): get net work environment:daemon
06-16 19:52:42.709 10685 10715 I EventController: handleEvent msg.what = 13026 refs = [java.lang.ref.WeakReference@6c003b3]
06-16 19:52:42.713 10692 10721 I EventController: handleEvent msg.what = 13026 refs = [java.lang.ref.WeakReference@57a9ad6]
06-16 19:52:42.714 10685 10715 I EventController: handleEvent msg.what = 13020 refs = [java.lang.ref.WeakReference@68207eb]
06-16 19:52:42.714 10685 10715 I EventController: handleEvent msg.what = 13020 refs = [java.lang.ref.WeakReference@68207eb]
06-16 19:52:42.714 10685 10715 I EventController: handleEvent msg.what = 13020 refs = [java.lang.ref.WeakReference@68207eb]
06-16 19:52:42.714 10685 10715 I EventController: handleEvent msg.what = 13020 refs = [java.lang.ref.WeakReference@68207eb]
06-16 19:52:42.714 10692 10721 I EventController: handleEvent msg.what = 13020 refs = [java.lang.ref.WeakReference@936fedf]
06-16 19:52:42.715 26249 26286 I EventController: handleEvent msg.what = 13026 refs = null
06-16 19:52:42.715 10692 10721 I EventController: handleEvent msg.what = 13020 refs = [java.lang.ref.WeakReference@936fedf]
06-16 19:52:42.715 26249 26286 I EventController: handleEvent msg.what = 13020 refs = null
06-16 19:52:42.716 10692 10721 I EventController: handleEvent msg.what = 13020 refs = [java.lang.ref.WeakReference@936fedf]
06-16 19:52:42.716 10692 10721 I EventController: handleEvent msg.what = 13020 refs = [java.lang.ref.WeakReference@936fedf]
06-16 19:52:42.716 10780 10810 I EventController: handleEvent msg.what = 13026 refs = [java.lang.ref.WeakReference@19c3d27]
06-16 19:52:42.716 10780 10810 I EventController: handleEvent msg.what = 13020 refs = [java.lang.ref.WeakReference@2e9d960]
06-16 19:52:42.716 26249 26286 I EventController: handleEvent msg.what = 13020 refs = null
06-16 19:52:42.716 10780 10810 I EventController: handleEvent msg.what = 13020 refs = [java.lang.ref.WeakReference@2e9d960]
06-16 19:52:42.716 26249 26286 I EventController: handleEvent msg.what = 13020 refs = null
06-16 19:52:42.714 10872 10901 I EventController: handleEvent msg.what = 13026 refs = null
06-16 19:52:42.716 10780 10810 I EventController: handleEvent msg.what = 13020 refs = [java.lang.ref.WeakReference@2e9d960]
06-16 19:52:42.716 26249 26286 I EventController: handleEvent msg.what = 13020 refs = null
06-16 19:52:42.716 10780 10810 I EventController: handleEvent msg.what = 13020 refs = [java.lang.ref.WeakReference@2e9d960]
06-16 19:52:42.716 10780 10807 I EventController: handleEvent msg.what = 13020 refs = [java.lang.ref.WeakReference@2e9d960]
06-16 19:52:42.716 10872 10901 I EventController: handleEvent msg.what = 13020 refs = [java.lang.ref.WeakReference@808b99e]
06-16 19:52:42.718 10872 10901 I EventController: handleEvent msg.what = 13020 refs = [java.lang.ref.WeakReference@808b99e]
06-16 19:52:42.718 10872 10901 I EventController: handleEvent msg.what = 13020 refs = [java.lang.ref.WeakReference@808b99e]
06-16 19:52:42.719 10872 10901 I EventController: handleEvent msg.what = 13020 refs = [java.lang.ref.WeakReference@808b99e]
06-16 19:52:42.719 10692 10721 I EventController: handleEvent msg.what = 13020 refs = [java.lang.ref.WeakReference@936fedf]
06-16 19:52:42.719 10685 10717 I EventController: handleEvent msg.what = 13020 refs = [java.lang.ref.WeakReference@68207eb]
06-16 19:52:42.719 10872 10901 I EventController: handleEvent msg.what = 13020 refs = [java.lang.ref.WeakReference@808b99e]
06-16 19:52:42.719 26249 26286 I EventController: handleEvent msg.what = 13020 refs = null
06-16 19:52:42.723 32159 32159 D MLog    : InnerConfig.config().getPushChannel() GE_TUI  false
06-16 19:52:42.726 10692 10718 I EventController: handleEvent msg.what = 13020 refs = [java.lang.ref.WeakReference@936fedf]
06-16 19:52:42.727 10872 10901 I EventController: handleEvent msg.what = 13020 refs = [java.lang.ref.WeakReference@808b99e]
06-16 19:52:42.729 10685 10717 I EventController: handleEvent msg.what = 13020 refs = [java.lang.ref.WeakReference@68207eb]
06-16 19:52:42.728 26249 26286 I EventController: handleEvent msg.what = 13020 refs = null
06-16 19:52:42.729 10780 10810 I EventController: handleEvent msg.what = 13020 refs = [java.lang.ref.WeakReference@2e9d960]
06-16 19:52:42.751 32159 32159 D MtbNetworkStateReceiver: onReceive connected
06-16 19:52:42.751 32159 32159 D MtbNetworkStateReceiver: onReceive wifi
06-16 19:52:42.758 24277 24277 D Event   : No subscribers registered for event class com.meitu.makeup.d.f
06-16 19:52:42.758 24277 24277 D Event   : No subscribers registered for event class de.greenrobot.event.f
06-16 19:52:42.769 24277 24277 D MLog    : CONNECTIVITY_ACTION context -->android.app.ReceiverRestrictedContext@9929c17
06-16 19:52:42.773 24277 28384 D MLog    :  getDeviceToken  = 
06-16 19:52:42.775 24277 28384 D MLog    :  getBackupToken  = 
06-16 19:52:42.775 24277 28384 D MLog    : checkNeedBindToken--> token is null
06-16 19:52:42.780 24277 28384 D MLog    : Current Channel NONE  isRequestingPushChannel true
06-16 19:52:42.781   451   451 W auditd  : type=1400 "StartThread""s1302""proc"
06-16 19:52:42.781   451   451 W auditd  : type=1400 "StartThread""touchpanel""proc"
06-16 19:52:42.782   451   451 W auditd  : type=1400 "StartThread""cmdline""proc"
06-16 19:52:42.786  4994  4994 D NetConnInfoCenter: receive broadcast Intent { act=android.net.conn.CONNECTIVITY_CHANGE flg=0x4000010 cmp=com.tencent.mobileqq/.msf.core.NetConnInfoCenter (has extras) }
06-16 19:52:42.789 26359 26393 D MSF.D.AppNetInfoNewImpl: onReceive com.tencent.mobileqq.msf.bd.netchange
06-16 19:52:42.789 26272 26401 D MSF.D.AppNetInfoNewImpl: onReceive com.tencent.mobileqq.msf.bd.netchange
06-16 19:52:42.790  4994  4994 I MSF.D.NetworkProvider: refresh currentAPN:. received networkInfo: CONNECTED :[type: WIFI[], state: CONNECTED/CONNECTED, reason: (unspecified), extra: "Meitu.cp", roaming: false, failover: false, isAvailable: true]. ExtraNetInfo: [type: WIFI[], state: DISCONNECTED/DISCONNECTED, reason: (unspecified), extra: <unknown ssid>, roaming: false, failover: false, isAvailable: true]
06-16 19:52:42.790  4994  4994 D MSF.D.NetCenterNewImpl: unknowDisConnected
06-16 19:52:42.791 26359 26393 I MSF.D.NetworkProvider: refresh currentAPN:. received networkInfo: CONNECTED :[type: WIFI[], state: CONNECTED/CONNECTED, reason: (unspecified), extra: "Meitu.cp", roaming: false, failover: false, isAvailable: true]. ExtraNetInfo: [type: WIFI[], state: DISCONNECTED/DISCONNECTED, reason: (unspecified), extra: <unknown ssid>, roaming: false, failover: false, isAvailable: true]
06-16 19:52:42.791 26272 26401 I MSF.D.NetworkProvider: refresh currentAPN:. received networkInfo: CONNECTED :[type: WIFI[], state: CONNECTED/CONNECTED, reason: (unspecified), extra: "Meitu.cp", roaming: false, failover: false, isAvailable: true]. ExtraNetInfo: [type: WIFI[], state: DISCONNECTED/DISCONNECTED, reason: (unspecified), extra: <unknown ssid>, roaming: false, failover: false, isAvailable: true]
06-16 19:52:42.793  4994  4994 D MSF.D.NetCenterNewImpl: wifiConnected
06-16 19:52:42.799  4994  4994 D WifiDetector: WIFI detect onWifiConnected!
06-16 19:52:42.799  4994  4994 D StandbyModeManager: onWifiOn
06-16 19:52:42.805   451   451 W auditd  : type=1400 "StartThread""429""proc"
06-16 19:52:42.807   451   451 W auditd  : type=1400 "StartThread""452""proc"
06-16 19:52:42.810   451   451 W auditd  : type=1400 "StartThread""514""proc"
06-16 19:52:42.820   451   451 W auditd  : type=1400 "StartThread""515""proc"
06-16 19:52:42.820   451   451 W auditd  : type=1400 "StartThread""516""proc"
06-16 19:52:42.820   451   451 W auditd  : type=1400 "StartThread""517""proc"
06-16 19:52:42.820   451   451 W auditd  : type=1400 "StartThread""518""proc"
06-16 19:52:42.822   451   451 W auditd  : type=1400 "StartThread""521""proc"
06-16 19:52:42.822   451   451 W auditd  : type=1400 "StartThread""527""proc"
06-16 19:52:42.830   451   451 W auditd  : type=1400 "StartThread""529""proc"
06-16 19:52:42.830   451   451 W auditd  : type=1400 "StartThread""531""proc"
06-16 19:52:42.830   451   451 W auditd  : type=1400 "StartThread""567""proc"
06-16 19:52:42.830   451   451 W auditd  : type=1400 "StartThread""588""proc"
06-16 19:52:42.830   451   451 W auditd  : type=1400 "StartThread""594""proc"
06-16 19:52:42.830   451   451 W auditd  : type=1400 "StartThread""cmdline""proc"
06-16 19:52:42.830   451   451 W auditd  : type=1400 "StartThread""cmdline""proc"
06-16 19:52:42.830   451   451 W auditd  : type=1400 "StartThread""820""proc"
06-16 19:52:42.856  4086 28364 I PushLogSC2815_weibo: [PushTRSQuery-200]verify hostname success(weibo/null:-1)
06-16 19:52:42.875  9131  9131 D MPS:AgooMessageReceiver: AgooMessageReceiver onReceive begin...intent=Intent { act=android.net.conn.CONNECTIVITY_CHANGE flg=0x4000010 cmp=com.ss.android.article.news/.AliyunPushMsgReceiver (has extras) }
06-16 19:52:42.878  9561  9561 I PushLogSC2815_news: [main-1]forbiddenMultiChannel from file:0(news/null:-1)
06-16 19:52:42.879  9561  9561 I PushLogSC2815_news: [main-1]action is android.net.conn.CONNECTIVITY_CHANGE(news/null:-1)
06-16 19:52:42.880  9561 11468 I PushLogSC2815_news: [Thread-1207-1207]votedPackage from file:com.sina.weibo(news/null:-1)
06-16 19:52:42.880  9561 11468 I PushLogSC2815_news: [Thread-1207-1207]forbiddenMultiChannel from file:0(news/null:-1)
06-16 19:52:42.885  9561  9561 I PushLogSC2815_news: [main-1]PushService:onCreate()(news/null:-1)
06-16 19:52:42.896 15447 15447 D MLog    : CONNECTIVITY_ACTION context -->android.app.ReceiverRestrictedContext@61cc60f
06-16 19:52:42.909 15447 15447 I MTBusiness: [MtbNetworkStateReceiver] [2017-05-21_01] onReceive connected (NetworkStateReceiver.java:33)
06-16 19:52:42.909 15447 15447 I MTBusiness: [SettingsRequestWatchDog] [2017-05-21_01] isFailWithNetError:false (SettingsRequestWatchDog.java:86)
06-16 19:52:42.910 15447 28393 D MLog    :  getDeviceToken  = 
06-16 19:52:42.911 15447 15447 I MTBusiness: [MtbNetworkStateReceiver] [2017-05-21_01] onReceive wifi (NetworkStateReceiver.java:39)
06-16 19:52:42.911 15447 15447 I MTBusiness: [BasePreference] [2017-05-21_01] remove key=sp_preload_cache (BasePreference.java:54)
06-16 19:52:42.912 15447 15447 W MTBusiness: [MtbAdSetting] [2017-05-21_01] [notifyAlls] WiFi state but preloadJson is null. (MtbAdSetting.java:167)
06-16 19:52:42.933  4086 28364 I PushLogSC2815_weibo: [PushTRSQuery-200]queryTrs success!(weibo/null:-1)
06-16 19:52:42.933 31308 31308 D com.meitu.mtcommunity.common.network.ConnectStateReceiver: mobile=false wifi=true hasChanged=false
06-16 19:52:42.936 31308 31308 D MLog    : CONNECTIVITY_ACTION
06-16 19:52:42.939 15447 28393 D MLog    :  getBackupToken  = 3e5441f1bb91ee62882be83814057a12
06-16 19:52:42.954 31308 31308 I MTBusiness: [MtbNetworkStateReceiver] [2017-05-21_01] onReceive connected (NetworkStateReceiver.java:33)
06-16 19:52:42.954 31308 31308 I MTBusiness: [SettingsRequestWatchDog] [2017-05-21_01] isFailWithNetError:false (SettingsRequestWatchDog.java:86)
06-16 19:52:42.955 31308 28396 D MLog    :  getDeviceToken  = fe7329d66ee17b3c391471dcb9ffccdc
06-16 19:52:42.957 31308 31308 I MTBusiness: [MtbNetworkStateReceiver] [2017-05-21_01] onReceive wifi (NetworkStateReceiver.java:39)
06-16 19:52:42.957 31308 31308 I MTBusiness: [BasePreference] [2017-05-21_01] remove key=sp_preload_cache (BasePreference.java:54)
06-16 19:52:42.958 31308 31308 W MTBusiness: [MtbAdSetting] [2017-05-21_01] [notifyAlls] WiFi state but preloadJson is null. (MtbAdSetting.java:167)
06-16 19:52:42.958 15447 28393 D MLog    :  getLang = zh_CN
06-16 19:52:42.958 31308 28396 D MLog    :  getLang = zh_CN
06-16 19:52:42.967 31308 28396 D MLog    : checkNeedBindToken--> token = fe7329d66ee17b3c391471dcb9ffccdc  isRebindToken = false
06-16 19:52:42.974 31308 28396 D MLog    : Current Channel GE_TUI  isRequestingPushChannel false
06-16 19:52:42.994 25700 25700 D com.meitu.meipaimv.ConnectStateReceiver: mobile=false wifi=true hasChanged=false
06-16 19:52:42.996 25700 25700 D com.meitu.meipaimv.ConnectStateReceiver: mobile=false wifi=true hasChanged=false
06-16 19:52:42.999 15447 28393 D MLog    : checkNeedBindToken--> token = 3e5441f1bb91ee62882be83814057a12  isRebindToken = true
06-16 19:52:43.000 10872 10872 D com.qq.connect: android.net.conn.CONNECTIVITY_CHANGE
06-16 19:52:43.016  9561  9561 I PushLogSC2815_news: [main-1]no push client, stop push apk service(news/null:-1)
06-16 19:52:43.017  1412  1905 D ConnectivityService: NetTransition Wakelock (NetworkAgentInfo [WIFI () - 404] cleared because we found a replacement network
06-16 19:52:43.021 15447 28393 D MLog    :  newToken = 3e5441f1bb91ee62882be83814057a12 forcibleRequest true
06-16 19:52:43.023  9561  9561 I PushLogSC2815_news: [main-1]PushService onStartCommand(news/null:-1)
06-16 19:52:43.028 11406 11406 V xiaomi  : [Thread:1] network changed, [type: WIFI[], state: CONNECTED/CONNECTED, reason: (unspecified), extra: "Meitu.cp", roaming: false, failover: false, isAvailable: true]
06-16 19:52:43.029 11406 11464 V xiaomi  : [Thread:1161] JOB: do reconnect..
06-16 19:52:43.031 10685 10740 E AppUpdate: processFlag: daemon, [pool-1-temporary-thread-5:979] JceCache.writeList2Cache(121): JceCache  if()  fileName=app_update_info_2
06-16 19:52:43.032 11406 11464 V xiaomi  : [Thread:1161] update the connection status. disconnected -> connecting : ERROR_OK 
06-16 19:52:43.032 10685 10715 I EventController: handleEvent msg.what = 13020 refs = [java.lang.ref.WeakReference@68207eb]
06-16 19:52:43.034 10692 10721 I EventController: handleEvent msg.what = 13020 refs = [java.lang.ref.WeakReference@936fedf]
06-16 19:52:43.034 10872 10901 I EventController: handleEvent msg.what = 13020 refs = [java.lang.ref.WeakReference@808b99e]
06-16 19:52:43.034 10780 10810 I EventController: handleEvent msg.what = 13020 refs = [java.lang.ref.WeakReference@2e9d960]
06-16 19:52:43.035 26249 26286 I EventController: handleEvent msg.what = 13020 refs = null
06-16 19:52:43.039 11406 11464 V xiaomi  : [Thread:1161] begin to connect to 42.62.94.2
06-16 19:52:43.051  9561 28391 I PushLogSC2815_news: [ReceiverDispatcher-3804]no push client, stop push apk service(news/null:-1)
06-16 19:52:43.057  4086 28364 I PushLogSC2815_weibo: [PushTRSQuery-200]votedPackage from file:com.sina.weibo(weibo/null:-1)
06-16 19:52:43.059  2969  2969 I com.yulore.superyellowpage.receiver.NetworkReceiver: receiver start service: intelligentCaceServiceIntent
06-16 19:52:43.067 15447 28393 D MLog    :  oldToken = 
06-16 19:52:43.067  2969  2969 I IntelligentCacheService: onCreate
06-16 19:52:43.067  2969  2969 I IntelligentCacheService: url=https://apis.dianhua.cn/errorlog/index.php
06-16 19:52:43.068  2969 28412 I IntelligentCacheService: onHandleIntent()
06-16 19:52:43.075  2969  2969 D LocationManager: removeUpdates listener=com.yulore.superyellowpage.impl.LocationApiNativeImpl$4@3bee187 packageName=  com.android.contacts
06-16 19:52:43.088  4086  4137 I PushLogSC2815_weibo: [ReceiverDispatcher-95]lastnetWorkType:1 curNetWorkType:1(weibo/null:-1)
06-16 19:52:43.090 11406 11464 V xiaomi  : [Thread:1161] connected to 42.62.94.2 in 51
06-16 19:52:43.108  4086  4137 I PushLogSC2815_weibo: [ReceiverDispatcher-95]after getConnectPushSrvInterval:0 ms, connectTimes:0(weibo/null:-1)
06-16 19:52:43.108  4086  4137 I PushLogSC2815_weibo: [ReceiverDispatcher-95]no limit to connect pushsvr(weibo/null:-1)
06-16 19:52:43.112 15447 28393 D MLog    :  getDeviceToken  = 3e5441f1bb91ee62882be83814057a12
06-16 19:52:43.112 16718 16743 W FileUtils: Failed to chmod(/storage/emulated/0/Market/.private/shared_prefs/com.oneplus.market_main_prefs.xml): android.system.ErrnoException: chmod failed: EPERM (Operation not permitted)
06-16 19:52:43.115 10685 10715 I EventController: handleEvent msg.what = 13020 refs = [java.lang.ref.WeakReference@68207eb]
06-16 19:52:43.116 10692 10721 I EventController: handleEvent msg.what = 13020 refs = [java.lang.ref.WeakReference@936fedf]
06-16 19:52:43.116 26249 26286 I EventController: handleEvent msg.what = 13020 refs = null
06-16 19:52:43.116 10872 10901 I EventController: handleEvent msg.what = 13020 refs = [java.lang.ref.WeakReference@808b99e]
06-16 19:52:43.117 10780 10810 I EventController: handleEvent msg.what = 13020 refs = [java.lang.ref.WeakReference@2e9d960]
06-16 19:52:43.118 10685 10740 E AppUpdate: processFlag: daemon, [pool-1-temporary-thread-5:979] JceCache.writeList2Cache(121): JceCache  if()  fileName=app_update_info_3
06-16 19:52:43.118 16718 28417 W FileUtils: Failed to chmod(/storage/emulated/0/Market/.private/database/market_sp.db): android.system.ErrnoException: chmod failed: EPERM (Operation not permitted)
06-16 19:52:43.122  4086  4137 I PushLogSC2815_weibo: [ReceiverDispatcher-95]return valid PushSrvAddr(weibo/null:-1)
06-16 19:52:43.129  2998  2998 D ConnectivityManager: getMobileDataEnabled()+ subId=-1
06-16 19:52:43.130  2660  2988 D PhoneInterfaceManager: [PhoneIntfMgr] getDataEnabled: subId=-1 phoneId=-1
06-16 19:52:43.130  2660  2988 E PhoneInterfaceManager: [PhoneIntfMgr] getDataEnabled: no phone subId=-1 retVal=false
06-16 19:52:43.131  2998  2998 D ConnectivityManager: getMobileDataEnabled()- subId=-1 retVal=false
06-16 19:52:43.135  3629  3629 I CheckUpdateReceiver: Got connectivity change, has connection: true
