06-16 19:52:00.313   451   451 W auditd  : type=1400 "StartThread""531""proc"
06-16 19:52:00.313   451   451 W auditd  : type=1400 "StartThread""567""proc"
06-16 19:52:00.313   451   451 W auditd  : type=1400 "StartThread""588""proc"
06-16 19:52:00.313   451   451 W auditd  : type=1400 "StartThread""594""proc"
06-16 19:52:00.313   451   451 W auditd  : type=1400 "StartThread""cmdline""proc"
06-16 19:52:00.313   451   451 W auditd  : type=1400 "StartThread""cmdline""proc"
06-16 19:52:00.313   451   451 W auditd  : type=1400 "StartThread""820""proc"
06-16 19:52:00.324 32159 32159 D MLog    :  start to bindToken  channel = GE_TUI
06-16 19:52:00.327 26242 26242 D BgTest  : uiCount 35
06-16 19:52:00.351 32159 32159 D MLog    :  push_channel Polling  switch  = false
06-16 19:52:00.392 26242 27124 D BgTest  : bgCount 35
06-16 19:52:00.442 32159 27646 D MLog    :  response = {"code":1,"token":"1ebad3b16425886baa020d83b214ab87"}
06-16 19:52:00.442 32159 27646 D MLog    :  bind token success 
06-16 19:52:00.444 32159 32159 D MLog    : InnerConfig.config().getPushChannel() GE_TUI  false
06-16 19:52:01.126  1412 22394 E WifiService: Permission denial: Need ACCESS_COARSE_LOCATION or ACCESS_FINE_LOCATION permission to get scan results
06-16 19:52:01.135  2546  6681 W System.err: java.lang.SecurityException: getCellLocation: Neither user 10095 nor current process has android.permission.ACCESS_COARSE_LOCATION.
06-16 19:52:01.135  2546  6681 W System.err: 	at android.os.Parcel.readException(Parcel.java:1620)
06-16 19:52:01.135  2546  6681 W System.err: 	at android.os.Parcel.readException(Parcel.java:1573)
06-16 19:52:01.135  2546  6681 W System.err: 	at com.android.internal.telephony.ITelephony$Stub$Proxy.getCellLocation(ITelephony.java:2466)
06-16 19:52:01.135  2546  6681 W System.err: 	at android.telephony.TelephonyManager.getCellLocation(TelephonyManager.java:846)
06-16 19:52:01.135  2546  6681 W System.err: 	at com.sogou.m.android.c.l.CellCollecter.gainCells(SogouSource:63)
06-16 19:52:01.135  2546  6681 W System.err: 	at com.sogou.m.android.c.l.CollecterTool.passvieStartCollecter(SogouSource:738)
06-16 19:52:01.135  2546  6681 W System.err: 	at com.sogou.m.android.c.l.CollecterTool.access$000(SogouSource:45)
06-16 19:52:01.136  2546  6681 W System.err: 	at com.sogou.m.android.c.l.CollecterTool$DataCollectTask.doInBackground(SogouSource:682)
06-16 19:52:01.136  2546  6681 W System.err: 	at com.sogou.m.android.c.l.CollecterTool$DataCollectTask.doInBackground(SogouSource:671)
06-16 19:52:01.136  2546  6681 W System.err: 	at android.os.AsyncTask$2.call(AsyncTask.java:295)
06-16 19:52:01.136  2546  6681 W System.err: 	at java.util.concurrent.FutureTask.run(FutureTask.java:237)
06-16 19:52:01.136  2546  6681 W System.err: 	at android.os.AsyncTask$SerialExecutor$1.run(AsyncTask.java:234)
06-16 19:52:01.136  2546  6681 W System.err: 	at java.util.concurrent.ThreadPoolExecutor.runWorker(ThreadPoolExecutor.java:1113)
06-16 19:52:01.136  2546  6681 W System.err: 	at java.util.concurrent.ThreadPoolExecutor$Worker.run(ThreadPoolExecutor.java:588)
06-16 19:52:01.136  2546  6681 W System.err: 	at java.lang.Thread.run(Thread.java:818)
06-16 19:52:01.139  1412  2693 E WifiService: Permission denial: Need ACCESS_COARSE_LOCATION or ACCESS_FINE_LOCATION permission to get scan results
06-16 19:52:01.318   451   451 W auditd  : type=1400 "StartThread""s1302""proc"
06-16 19:52:01.318   451   451 W auditd  : type=1400 "StartThread""touchpanel""proc"
06-16 19:52:01.319   451   451 W auditd  : type=1400 "StartThread""cmdline""proc"
06-16 19:52:01.326   451   451 W auditd  : type=1400 "StartThread""429""proc"
06-16 19:52:01.327   451   451 W auditd  : type=1400 "StartThread""452""proc"
06-16 19:52:01.327   451   451 W auditd  : type=1400 "StartThread""514""proc"
06-16 19:52:01.327   451   451 W auditd  : type=1400 "StartThread""515""proc"
06-16 19:52:01.330   451   451 W auditd  : type=1400 "StartThread""516""proc"
06-16 19:52:01.331   451   451 W auditd  : type=1400 "StartThread""517""proc"
06-16 19:52:01.331   451   451 W auditd  : type=1400 "StartThread""518""proc"
06-16 19:52:01.332   451   451 W auditd  : type=1400 "StartThread""521""proc"
06-16 19:52:01.332   451   451 W auditd  : type=1400 "StartThread""527""proc"
06-16 19:52:01.332   451   451 W auditd  : type=1400 "StartThread""529""proc"
06-16 19:52:01.333   451   451 W auditd  : type=1400 "StartThread""531""proc"
06-16 19:52:01.333   451   451 W auditd  : type=1400 "StartThread""567""proc"
06-16 19:52:01.333   451   451 W auditd  : type=1400 "StartThread""588""proc"
06-16 19:52:01.333   451   451 W auditd  : type=1400 "StartThread""594""proc"
06-16 19:52:01.328 26242 26242 D BgTest  : uiCount 36
06-16 19:52:01.334   451   451 W auditd  : type=1400 "StartThread""cmdline""proc"
06-16 19:52:01.335   451   451 W auditd  : type=1400 "StartThread""cmdline""proc"
06-16 19:52:01.336   451   451 W auditd  : type=1400 "StartThread""820""proc"
06-16 19:52:01.398 26242 27124 D BgTest  : bgCount 36
06-16 19:52:01.611 10685 10853 E JavaBinder: !!! FAILED BINDER TRANSACTION !!!  (parcel size = 2399508)
06-16 19:52:02.330 26242 26242 D BgTest  : uiCount 37
06-16 19:52:02.337   451   451 W auditd  : type=1400 "StartThread""s1302""proc"
06-16 19:52:02.337   451   451 W auditd  : type=1400 "StartThread""touchpanel""proc"
06-16 19:52:02.338   451   451 W auditd  : type=1400 "StartThread""cmdline""proc"
06-16 19:52:02.346   451   451 W auditd  : type=1400 "StartThread""429""proc"
06-16 19:52:02.348   451   451 W auditd  : type=1400 "StartThread""452""proc"
06-16 19:52:02.348   451   451 W auditd  : type=1400 "StartThread""514""proc"
06-16 19:52:02.349   451   451 W auditd  : type=1400 "StartThread""515""proc"
06-16 19:52:02.349   451   451 W auditd  : type=1400 "StartThread""516""proc"
06-16 19:52:02.351   451   451 W auditd  : type=1400 "StartThread""517""proc"
06-16 19:52:02.352   451   451 W auditd  : type=1400 "StartThread""518""proc"
06-16 19:52:02.354   451   451 W auditd  : type=1400 "StartThread""521""proc"
06-16 19:52:02.356   451   451 W auditd  : type=1400 "StartThread""527""proc"
06-16 19:52:02.357   451   451 W auditd  : type=1400 "StartThread""529""proc"
06-16 19:52:02.359   451   451 W auditd  : type=1400 "StartThread""531""proc"
06-16 19:52:02.360   451   451 W auditd  : type=1400 "StartThread""567""proc"
06-16 19:52:02.362   451   451 W auditd  : type=1400 "StartThread""588""proc"
06-16 19:52:02.363   451   451 W auditd  : type=1400 "StartThread""594""proc"
06-16 19:52:02.364   451   451 W auditd  : type=1400 "StartThread""cmdline""proc"
06-16 19:52:02.365   451   451 W auditd  : type=1400 "StartThread""cmdline""proc"
06-16 19:52:02.365   451   451 W auditd  : type=1400 "StartThread""820""proc"
06-16 19:52:02.400 26242 27124 D BgTest  : bgCount 37
06-16 19:52:03.334 26242 26242 D BgTest  : uiCount 38
06-16 19:52:03.357   451   451 W auditd  : type=1400 "StartThread""s1302""proc"
06-16 19:52:03.358   451   451 W auditd  : type=1400 "StartThread""touchpanel""proc"
06-16 19:52:03.359   451   451 W auditd  : type=1400 "StartThread""cmdline""proc"
06-16 19:52:03.388   451   451 W auditd  : type=1400 "StartThread""429""proc"
06-16 19:52:03.390   451   451 W auditd  : type=1400 "StartThread""452""proc"
06-16 19:52:03.390   451   451 W auditd  : type=1400 "StartThread""514""proc"
06-16 19:52:03.390   451   451 W auditd  : type=1400 "StartThread""515""proc"
06-16 19:52:03.391   451   451 W auditd  : type=1400 "StartThread""516""proc"
06-16 19:52:03.392   451   451 W auditd  : type=1400 "StartThread""517""proc"
06-16 19:52:03.393   451   451 W auditd  : type=1400 "StartThread""518""proc"
06-16 19:52:03.393   451   451 W auditd  : type=1400 "StartThread""521""proc"
06-16 19:52:03.393   451   451 W auditd  : type=1400 "StartThread""527""proc"
06-16 19:52:03.393   451   451 W auditd  : type=1400 "StartThread""529""proc"
06-16 19:52:03.393   451   451 W auditd  : type=1400 "StartThread""531""proc"
06-16 19:52:03.393   451   451 W auditd  : type=1400 "StartThread""567""proc"
06-16 19:52:03.393   451   451 W auditd  : type=1400 "StartThread""588""proc"
06-16 19:52:03.393   451   451 W auditd  : type=1400 "StartThread""594""proc"
06-16 19:52:03.393   451   451 W auditd  : type=1400 "StartThread""cmdline""proc"
06-16 19:52:03.393   451   451 W auditd  : type=1400 "StartThread""cmdline""proc"
06-16 19:52:03.393   451   451 W auditd  : type=1400 "StartThread""820""proc"
06-16 19:52:03.406 26242 27124 D BgTest  : bgCount 38
06-16 19:52:04.266  1412  1412 I DeviceIdleController: updateChargingLocked: charging=true
06-16 19:52:04.266  1412  1412 I DeviceIdleController: becomeActiveLocked, reason = charging
06-16 19:52:04.271  3629  3629 D AbstractProcessor: onBatteryChange Percent:45 State:2 
06-16 19:52:04.272  1966  1966 D KeyguardIndicationController: onRefreshBatteryInfo: plugged = true, charged = false, Battery Level = 45, fastCharge =false
06-16 19:52:04.308  1412 31903 E qti_sensors_hal: sendGetReportReq before cancel!
06-16 19:52:04.325  1412  2623 E qti_sensors_hal: sendGetReportReq before cancel!
06-16 19:52:04.336 26242 26242 D BgTest  : uiCount 39
06-16 19:52:04.343  1412  1461 W ProcessCpuTracker: Skipping unknown process pid 27707
06-16 19:52:04.411   451   451 W auditd  : type=1400 "StartThread""s1302""proc"
06-16 19:52:04.411   451   451 W auditd  : type=1400 "StartThread""touchpanel""proc"
06-16 19:52:04.411   451   451 W auditd  : type=1400 "StartThread""cmdline""proc"
06-16 19:52:04.412 26242 27124 D BgTest  : bgCount 39
06-16 19:52:04.417   451   451 W auditd  : type=1400 "StartThread""429""proc"
06-16 19:52:04.417   451   451 W auditd  : type=1400 "StartThread""452""proc"
06-16 19:52:04.418   451   451 W auditd  : type=1400 "StartThread""514""proc"
06-16 19:52:04.418   451   451 W auditd  : type=1400 "StartThread""515""proc"
06-16 19:52:04.418   451   451 W auditd  : type=1400 "StartThread""516""proc"
06-16 19:52:04.418   451   451 W auditd  : type=1400 "StartThread""517""proc"
06-16 19:52:04.418   451   451 W auditd  : type=1400 "StartThread""518""proc"
06-16 19:52:04.419   451   451 W auditd  : type=1400 "StartThread""521""proc"
06-16 19:52:04.419   451   451 W auditd  : type=1400 "StartThread""527""proc"
06-16 19:52:04.419   451   451 W auditd  : type=1400 "StartThread""529""proc"
06-16 19:52:04.419   451   451 W auditd  : type=1400 "StartThread""531""proc"
06-16 19:52:04.419   451   451 W auditd  : type=1400 "StartThread""567""proc"
06-16 19:52:04.419   451   451 W auditd  : type=1400 "StartThread""588""proc"
06-16 19:52:04.419   451   451 W auditd  : type=1400 "StartThread""594""proc"
06-16 19:52:04.419   451   451 W auditd  : type=1400 "StartThread""cmdline""proc"
06-16 19:52:04.419   451   451 W auditd  : type=1400 "StartThread""cmdline""proc"
06-16 19:52:04.419   451   451 W auditd  : type=1400 "StartThread""820""proc"
06-16 19:52:04.665 10685 10685 E JavaBinder: !!! FAILED BINDER TRANSACTION !!!  (parcel size = 2400352)
06-16 19:52:05.211  1412 10531 D ConnectivityService: Returning unblocked NetworkInfo to uid=10118
06-16 19:52:05.340 26242 26242 D BgTest  : uiCount 40
06-16 19:52:05.379  1412  1886 V AlarmManager: Triggering alarm #0: Alarm{6abd329 type 3 when 287163645 android}operation =Intent { act=android.content.jobscheduler.JOB_DELAY_EXPIRED }
06-16 19:52:05.416 26242 27124 D BgTest  : bgCount 40
06-16 19:52:05.426   451   451 W auditd  : type=1400 "StartThread""s1302""proc"
06-16 19:52:05.426   451   451 W auditd  : type=1400 "StartThread""touchpanel""proc"
06-16 19:52:05.427   451   451 W auditd  : type=1400 "StartThread""cmdline""proc"
06-16 19:52:05.454   451   451 W auditd  : type=1400 "StartThread""429""proc"
06-16 19:52:05.454   451   451 W auditd  : type=1400 "StartThread""452""proc"
06-16 19:52:05.455   451   451 W auditd  : type=1400 "StartThread""514""proc"
06-16 19:52:05.455   451   451 W auditd  : type=1400 "StartThread""515""proc"
06-16 19:52:05.456   451   451 W auditd  : type=1400 "StartThread""516""proc"
06-16 19:52:05.456   451   451 W auditd  : type=1400 "StartThread""517""proc"
06-16 19:52:05.456   451   451 W auditd  : type=1400 "StartThread""518""proc"
06-16 19:52:05.457   451   451 W auditd  : type=1400 "StartThread""521""proc"
06-16 19:52:05.457   451   451 W auditd  : type=1400 "StartThread""527""proc"
06-16 19:52:05.458   451   451 W auditd  : type=1400 "StartThread""529""proc"
06-16 19:52:05.458   451   451 W auditd  : type=1400 "StartThread""531""proc"
06-16 19:52:05.459   451   451 W auditd  : type=1400 "StartThread""567""proc"
06-16 19:52:05.459   451   451 W auditd  : type=1400 "StartThread""588""proc"
06-16 19:52:05.460   451   451 W auditd  : type=1400 "StartThread""594""proc"
06-16 19:52:05.460   451   451 W auditd  : type=1400 "StartThread""cmdline""proc"
06-16 19:52:05.461   451   451 W auditd  : type=1400 "StartThread""cmdline""proc"
06-16 19:52:05.461   451   451 W auditd  : type=1400 "StartThread""820""proc"
06-16 19:52:06.341 26242 26242 D BgTest  : uiCount 41
06-16 19:52:06.421 26242 27124 D BgTest  : bgCount 41
06-16 19:52:06.469   451   451 W auditd  : type=1400 "StartThread""s1302""proc"
06-16 19:52:06.470   451   451 W auditd  : type=1400 "StartThread""touchpanel""proc"
06-16 19:52:06.471   451   451 W auditd  : type=1400 "StartThread""cmdline""proc"
06-16 19:52:06.497   451   451 W auditd  : type=1400 "StartThread""429""proc"
06-16 19:52:06.497   451   451 W auditd  : type=1400 "StartThread""452""proc"
06-16 19:52:06.498   451   451 W auditd  : type=1400 "StartThread""514""proc"
06-16 19:52:06.499   451   451 W auditd  : type=1400 "StartThread""515""proc"
06-16 19:52:06.500   451   451 W auditd  : type=1400 "StartThread""516""proc"
06-16 19:52:06.501   451   451 W auditd  : type=1400 "StartThread""517""proc"
06-16 19:52:06.503   451   451 W auditd  : type=1400 "StartThread""518""proc"
06-16 19:52:06.503   451   451 W auditd  : type=1400 "StartThread""521""proc"
06-16 19:52:06.503   451   451 W auditd  : type=1400 "StartThread""527""proc"
06-16 19:52:06.503   451   451 W auditd  : type=1400 "StartThread""529""proc"
06-16 19:52:06.503   451   451 W auditd  : type=1400 "StartThread""531""proc"
06-16 19:52:06.503   451   451 W auditd  : type=1400 "StartThread""567""proc"
06-16 19:52:06.503   451   451 W auditd  : type=1400 "StartThread""588""proc"
06-16 19:52:06.503   451   451 W auditd  : type=1400 "StartThread""594""proc"
06-16 19:52:06.503   451   451 W auditd  : type=1400 "StartThread""cmdline""proc"
06-16 19:52:06.503   451   451 W auditd  : type=1400 "StartThread""cmdline""proc"
06-16 19:52:06.503   451   451 W auditd  : type=1400 "StartThread""820""proc"
06-16 19:52:07.319  1966  1966 W ProcessCpuTracker: Skipping unknown process pid 27755
06-16 19:52:07.342 26242 26242 D BgTest  : uiCount 42
06-16 19:52:07.422 26242 27124 D BgTest  : bgCount 42
06-16 19:52:07.509   451   451 W auditd  : type=1400 "StartThread""s1302""proc"
06-16 19:52:07.509   451   451 W auditd  : type=1400 "StartThread""touchpanel""proc"
06-16 19:52:07.509   451   451 W auditd  : type=1400 "StartThread""cmdline""proc"
06-16 19:52:07.527   451   451 W auditd  : type=1400 "StartThread""429""proc"
06-16 19:52:07.527   451   451 W auditd  : type=1400 "StartThread""452""proc"
06-16 19:52:07.528   451   451 W auditd  : type=1400 "StartThread""514""proc"
06-16 19:52:07.529   451   451 W auditd  : type=1400 "StartThread""515""proc"
06-16 19:52:07.529   451   451 W auditd  : type=1400 "StartThread""516""proc"
06-16 19:52:07.529   451   451 W auditd  : type=1400 "StartThread""517""proc"
06-16 19:52:07.529   451   451 W auditd  : type=1400 "StartThread""518""proc"
06-16 19:52:07.529   451   451 W auditd  : type=1400 "StartThread""521""proc"
06-16 19:52:07.529   451   451 W auditd  : type=1400 "StartThread""527""proc"
06-16 19:52:07.530   451   451 W auditd  : type=1400 "StartThread""529""proc"
06-16 19:52:07.530   451   451 W auditd  : type=1400 "StartThread""531""proc"
06-16 19:52:07.530   451   451 W auditd  : type=1400 "StartThread""567""proc"
06-16 19:52:07.530   451   451 W auditd  : type=1400 "StartThread""588""proc"
06-16 19:52:07.530   451   451 W auditd  : type=1400 "StartThread""594""proc"
06-16 19:52:07.531   451   451 W auditd  : type=1400 "StartThread""cmdline""proc"
06-16 19:52:07.531   451   451 W auditd  : type=1400 "StartThread""cmdline""proc"
06-16 19:52:07.531   451   451 W auditd  : type=1400 "StartThread""820""proc"
06-16 19:52:08.343 26242 26242 D BgTest  : uiCount 43
06-16 19:52:08.428 26242 27124 D BgTest  : bgCount 43
06-16 19:52:08.544   451   451 W auditd  : type=1400 "StartThread""s1302""proc"
06-16 19:52:08.544   451   451 W auditd  : type=1400 "StartThread""touchpanel""proc"
06-16 19:52:08.546   451   451 W auditd  : type=1400 "StartThread""cmdline""proc"
06-16 19:52:08.588   451   451 W auditd  : type=1400 "StartThread""429""proc"
06-16 19:52:08.589   451   451 W auditd  : type=1400 "StartThread""452""proc"
06-16 19:52:08.589   451   451 W auditd  : type=1400 "StartThread""514""proc"
06-16 19:52:08.589   451   451 W auditd  : type=1400 "StartThread""515""proc"
06-16 19:52:08.589   451   451 W auditd  : type=1400 "StartThread""516""proc"
06-16 19:52:08.590   451   451 W auditd  : type=1400 "StartThread""517""proc"
06-16 19:52:08.590   451   451 W auditd  : type=1400 "StartThread""518""proc"
06-16 19:52:08.590   451   451 W auditd  : type=1400 "StartThread""521""proc"
06-16 19:52:08.590   451   451 W auditd  : type=1400 "StartThread""527""proc"
06-16 19:52:08.590   451   451 W auditd  : type=1400 "StartThread""529""proc"
06-16 19:52:08.590   451   451 W auditd  : type=1400 "StartThread""531""proc"
06-16 19:52:08.591   451   451 W auditd  : type=1400 "StartThread""567""proc"
06-16 19:52:08.591   451   451 W auditd  : type=1400 "StartThread""588""proc"
06-16 19:52:08.591   451   451 W auditd  : type=1400 "StartThread""594""proc"
06-16 19:52:08.591   451   451 W auditd  : type=1400 "StartThread""cmdline""proc"
06-16 19:52:08.591   451   451 W auditd  : type=1400 "StartThread""cmdline""proc"
06-16 19:52:08.591   451   451 W auditd  : type=1400 "StartThread""820""proc"
06-16 19:52:08.713 24389 24433 E Parcel  : Reading a NULL string not supported here.
06-16 19:52:08.733 24389 24433 E Parcel  : Reading a NULL string not supported here.
06-16 19:52:08.742 24389 24433 E Parcel  : Reading a NULL string not supported here.
06-16 19:52:08.751 24389 24433 E Parcel  : Reading a NULL string not supported here.
06-16 19:52:08.966  1412  2693 D ConnectivityService: Returning unblocked NetworkInfo to uid=10092
06-16 19:52:09.099 24389 27782 I DpmTcmClient: RegisterTcmMonitor from: com.android.okhttp.TcmIdleTimerMonitor
06-16 19:52:09.345 26242 26242 D BgTest  : uiCount 44
06-16 19:52:09.434 26242 27124 D BgTest  : bgCount 44
06-16 19:52:09.603   451   451 W auditd  : type=1400 "StartThread""s1302""proc"
06-16 19:52:09.603   451   451 W auditd  : type=1400 "StartThread""touchpanel""proc"
06-16 19:52:09.604   451   451 W auditd  : type=1400 "StartThread""cmdline""proc"
06-16 19:52:09.633   451   451 W auditd  : type=1400 "StartThread""429""proc"
06-16 19:52:09.634   451   451 W auditd  : type=1400 "StartThread""452""proc"
06-16 19:52:09.634   451   451 W auditd  : type=1400 "StartThread""514""proc"
06-16 19:52:09.635   451   451 W auditd  : type=1400 "StartThread""515""proc"
06-16 19:52:09.635   451   451 W auditd  : type=1400 "StartThread""516""proc"
06-16 19:52:09.638   451   451 W auditd  : type=1400 "StartThread""517""proc"
06-16 19:52:09.638   451   451 W auditd  : type=1400 "StartThread""518""proc"
06-16 19:52:09.638   451   451 W auditd  : type=1400 "StartThread""521""proc"
06-16 19:52:09.638   451   451 W auditd  : type=1400 "StartThread""527""proc"
06-16 19:52:09.638   451   451 W auditd  : type=1400 "StartThread""529""proc"
06-16 19:52:09.638   451   451 W auditd  : type=1400 "StartThread""531""proc"
06-16 19:52:09.638   451   451 W auditd  : type=1400 "StartThread""567""proc"
06-16 19:52:09.638   451   451 W auditd  : type=1400 "StartThread""588""proc"
06-16 19:52:09.638   451   451 W auditd  : type=1400 "StartThread""594""proc"
06-16 19:52:09.638   451   451 W auditd  : type=1400 "StartThread""cmdline""proc"
06-16 19:52:09.638   451   451 W auditd  : type=1400 "StartThread""cmdline""proc"
06-16 19:52:09.638   451   451 W auditd  : type=1400 "StartThread""820""proc"
06-16 19:52:10.266  1412  1412 I DeviceIdleController: updateChargingLocked: charging=true
06-16 19:52:10.267  1412  1412 I DeviceIdleController: becomeActiveLocked, reason = charging
06-16 19:52:10.269  3629  3629 D AbstractProcessor: onBatteryChange Percent:45 State:2 
06-16 19:52:10.347 26242 26242 D BgTest  : uiCount 45
06-16 19:52:10.441 26242 27124 D BgTest  : bgCount 45
06-16 19:52:10.647   451   451 W auditd  : type=1400 "StartThread""s1302""proc"
06-16 19:52:10.649   451   451 W auditd  : type=1400 "StartThread""touchpanel""proc"
06-16 19:52:10.649   451   451 W auditd  : type=1400 "StartThread""cmdline""proc"
06-16 19:52:10.676   451   451 W auditd  : type=1400 "StartThread""429""proc"
06-16 19:52:10.678   451   451 W auditd  : type=1400 "StartThread""452""proc"
06-16 19:52:10.678   451   451 W auditd  : type=1400 "StartThread""514""proc"
06-16 19:52:10.678   451   451 W auditd  : type=1400 "StartThread""515""proc"
06-16 19:52:10.678   451   451 W auditd  : type=1400 "StartThread""516""proc"
06-16 19:52:10.678   451   451 W auditd  : type=1400 "StartThread""517""proc"
06-16 19:52:10.678   451   451 W auditd  : type=1400 "StartThread""518""proc"
06-16 19:52:10.678   451   451 W auditd  : type=1400 "StartThread""521""proc"
06-16 19:52:10.678   451   451 W auditd  : type=1400 "StartThread""527""proc"
06-16 19:52:10.678   451   451 W auditd  : type=1400 "StartThread""529""proc"
06-16 19:52:10.678   451   451 W auditd  : type=1400 "StartThread""531""proc"
06-16 19:52:10.679   451   451 W auditd  : type=1400 "StartThread""567""proc"
06-16 19:52:10.679   451   451 W auditd  : type=1400 "StartThread""588""proc"
06-16 19:52:10.679   451   451 W auditd  : type=1400 "StartThread""594""proc"
06-16 19:52:10.679   451   451 W auditd  : type=1400 "StartThread""cmdline""proc"
06-16 19:52:10.679   451   451 W auditd  : type=1400 "StartThread""cmdline""proc"
06-16 19:52:10.679   451   451 W auditd  : type=1400 "StartThread""820""proc"
06-16 19:52:11.349  1966  1966 W ProcessCpuTracker: Skipping unknown process pid 27821
06-16 19:52:11.349 26242 26242 D BgTest  : uiCount 46
06-16 19:52:11.442 26242 27124 D BgTest  : bgCount 46
06-16 19:52:11.689   451   451 W auditd  : type=1400 "StartThread""s1302""proc"
06-16 19:52:11.689   451   451 W auditd  : type=1400 "StartThread""touchpanel""proc"
06-16 19:52:11.692   451   451 W auditd  : type=1400 "StartThread""cmdline""proc"
06-16 19:52:11.715   451   451 W auditd  : type=1400 "FloatingWindow-""1005""proc"
06-16 19:52:11.715   451   451 W auditd  : type=1400 "FloatingWindow-""1016""proc"
06-16 19:52:11.716   451   451 W auditd  : type=1400 "FloatingWindow-""1022""proc"
06-16 19:52:11.716   451   451 W auditd  : type=1400 "FloatingWindow-""1032""proc"
06-16 19:52:11.716   451   451 W auditd  : type=1400 "FloatingWindow-""1412""proc"
06-16 19:52:11.716   451   451 W auditd  : type=1400 "FloatingWindow-""1951""proc"
06-16 19:52:11.720   451   451 W auditd  : type=1400 "FloatingWindow-""1966""proc"
06-16 19:52:11.720   451   451 W auditd  : type=1400 "FloatingWindow-""2096""proc"
06-16 19:52:11.720   451   451 W auditd  : type=1400 "FloatingWindow-""2273""proc"
06-16 19:52:11.721   451   451 W auditd  : type=1400 "FloatingWindow-""2580""proc"
06-16 19:52:11.721   451   451 W auditd  : type=1400 "FloatingWindow-""2585""proc"
06-16 19:52:11.721   451   451 W auditd  : type=1400 "FloatingWindow-""2594""proc"
06-16 19:52:11.721   451   451 W auditd  : type=1400 "FloatingWindow-""2611""proc"
06-16 19:52:11.723   451   451 W auditd  : type=1400 "FloatingWindow-""2621""proc"
06-16 19:52:11.723   451   451 W auditd  : type=1400 "FloatingWindow-""2630""proc"
06-16 19:52:11.723   451   451 W auditd  : type=1400 "FloatingWindow-""2645""proc"
06-16 19:52:11.723   451   451 W auditd  : type=1400 "StartThread""429""proc"
06-16 19:52:12.352 26242 26242 D BgTest  : uiCount 47
06-16 19:52:12.448 26242 27124 D BgTest  : bgCount 47
06-16 19:52:12.734   451   451 W auditd  : type=1400 "StartThread""s1302""proc"
06-16 19:52:12.736   451   451 W auditd  : type=1400 "StartThread""touchpanel""proc"
06-16 19:52:12.737   451   451 W auditd  : type=1400 "StartThread""cmdline""proc"
06-16 19:52:12.758   451   451 W auditd  : type=1400 "StartThread""429""proc"
06-16 19:52:12.760   451   451 W auditd  : type=1400 "StartThread""452""proc"
06-16 19:52:12.760   451   451 W auditd  : type=1400 "StartThread""514""proc"
06-16 19:52:12.762   451   451 W auditd  : type=1400 "StartThread""515""proc"
06-16 19:52:12.763   451   451 W auditd  : type=1400 "StartThread""516""proc"
06-16 19:52:12.764   451   451 W auditd  : type=1400 "StartThread""517""proc"
06-16 19:52:12.765   451   451 W auditd  : type=1400 "StartThread""518""proc"
06-16 19:52:12.765   451   451 W auditd  : type=1400 "StartThread""521""proc"
06-16 19:52:12.768   451   451 W auditd  : type=1400 "StartThread""527""proc"
06-16 19:52:12.768   451   451 W auditd  : type=1400 "StartThread""529""proc"
06-16 19:52:12.768   451   451 W auditd  : type=1400 "StartThread""531""proc"
06-16 19:52:12.768   451   451 W auditd  : type=1400 "StartThread""567""proc"
06-16 19:52:12.768   451   451 W auditd  : type=1400 "StartThread""588""proc"
06-16 19:52:12.768   451   451 W auditd  : type=1400 "StartThread""594""proc"
06-16 19:52:12.768   451   451 W auditd  : type=1400 "StartThread""cmdline""proc"
06-16 19:52:12.768   451   451 W auditd  : type=1400 "StartThread""cmdline""proc"
06-16 19:52:12.768   451   451 W auditd  : type=1400 "StartThread""820""proc"
06-16 19:52:13.358 26242 26242 D BgTest  : uiCount 48
06-16 19:52:13.452 26242 27124 D BgTest  : bgCount 48
06-16 19:52:13.770   451   451 W auditd  : type=1400 "StartThread""s1302""proc"
06-16 19:52:13.771   451   451 W auditd  : type=1400 "StartThread""touchpanel""proc"
06-16 19:52:13.773   451   451 W auditd  : type=1400 "StartThread""cmdline""proc"
06-16 19:52:13.797   451   451 W auditd  : type=1400 "StartThread""429""proc"
06-16 19:52:13.798   451   451 W auditd  : type=1400 "StartThread""452""proc"
06-16 19:52:13.798   451   451 W auditd  : type=1400 "StartThread""514""proc"
06-16 19:52:13.801   451   451 W auditd  : type=1400 "StartThread""515""proc"
06-16 19:52:13.802   451   451 W auditd  : type=1400 "StartThread""516""proc"
06-16 19:52:13.802   451   451 W auditd  : type=1400 "StartThread""517""proc"
06-16 19:52:13.802   451   451 W auditd  : type=1400 "StartThread""518""proc"
06-16 19:52:13.802   451   451 W auditd  : type=1400 "StartThread""521""proc"
06-16 19:52:13.802   451   451 W auditd  : type=1400 "StartThread""527""proc"
06-16 19:52:13.802   451   451 W auditd  : type=1400 "StartThread""529""proc"
06-16 19:52:13.803   451   451 W auditd  : type=1400 "StartThread""531""proc"
06-16 19:52:13.803   451   451 W auditd  : type=1400 "StartThread""567""proc"
06-16 19:52:13.803   451   451 W auditd  : type=1400 "StartThread""588""proc"
06-16 19:52:13.803   451   451 W auditd  : type=1400 "StartThread""594""proc"
06-16 19:52:13.803   451   451 W auditd  : type=1400 "StartThread""cmdline""proc"
06-16 19:52:13.803   451   451 W auditd  : type=1400 "StartThread""cmdline""proc"
06-16 19:52:13.804   451   451 W auditd  : type=1400 "StartThread""820""proc"
06-16 19:52:14.360 26242 26242 D BgTest  : uiCount 49
06-16 19:52:14.461 26242 27124 D BgTest  : bgCount 49
06-16 19:52:14.811   451   451 W auditd  : type=1400 "StartThread""s1302""proc"
06-16 19:52:14.812   451   451 W auditd  : type=1400 "StartThread""touchpanel""proc"
06-16 19:52:14.817   451   451 W auditd  : type=1400 "StartThread""cmdline""proc"
06-16 19:52:14.838   451   451 W auditd  : type=1400 "StartThread""429""proc"
06-16 19:52:14.839   451   451 W auditd  : type=1400 "StartThread""452""proc"
06-16 19:52:14.839   451   451 W auditd  : type=1400 "StartThread""514""proc"
06-16 19:52:14.839   451   451 W auditd  : type=1400 "StartThread""515""proc"
06-16 19:52:14.840   451   451 W auditd  : type=1400 "StartThread""516""proc"
06-16 19:52:14.840   451   451 W auditd  : type=1400 "StartThread""517""proc"
06-16 19:52:14.840   451   451 W auditd  : type=1400 "StartThread""518""proc"
06-16 19:52:14.840   451   451 W auditd  : type=1400 "StartThread""521""proc"
06-16 19:52:14.840   451   451 W auditd  : type=1400 "StartThread""527""proc"
06-16 19:52:14.841   451   451 W auditd  : type=1400 "StartThread""529""proc"
06-16 19:52:14.841   451   451 W auditd  : type=1400 "StartThread""531""proc"
06-16 19:52:14.841   451   451 W auditd  : type=1400 "StartThread""567""proc"
06-16 19:52:14.842   451   451 W auditd  : type=1400 "StartThread""588""proc"
06-16 19:52:14.843   451   451 W auditd  : type=1400 "StartThread""594""proc"
06-16 19:52:14.843   451   451 W auditd  : type=1400 "StartThread""cmdline""proc"
06-16 19:52:14.843   451   451 W auditd  : type=1400 "StartThread""cmdline""proc"
06-16 19:52:14.843   451   451 W auditd  : type=1400 "StartThread""820""proc"
06-16 19:52:15.362 26242 26242 D BgTest  : uiCount 50
06-16 19:52:15.467 26242 27124 D BgTest  : bgCount 50
06-16 19:52:15.862   451   451 W auditd  : type=1400 "StartThread""s1302""proc"
06-16 19:52:15.862   451   451 W auditd  : type=1400 "StartThread""touchpanel""proc"
06-16 19:52:15.863   451   451 W auditd  : type=1400 "StartThread""cmdline""proc"
06-16 19:52:15.876   451   451 W auditd  : type=1400 "StartThread""429""proc"
06-16 19:52:15.877   451   451 W auditd  : type=1400 "StartThread""452""proc"
06-16 19:52:15.877   451   451 W auditd  : type=1400 "StartThread""514""proc"
06-16 19:52:15.877   451   451 W auditd  : type=1400 "StartThread""515""proc"
06-16 19:52:15.877   451   451 W auditd  : type=1400 "StartThread""516""proc"
06-16 19:52:15.878   451   451 W auditd  : type=1400 "StartThread""517""proc"
06-16 19:52:15.878   451   451 W auditd  : type=1400 "StartThread""518""proc"
06-16 19:52:15.878   451   451 W auditd  : type=1400 "StartThread""521""proc"
06-16 19:52:15.878   451   451 W auditd  : type=1400 "StartThread""527""proc"
06-16 19:52:15.879   451   451 W auditd  : type=1400 "StartThread""529""proc"
06-16 19:52:15.879   451   451 W auditd  : type=1400 "StartThread""531""proc"
06-16 19:52:15.879   451   451 W auditd  : type=1400 "StartThread""567""proc"
06-16 19:52:15.879   451   451 W auditd  : type=1400 "StartThread""588""proc"
06-16 19:52:15.879   451   451 W auditd  : type=1400 "StartThread""594""proc"
06-16 19:52:15.880   451   451 W auditd  : type=1400 "StartThread""cmdline""proc"
06-16 19:52:15.880   451   451 W auditd  : type=1400 "StartThread""cmdline""proc"
06-16 19:52:15.880   451   451 W auditd  : type=1400 "StartThread""820""proc"
06-16 19:52:16.260  1412  1412 I DeviceIdleController: updateChargingLocked: charging=true
06-16 19:52:16.261  1412  1412 I DeviceIdleController: becomeActiveLocked, reason = charging
06-16 19:52:16.266  3629  3629 D AbstractProcessor: onBatteryChange Percent:45 State:2 
06-16 19:52:16.365 26242 26242 D BgTest  : uiCount 51
06-16 19:52:16.482 26242 27124 D BgTest  : bgCount 51
06-16 19:52:16.536  2273  2273 I wpa_supplicant: wlan0: Trying to associate with SSID 'Meitu.com'
06-16 19:52:16.546  2273  2273 E wpa_supplicant: eap_proxy: eap_proxy_notify_config
06-16 19:52:16.546  2273  2273 E wpa_supplicant: eap_proxy: eap_proxy_allowed_method
06-16 19:52:16.552  1412  1481 D Tethering: InitialState.processMessage what=4
06-16 19:52:16.558  1412  1481 D Tethering: sendTetherStateChangedBroadcast 0, 0, 0
06-16 19:52:16.559  1412  1898 D NtpTrustedTime: currentTimeMillis() cache hit
06-16 19:52:16.559  2653  2653 I QtiTetherService/TetherNotifier: onReceive()
06-16 19:52:16.560  2653  2653 I QtiTetherService/TetherNotifier: recognized android.net.conn.TETHER_STATE_CHANGED
06-16 19:52:16.560  2653  2653 I QtiTetherService/TetherNotifier: Active=[]
06-16 19:52:16.571  1412  1898 I TetherStatsReporting: getTetherStats() called NetworkStats: elapsedRealtime=287174831
06-16 19:52:16.571  1412  1898 I TetherStatsReporting:   [0] iface=wlan0 uid=0 set=DEFAULT tag=0x0 rxBytes=11493041 rxPackets=59489 txBytes=28930073 txPackets=556877 operations=0
06-16 19:52:16.571  1412  1898 I TetherStatsReporting:   [1] iface=wlan0 uid=0 set=FOREGROUND tag=0x0 rxBytes=0 rxPackets=0 txBytes=0 txPackets=0 operations=0
06-16 19:52:16.571  1412  1898 I TetherStatsReporting:   [2] iface=wlan0 uid=1000 set=DEFAULT tag=0x0 rxBytes=445167 rxPackets=1651 txBytes=285659 txPackets=2199 operations=0
06-16 19:52:16.571  1412  1898 I TetherStatsReporting:   [3] iface=wlan0 uid=1000 set=FOREGROUND tag=0x0 rxBytes=0 rxPackets=0 txBytes=0 txPackets=0 operations=0
06-16 19:52:16.571  1412  1898 I TetherStatsReporting:   [4] iface=wlan0 uid=2000 set=DEFAULT tag=0x0 rxBytes=22043842 rxPackets=122952 txBytes=43605924 txPackets=90076 operations=0
06-16 19:52:16.571  1412  1898 I TetherStatsReporting:   [5] iface=wlan0 uid=2000 set=FOREGROUND tag=0x0 rxBytes=0 rxPackets=0 txBytes=0 txPackets=0 operations=0
06-16 19:52:16.571  1412  1898 I TetherStatsReporting:   [6] iface=wlan0 uid=10000 set=DEFAULT tag=0x0 rxBytes=5972 rxPackets=37 txBytes=5707 txPackets=36 operations=0
06-16 19:52:16.571  1412  1898 I TetherStatsReporting:   [7] iface=wlan0 uid=10000 set=FOREGROUND tag=0x0 rxBytes=6140 rxPackets=38 txBytes=11199 txPackets=56 operations=0
06-16 19:52:16.571  1412  1898 I TetherStatsReporting:   [8] iface=wlan0 uid=10003 set=DEFAULT tag=0x0 rxBytes=3958 rxPackets=10 txBytes=1312 txPackets=10 operations=0
06-16 19:52:16.571  1412  1898 I TetherStatsReporting:   [9] iface=wlan0 uid=10003 set=FOREGROUND tag=0x0 rxBytes=0 rxPackets=0 txBytes=0 txPackets=0 operations=0
06-16 19:52:16.571  1412  1898 I TetherStatsReporting:   [10] iface=wlan0 uid=10009 set=DEFAULT tag=0x0 rxBytes=85584 rxPackets=647 txBytes=88801 txPackets=894 operations=0
06-16 19:52:16.571  1412  1898 I TetherStatsReporting:   [11] iface=wlan0 uid=10009 set=FOREGROUND tag=0x0 rxBytes=85398326 rxPackets=57129 txBytes=1664094 txPackets=34552 operations=0
06-16 19:52:16.571  1412  1898 I TetherStatsReporting:   [12] iface=wlan0 uid=10013 set=DEFAULT tag=0x0 rxBytes=1352 rxPackets=8 txBytes=2362 txPackets=12 operations=0
06-16 19:52:16.571  1412  1898 I TetherStatsReporting:   [13] iface=wlan0 uid=10013 set=FOREGROUND tag=0x0 rxBytes=0 rxPackets=0 txBytes=0 txPackets=0 operations=0
06-16 19:52:16.571  1412  1898 I TetherStatsReporting:   [14] iface=wlan0 uid=10047 set=DEFAULT tag=0x0 rxBytes=330 rxPackets=4 txBytes=1321 txPackets=6 operations=0
06-16 19:52:16.571  1412  1898 I TetherStatsReporting:   [15] iface=wlan0 uid=10047 set=FOREGROUND tag=0x0 rxBytes=0 rxPackets=0 txBytes=0 txPackets=0 operations=0
06-16 19:52:16.571  1412  1898 I TetherStatsReporting:   [16] iface=wlan0 uid=10061 set=DEFAULT tag=0x0 rxBytes=419045 rxPackets=1889 txBytes=607900 txPackets=2857 operations=0
06-16 19:52:16.571  1412  1898 I TetherStatsReporting:   [17] iface=wlan0 uid=10061 set=FOREGROUND tag=0x0 rxBytes=11590573 rxPackets=9280 txBytes=853321 txPackets=8421 operations=0
06-16 19:52:16.571  1412  1898 I TetherStatsReporting:   [18] iface=wlan0 uid=10067 set=DEFAULT tag=0x0 rxBytes=15391 rxPackets=38 txBytes=9404 txPackets=52 operations=0
06-16 19:52:16.571  1412  1898 I TetherStatsReporting:   [19] iface=wlan0 uid=10067 set=FOREGROUND tag=0x0 rxBytes=0 rxPackets=0 txBytes=0 txPackets=0 operations=0
06-16 19:52:16.571  1412  1898 I TetherStatsReporting:   [20] iface=wlan0 uid=10070 set=DEFAULT tag=0x0 rxBytes=368 rxPackets=4 txBytes=637 txPackets=5 operations=0
06-16 19:52:16.571  1412  1898 I TetherStatsReporting:   [21] iface=wlan0 uid=10070 set=FOREGROUND tag=0x0 rxBytes=0 rxPackets=0 txBytes=0 txPackets=0 operations=0
06-16 19:52:16.571  1412  1898 I TetherStatsReporting:   [22] iface=wlan0 uid=10072 set=DEFAULT tag=0x0 rxBytes=0 rxPackets=0 txBytes=76 txPackets=1 operations=0
06-16 19:52:16.571  1412  1898 I TetherStatsReporting:   [23] iface=wlan0 uid=10072 set=FOREGROUND tag=0x0 rxBytes=0 rxPackets=0 txBytes=0 txPackets=0 operations=0
06-16 19:52:16.571  1412  1898 I TetherStatsReporting:   [24] iface=wlan0 uid=10084 set=DEFAULT tag=0x0 rxBytes=160004 rxPackets=506 txBytes=66076 txPackets=578 operations=0
06-16 19:52:16.571  1412  1898 I TetherStatsReporting:   [25] iface=wlan0 uid=10084 set=FOREGROUND tag=0x0 rxBytes=0 rxPackets=0 txBytes=0 txPackets=0 operations=0
06-16 19:52:16.571  1412  1898 I TetherStatsReporting:   [26] iface=wlan0 uid=10090 set=DEFAULT tag=0x0 rxBytes=3223686 rxPackets=16720 txBytes=2493887 txPackets=25160 operations=0
06-16 19:52:16.571  1412  1898 I TetherStatsReporting:   [27] iface=wlan0 uid=10090 set=FOREGROUND tag=0x0 rxBytes=0 rxPackets=0 txBytes=0 txPackets=0 operations=0
06-16 19:52:16.571  1412  1898 I TetherStatsReporting:   [28] iface=wlan0 uid=10092 set=DEFAULT tag=0x0 rxBytes=23172 rxPackets=122 txBytes=17263 txPackets=105 operations=0
06-16 19:52:16.571  1412  1898 I TetherStatsReporting:   [29] iface=wlan0 uid=10092 set=FOREGROUND tag=0x0 rxBytes=0 rxPackets=0 txBytes=0 txPackets=0 operations=0
06-16 19:52:16.571  1412  1898 I TetherStatsReporting:   [30] iface=wlan0 uid=10095 set=DEFAULT tag=0x0 rxBytes=3421615 rxPackets=3416 txBytes=466237 txPackets=3880 operations=0
06-16 19:52:16.571  1412  1898 I TetherStatsReporting:   [31] iface=wlan0 uid=10095 set=FOREGROUND tag=0x0 rxBytes=0 rxPackets=0 txBytes=0 txPackets=0 operations=0
06-16 19:52:16.571  1412  1898 I TetherStatsReporting:   [32] iface=wlan0 uid=10096 set=DEFAULT tag=0x0 rxBytes=2432119 rxPackets=4073 txBytes=646128 txPackets=4661 operations=0
06-16 19:52:16.571  1412  1898 I TetherStatsReporting:   [33] iface=wlan0 uid=10096 set=FOREGROUND tag=0x0 rxBytes=15838551 rxPackets=11303 txBytes=626560 txPackets=9148 operations=0
06-16 19:52:16.571  1412  1898 I TetherStatsReporting:   [34] iface=wlan0 uid=10097 set=DEFAULT tag=0x0 rxBytes=1239908 rxPackets=455
06-16 19:52:16.572  1412  1898 I TetherStatsReporting: combining tether stats
06-16 19:52:16.573  2653  2763 D QtiTetherService/IpaWrapper: getStats(false)
06-16 19:52:16.588  1412  1898 D NtpTrustedTime: currentTimeMillis() cache hit
06-16 19:52:16.591  1412  1899 D NtpTrustedTime: currentTimeMillis() cache hit
06-16 19:52:16.591  1412  1899 D NtpTrustedTime: currentTimeMillis() cache hit
06-16 19:52:16.615  2273  2273 I wpa_supplicant: wlan0: Associated with 84:d9:31:14:4f:20
06-16 19:52:16.619  1412  1481 D Tethering: sendTetherStateChangedBroadcast 1, 0, 0
06-16 19:52:16.626  1412  1898 D NtpTrustedTime: currentTimeMillis() cache hit
06-16 19:52:16.628  2653  2653 I QtiTetherService/TetherNotifier: onReceive()
06-16 19:52:16.628  2653  2653 I QtiTetherService/TetherNotifier: recognized android.net.conn.TETHER_STATE_CHANGED
06-16 19:52:16.628  2653  2653 I QtiTetherService/TetherNotifier: Active=[]
06-16 19:52:16.637  2273  2273 I wpa_supplicant: wlan0: WPA: Key negotiation completed with 84:d9:31:14:4f:20 [PTK=CCMP GTK=CCMP]
06-16 19:52:16.637  2273  2273 I wpa_supplicant: wlan0: CTRL-EVENT-CONNECTED - Connection to 84:d9:31:14:4f:20 completed [id=1 id_str=]
06-16 19:52:16.641  1412  1898 I TetherStatsReporting: getTetherStats() called NetworkStats: elapsedRealtime=287174897
06-16 19:52:16.641  1412  1898 I TetherStatsReporting:   [0] iface=wlan0 uid=0 set=DEFAULT tag=0x0 rxBytes=11493041 rxPackets=59489 txBytes=28930073 txPackets=556877 operations=0
06-16 19:52:16.641  1412  1898 I TetherStatsReporting:   [1] iface=wlan0 uid=0 set=FOREGROUND tag=0x0 rxBytes=0 rxPackets=0 txBytes=0 txPackets=0 operations=0
06-16 19:52:16.641  1412  1898 I TetherStatsReporting:   [2] iface=wlan0 uid=1000 set=DEFAULT tag=0x0 rxBytes=445167 rxPackets=1651 txBytes=285659 txPackets=2199 operations=0
06-16 19:52:16.641  1412  1898 I TetherStatsReporting:   [3] iface=wlan0 uid=1000 set=FOREGROUND tag=0x0 rxBytes=0 rxPackets=0 txBytes=0 txPackets=0 operations=0
06-16 19:52:16.641  1412  1898 I TetherStatsReporting:   [4] iface=wlan0 uid=2000 set=DEFAULT tag=0x0 rxBytes=22043842 rxPackets=122952 txBytes=43605924 txPackets=90076 operations=0
06-16 19:52:16.641  1412  1898 I TetherStatsReporting:   [5] iface=wlan0 uid=2000 set=FOREGROUND tag=0x0 rxBytes=0 rxPackets=0 txBytes=0 txPackets=0 operations=0
06-16 19:52:16.641  1412  1898 I TetherStatsReporting:   [6] iface=wlan0 uid=10000 set=DEFAULT tag=0x0 rxBytes=5972 rxPackets=37 txBytes=5707 txPackets=36 operations=0
06-16 19:52:16.641  1412  1898 I TetherStatsReporting:   [7] iface=wlan0 uid=10000 set=FOREGROUND tag=0x0 rxBytes=6140 rxPackets=38 txBytes=11199 txPackets=56 operations=0
06-16 19:52:16.641  1412  1898 I TetherStatsReporting:   [8] iface=wlan0 uid=10003 set=DEFAULT tag=0x0 rxBytes=3958 rxPackets=10 txBytes=1312 txPackets=10 operations=0
06-16 19:52:16.641  1412  1898 I TetherStatsReporting:   [9] iface=wlan0 uid=10003 set=FOREGROUND tag=0x0 rxBytes=0 rxPackets=0 txBytes=0 txPackets=0 operations=0
06-16 19:52:16.641  1412  1898 I TetherStatsReporting:   [10] iface=wlan0 uid=10009 set=DEFAULT tag=0x0 rxBytes=85584 rxPackets=647 txBytes=88801 txPackets=894 operations=0
06-16 19:52:16.641  1412  1898 I TetherStatsReporting:   [11] iface=wlan0 uid=10009 set=FOREGROUND tag=0x0 rxBytes=85398326 rxPackets=57129 txBytes=1664094 txPackets=34552 operations=0
06-16 19:52:16.641  1412  1898 I TetherStatsReporting:   [12] iface=wlan0 uid=10013 set=DEFAULT tag=0x0 rxBytes=1352 rxPackets=8 txBytes=2362 txPackets=12 operations=0
06-16 19:52:16.641  1412  1898 I TetherStatsReporting:   [13] iface=wlan0 uid=10013 set=FOREGROUND tag=0x0 rxBytes=0 rxPackets=0 txBytes=0 txPackets=0 operations=0
06-16 19:52:16.641  1412  1898 I TetherStatsReporting:   [14] iface=wlan0 uid=10047 set=DEFAULT tag=0x0 rxBytes=330 rxPackets=4 txBytes=1321 txPackets=6 operations=0
06-16 19:52:16.641  1412  1898 I TetherStatsReporting:   [15] iface=wlan0 uid=10047 set=FOREGROUND tag=0x0 rxBytes=0 rxPackets=0 txBytes=0 txPackets=0 operations=0
06-16 19:52:16.641  1412  1898 I TetherStatsReporting:   [16] iface=wlan0 uid=10061 set=DEFAULT tag=0x0 rxBytes=419045 rxPackets=1889 txBytes=607900 txPackets=2857 operations=0
06-16 19:52:16.641  1412  1898 I TetherStatsReporting:   [17] iface=wlan0 uid=10061 set=FOREGROUND tag=0x0 rxBytes=11590573 rxPackets=9280 txBytes=853321 txPackets=8421 operations=0
06-16 19:52:16.641  1412  1898 I TetherStatsReporting:   [18] iface=wlan0 uid=10067 set=DEFAULT tag=0x0 rxBytes=15391 rxPackets=38 txBytes=9404 txPackets=52 operations=0
06-16 19:52:16.641  1412  1898 I TetherStatsReporting:   [19] iface=wlan0 uid=10067 set=FOREGROUND tag=0x0 rxBytes=0 rxPackets=0 txBytes=0 txPackets=0 operations=0
06-16 19:52:16.641  1412  1898 I TetherStatsReporting:   [20] iface=wlan0 uid=10070 set=DEFAULT tag=0x0 rxBytes=368 rxPackets=4 txBytes=637 txPackets=5 operations=0
06-16 19:52:16.641  1412  1898 I TetherStatsReporting:   [21] iface=wlan0 uid=10070 set=FOREGROUND tag=0x0 rxBytes=0 rxPackets=0 txBytes=0 txPackets=0 operations=0
06-16 19:52:16.641  1412  1898 I TetherStatsReporting:   [22] iface=wlan0 uid=10072 set=DEFAULT tag=0x0 rxBytes=0 rxPackets=0 txBytes=76 txPackets=1 operations=0
06-16 19:52:16.641  1412  1898 I TetherStatsReporting:   [23] iface=wlan0 uid=10072 set=FOREGROUND tag=0x0 rxBytes=0 rxPackets=0 txBytes=0 txPackets=0 operations=0
06-16 19:52:16.641  1412  1898 I TetherStatsReporting:   [24] iface=wlan0 uid=10084 set=DEFAULT tag=0x0 rxBytes=160004 rxPackets=506 txBytes=66076 txPackets=578 operations=0
06-16 19:52:16.641  1412  1898 I TetherStatsReporting:   [25] iface=wlan0 uid=10084 set=FOREGROUND tag=0x0 rxBytes=0 rxPackets=0 txBytes=0 txPackets=0 operations=0
06-16 19:52:16.641  1412  1898 I TetherStatsReporting:   [26] iface=wlan0 uid=10090 set=DEFAULT tag=0x0 rxBytes=3223686 rxPackets=16720 txBytes=2493887 txPackets=25160 operations=0
06-16 19:52:16.641  1412  1898 I TetherStatsReporting:   [27] iface=wlan0 uid=10090 set=FOREGROUND tag=0x0 rxBytes=0 rxPackets=0 txBytes=0 txPackets=0 operations=0
06-16 19:52:16.641  1412  1898 I TetherStatsReporting:   [28] iface=wlan0 uid=10092 set=DEFAULT tag=0x0 rxBytes=23172 rxPackets=122 txBytes=17263 txPackets=105 operations=0
06-16 19:52:16.641  1412  1898 I TetherStatsReporting:   [29] iface=wlan0 uid=10092 set=FOREGROUND tag=0x0 rxBytes=0 rxPackets=0 txBytes=0 txPackets=0 operations=0
06-16 19:52:16.641  1412  1898 I TetherStatsReporting:   [30] iface=wlan0 uid=10095 set=DEFAULT tag=0x0 rxBytes=3421615 rxPackets=3416 txBytes=466237 txPackets=3880 operations=0
06-16 19:52:16.641  1412  1898 I TetherStatsReporting:   [31] iface=wlan0 uid=10095 set=FOREGROUND tag=0x0 rxBytes=0 rxPackets=0 txBytes=0 txPackets=0 operations=0
06-16 19:52:16.641  1412  1898 I TetherStatsReporting:   [32] iface=wlan0 uid=10096 set=DEFAULT tag=0x0 rxBytes=2432119 rxPackets=4073 txBytes=646128 txPackets=4661 operations=0
06-16 19:52:16.641  1412  1898 I TetherStatsReporting:   [33] iface=wlan0 uid=10096 set=FOREGROUND tag=0x0 rxBytes=15838551 rxPackets=11303 txBytes=626560 txPackets=9148 operations=0
06-16 19:52:16.641  1412  1898 I TetherStatsReporting:   [34] iface=wlan0 uid=10097 set=DEFAULT tag=0x0 rxBytes=1239908 rxPackets=455
06-16 19:52:16.641  1412  1898 I TetherStatsReporting: combining tether stats
06-16 19:52:16.642  2653  2766 D QtiTetherService/IpaWrapper: getStats(false)
06-16 19:52:16.643  1412  1898 D NtpTrustedTime: currentTimeMillis() cache hit
06-16 19:52:16.649  1412  1899 D NtpTrustedTime: currentTimeMillis() cache hit
06-16 19:52:16.649  1412  1899 D NtpTrustedTime: currentTimeMillis() cache hit
06-16 19:52:16.652 25700 25700 D com.meitu.meipaimv.ConnectStateReceiver: mobile=false wifi=true hasChanged=false
06-16 19:52:16.883   451   451 W auditd  : type=1400 "StartThread""s1302""proc"
06-16 19:52:16.884   451   451 W auditd  : type=1400 "StartThread""touchpanel""proc"
06-16 19:52:16.884   451   451 W auditd  : type=1400 "StartThread""cmdline""proc"
06-16 19:52:16.889   451   451 W auditd  : type=1400 "StartThread""429""proc"
06-16 19:52:16.890   451   451 W auditd  : type=1400 "StartThread""452""proc"
06-16 19:52:16.890   451   451 W auditd  : type=1400 "StartThread""514""proc"
06-16 19:52:16.890   451   451 W auditd  : type=1400 "StartThread""515""proc"
06-16 19:52:16.890   451   451 W auditd  : type=1400 "StartThread""516""proc"
06-16 19:52:16.891   451   451 W auditd  : type=1400 "StartThread""517""proc"
06-16 19:52:16.891   451   451 W auditd  : type=1400 "StartThread""518""proc"
06-16 19:52:16.892   451   451 W auditd  : type=1400 "StartThread""521""proc"
06-16 19:52:16.893   451   451 W auditd  : type=1400 "StartThread""527""proc"
06-16 19:52:16.893   451   451 W auditd  : type=1400 "StartThread""529""proc"
06-16 19:52:16.893   451   451 W auditd  : type=1400 "StartThread""531""proc"
06-16 19:52:16.893   451   451 W auditd  : type=1400 "StartThread""567""proc"
06-16 19:52:16.898   451   451 W auditd  : type=1400 "StartThread""588""proc"
06-16 19:52:16.899   451   451 W auditd  : type=1400 "StartThread""594""proc"
06-16 19:52:16.899   451   451 W auditd  : type=1400 "StartThread""cmdline""proc"
06-16 19:52:16.900   451   451 W auditd  : type=1400 "StartThread""cmdline""proc"
06-16 19:52:16.901   451   451 W auditd  : type=1400 "StartThread""820""proc"
06-16 19:52:17.005 10685 10685 E JavaBinder: !!! FAILED BINDER TRANSACTION !!!  (parcel size = 2401192)
06-16 19:52:17.012 24277 24339 D UTAnalytics:CommitTask: pid:24277 check&commit event:65133,
06-16 19:52:17.013 24277 24376 D UTAnalytics:CommitTask: pid:24277 check&commit event:65501,
06-16 19:52:17.013 24277 24339 D UTAnalytics:CommitTask: pid:24277 next:65133,
06-16 19:52:17.013 24277 24339 D UTAnalytics:CommitTask: pid:24277 check&commit event:65502,
06-16 19:52:17.013 24277 24339 D UTAnalytics:CommitTask: pid:24277 next:65502,
06-16 19:52:17.013 24277 24339 D UTAnalytics:CommitTask: pid:24277 check&commit event:65503,
06-16 19:52:17.013 24277 24339 D UTAnalytics:CommitTask: pid:24277 next:65503,
06-16 19:52:17.013 24277 24376 D UTAnalytics:CommitTask: pid:24277 next:65501,
06-16 19:52:17.366 26242 26242 D BgTest  : uiCount 52
06-16 19:52:17.370 10685 10685 E JavaBinder: !!! FAILED BINDER TRANSACTION !!!  (parcel size = 2402036)
06-16 19:52:17.487 26242 27124 D BgTest  : bgCount 52
06-16 19:52:17.900   451   451 W auditd  : type=1400 "StartThread""s1302""proc"
06-16 19:52:17.900   451   451 W auditd  : type=1400 "StartThread""touchpanel""proc"
06-16 19:52:17.901   451   451 W auditd  : type=1400 "StartThread""cmdline""proc"
06-16 19:52:17.932   451   451 W auditd  : type=1400 "StartThread""429""proc"
06-16 19:52:17.933   451   451 W auditd  : type=1400 "StartThread""452""proc"
06-16 19:52:17.934   451   451 W auditd  : type=1400 "StartThread""514""proc"
06-16 19:52:17.934   451   451 W auditd  : type=1400 "StartThread""515""proc"
06-16 19:52:17.934   451   451 W auditd  : type=1400 "StartThread""516""proc"
06-16 19:52:17.935   451   451 W auditd  : type=1400 "StartThread""517""proc"
06-16 19:52:17.935   451   451 W auditd  : type=1400 "StartThread""518""proc"
06-16 19:52:17.936   451   451 W auditd  : type=1400 "StartThread""521""proc"
06-16 19:52:17.936   451   451 W auditd  : type=1400 "StartThread""527""proc"
06-16 19:52:17.936   451   451 W auditd  : type=1400 "StartThread""529""proc"
06-16 19:52:17.937   451   451 W auditd  : type=1400 "StartThread""531""proc"
06-16 19:52:17.937   451   451 W auditd  : type=1400 "StartThread""567""proc"
06-16 19:52:17.937   451   451 W auditd  : type=1400 "StartThread""588""proc"
06-16 19:52:17.937   451   451 W auditd  : type=1400 "StartThread""594""proc"
06-16 19:52:17.937   451   451 W auditd  : type=1400 "StartThread""cmdline""proc"
06-16 19:52:17.938   451   451 W auditd  : type=1400 "StartThread""cmdline""proc"
06-16 19:52:17.938   451   451 W auditd  : type=1400 "StartThread""820""proc"
