06-14 14:55:35.436   336   336 W ADB_SERVICES: create_local_service_socket() name=shell:cat /proc/net/xt_qtaguid/stats | grep 10069
06-14 14:55:35.436   336   336 W ADB_SERVICES: service_to_fd() name=shell:cat /proc/net/xt_qtaguid/stats | grep 10069
06-14 14:55:35.436   336   336 W ADB_SERVICES: read_meminfo() mem_free=55304
06-14 14:55:35.440   336   336 W ADB_SERVICES: create_subproc ret_fd=26 pid=32591
06-14 14:55:35.441   336   336 W ADB_SERVICES: LS(30250): bound to 'shell:cat /proc/net/xt_qtaguid/stats | grep 10069' via 26
06-14 14:55:35.444 32591 32591 W ADB_SERVICES: adb: unable to update oom_score_adj
06-14 14:55:35.458   336   336 W ADB_SERVICES: create_local_service_socket() name=shell:cat /proc/net/xt_qtaguid/stats | grep 10069
06-14 14:55:35.458   336   336 W ADB_SERVICES: service_to_fd() name=shell:cat /proc/net/xt_qtaguid/stats | grep 10069
06-14 14:55:35.458   336   336 W ADB_SERVICES: read_meminfo() mem_free=55304
06-14 14:55:35.459   336   336 W ADB_SERVICES: create_subproc ret_fd=27 pid=32592
06-14 14:55:35.460   336   336 W ADB_SERVICES: LS(30251): bound to 'shell:cat /proc/net/xt_qtaguid/stats | grep 10069' via 27
06-14 14:55:35.465 32592 32592 W ADB_SERVICES: adb: unable to update oom_score_adj
06-14 14:55:35.488   336   336 D ADB_SERVICES:  closing because is_eof=1 r=-1 s->fde.force_eof=0
06-14 14:55:35.488   336   336 W ADB_SERVICES: entered. LS(30250) fd=26
06-14 14:55:35.493   336   336 D ADB_SERVICES:  closing because is_eof=1 r=-1 s->fde.force_eof=0
06-14 14:55:35.493   336   336 W ADB_SERVICES: entered. LS(30251) fd=27
06-14 14:55:35.647  1040  1040 D NetworkController.WifiSignalController: setActivity: wifiActivity= 3
06-14 14:55:35.647  1040  1040 D NetworkController.WifiSignalController: isDirty : false
06-14 14:55:35.649  1040  1040 D NetworkController.WifiSignalController: Change in state from: connected=true,enabled=true,level=4,inetCondition=1,iconGroup=IconGroup(Wi-Fi Icons),activityIn=false,activityOut=false,rssi=-53,networkType=null,lastModified=06-14 02:55:31,ssid="sodino"enabling=falsedisabling=falseconnecting=false
06-14 14:55:35.649  1040  1040 D NetworkController.WifiSignalController: 	to: connected=true,enabled=true,level=4,inetCondition=1,iconGroup=IconGroup(Wi-Fi Icons),activityIn=true,activityOut=true,rssi=-53,networkType=null,lastModified=06-14 02:55:31,ssid="sodino"enabling=falsedisabling=falseconnecting=false
06-14 14:55:35.649  1040  1040 D NetworkController.WifiSignalController: Wifi notifyListeners: level= 4, wifiActivity= 3
06-14 14:55:35.649  1040  1040 D SignalClusterView: setWifiIndicators, visible=true, strengthIcon=2130839042, contentDescription=WLAN信号满格。
06-14 14:55:35.662  1040  1040 D NetworkController.WifiSignalController: Wifi notifyListeners: level= 4, wifiActivity= 3
06-14 14:55:35.663  1040  1040 D SignalClusterView: setWifiIndicators, visible=true, strengthIcon=2130839042, contentDescription=WLAN信号满格。
06-14 14:55:35.665  1040  1040 D NetworkController.WifiSignalController: Wifi notifyListeners: level= 4, wifiActivity= 3
06-14 14:55:35.665  1040  1040 D SignalClusterView: setWifiIndicators, visible=true, strengthIcon=2130839042, contentDescription=WLAN信号满格。
06-14 14:55:35.666  1040  1040 D NetworkController.WifiSignalController: Wifi notifyListeners: level= 4, wifiActivity= 3
06-14 14:55:35.667  1040  1040 D SignalClusterView: setWifiIndicators, visible=true, strengthIcon=2130839042, contentDescription=WLAN信号满格。
06-14 14:55:35.668  1040  1040 D ConnectionRateView: DataConnection: new=true,old=true
06-14 14:55:35.668  1040  1040 D ConnectionRateView: DataConnection: new=true,old=true
06-14 14:55:35.671   874  1592 I libPerfService: perfSetFavorPid - pid:0, 0
06-14 14:55:35.681   272   272 I SurfaceFlinger: [Built-in Screen (type:0)] fps:0.386168,dur:2589.55,max:2589.55,min:2589.55
06-14 14:55:35.747   874   900 V SettingsInterface:  from settings cache , name = netstats_time_cache_max_age , value = null
06-14 14:55:35.748   874   900 V NetworkStats: performPollLocked(flags=0x3)
06-14 14:55:35.755   874   900 D NetdConnector: SND -> {677 bandwidth gettetherstats}
06-14 14:55:35.758   296   779 D FrameworkListener: dispatchCommand data = (677 bandwidth gettetherstats)
06-14 14:55:35.758   296   779 D SocketClient: SocketClient sendData done: 200 677 Tethering stats list completed
06-14 14:55:35.758   874   960 D NetdConnector: RCV <- {200 677 Tethering stats list completed}
06-14 14:55:35.761   874   900 D NetdConnector: RMV <- {200 677 Tethering stats list completed}
06-14 14:55:35.767   874   900 I NetworkStatsRecorder: recordSnapshotLocked: ident[[{type=WIFI, subType=COMBINED, networkId=sodino}]]
06-14 14:55:35.769   874   900 W NetworkStatsRecorder: unknown interfaces [lo, p2p0], ignoring those stats
06-14 14:55:35.771   874   900 I NetworkStatsRecorder: recordSnapshotLocked: ident[[{type=WIFI, subType=COMBINED, networkId=sodino}]]
06-14 14:55:35.773   874   900 W NetworkStatsRecorder: unknown interfaces [lo, p2p0], ignoring those stats
06-14 14:55:35.776   874   900 I NetworkStatsRecorder: recordSnapshotLocked: ident[[{type=WIFI, subType=COMBINED, networkId=sodino}]]
06-14 14:55:35.779   874   900 I NetworkStatsRecorder: recordSnapshotLocked: ident[[{type=WIFI, subType=COMBINED, networkId=sodino}]]
06-14 14:55:35.781   336   336 W ADB_SERVICES: create_local_service_socket() name=shell:cat /proc/32424/stat
06-14 14:55:35.781   336   336 W ADB_SERVICES: service_to_fd() name=shell:cat /proc/32424/stat
06-14 14:55:35.782   336   336 W ADB_SERVICES: read_meminfo() mem_free=55288
06-14 14:55:35.784   336   336 W ADB_SERVICES: create_subproc ret_fd=26 pid=32597
06-14 14:55:35.784   336   336 W ADB_SERVICES: LS(30252): bound to 'shell:cat /proc/32424/stat' via 26
06-14 14:55:35.785   874   900 W NetworkStatsRecorder: unknown interfaces [lo, p2p0], ignoring those stats
06-14 14:55:35.786   874   900 W NetworkStatsRecorder: unknown interfaces [lo, p2p0], ignoring those stats
06-14 14:55:35.787   874   900 V NetworkStats: performPollLocked() took 39ms
06-14 14:55:35.788   874   900 V SettingsInterface:  from settings cache , name = netstats_sample_enabled , value = null
06-14 14:55:35.789   336   336 W ADB_SERVICES: create_local_service_socket() name=shell:cat /proc/32424/stat
06-14 14:55:35.789   336   336 W ADB_SERVICES: service_to_fd() name=shell:cat /proc/32424/stat
06-14 14:55:35.789   336   336 W ADB_SERVICES: read_meminfo() mem_free=55180
06-14 14:55:35.790   336   336 W ADB_SERVICES: create_subproc ret_fd=27 pid=32598
06-14 14:55:35.790   336   336 W ADB_SERVICES: LS(30253): bound to 'shell:cat /proc/32424/stat' via 27
06-14 14:55:35.792 32597 32597 W ADB_SERVICES: adb: unable to update oom_score_adj
06-14 14:55:35.793   874   900 V ActivityManager: Broadcast: Intent { act=com.android.server.action.NETWORK_STATS_UPDATED flg=0x40000010 } ordered=false userid=-1 callerApp=ProcessRecord{2de77b41 874:system/1000}
06-14 14:55:35.798   874   966 V NetworkPolicy: updateNetworkEnabledLocked()
06-14 14:55:35.800  1860  1880 V SettingsInterface:  from settings cache , name = multi_sim_data_call , value = -1
06-14 14:55:35.800   874   966 V NetworkPolicy:  checking policy:NetworkPolicy[NetworkTemplate: matchRule=MOBILE_ALL, matchSubscriberIds=[null]]: cycleDay=19, cycleTimezone=Asia/Shanghai, warningBytes=104857600, limitBytes=-1, lastWarningSnooze=-1, lastLimitSnooze=-1, metered=true, inferred=true
06-14 14:55:35.800   874   966 V NetworkPolicy:  checking policy:NetworkPolicy[NetworkTemplate: matchRule=MOBILE_ALL, subscriberId=460028..., matchSubscriberIds=[460028...]]: cycleDay=1, cycleTimezone=Asia/Shanghai, warningBytes=2412510335, limitBytes=3015637919, lastWarningSnooze=-1, lastLimitSnooze=-1, metered=true, inferred=false
06-14 14:55:35.801   874   966 V NetworkPolicy:  checking policy:NetworkPolicy[NetworkTemplate: matchRule=MOBILE_ALL, subscriberId=460006..., matchSubscriberIds=[460006...]]: cycleDay=1, cycleTimezone=Asia/Shanghai, warningBytes=104857600, limitBytes=-1, lastWarningSnooze=-1, lastLimitSnooze=-1, metered=true, inferred=false
06-14 14:55:35.801   874   966 V NetworkPolicy:  checking policy:NetworkPolicy[NetworkTemplate: matchRule=MOBILE_ALL, subscriberId=460028..., matchSubscriberIds=[460028...]]: cycleDay=1, cycleTimezone=Asia/Shanghai, warningBytes=-1, limitBytes=-1, lastWarningSnooze=-1, lastLimitSnooze=-1, metered=true, inferred=false
06-14 14:55:35.801   874   966 V NetworkPolicy: updateNotificationsLocked()
06-14 14:55:35.802  1860  2369 V SettingsInterface:  from settings cache , name = multi_sim_data_call , value = -1
06-14 14:55:35.806  1860  1881 V SettingsInterface:  from settings cache , name = multi_sim_data_call , value = -1
06-14 14:55:35.807  1231  1559 D trafficTest: whichSimSelected slotId=-1,可能是未插卡，也可能是modern挂了，也可能插了双卡，其中流量卡挂了，或还在初始化中, 而另一张卡没有自动切换成流量
06-14 14:55:35.807  1231  1559 D NetworkManagementMz: LocalSubscriptionManager: getSubId 0
06-14 14:55:35.808  1231  1559 D NetworkManagementMz: LocalSubscriptionManager: intSubId -2
06-14 14:55:35.809  1231  1559 D NetworkManagementMz: LocalSubscriptionManager: intSubId -2
06-14 14:55:35.809  1231  1559 D NetworkManagementMz: LocalSubscriptionManager: subId[0] is : -2
06-14 14:55:35.810  1231  1559 D NetworkManagementMz: LocalTelephonyManager: imsi null
06-14 14:55:35.811  1231  1559 D NetworkManagementMz: LocalSubscriptionManager: getSubId 1
06-14 14:55:35.812  1231  1559 D NetworkManagementMz: LocalSubscriptionManager: intSubId -3
06-14 14:55:35.812  1231  1559 D NetworkManagementMz: LocalSubscriptionManager: intSubId -3
06-14 14:55:35.812  1231  1559 D NetworkManagementMz: LocalSubscriptionManager: subId[1] is : -3
06-14 14:55:35.814  1231  1559 D NetworkManagementMz: LocalTelephonyManager: imsi null
06-14 14:55:35.816  1860  1881 V SettingsInterface:  from settings cache , name = multi_sim_data_call , value = -1
06-14 14:55:35.817  1231  1559 D trafficTest: whichSimSelected slotId=-1,可能是未插卡，也可能是modern挂了，也可能插了双卡，其中流量卡挂了，或还在初始化中, 而另一张卡没有自动切换成流量
06-14 14:55:35.817  1231  1559 D NetworkManagementMz: LocalSubscriptionManager: getSubId 0
06-14 14:55:35.819  1231  1559 D NetworkManagementMz: LocalSubscriptionManager: intSubId -2
06-14 14:55:35.819  1231  1559 D NetworkManagementMz: LocalSubscriptionManager: intSubId -2
06-14 14:55:35.819  1231  1559 D NetworkManagementMz: LocalSubscriptionManager: subId[0] is : -2
06-14 14:55:35.820  1231  1559 D NetworkManagementMz: LocalTelephonyManager: imsi null
06-14 14:55:35.820  1231  1559 D NetworkManagementMz: LocalSubscriptionManager: getSubId 1
06-14 14:55:35.822  1231  1559 D NetworkManagementMz: LocalSubscriptionManager: intSubId -3
06-14 14:55:35.822  1231  1559 D NetworkManagementMz: LocalSubscriptionManager: intSubId -3
06-14 14:55:35.822  1231  1559 D NetworkManagementMz: LocalSubscriptionManager: subId[1] is : -3
06-14 14:55:35.825  1231  1559 D NetworkManagementMz: LocalTelephonyManager: imsi null
06-14 14:55:35.826  1231  1231 D trafficTest: has data listener
06-14 14:55:35.826   874  1891 V ActivityManager: Broadcast: Intent { act=android.com.meizu.safe.provider.SafeWidgetProvider flg=0x10 (has extras) } ordered=false userid=-2 callerApp=ProcessRecord{25d454a8 1231:com.meizu.safe/1000}
06-14 14:55:35.826  1231  1231 D trafficTest1: pollingService通知Ui更新
06-14 14:55:35.826  1231  1231 D trafficTest: ----refreshGeneralShowData
06-14 14:55:35.826  1231  1231 D trafficTest: ----------widget manager receiver dataChanged
06-14 14:55:35.826  1231  1231 D trafficTest: widget manager send broadcast to widget
06-14 14:55:35.827   874   923 I libPerfService: perfSetFavorPid - pid:32424, 7ea8
06-14 14:55:35.829  1231  1231 I vpnTrace: notifySavingDataChanged: isShowSavingFunc: false
06-14 14:55:35.829  1231  1231 D TrafficTest: --------------亮屏且有监听器updateDataInterval = 15000
06-14 14:55:35.829  1231  1231 D trafficTest3: ---------widget receiver data change msg
06-14 14:55:35.831  1231  1231 D trafficTest3: updateRemoteView: SimCardTrafficForShow{imsi='null', totalBytes=-1, remainBytes=0, dayUsedBytes=0, leftDays=0, monthUsedbytes=0, usedPercent=0.0, idleMode=false}
06-14 14:55:35.840 32598 32598 W ADB_SERVICES: adb: unable to update oom_score_adj
06-14 14:55:35.846   336   336 D ADB_SERVICES:  closing because is_eof=1 r=-1 s->fde.force_eof=0
06-14 14:55:35.846   336   336 W ADB_SERVICES: entered. LS(30252) fd=26
06-14 14:55:35.847 32424 32424 D BgTest  : uiCount 5
06-14 14:55:35.851   336   336 D ADB_SERVICES:  closing because is_eof=1 r=-1 s->fde.force_eof=0
06-14 14:55:35.851   336   336 W ADB_SERVICES: entered. LS(30253) fd=27
06-14 14:55:35.861  1231  1231 D RemoteViews: mActions is repeat
06-14 14:55:35.861  1231  1231 D RemoteViews: mActions is repeat
06-14 14:55:35.866  1885  1885 D AppWidgetHost: updateAppWidgetView HANDLE_UPDATE 
06-14 14:55:35.867  1885  1885 D AppWidgetHost: updateAppWidgetView appWidgetId 15 com.meizu.flyme.launcher.at@179658cb
06-14 14:55:35.869   336   336 W ADB_SERVICES: create_local_service_socket() name=shell:cat /proc/stat
06-14 14:55:35.869   336   336 W ADB_SERVICES: service_to_fd() name=shell:cat /proc/stat
06-14 14:55:35.869   336   336 W ADB_SERVICES: read_meminfo() mem_free=54384
06-14 14:55:35.870   336   336 W ADB_SERVICES: create_subproc ret_fd=26 pid=32599
06-14 14:55:35.870 32599 32599 W ADB_SERVICES: adb: unable to update oom_score_adj
06-14 14:55:35.870   336   336 W ADB_SERVICES: LS(30254): bound to 'shell:cat /proc/stat' via 26
06-14 14:55:35.875   336   336 D ADB_SERVICES:  closing because is_eof=1 r=1 s->fde.force_eof=0
06-14 14:55:35.875   336   336 W ADB_SERVICES: entered. LS(30254) fd=26
06-14 14:55:35.881   336   336 W ADB_SERVICES: create_local_service_socket() name=shell:cat /proc/stat
06-14 14:55:35.881   336   336 W ADB_SERVICES: service_to_fd() name=shell:cat /proc/stat
06-14 14:55:35.881   336   336 W ADB_SERVICES: read_meminfo() mem_free=53640
06-14 14:55:35.882   336   336 W ADB_SERVICES: create_subproc ret_fd=26 pid=32600
06-14 14:55:35.882   336   336 W ADB_SERVICES: LS(30255): bound to 'shell:cat /proc/stat' via 26
06-14 14:55:35.882 32600 32600 W ADB_SERVICES: adb: unable to update oom_score_adj
06-14 14:55:35.887   336   336 D ADB_SERVICES:  closing because is_eof=1 r=1 s->fde.force_eof=0
06-14 14:55:35.887   336   336 W ADB_SERVICES: entered. LS(30255) fd=26
06-14 14:55:36.012   336   336 W ADB_SERVICES: create_local_service_socket() name=shell:cat /proc/net/xt_qtaguid/stats | grep 10069
06-14 14:55:36.012   336   336 W ADB_SERVICES: service_to_fd() name=shell:cat /proc/net/xt_qtaguid/stats | grep 10069
06-14 14:55:36.012   336   336 W ADB_SERVICES: read_meminfo() mem_free=53516
06-14 14:55:36.014   336   336 W ADB_SERVICES: create_subproc ret_fd=26 pid=32601
06-14 14:55:36.014   336   336 W ADB_SERVICES: LS(30256): bound to 'shell:cat /proc/net/xt_qtaguid/stats | grep 10069' via 26
06-14 14:55:36.015 32601 32601 W ADB_SERVICES: adb: unable to update oom_score_adj
06-14 14:55:36.031   336   336 W ADB_SERVICES: create_local_service_socket() name=shell:cat /proc/net/xt_qtaguid/stats | grep 10069
06-14 14:55:36.031   336   336 W ADB_SERVICES: service_to_fd() name=shell:cat /proc/net/xt_qtaguid/stats | grep 10069
06-14 14:55:36.032   336   336 W ADB_SERVICES: read_meminfo() mem_free=53128
06-14 14:55:36.033   336   336 W ADB_SERVICES: create_subproc ret_fd=27 pid=32604
06-14 14:55:36.033   336   336 W ADB_SERVICES: LS(30257): bound to 'shell:cat /proc/net/xt_qtaguid/stats | grep 10069' via 27
06-14 14:55:36.034 32604 32604 W ADB_SERVICES: adb: unable to update oom_score_adj
06-14 14:55:36.052   336   336 D ADB_SERVICES:  closing because is_eof=1 r=-1 s->fde.force_eof=0
06-14 14:55:36.052   336   336 W ADB_SERVICES: entered. LS(30256) fd=26
06-14 14:55:36.063 32424 32489 D BgTest  : bgCount 5
06-14 14:55:36.067   336   336 D ADB_SERVICES:  closing because is_eof=1 r=-1 s->fde.force_eof=0
06-14 14:55:36.067   336   336 W ADB_SERVICES: entered. LS(30257) fd=27
06-14 14:55:36.263 32355 32419 I System.out: [CDS]EAGAIN in Recvfrom
06-14 14:55:36.263 32355 32419 I System.out: [CDS]read byte is 0
06-14 14:55:36.263 32355 32419 D MLog    : org.eclipse.paho.client.mqttv3.internal.CommsReceiver::run -> 852
06-14 14:55:36.415   336   336 W ADB_SERVICES: create_local_service_socket() name=shell:cat /proc/32424/stat
06-14 14:55:36.416   336   336 W ADB_SERVICES: service_to_fd() name=shell:cat /proc/32424/stat
06-14 14:55:36.417   336   336 W ADB_SERVICES: read_meminfo() mem_free=54528
06-14 14:55:36.419   336   336 W ADB_SERVICES: create_subproc ret_fd=26 pid=32607
06-14 14:55:36.420   336   336 W ADB_SERVICES: LS(30258): bound to 'shell:cat /proc/32424/stat' via 26
06-14 14:55:36.423 32607 32607 W ADB_SERVICES: adb: unable to update oom_score_adj
06-14 14:55:36.427   336   336 W ADB_SERVICES: create_local_service_socket() name=shell:cat /proc/32424/stat
06-14 14:55:36.427   336   336 W ADB_SERVICES: service_to_fd() name=shell:cat /proc/32424/stat
06-14 14:55:36.428   336   336 W ADB_SERVICES: read_meminfo() mem_free=54592
06-14 14:55:36.429   336   336 W ADB_SERVICES: create_subproc ret_fd=27 pid=32608
06-14 14:55:36.429   336   336 W ADB_SERVICES: LS(30259): bound to 'shell:cat /proc/32424/stat' via 27
06-14 14:55:36.436 32608 32608 W ADB_SERVICES: adb: unable to update oom_score_adj
06-14 14:55:36.442   336   336 D ADB_SERVICES:  closing because is_eof=1 r=1 s->fde.force_eof=0
06-14 14:55:36.442   336   336 W ADB_SERVICES: entered. LS(30258) fd=26
06-14 14:55:36.446   336   336 D ADB_SERVICES:  closing because is_eof=1 r=1 s->fde.force_eof=0
06-14 14:55:36.446   336   336 W ADB_SERVICES: entered. LS(30259) fd=27
06-14 14:55:36.458   336   336 W ADB_SERVICES: create_local_service_socket() name=shell:cat /proc/stat
06-14 14:55:36.458   336   336 W ADB_SERVICES: service_to_fd() name=shell:cat /proc/stat
06-14 14:55:36.458   336   336 W ADB_SERVICES: read_meminfo() mem_free=54416
06-14 14:55:36.458   336   336 W ADB_SERVICES: create_subproc ret_fd=26 pid=32609
06-14 14:55:36.458   336   336 W ADB_SERVICES: LS(30260): bound to 'shell:cat /proc/stat' via 26
06-14 14:55:36.460 32609 32609 W ADB_SERVICES: adb: unable to update oom_score_adj
06-14 14:55:36.464   336   336 W ADB_SERVICES: create_local_service_socket() name=shell:cat /proc/stat
06-14 14:55:36.464   336   336 W ADB_SERVICES: service_to_fd() name=shell:cat /proc/stat
06-14 14:55:36.464   336   336 W ADB_SERVICES: read_meminfo() mem_free=54468
06-14 14:55:36.465   336   336 W ADB_SERVICES: create_subproc ret_fd=27 pid=32610
06-14 14:55:36.465   336   336 W ADB_SERVICES: LS(30261): bound to 'shell:cat /proc/stat' via 27
06-14 14:55:36.468 32610 32610 W ADB_SERVICES: adb: unable to update oom_score_adj
06-14 14:55:36.471   336   336 D ADB_SERVICES:  closing because is_eof=1 r=-1 s->fde.force_eof=0
06-14 14:55:36.471   336   336 W ADB_SERVICES: entered. LS(30260) fd=26
06-14 14:55:36.478   336   336 D ADB_SERVICES:  closing because is_eof=1 r=-1 s->fde.force_eof=0
06-14 14:55:36.478   336   336 W ADB_SERVICES: entered. LS(30261) fd=27
06-14 14:55:36.652  3944 13686 I MtpServer: request read returned -1, errno: 5
06-14 14:55:36.655   336 13244 W ADB_SERVICES: remote usb: read terminated (message)
06-14 14:55:36.659   874   984 D UsbDeviceManager: updateState - RNDIS_UPDATE_DELAY  DISCONNECTED mSettingFunction: mtp,adb
06-14 14:55:36.655   336 13244 W ADB_SERVICES: (null): remote read failed for transport
06-14 14:55:36.659   874   984 D UsbDeviceManager: updateState - UPDATE_DELAY  HWDISCONNECTED mSettingFunction: mtp,adb
06-14 14:55:36.655   336 13244 W ADB_SERVICES: (null): SYNC offline for transport
06-14 14:55:36.677   874  1891 I BatteryStatsImpl: Resetting battery stats: level=100 status=5 dischargeLevel=100 lowAmount=0 highAmount=0
06-14 14:55:36.655   336 13244 W ADB_SERVICES: (null): transport output thread is exiting fd 19 
06-14 14:55:36.655   336 13244 D ADB_SERVICES: kick_transport fd: 19 
06-14 14:55:36.655   336 13244 D ADB_SERVICES: kick_transport kicked fd: 19 
06-14 14:55:36.655   336 13244 D ADB_SERVICES: transport: (null) transport_unref fd:19 (kick)
06-14 14:55:36.655   336 13244 D ADB_SERVICES: transport: (null) unref (count=1)
06-14 14:55:36.656   336   338 D ADB_SERVICES: transport: 0x7f80408280 init'ing for usb_handle 0x7f8083d080 (sn='')
06-14 14:55:36.656   336   338 W ADB_SERVICES: transport: usb
06-14 14:55:36.656   336   338 D ADB_SERVICES: transport: (null) registered
06-14 14:55:36.673   336   336 D ADB_SERVICES: transport: (null) (26,27) starting
06-14 14:55:36.673   336   336 D ADB_SERVICES: recv: SYNC 00000000 00000000 0000 
06-14 14:55:36.673   336   336 D ADB_SERVICES: adb: offline
06-14 14:55:36.673   336   336 D ADB_SERVICES: (null): run_transport_disconnects fd: 19
06-14 14:55:36.673   336   336 W ADB_SERVICES: entered. LS(30170) fd=21
06-14 14:55:36.681   336   336 W ADB_SERVICES: entered. LS(30171) fd=14
06-14 14:55:36.682   336   336 W ADB_SERVICES: entered. LS(30172) fd=23
06-14 14:55:36.682   336   336 W ADB_SERVICES: entered. LS(30173) fd=25
06-14 14:55:36.682 32424 32439 I art     : Debugger is no longer active
06-14 14:55:36.682   336 13243 W ADB_SERVICES: (null): transport SYNC offline
06-14 14:55:36.682   336 13243 W ADB_SERVICES: (null): transport input thread is exiting, fd 19
06-14 14:55:36.682   336 13243 D ADB_SERVICES: kick_transport fd: 19 
06-14 14:55:36.682   336 13243 D ADB_SERVICES: transport: (null) transport_unref fd:19 (kick)
06-14 14:55:36.682   336 13243 D ADB_SERVICES: transport: (null) unref (kicking and closing)
06-14 14:55:36.682   336 13243 D ADB_SERVICES: transport: (null) removed
06-14 14:55:36.684  1040  1040 D NetworkController.WifiSignalController: setActivity: wifiActivity= 0
06-14 14:55:36.684  1040  1040 D NetworkController.WifiSignalController: isDirty : false
06-14 14:55:36.685  1040  1040 D NetworkController.WifiSignalController: Change in state from: connected=true,enabled=true,level=4,inetCondition=1,iconGroup=IconGroup(Wi-Fi Icons),activityIn=true,activityOut=true,rssi=-53,networkType=null,lastModified=06-14 02:55:35,ssid="sodino"enabling=falsedisabling=falseconnecting=false
06-14 14:55:36.685  1040  1040 D NetworkController.WifiSignalController: 	to: connected=true,enabled=true,level=4,inetCondition=1,iconGroup=IconGroup(Wi-Fi Icons),activityIn=false,activityOut=false,rssi=-53,networkType=null,lastModified=06-14 02:55:35,ssid="sodino"enabling=falsedisabling=falseconnecting=false
06-14 14:55:36.685  1040  1040 D NetworkController.WifiSignalController: Wifi notifyListeners: level= 4, wifiActivity= 0
06-14 14:55:36.685  1040  1040 D SignalClusterView: setWifiIndicators, visible=true, strengthIcon=2130839040, contentDescription=WLAN信号满格。
06-14 14:55:36.685  1040  1040 D NetworkController.WifiSignalController: Wifi notifyListeners: level= 4, wifiActivity= 0
06-14 14:55:36.685  1040  1040 D SignalClusterView: setWifiIndicators, visible=true, strengthIcon=2130839040, contentDescription=WLAN信号满格。
06-14 14:55:36.685  1040  1040 D NetworkController.WifiSignalController: Wifi notifyListeners: level= 4, wifiActivity= 0
06-14 14:55:36.685  1040  1040 D SignalClusterView: setWifiIndicators, visible=true, strengthIcon=2130839040, contentDescription=WLAN信号满格。
06-14 14:55:36.685  1040  1040 D NetworkController.WifiSignalController: Wifi notifyListeners: level= 4, wifiActivity= 0
06-14 14:55:36.685  1040  1040 D SignalClusterView: setWifiIndicators, visible=true, strengthIcon=2130839040, contentDescription=WLAN信号满格。
06-14 14:55:36.686  1040  1040 D ConnectionRateView: DataConnection: new=true,old=true
06-14 14:55:36.686  1040  1040 D ConnectionRateView: DataConnection: new=true,old=true
06-14 14:55:36.686   874  1082 I libPerfService: perfSetFavorPid - pid:0, 0
06-14 14:55:36.691   336   336 D ADB_SERVICES: transport: (null) removing and free'ing 13
06-14 14:55:36.691   336   336 D ADB_SERVICES: transport: transport_registration_func adb_close fd: 19 
06-14 14:55:36.691   336   336 D ADB_SERVICES: (null): run_transport_disconnects fd: 19
06-14 14:55:36.719   336 32612 W ADB_SERVICES: (null): starting transport output thread on fd 27, SYNC online (2)
06-14 14:55:36.719   336 32611 W ADB_SERVICES: (null): starting transport input thread, reading from fd 27
06-14 14:55:36.720   336   336 D ADB_SERVICES: recv: SYNC 00000001 00000002 0000 
06-14 14:55:36.720   336 32611 W ADB_SERVICES: (null): transport SYNC online
06-14 14:55:36.734   272   272 I SurfaceFlinger: [Built-in Screen (type:0)] fps:1.898642,dur:1053.38,max:657.74,min:395.64
06-14 14:55:36.747  3944 13686 E MtpServer: Try to wait for next command until success!! returned -1, errno: 5
06-14 14:55:36.747 32355 32370 I art     : Debugger is no longer active
06-14 14:55:36.748  3944 13686 E MtpServer: EIO!! returned -1, errno: 5
06-14 14:55:36.748  3944 13686 I MtpServerJNI: void android_mtp_MtpServer_cleanup(JNIEnv*, jobject): Ready to delete MtpServer
06-14 14:55:36.752  3944 13686 I MtpServerJNI: free Storages
06-14 14:55:36.752  3944 13686 I MtpServer: remove storage 0, id=0x10001
06-14 14:55:36.757  3944 13686 I MtpServerJNI: Ready to delete MtpServer
06-14 14:55:36.757  3944 13686 V MtpServer: MtpServer run-end!!
06-14 14:55:36.772   874   874 V ActivityManager: Broadcast sticky: Intent { act=android.intent.action.BATTERY_CHANGED flg=0x60000010 (has extras) } ordered=false userid=-1 callerApp=null
06-14 14:55:36.775   874   874 D UsbDeviceManager: onReceive - BATTERY_CHANGED - mPlugType: 0, mSettingUsbCharging: false, mConnected: true, mSettingUsbBicr: false
06-14 14:55:36.775   874   874 D AlarmAlignManager: I got broadcast:android.intent.action.BATTERY_CHANGED
06-14 14:55:36.775   874   874 D UsbDeviceManager: onReceive - BATTERY_CHANGED - [HW USB Disconnected] mHwDisconnected: true, mConnected: true, mConfigured: true
06-14 14:55:36.778  1835  1835 D BroadcastCenter: receive intent: android.intent.action.BATTERY_CHANGED
06-14 14:55:36.775   874   874 D WifiService: onReceive, action:android.intent.action.BATTERY_CHANGED
06-14 14:55:36.778  1561  1561 D PowerBroadcastCenter: receive intent: android.intent.action.BATTERY_CHANGED
06-14 14:55:36.776   874   970 D WifiController: DeviceActiveState{ when=-1ms what=155652 target=com.android.internal.util.StateMachine$SmHandler }
06-14 14:55:36.778  1040  1040 D KeyguardUpdateMonitor: received broadcast android.intent.action.BATTERY_CHANGED
06-14 14:55:36.776   874   970 D WifiController: StaEnabledState{ when=-1ms what=155652 target=com.android.internal.util.StateMachine$SmHandler }
06-14 14:55:36.778  1561  1718 D IPowerModeImp: getCurrentModeLocked:0
06-14 14:55:36.776   874   970 D WifiController: DefaultState{ when=-1ms what=155652 target=com.android.internal.util.StateMachine$SmHandler }
06-14 14:55:36.778  1561  1718 D PowerLevelNotification: level = 100 plugged = 0 show = false mBatteryLastLevel = 100 currentMode = 0 isDialogShowing = false isDeviceProvisioned = true
06-14 14:55:36.778  1561  1750 D PowerGaugeStats: battery level is changed: 100
06-14 14:55:36.779   874   874 V ActivityManager: Broadcast: Intent { act=android.intent.action.ACTION_POWER_DISCONNECTED flg=0x4000010 } ordered=false userid=-1 callerApp=ProcessRecord{2de77b41 874:system/1000}
06-14 14:55:36.778  1561  1750 D PowerGaugeStats: unplugged, no battery level change
06-14 14:55:36.780   874   899 D AlarmManager: manual remove option = PendingIntent{deb05ce: PendingIntentRecord{3372517b com.meizu.battery broadcastIntent}}
06-14 14:55:36.779  1040  1040 D FlymeBatteryMeterView: hashCode=122392665,level=100,pluggedIn=false,status=5
06-14 14:55:36.784   874   874 V ActivityManager: Broadcast sticky: Intent { act=android.intent.action.BATTERY_CHANGED flg=0x60000010 (has extras) } ordered=false userid=-1 callerApp=null
06-14 14:55:36.779  1561  2082 D PowerGaugeStats:  MSG_LEVEL_COMPUTE processLevelStats
06-14 14:55:36.784   874   874 D AlarmManager: manual remove option = PendingIntent{26246a9e: PendingIntentRecord{2a31b97f android broadcastIntent}}
06-14 14:55:36.779  1561  1717 I BatteryConsumeMonitor: idleModeFlag : false
06-14 14:55:36.784   874   874 V AlarmManager: remove(operation) changed bounds; rebatching com.android.server.task.controllers.BatteryController.ACTION_CHARGING_STABLE
06-14 14:55:36.779  1040  1040 D FlymeBatteryMeterView: hashCode=296548458,level=100,pluggedIn=false,status=5
06-14 14:55:36.785  1231  1231 W ContextImpl: Calling a method in the system process without a qualified user: android.app.ContextImpl.stopService:1869 android.content.ContextWrapper.stopService:521 android.content.ContextWrapper.stopService:521 com.meizu.safe.blockService.receiver.PowerConnectionReceiver.onReceive:29 android.app.ActivityThread.handleReceiver:2993 
06-14 14:55:36.779  1561  2082 D SQLiteDatabase: beginTransaction()
06-14 14:55:36.788   874  1162 D AlarmManager: manual remove option = PendingIntent{38dae90b: PendingIntentRecord{31b8c3e8 com.meizu.mstore broadcastIntent}}
06-14 14:55:36.779  1040  1040 D FlymeBatteryMeterView: hashCode=720319172,level=100,pluggedIn=false,status=5
06-14 14:55:36.780  1040  1040 I KeyguardUpdateMonitor: handleBatteryUpdate index=0 updateInteresting=true
06-14 14:55:36.780  1040  1040 D KeyguardIndicationController: onRefreshBatteryInfo  mIsPluggedIn = false
06-14 14:55:36.780  1040  1040 D PhoneStatusBar: shouldChargingViewShow hasActiveNotificationsAndShowLockScreenNotification() = true, mNotificationPanel.isExpanding() = false, mNotificationPanel.isNotificationPanelFullyExpandedOnKeyguardShade() = false, mQsExpansionFraction = 0.0, isKeyguardShadeMode() = false, mKeyguardMusicController.isMusicViewShowing() = false, isQsExpanded() = false, mNotificationPanel.isMzKeyguardAffordanceHelperSwiping() = false, mNotificationPanel.shouldCameraIntercept()false, isInLaunchTransition()false
06-14 14:55:36.780  1040  1040 D KeyguardIndicationController: mVisible = false, isScreenOn = true, isKeyguardBouncer = false, isMusicViewShow = false, isChargingViewShow = false, getUnlockTimes = 4, isSmartLock = false
06-14 14:55:36.780  1040  1040 D KeyguardIndicationController: showTransientIndication
06-14 14:55:36.780  1040  1040 D PhoneStatusBar: shouldChargingViewShow hasActiveNotificationsAndShowLockScreenNotification() = true, mNotificationPanel.isExpanding() = false, mNotificationPanel.isNotificationPanelFullyExpandedOnKeyguardShade() = false, mQsExpansionFraction = 0.0, isKeyguardShadeMode() = false, mKeyguardMusicController.isMusicViewShowing() = false, isQsExpanded() = false, mNotificationPanel.isMzKeyguardAffordanceHelperSwiping() = false, mNotificationPanel.shouldCameraIntercept()false, isInLaunchTransition()false
06-14 14:55:36.780  1040  1040 D KeyguardIndicationController: mVisible = false, isScreenOn = true, isKeyguardBouncer = false, isMusicViewShow = false, isChargingViewShow = false, getUnlockTimes = 4, isSmartLock = false
06-14 14:55:36.780  1561  1717 I BatteryConsumeMonitor: cancelRepeatAlarm
06-14 14:55:36.780  1561  1717 I BatteryConsumeMonitor: init var lastPlugType : 0 lastBatteryChangedLevel : 100
06-14 14:55:36.780   874  1891 D BatteryService: mBatteryVoltage=4375, batteryLevel=50
06-14 14:55:36.781  1561  2082 D PowerGaugeStats: delete record in db: battery_level < time: 13-14-55-36
06-14 14:55:36.781  1561  2082 D PowerGaugeStats: execute battery level sql phrase: insert into battery_level (time, level, plugged, status) values (1497423336778, 100, 1, 1) current utc time: 14-14-55-36
06-14 14:55:36.782  1561  2082 D SQLiteDatabase: endTransaction()
06-14 14:55:36.782   874   923 I libPerfService: perfSetFavorPid - pid:32424, 7ea8
06-14 14:55:36.783 32152 32152 D ConditionReceiver: Action: android.intent.action.ACTION_POWER_DISCONNECTED bAutoDownload: true
06-14 14:55:36.786  1561  1561 D PowerBroadcastCenter: receive intent: android.intent.action.BATTERY_CHANGED
06-14 14:55:36.786  1835  1835 D BroadcastCenter: receive intent: android.intent.action.BATTERY_CHANGED
06-14 14:55:36.786   874   874 D AlarmManager:  alarm = Alarm{142a6cef type 3 when 14:56:00 start 14:56:00 end 14:56:00 com.tencent.mm} add to Batch{331b63fc num=1 start=12661662 end=12661662}
06-14 14:55:36.787   874  1082 D LinkWakenInterception: isInterceptAsUsual, the callerPkg(com.meizu.safe) and calleePkg are same, return false.
06-14 14:55:36.787  1561  1750 D PowerGaugeStats: battery level is changed: 100
06-14 14:55:36.787  1561  1750 D PowerGaugeStats: unplugged, no battery level change
06-14 14:55:36.787   874  1082 D Interception: isInterceptByRule realCallingPid: 1231 isInterceptAsUsual: false isMatch: false, runType===retrieve_service|||callerPkg===com.meizu.safe|||calleePkg===com.meizu.safe|||calleeClass===com.meizu.safe.blockService.service.SDKUpdateService|||processName===com.meizu.safe|||action===*|||data===*|||extras===*|||interception===false
06-14 14:55:36.787  1561  1718 D IPowerModeImp: getCurrentModeLocked:0
06-14 14:55:36.787  1561  1718 D PowerLevelNotification: level = 100 plugged = 0 show = false mBatteryLastLevel = 100 currentMode = 0 isDialogShowing = false isDeviceProvisioned = true
06-14 14:55:36.797   874   874 D UsbDeviceManager: onReceive - BATTERY_CHANGED - mPlugType: 0, mSettingUsbCharging: false, mConnected: true, mSettingUsbBicr: false
06-14 14:55:36.788   874   874 D AlarmManager:  alarm = Alarm{2c088a85 type 3 when 17:25:30 start 17:25:30 end 17:25:30 android} add to Batch{1b5b0da num=1 start=21631909 end=21631909}
06-14 14:55:36.797   874   874 D UsbDeviceManager: onReceive - BATTERY_CHANGED - [HW USB Disconnected] mHwDisconnected: true, mConnected: true, mConfigured: true
06-14 14:55:36.788  1561  1717 I BatteryConsumeMonitor: init var lastPlugType : 0 lastBatteryChangedLevel : 100
06-14 14:55:36.797   874   874 D WifiService: onReceive, action:android.intent.action.BATTERY_CHANGED
06-14 14:55:36.789  1040  1040 D KeyguardUpdateMonitor: received broadcast android.intent.action.BATTERY_CHANGED
06-14 14:55:36.797   874   970 D WifiController: DeviceActiveState{ when=0 what=155652 target=com.android.internal.util.StateMachine$SmHandler }
06-14 14:55:36.790   874   874 D AlarmManager:  alarm = Alarm{24cc4a01 type 0 when 23:00:00 start 23:00:00 end 23:00:00 com.android.settings} add to Batch{274e00a6 num=1 start=41701662 end=41701662 STANDALONE}
06-14 14:55:36.797   874   970 D WifiController: StaEnabledState{ when=0 what=155652 target=com.android.internal.util.StateMachine$SmHandler }
06-14 14:55:36.790  1040  1040 D FlymeBatteryMeterView: hashCode=122392665,level=100,pluggedIn=false,status=5
06-14 14:55:36.797   874   970 D WifiController: DefaultState{ when=0 what=155652 target=com.android.internal.util.StateMachine$SmHandler }
06-14 14:55:36.790  1040  1040 D FlymeBatteryMeterView: hashCode=296548458,level=100,pluggedIn=false,status=5
06-14 14:55:36.790  1040  1040 D FlymeBatteryMeterView: hashCode=720319172,level=100,pluggedIn=false,status=5
06-14 14:55:36.791   874   874 D AlarmManager:  alarm = Alarm{26cd0ae7 type 1 when 00:00:00 start 00:00:00 end 00:00:00 android} add to Batch{144a3694 num=1 start=45301662 end=45301662 STANDALONE}
06-14 14:55:36.791 32355 32355 D MLog    : Thread:main  MKeepAliveReceiver#onReceive()--->action=android.intent.action.ACTION_POWER_DISCONNECTED
06-14 14:55:36.792   874   874 D AlarmManager:  alarm = Alarm{ab2853d type 1 when 00:00:00 start 00:00:00 end 00:00:00 com.android.calendar} add to Batch{144a3694 num=2 start=45301662 end=45301662 STANDALONE}
06-14 14:55:36.794   874   874 D AlarmManager:  alarm = Alarm{3cc98132 type 1 when 00:00:00 start 00:00:00 end 00:00:00 com.meizu.flyme.launcher} add to Batch{144a3694 num=3 start=45301662 end=45301662 STANDALONE}
06-14 14:55:36.794 32355 32355 D MLog    : Thread:main  MKeepAliveService#onStartCommand()--->  onStartCommand  pid 32355 com.meitu.mkit.mkeepalive.MKeepAliveService@3df791ba
06-14 14:55:36.795   874   874 D AlarmManager:  alarm = Alarm{25d56e83 type 1 when 00:00:00 start 23:59:59 end 00:00:00 com.meizu.flyme.input} add to Batch{144a3694 num=4 start=45301663 end=45301662 STANDALONE}
06-14 14:55:36.796   874   874 D AlarmManager:  alarm = Alarm{1fde2800 type 0 when 07:00:00 start 07:00:00 end 07:00:00 com.android.settings} add to Batch{31c73839 num=1 start=70501662 end=70501662 STANDALONE}
06-14 14:55:36.797   874   874 D AlarmAlignManager: I got broadcast:android.intent.action.BATTERY_CHANGED
06-14 14:55:36.798 32152 32193 W auto_update_AppAutoUpdateManager: <<Power change and cancel scheduler download, switch: true----Screen on: true, Power Connected: false, Battery: 100, Competitive Installed: false, d size: 0, d time: 0
06-14 14:55:36.799  1561  2082 D SQLiteDatabase: beginTransaction()
06-14 14:55:36.800  1561  2082 D PowerGaugeStats: delete record in db: battery_screen < time: 13-14-55-36
06-14 14:55:36.800  1561  2082 D PowerGaugeStats: execute battery screen sql phrase: insert into battery_screen (time, screen) values (1497423336799, 2) current utc time: 14-14-55-36
06-14 14:55:36.801  1561  2082 D SQLiteDatabase: endTransaction()
06-14 14:55:36.803  1040  1040 I KeyguardUpdateMonitor: handleBatteryUpdate index=0 updateInteresting=false
06-14 14:55:36.837   874  1592 D BatteryService: mBatteryVoltage=4373, batteryLevel=50
06-14 14:55:36.838   874   874 V ActivityManager: Broadcast sticky: Intent { act=android.intent.action.BATTERY_CHANGED flg=0x60000010 (has extras) } ordered=false userid=-1 callerApp=null
06-14 14:55:36.839   874   874 D UsbDeviceManager: onReceive - BATTERY_CHANGED - mPlugType: 0, mSettingUsbCharging: false, mConnected: true, mSettingUsbBicr: false
06-14 14:55:36.839   874   874 D UsbDeviceManager: onReceive - BATTERY_CHANGED - [HW USB Disconnected] mHwDisconnected: true, mConnected: true, mConfigured: true
06-14 14:55:36.840   874   874 D AlarmAlignManager: I got broadcast:android.intent.action.BATTERY_CHANGED
06-14 14:55:36.840   874   874 D WifiService: onReceive, action:android.intent.action.BATTERY_CHANGED
06-14 14:55:36.842  1561  1561 D PowerBroadcastCenter: receive intent: android.intent.action.BATTERY_CHANGED
06-14 14:55:36.841   874   970 D WifiController: DeviceActiveState{ when=-1ms what=155652 target=com.android.internal.util.StateMachine$SmHandler }
06-14 14:55:36.843  1561  1750 D PowerGaugeStats: battery level is changed: 100
06-14 14:55:36.841   874   970 D WifiController: StaEnabledState{ when=-1ms what=155652 target=com.android.internal.util.StateMachine$SmHandler }
06-14 14:55:36.843  1561  1750 D PowerGaugeStats: unplugged, no battery level change
06-14 14:55:36.841   874   970 D WifiController: DefaultState{ when=-1ms what=155652 target=com.android.internal.util.StateMachine$SmHandler }
06-14 14:55:36.844  1835  1835 D BroadcastCenter: receive intent: android.intent.action.BATTERY_CHANGED
06-14 14:55:36.844  1561  1718 D IPowerModeImp: getCurrentModeLocked:0
06-14 14:55:36.844  1561  1718 D PowerLevelNotification: level = 100 plugged = 0 show = false mBatteryLastLevel = 100 currentMode = 0 isDialogShowing = false isDeviceProvisioned = true
06-14 14:55:36.844  1561  1717 I BatteryConsumeMonitor: init var lastPlugType : 0 lastBatteryChangedLevel : 100
06-14 14:55:36.849 32424 32424 D BgTest  : uiCount 6
06-14 14:55:36.854  1040  1040 D KeyguardUpdateMonitor: received broadcast android.intent.action.BATTERY_CHANGED
06-14 14:55:36.856  1040  1040 D FlymeBatteryMeterView: hashCode=122392665,level=100,pluggedIn=false,status=5
06-14 14:55:36.856  1040  1040 D FlymeBatteryMeterView: hashCode=296548458,level=100,pluggedIn=false,status=5
06-14 14:55:36.856  1040  1040 D FlymeBatteryMeterView: hashCode=720319172,level=100,pluggedIn=false,status=5
06-14 14:55:36.857  1040  1040 I KeyguardUpdateMonitor: handleBatteryUpdate index=0 updateInteresting=false
06-14 14:55:37.103 32424 32489 D BgTest  : bgCount 6
06-14 14:55:37.263 32355 32419 I System.out: [CDS]EAGAIN in Recvfrom
06-14 14:55:37.263 32355 32419 I System.out: [CDS]read byte is 0
06-14 14:55:37.263 32355 32419 D MLog    : org.eclipse.paho.client.mqttv3.internal.CommsReceiver::run -> 852
06-14 14:55:37.702  1040  1040 D NetworkController.WifiSignalController: setActivity: wifiActivity= 3
06-14 14:55:37.702  1040  1040 D NetworkController.WifiSignalController: isDirty : false
06-14 14:55:37.704  1040  1040 D NetworkController.WifiSignalController: Change in state from: connected=true,enabled=true,level=4,inetCondition=1,iconGroup=IconGroup(Wi-Fi Icons),activityIn=false,activityOut=false,rssi=-53,networkType=null,lastModified=06-14 02:55:36,ssid="sodino"enabling=falsedisabling=falseconnecting=false
06-14 14:55:37.704  1040  1040 D NetworkController.WifiSignalController: 	to: connected=true,enabled=true,level=4,inetCondition=1,iconGroup=IconGroup(Wi-Fi Icons),activityIn=true,activityOut=true,rssi=-53,networkType=null,lastModified=06-14 02:55:36,ssid="sodino"enabling=falsedisabling=falseconnecting=false
06-14 14:55:37.704  1040  1040 D NetworkController.WifiSignalController: Wifi notifyListeners: level= 4, wifiActivity= 3
06-14 14:55:37.705  1040  1040 D SignalClusterView: setWifiIndicators, visible=true, strengthIcon=2130839042, contentDescription=WLAN信号满格。
06-14 14:55:37.706  1040  1040 D NetworkController.WifiSignalController: Wifi notifyListeners: level= 4, wifiActivity= 3
06-14 14:55:37.707  1040  1040 D SignalClusterView: setWifiIndicators, visible=true, strengthIcon=2130839042, contentDescription=WLAN信号满格。
06-14 14:55:37.708  1040  1040 D NetworkController.WifiSignalController: Wifi notifyListeners: level= 4, wifiActivity= 3
06-14 14:55:37.708  1040  1040 D SignalClusterView: setWifiIndicators, visible=true, strengthIcon=2130839042, contentDescription=WLAN信号满格。
06-14 14:55:37.709  1040  1040 D NetworkController.WifiSignalController: Wifi notifyListeners: level= 4, wifiActivity= 3
06-14 14:55:37.709  1040  1040 D SignalClusterView: setWifiIndicators, visible=true, strengthIcon=2130839042, contentDescription=WLAN信号满格。
06-14 14:55:37.709  1040  1040 D ConnectionRateView: DataConnection: new=true,old=true
06-14 14:55:37.709  1040  1040 D ConnectionRateView: DataConnection: new=true,old=true
06-14 14:55:37.713   874   900 I libPerfService: perfSetFavorPid - pid:0, 0
06-14 14:55:37.841   874   925 D UsbDeviceManager: handleMessage - MSG_UPDATE_STATE/MSG_UPDATE_DISCONNECT_STATE - mConnected: false, mSettingUsbCharging: false, mSettingUsbBicr: false
06-14 14:55:37.844   874   874 D lights  : color_to_brightness, color=200,state->color=1000
06-14 14:55:37.842   874   925 D UsbDeviceManager: sys.usb.acm_idx=
06-14 14:55:37.844   874   874 D lights  : blink_button, level=512, onMS=0, offMS=0
06-14 14:55:37.842   874   925 D UsbDeviceManager: else setEnabledFunctions, functions: mtp,adb, mCurrentFunctions: mtp,adb
06-14 14:55:37.845   874   874 D lights  : color_to_brightness, color=400,state->color=4000
06-14 14:55:37.842   874   925 V ActivityManager: Broadcast sticky: Intent { act=android.hardware.usb.action.USB_STATE flg=0x20000010 (has extras) } ordered=false userid=-1 callerApp=ProcessRecord{2de77b41 874:system/1000}
06-14 14:55:37.845   874   874 D lights  : blink_button, level=1024, onMS=0, offMS=0
06-14 14:55:37.846   874   874 D LedTest : mNotificationLight.turnOffFlick() && turnOffDoubleFlick() called!
06-14 14:55:37.854   319   319 I thermal_repeater: oh, queryMdThermalInfo (0)Bad file number
06-14 14:55:37.847   874   874 D lights  : color_to_brightness, color=200,state->color=1000
06-14 14:55:37.865   319   319 I thermal_repeater: [recvMdThermalInfo] ret=25, strLen=127,  1, 32767,,, -1, 32767, 2
06-14 14:55:37.847   874   874 D lights  : blink_button, level=512, onMS=0, offMS=0
06-14 14:55:37.873   874   925 W UsbDeviceManager: sys.usb.mtpConnect = noneMTPConnection
06-14 14:55:37.850 32424 32424 D BgTest  : uiCount 7
06-14 14:55:37.873   874   925 D UsbDeviceManager: sys.usb.acm_idx=
06-14 14:55:37.850   874   874 D lights  : color_to_brightness, color=400,state->color=4000
06-14 14:55:37.873   874   925 D UsbDeviceManager: handleMessage mConnected:false,mConfigured:false, mHwDisconnected:true
06-14 14:55:37.850   874   874 D lights  : blink_button, level=1024, onMS=0, offMS=0
06-14 14:55:37.874  1040  1585 D StorageNotification: onUsbMassStorageConnectionChangedAsync - mLastState: mounted, st: removed, mLastConnected: false, connected: false, path: /storage/sdcard1
06-14 14:55:37.859   874   874 D LedTest : mNotificationLight.turnOffFlick() && turnOffDoubleFlick() called!
06-14 14:55:37.874  1040  1040 W StatusBar: updateNotification for unknown pkg: android
06-14 14:55:37.862   874   923 D Interception: isAlwaysAllow the calleePkg: com.mediatek.mtklogger is system application, return true.
06-14 14:55:37.875  1040  1585 D StorageNotification: isAbleToShare - length:2
06-14 14:55:37.862   874   923 D Interception: isInterceptByRule realCallingPid: -1 isInterceptAsUsual: false isMatch: false, runType===broadcast|||callerPkg===*|||calleePkg===com.mediatek.mtklogger|||calleeClass===com.mediatek.mtklogger.framework.LogReceiver|||processName===com.mediatek.mtklogger|||action===android.hardware.usb.action.USB_STATE|||data===*|||extras===Bundle[{USB_VIA_CDROM_EJECTED=false, connected=false, SettingUsbCharging=false, adb=true, mtp=true, configured=false, USB_HW_DISCONNECTED=true, USB_IS_PC_KNOW_ME=true}]|||interception===false
06-14 14:55:37.875  1040  1585 D StorageNotification: isAbleToShare - allowMassStorage:falseisEmulated:true
06-14 14:55:37.867   874   985 D PerfServiceManager: [PerfService] MESSAGE_USER_ENABLE_TIMEOUT_MS: 10, 1000 
06-14 14:55:37.875  1040  1585 D StorageNotification: isAbleToShare - allowMassStorage:trueisEmulated:false
06-14 14:55:37.867   874   985 I libPerfService: 10: set freq: 1300000
06-14 14:55:37.875  1040  1585 D StorageNotification: isAbleToShare - /storage/sdcard1 @ removed
06-14 14:55:37.867   874   985 I libPerfService: 10: set: 6
06-14 14:55:37.875  1040  1585 D StorageNotification: isAbleToShare - allowedShareNum:0
06-14 14:55:37.872   874   874 I Tethering: StateReceiver onReceive action:android.hardware.usb.action.USB_STATE
06-14 14:55:37.875  1040  1585 D StorageNotification: updateUsbMassStorageNotification - isStorageCanShared=false,available=false
06-14 14:55:37.872   874   874 I Tethering: StateReceiver onReceive action synchronized: usbConnected = false usbConfigured = false, mRndisEnabled = false, mUsbTetherRequested = false
06-14 14:55:37.876   874  1830 D VoldConnector: SND -> {108 volume shared /storage/sdcard1 ums}
06-14 14:55:37.872   874   874 I Tethering: StateReceiver onReceive action synchronized: mUsbTetherEnabled = false
06-14 14:55:37.877   271   836 D FrameworkListener: dispatchCommand data = (108 volume shared /storage/sdcard1 ums)
06-14 14:55:37.873  1561  1588 D NotificationService: onNotificationRemoved: sbn packageName : android id : 17040636 flag : 2
06-14 14:55:37.877   271   836 D VoldCmdListener: volume shared /storage/sdcard1 ums
06-14 14:55:37.873  1561  1588 D NotificationState: removeNotification: packageName : android id : 17040636 flag : 2 idSet : [PowerNotification{packageName='android', id=17040644, flag=2}]
06-14 14:55:37.877   271   836 D SocketClient: SocketClient sendData done: 212 108 Share disabled
06-14 14:55:37.874  1561  1588 D NotificationService: onNotificationRemoved: sbn packageName : android id : 17040644 flag : 2
06-14 14:55:37.877   874   958 D VoldConnector: RCV <- {212 108 Share disabled}
06-14 14:55:37.874  1561  1588 D NotificationState: removeNotification: packageName : android id : 17040644 flag : 2 idSet : []
06-14 14:55:37.877  1040  1040 W StatusBar: removeFakeNotificationViews()---removeNotification for unknown pkg: android
06-14 14:55:37.875  1040  1040 D ChargeViewUtils: onNotificationCountChaned hasActiveNotifications = true, mHasActiveNotifications = true
06-14 14:55:37.877   874  1830 D VoldConnector: RMV <- {212 108 Share disabled}
06-14 14:55:37.875  1040  1040 I PhoneStatusBar: updateNotificationCountChange,mLastHasNotification:true , hasActiveNotifications:true
06-14 14:55:37.877   874  1830 I MountService: isUsbMassStorageEnabled: false
06-14 14:55:37.877  1040  1040 V PhoneStatusBar: DEBUG_MEDIA: updateDropViews for notification null metadata=null metaDataChanged=false state=0 notificationChanged = false hasArtwork false wallpaperChanged = false
06-14 14:55:37.877  1040  1585 D StorageNotification: updateUsbMassStorageNotification - [false]
06-14 14:55:37.878  1040  1585 D StorageNotification: setUsbStorageNotification - visible: {false}
06-14 14:55:37.878  1040  1040 D ChargeViewUtils: onNotificationCountChaned hasActiveNotifications = false, mHasActiveNotifications = true
06-14 14:55:37.878  1040  1585 D StorageNotification: setUsbStorageNotification - mIsLastVisible: false
06-14 14:55:37.878  1040  1040 I PhoneStatusBar: updateNotificationCountChange,mLastHasNotification:true , hasActiveNotifications:false
06-14 14:55:37.878  1040  1585 D StorageNotification: onUsbMassStorageConnectionChangedAsync - Disconnect
06-14 14:55:37.878  1040  1040 V PhoneStatusBar: DEBUG_MEDIA: updateDropViews for notification null metadata=null metaDataChanged=false state=0 notificationChanged = true hasArtwork false wallpaperChanged = false
06-14 14:55:37.878  1040  1585 D StorageNotification: onUsbMassStorageConnectionChangedAsync - mLastConnected: false
06-14 14:55:37.878  1040  1040 D BlurUtils: onNotificationCountChaned hasActiveNotifications = false
06-14 14:55:37.878  1040  1040 D BlurUtils: animationClear mBlurView.getCurrentFrame() = 0
06-14 14:55:37.878  1040  1040 D KeyguardIndicationController: onNotificationCountChaned visible = false
