06-14 14:55:38.201   874  1832 D AlarmManager:  alarm = Alarm{3c12dce1 type 0 when 23:00:00 start 23:00:00 end 23:00:00 com.android.settings} add to Batch{a5aca06 num=1 start=41701662 end=41701662 STANDALONE}
06-14 14:55:38.201  1040  1040 V KeyguardUpdateMonitor: *** register callback for com.android.systemui.keyguard.ChargeViewUtils$1@108724a8
06-14 14:55:38.201  1040  1040 V KeyguardUpdateMonitor: *** unregister callback for null
06-14 14:55:38.201  1040  1040 I ChargeViewUtils: onRefreshBatteryInfo
06-14 14:55:38.201  1040  1040 D PhoneStatusBar: shouldChargingViewShow hasActiveNotificationsAndShowLockScreenNotification() = false, mNotificationPanel.isExpanding() = false, mNotificationPanel.isNotificationPanelFullyExpandedOnKeyguardShade() = false, mQsExpansionFraction = 0.0, isKeyguardShadeMode() = false, mKeyguardMusicController.isMusicViewShowing() = false, isQsExpanded() = false, mNotificationPanel.isMzKeyguardAffordanceHelperSwiping() = false, mNotificationPanel.shouldCameraIntercept()false, isInLaunchTransition()false
06-14 14:55:38.201  1040  1040 I ChargeViewUtils: updateChargingState shouldChargingViewShow = true , mPluggedIn = false
06-14 14:55:38.201  1040  1040 D PhoneStatusBar: shouldChargingViewShow hasActiveNotificationsAndShowLockScreenNotification() = false, mNotificationPanel.isExpanding() = false, mNotificationPanel.isNotificationPanelFullyExpandedOnKeyguardShade() = false, mQsExpansionFraction = 0.0, isKeyguardShadeMode() = false, mKeyguardMusicController.isMusicViewShowing() = false, isQsExpanded() = false, mNotificationPanel.isMzKeyguardAffordanceHelperSwiping() = false, mNotificationPanel.shouldCameraIntercept()false, isInLaunchTransition()false
06-14 14:55:38.201  1040  1040 I ChargeViewUtils: onRefreshBatteryInfo
06-14 14:55:38.201  1040  1040 D PhoneStatusBar: shouldChargingViewShow hasActiveNotificationsAndShowLockScreenNotification() = false, mNotificationPanel.isExpanding() = false, mNotificationPanel.isNotificationPanelFullyExpandedOnKeyguardShade() = false, mQsExpansionFraction = 0.0, isKeyguardShadeMode() = false, mKeyguardMusicController.isMusicViewShowing() = false, isQsExpanded() = false, mNotificationPanel.isMzKeyguardAffordanceHelperSwiping() = false, mNotificationPanel.shouldCameraIntercept()false, isInLaunchTransition()false
06-14 14:55:38.201  1040  1040 I ChargeViewUtils: updateChargingState shouldChargingViewShow = true , mPluggedIn = false
06-14 14:55:38.201  1040  1040 D PhoneStatusBar: shouldChargingViewShow hasActiveNotificationsAndShowLockScreenNotification() = false, mNotificationPanel.isExpanding() = false, mNotificationPanel.isNotificationPanelFullyExpandedOnKeyguardShade() = false, mQsExpansionFraction = 0.0, isKeyguardShadeMode() = false, mKeyguardMusicController.isMusicViewShowing() = false, isQsExpanded() = false, mNotificationPanel.isMzKeyguardAffordanceHelperSwiping() = false, mNotificationPanel.shouldCameraIntercept()false, isInLaunchTransition()false
06-14 14:55:38.201  1040  1040 D PhoneStatusBar: shouldChargingViewShow hasActiveNotificationsAndShowLockScreenNotification() = false, mNotificationPanel.isExpanding() = false, mNotificationPanel.isNotificationPanelFullyExpandedOnKeyguardShade() = false, mQsExpansionFraction = 0.0, isKeyguardShadeMode() = false, mKeyguardMusicController.isMusicViewShowing() = false, isQsExpanded() = false, mNotificationPanel.isMzKeyguardAffordanceHelperSwiping() = false, mNotificationPanel.shouldCameraIntercept()false, isInLaunchTransition()false
06-14 14:55:38.201  1040  1040 I ChargeViewUtils: updateChargingState shouldChargingViewShow = true , mPluggedIn = false
06-14 14:55:38.201  1040  1040 D PhoneStatusBar: shouldChargingViewShow hasActiveNotificationsAndShowLockScreenNotification() = false, mNotificationPanel.isExpanding() = false, mNotificationPanel.isNotificationPanelFullyExpandedOnKeyguardShade() = false, mQsExpansionFraction = 0.0, isKeyguardShadeMode() = false, mKeyguardMusicController.isMusicViewShowing() = false, isQsExpanded() = false, mNotificationPanel.isMzKeyguardAffordanceHelperSwiping() = false, mNotificationPanel.shouldCameraIntercept()false, isInLaunchTransition()false
06-14 14:55:38.201  1040  1040 D BlurUtils: onShowKeyguard hasActiveNotifications = false
06-14 14:55:38.201  1040  1040 V SettingsInterface:  from settings cache , name = set_wallpaper_simultaneously , value = 0
06-14 14:55:38.201  1040  1040 D BlurUtils: hideBlurView
06-14 14:55:38.202   874  1832 D AlarmManager:  alarm = Alarm{18da08c7 type 1 when 00:00:00 start 00:00:00 end 00:00:00 com.meizu.flyme.launcher} add to Batch{146c8ef4 num=1 start=45301662 end=45301662 STANDALONE}
06-14 14:55:38.203  1860  1881 V SettingsInterface:  from settings cache , name = multi_sim_data_call , value = -1
06-14 14:55:38.203  1040  2068 D MobileDataController: isValidSubId subId:-1
06-14 14:55:38.203  1040  1040 D KeyguardBouncer: hide() is called, destroyView = false
06-14 14:55:38.203  1040  1040 D KeyguardSecurityContainer: onPause()
06-14 14:55:38.203  1040  1040 D KeyguardBouncer: hide() - user has left keyguard, setAlternateUnlockEnabled(true)
06-14 14:55:38.203  1040  1040 D KeyguardUpdateMonitor: setAlternateUnlockEnabled(enabled = true)
06-14 14:55:38.203  1040  1040 D KeyguardBouncer: inflateView() is called, we force to re-inflate the "Bouncer" view.
06-14 14:55:38.204   874  1832 D AlarmManager:  alarm = Alarm{a7f661d type 1 when 00:00:00 start 00:00:00 end 23:59:59 android} add to Batch{146c8ef4 num=2 start=45301662 end=45301662 STANDALONE}
06-14 14:55:38.225   874  1245 I StatusBarManagerService: disable by pkg=com.android.systemui
06-14 14:55:38.204  1040  2068 D MobileDataController: is valid: false
06-14 14:55:38.225   874  1245 D StatusBarManagerService: disable statusbar calling PID = 1040
06-14 14:55:38.204   874  1832 D AlarmManager:  alarm = Alarm{20c98092 type 1 when 00:00:00 start 00:00:00 end 00:00:00 com.meizu.safe} add to Batch{146c8ef4 num=3 start=45301662 end=45301662 STANDALONE}
06-14 14:55:38.205   874  1832 D AlarmManager:  alarm = Alarm{1de46a63 type 0 when 07:00:00 start 07:00:00 end 07:00:00 com.android.settings} add to Batch{3e3da660 num=1 start=70501662 end=70501662 STANDALONE}
06-14 14:55:38.206  1040  2068 D MobileDataTile: handleUpdateState state=SignalState[visible=false,icon=ResourceIcon[resId=0x7f0204cb],label=移动数据,contentDescription=null,dualLabelContentDescription=null,autoMirrorDrawable=true,intermediate=false,enabled=false,connected=false,activityIn=false,activityOut=false,overlayIconId=0,filter=true,wideOverlayIcon=false]
06-14 14:55:38.207  1040  2068 D WifiTile: handleUpdateState arg=CallbackInfo[enabled=true,connected=true,wifiSignalIconId=2130837780,enabledDesc="sodino",activityIn=true,activityOut=true,wifiSignalContentDescription=WLAN信号满格。,enabling=false,connecting=false,disabling=false]
06-14 14:55:38.207  1040  2068 D WifiTile: state.label=sodino state.enabled=true state.connected=true state.intermediate=false mDetailItemClickManuallyfalse
06-14 14:55:38.207  1040  2068 D MobileDataTile: handleUpdateState arg=CallbackInfo[enabled=false,wifiEnabled=true,wifiConnected=true,airplaneModeEnabled=false,mobileSignalIconId=0,dataTypeIconId=0,activityIn=false,activityOut=false,enabledDesc=null,noSim=true,mobileDataModeDesc=优先 4G]
06-14 14:55:38.208   874  1879 D AlarmManager:  alarm = Alarm{39fb13de type 1 when 00:00:00 start 00:00:00 end 00:00:00 com.android.calendar} add to Batch{146c8ef4 num=4 start=45301662 end=45301662 STANDALONE}
06-14 14:55:38.208  1860  2189 V SettingsInterface:  from settings cache , name = multi_sim_voice_call , value = null
06-14 14:55:38.209  1040  1040 V KeyguardUpdateMonitor: *** register callback for com.android.keyguard.KeyguardSimpleHostView$1@2370e7c7
06-14 14:55:38.209  1040  1040 V KeyguardUpdateMonitor: *** unregister callback for null
06-14 14:55:38.210  1860  1880 V SettingsInterface:  from settings cache , name = multi_sim_data_call , value = -1
06-14 14:55:38.210  1040  1040 D KeyguardSecurityContainer: lock screen instance created in keyguard com.mediatek.keyguard.ext.DefaultLockScreenExt@211cf253
06-14 14:55:38.229  1040  1040 V KeyguardDisplayManager: show
06-14 14:55:38.210  1040  2068 D MobileDataController: isValidSubId subId:-1
06-14 14:55:38.212  1040  2068 D MobileDataController: is valid: false
06-14 14:55:38.230   874   931 D DisplayPowerState: Screen ready
06-14 14:55:38.212  1040  1040 D KeyguardSecurityModel: isPinPukOrMeRequiredOfSubId() - phoneId = 0, simState = ABSENT
06-14 14:55:38.231   874   931 D DisplayPowerState: setColorFadeLevel: level=0.9822787
06-14 14:55:38.212  1040  1040 D KeyguardSecurityModel: isPinPukOrMeRequiredOfSubId() - phoneId = 1, simState = ABSENT
06-14 14:55:38.212  1040  1040 D AntiTheftManager: getCurrentAntiTheftMode() is called.
06-14 14:55:38.213  1040  1040 D KeyguardSecurityModel: getSecurityMode() - PW_Quality = 0
06-14 14:55:38.213  1040  2068 D MobileDataTile: handleUpdateState state=SignalState[visible=false,icon=ResourceIcon[resId=0x7f0204cb],label=移动数据,contentDescription=null,dualLabelContentDescription=null,autoMirrorDrawable=true,intermediate=false,enabled=false,connected=false,activityIn=false,activityOut=false,overlayIconId=0,filter=true,wideOverlayIcon=false]
06-14 14:55:38.213  1040  2068 D MobileDataTile: handleUpdateState arg=CallbackInfo[enabled=false,wifiEnabled=true,wifiConnected=true,airplaneModeEnabled=false,mobileSignalIconId=0,dataTypeIconId=0,activityIn=false,activityOut=false,enabledDesc=null,noSim=true,mobileDataModeDesc=优先 4G]
06-14 14:55:38.214  1040  1040 D LockPatternUtils: s=true ,L=false ,q=false ,v=false
06-14 14:55:38.214  1860  1881 V SettingsInterface:  from settings cache , name = multi_sim_voice_call , value = null
06-14 14:55:38.215  1040  1040 D KeyguardSecurityModel: getSecurityMode() - mode = None
06-14 14:55:38.215  1040  1040 V KeyguardSecurityContainer: showPrimarySecurityScreen(turningOff=false)
06-14 14:55:38.215  1040  1040 D KeyguardSecurityContainer: showSecurityScreen(None)
06-14 14:55:38.215  1040  1040 D VoiceWakeupManager: getInstance(...) is called.
06-14 14:55:38.215  1040  1040 D KeyguardSecurityContainer: showSecurityScreen() - get oldview forInvalid
06-14 14:55:38.215  1040  1040 D KeyguardSecurityContainer: showSecurityScreen() - get newview forNone
06-14 14:55:38.215  1040  1040 D KeyguardSecurityContainer: Before update, mCurrentSecuritySelection = Invalid
06-14 14:55:38.215  1040  1040 D KeyguardSecurityContainer: After update, mCurrentSecuritySelection = None
06-14 14:55:38.215  1040  1040 D StatusBarKeyguardViewManager: setNeedsInput() - needsInput = false
06-14 14:55:38.215  1040  1040 D KeyguardSecurityModel: isPinPukOrMeRequiredOfSubId() - phoneId = 0, simState = ABSENT
06-14 14:55:38.215  1040  1040 D KeyguardSecurityModel: isPinPukOrMeRequiredOfSubId() - phoneId = 1, simState = ABSENT
06-14 14:55:38.215  1040  1040 D AntiTheftManager: getCurrentAntiTheftMode() is called.
06-14 14:55:38.216  1040  1040 D KeyguardSecurityModel: getSecurityMode() - PW_Quality = 0
06-14 14:55:38.216  1860  2189 V SettingsInterface:  from settings cache , name = multi_sim_data_call , value = -1
06-14 14:55:38.216  1040  2068 D MobileDataController: isValidSubId subId:-1
06-14 14:55:38.217  1040  1040 D LockPatternUtils: s=true ,L=false ,q=false ,v=false
06-14 14:55:38.217  1040  2068 D MobileDataController: is valid: false
06-14 14:55:38.217  1040  1040 D KeyguardSecurityModel: getSecurityMode() - mode = None
06-14 14:55:38.217  1040  1040 D DefaultLockScreenExt: initDgilLayout called
06-14 14:55:38.217  1040  2068 D MobileDataTile: handleUpdateState state=SignalState[visible=false,icon=ResourceIcon[resId=0x7f0204cb],label=移动数据,contentDescription=null,dualLabelContentDescription=null,autoMirrorDrawable=true,intermediate=false,enabled=false,connected=false,activityIn=false,activityOut=false,overlayIconId=0,filter=true,wideOverlayIcon=false]
06-14 14:55:38.218  1040  2068 V SettingsInterface:  from settings cache , name = location_providers_allowed , value = default
06-14 14:55:38.218  1040  2068 V SettingsInterface:  from settings cache , name = location_providers_allowed , value = default
06-14 14:55:38.218  1040  2068 D LocationController: state.contentDescription=位置报告功能关闭。 locationEnabled=false
06-14 14:55:38.219  1040  1040 V KeyguardBouncer: showBatteryOrNot mPowerState = normal
06-14 14:55:38.220  1040 32643 D FlymeWallpaperManager: getLockWallpaperBitmap
06-14 14:55:38.220  1040  2068 D BluetoothAdapter: isEnabled
06-14 14:55:38.220  1040  2068 D BluetoothAdapter: 653040189: getState() :  mService = null. Returning STATE_OFF
06-14 14:55:38.220  1040  2068 D BluetoothAdapter: 653040189: getState() :  mService = null. Returning STATE_OFF
06-14 14:55:38.220  1040  2068 D BluetoothAdapter: 653040189: getState() :  mService = null. Returning STATE_OFF
06-14 14:55:38.220  1040  2068 D BluetoothController: state.contentDescription=蓝牙关闭。 connected=false connecting=false state.label=蓝牙 state.dualLabelContentDescription=蓝牙
06-14 14:55:38.222  1040  1040 V KeyguardUpdateMonitor: *** register callback for com.android.systemui.statusbar.phone.KeyguardBouncer$6@32d03e16
06-14 14:55:38.222  1040  1040 V KeyguardUpdateMonitor: *** unregister callback for null
06-14 14:55:38.222  1040  1040 D StatusBarKeyguardViewManager: updateStates() - showing = true, mLastShowing = false
06-14 14:55:38.222  1040  1040 D StatusBarKeyguardViewManager: updateStates() - occluded = falsemLastOccluded = false
06-14 14:55:38.222  1040  1040 D StatusBarKeyguardViewManager: updateStates() - bouncerShowing = false, mLastBouncerShowing = false
06-14 14:55:38.222  1040  1040 D StatusBarKeyguardViewManager: updateStates() - mFirstUpdate = false
06-14 14:55:38.222  1040  1040 D KeyguardUpdateMonitor: sendKeyguardVisibilityChanged(true)
06-14 14:55:38.222  1040  1040 D KeyguardViewMediator: mReadyToShow set as false
06-14 14:55:38.222  1040  1040 D KeyguardViewMediator: updateActivityLockScreenState() - mShowing = true mReadyToShow = false !mOccluded = true
06-14 14:55:38.222  1040  2068 D QSTile.ScreenshotTile: state.value=false
06-14 14:55:38.223  1040  1040 D DefaultLockScreenExt: disableSearch called
06-14 14:55:38.224  1040  1040 D KeyguardViewMediator: adjustStatusBarLocked: mShowing=true mOccluded=false isSecure=false --> flags=0x1200000
06-14 14:55:38.224  1040  2068 D ScreenRecordController: state.value=false
06-14 14:55:38.225  1040  2068 D WifiTile: handleUpdateState arg=null
06-14 14:55:38.225  1040  2068 D MobileDataTile: handleUpdateState arg=null
06-14 14:55:38.226  1040  2068 V SettingsInterface:  from settings cache , name = location_providers_allowed , value = default
06-14 14:55:38.226  1040  2068 V SettingsInterface:  from settings cache , name = location_providers_allowed , value = default
06-14 14:55:38.227  1040  1040 D KeyguardViewMediator: playSounds(locked = true), mSuppressNextLockSound =false
06-14 14:55:38.227  1040  2068 D LocationController: state.contentDescription=位置报告功能关闭。 locationEnabled=false
06-14 14:55:38.227  1040  2068 V SettingsInterface:  from settings cache , name = airplane_mode_on , value = 0
06-14 14:55:38.227  1040  2068 D AirplaneModeTile: handleUpdateState: false, 0, null
06-14 14:55:38.227  1040  2068 D AirplaneModeTile: handleUpdateState(), common flow
06-14 14:55:38.229  1040  1040 D KeyguardViewMediator: handleShow exit
06-14 14:55:38.229  1040  1040 D KeyguardViewMediator: handle show call mKeyguardDisplayManager.show()
06-14 14:55:38.236  1040  2068 D BluetoothAdapter: isEnabled
06-14 14:55:38.236  1040  2068 D BluetoothAdapter: 653040189: getState() :  mService = null. Returning STATE_OFF
06-14 14:55:38.236  1040  2068 D BluetoothAdapter: 653040189: getState() :  mService = null. Returning STATE_OFF
06-14 14:55:38.236  1040  2068 D BluetoothAdapter: 653040189: getState() :  mService = null. Returning STATE_OFF
06-14 14:55:38.236  1040  2068 D BluetoothController: state.contentDescription=蓝牙关闭。 connected=false connecting=false state.label=蓝牙 state.dualLabelContentDescription=蓝牙
06-14 14:55:38.238  1040  2068 D QSTile.ScreenshotTile: state.value=false
06-14 14:55:38.239   874  1592 V SettingsInterface:  from settings cache , name = tether_supported , value = null
06-14 14:55:38.239   874  1592 D Tethering: isGeminiSupport: true
06-14 14:55:38.240  1860  1880 V SettingsInterface:  from settings cache , name = multi_sim_data_call , value = -1
06-14 14:55:38.241   874  1592 E Tethering: updateConfiguration: wrong MCCMNC =null
06-14 14:55:38.241   874  1592 I Tethering: ifaceTypes = null, use default
06-14 14:55:38.241   874  1592 I Tethering: upstreamIfaceTypes.add:0
06-14 14:55:38.241   874  1592 I Tethering: upstreamIfaceTypes.add:1
06-14 14:55:38.241   874  1592 I Tethering: upstreamIfaceTypes.add:5
06-14 14:55:38.241   874  1592 I Tethering: upstreamIfaceTypes.add:7
06-14 14:55:38.241   874  1592 I Tethering: upstreamIfaceTypes.add:9
06-14 14:55:38.241   874  1592 I Tethering: upstreamIfaceTypes.add:49
06-14 14:55:38.242  1860  2369 V SettingsInterface:  from settings cache , name = tether_dun_required , value = null
06-14 14:55:38.242  1860  2369 V SettingsInterface:  from settings cache , name = tether_dun_apn , value = null
06-14 14:55:38.242   874  1592 I Tethering: checkDunRequired:2
06-14 14:55:38.243   874  1592 D Tethering: mPreferredUpstreamMobileApn = 5
06-14 14:55:38.243   874  1592 D Tethering: isTetheringIpv6Support: true
06-14 14:55:38.243   874  1592 V SettingsInterface:  from settings cache , name = tether_ipv6_feature , value = 0
06-14 14:55:38.243   874  1592 D Tethering: getIpv6FeatureEnable:0
06-14 14:55:38.244  1040  2068 D ScreenRecordController: state.value=false
06-14 14:55:38.248   874  1848 V WindowManager: Changing focus from Window{3f366fcc u0 com.sodino.postdelay/com.sodino.postdelay.MainActivity} to Window{2d0534c8 u0 StatusBar} Callers=com.android.server.wm.WindowManagerService.relayoutWindow:3701 com.android.server.wm.Session.relayout:203 android.view.IWindowSession$Stub.onTransact:273 com.android.server.wm.Session.onTransact:136 
06-14 14:55:38.253   874   931 D DisplayPowerState: Screen ready
06-14 14:55:38.253   874   931 D DisplayPowerState: setColorFadeLevel: level=0.9588773
06-14 14:55:38.263 32355 32419 I System.out: [CDS]EAGAIN in Recvfrom
06-14 14:55:38.263 32355 32419 I System.out: [CDS]read byte is 0
06-14 14:55:38.263 32355 32419 D MLog    : org.eclipse.paho.client.mqttv3.internal.CommsReceiver::run -> 852
06-14 14:55:38.265   874   928 I WindowManager: Gaining focus: Window{2d0534c8 u0 StatusBar}
06-14 14:55:38.265   874   928 I WindowManager: Losing focus: Window{3f366fcc u0 com.sodino.postdelay/com.sodino.postdelay.MainActivity}
06-14 14:55:38.275   874   931 D DisplayPowerState: Screen ready
06-14 14:55:38.275   874   931 D DisplayPowerState: setColorFadeLevel: level=0.92835873
06-14 14:55:38.275  1040  2131 D Surface : Surface::disconnect(this=0x7f80223600,api=1)
06-14 14:55:38.275  1040  2131 D GraphicBuffer: unregister, handle(0x7f67051b00) (w:1080 h:66 s:1088 f:0x1 u:0x000b00)
06-14 14:55:38.276  1040  2131 D GraphicBuffer: unregister, handle(0x7f670e0ba0) (w:1080 h:66 s:1088 f:0x1 u:0x000b00)
06-14 14:55:38.276  1040  2131 D GraphicBuffer: unregister, handle(0x7f66c7e7a0) (w:1080 h:66 s:1088 f:0x1 u:0x000b00)
06-14 14:55:38.277  1040  2131 D GraphicBuffer: unregister, handle(0x7f66ce97a0) (w:1080 h:66 s:1088 f:0x1 u:0x000b00)
06-14 14:55:38.277   272   352 D GraphicBuffer: free, handle(0x7f74c8d9c0) (w:1080 h:66 s:1088 f:0x1 u:0x000b00)
06-14 14:55:38.278   272   352 D GraphicBuffer: free, handle(0x7f7a2806a0) (w:1080 h:66 s:1088 f:0x1 u:0x000b00)
06-14 14:55:38.278  1040  2131 D Surface : Surface::connect(this=0x7f80223600,api=1)
06-14 14:55:38.278  1040  2131 D mali_winsys: new_window_surface returns 0x3000
06-14 14:55:38.287  1040  1040 W View    : requestLayout() improperly called by android.widget.FrameLayout{2834cfa9 V.E..... ......ID 0,2681-1080,2681 #7f0e0297 app:id/mz_dismiss_view} during layout: running second layout pass
06-14 14:55:38.288  1040  1040 D ColorMasking: updateMaskingColor, frank = 0.0,isExpendfalse, mHasNotificationfalse
06-14 14:55:38.288  1040  1040 D ColorMasking: hideCover
06-14 14:55:38.293  1040  1040 D PanelView: non keyguard-shade mode, notify panel expansion change normally
06-14 14:55:38.293  1040  1040 D PhoneStatusBar: shouldChargingViewShow hasActiveNotificationsAndShowLockScreenNotification() = false, mNotificationPanel.isExpanding() = false, mNotificationPanel.isNotificationPanelFullyExpandedOnKeyguardShade() = false, mQsExpansionFraction = 0.0, isKeyguardShadeMode() = false, mKeyguardMusicController.isMusicViewShowing() = false, isQsExpanded() = false, mNotificationPanel.isMzKeyguardAffordanceHelperSwiping() = false, mNotificationPanel.shouldCameraIntercept()false, isInLaunchTransition()false
06-14 14:55:38.296  1040  1040 I ChargeViewUtils: updateChargingState shouldChargingViewShow = true , mPluggedIn = false
06-14 14:55:38.296  1040  1040 D PhoneStatusBar: shouldChargingViewShow hasActiveNotificationsAndShowLockScreenNotification() = false, mNotificationPanel.isExpanding() = false, mNotificationPanel.isNotificationPanelFullyExpandedOnKeyguardShade() = false, mQsExpansionFraction = 0.0, isKeyguardShadeMode() = false, mKeyguardMusicController.isMusicViewShowing() = false, isQsExpanded() = false, mNotificationPanel.isMzKeyguardAffordanceHelperSwiping() = false, mNotificationPanel.shouldCameraIntercept()false, isInLaunchTransition()false
06-14 14:55:38.296  1040  1040 D PanelView: notifyExpandedOnShadeChanged fullyExpandedOnShade = true
06-14 14:55:38.296  1040  1040 D SystemUIMobEventUtils: onEvent keyguard_slide_down_statusbar
06-14 14:55:38.298   874   931 D DisplayPowerState: Screen ready
06-14 14:55:38.298   874   931 D DisplayPowerState: setColorFadeLevel: level=0.8451257
06-14 14:55:38.319   874   931 D DisplayPowerState: Screen ready
06-14 14:55:38.319   874   931 D DisplayPowerState: setColorFadeLevel: level=0.7907066
06-14 14:55:38.341   874   931 D DisplayPowerState: Screen ready
06-14 14:55:38.341   874   931 D DisplayPowerState: setColorFadeLevel: level=0.73396486
06-14 14:55:38.342  1040  1040 D VolumePanel.06007275: forceTimeout delay=0 callers=com.android.systemui.volume.VolumePanel.postDismiss:1273 com.android.systemui.volume.VolumePanel$4.onReceive:631 android.app.LoadedApk$ReceiverDispatcher$Args.run:953 
06-14 14:55:38.344   272  8099 I [MALI][Gralloc]: Usage: 0xb00, format: 0x1 stride: 1088 vertical_stride: 1920 size: 8355840
06-14 14:55:38.344   272  8099 D GraphicBuffer: alloc, handle(0x7f7a1b2ce0) (w:1080 h:1920 s:1088 f:0x1 u:0x000b00) err(0)
06-14 14:55:38.346  1040  2131 D GraphicBuffer: register, handle(0x7f6735ee80) (w:1080 h:1920 s:1088 f:0x1 u:0x000b00)
06-14 14:55:38.349   272   934 I [MALI][Gralloc]: Usage: 0xb00, format: 0x1 stride: 1088 vertical_stride: 1920 size: 8355840
06-14 14:55:38.350   272   272 D GraphicBuffer: free, handle(0x7f74d3c240) (w:1080 h:66 s:1088 f:0x1 u:0x000b00)
06-14 14:55:38.350   272   934 D GraphicBuffer: alloc, handle(0x7f798123e0) (w:1080 h:1920 s:1088 f:0x1 u:0x000b00) err(0)
06-14 14:55:38.352  1040  2131 D GraphicBuffer: register, handle(0x7f66c09a20) (w:1080 h:1920 s:1088 f:0x1 u:0x000b00)
06-14 14:55:38.363   874   931 D DisplayPowerState: Screen ready
06-14 14:55:38.364   874   931 D DisplayPowerState: setColorFadeLevel: level=0.67305845
06-14 14:55:38.375  1040  1040 D KeyguardUpdateMonitor: handleKeyguardVisibilityChanged(1)
06-14 14:55:38.375  1040  1040 D PhoneStatusBar: disable: 0x00000000 -> 0x01200000 (diff: 0x01200000)
06-14 14:55:38.375  1040  1040 D PhoneStatusBar: disable: < expand icons alerts system_info back HOME* RECENT* clock search >
06-14 14:55:38.378  1040  1040 D PhoneStatusBar: hiding the MENU button
06-14 14:55:38.379  1040  1040 D VolumePanel: [GJ_VOLUME_1] msg.what = 5
06-14 14:55:38.380   874   922 D GpsLocationProvider: receive broadcast intent, action: android.intent.action.SCREEN_OFF
06-14 14:55:38.380   874   922 V SettingsInterface:  from settings cache , name = batterySaverGpsMode , value = null
06-14 14:55:38.381  1040  1040 W View    : requestLayout() improperly called by android.widget.FrameLayout{2834cfa9 V.E..... ......ID 0,2526-1080,2526 #7f0e0297 app:id/mz_dismiss_view} during second layout pass: posting in next frame
06-14 14:55:38.383  1561  1561 I PowerLogHandler: set screenoff msg 
06-14 14:55:38.387   874   931 D DisplayPowerState: Screen ready
06-14 14:55:38.388   874   931 D DisplayPowerState: setColorFadeLevel: level=0.5392295
06-14 14:55:38.396   272   934 I [MALI][Gralloc]: Usage: 0xb00, format: 0x1 stride: 1088 vertical_stride: 1920 size: 8355840
06-14 14:55:38.397   272   934 D GraphicBuffer: alloc, handle(0x7f79812980) (w:1080 h:1920 s:1088 f:0x1 u:0x000b00) err(0)
06-14 14:55:38.398  1040  2131 D GraphicBuffer: register, handle(0x7f670df2a0) (w:1080 h:1920 s:1088 f:0x1 u:0x000b00)
06-14 14:55:38.399  1040  1040 V PhoneStatusBar: onReceive: Intent { act=android.intent.action.SCREEN_OFF flg=0x50000010 }
06-14 14:55:38.400  1040  1040 V PhoneStatusBar: hiding heads up window
06-14 14:55:38.406  1885  1885 I Launcher: launcher stats1 = WORKSPACE
06-14 14:55:38.413  1860  1860 V SettingsInterface:  from settings cache , name = rp_notify_when_screen_off , value = null
06-14 14:55:38.417 32152 32152 D ConditionReceiver: Action: android.intent.action.SCREEN_OFF bAutoDownload: true
06-14 14:55:38.419   874   931 D DisplayPowerState: Screen ready
06-14 14:55:38.419   874   931 D DisplayPowerState: setColorFadeLevel: level=0.40630943
06-14 14:55:38.420 32152 32193 W auto_update_AppAutoUpdateManager: --Screen off, switch: true----Screen on: false, Power Connected: false, Battery: 100, Competitive Installed: false, d size: 0, d time: 0
06-14 14:55:38.428   272   352 I [MALI][Gralloc]: Usage: 0xb00, format: 0x1 stride: 1088 vertical_stride: 1920 size: 8355840
06-14 14:55:38.429   272   352 D GraphicBuffer: alloc, handle(0x7f798128e0) (w:1080 h:1920 s:1088 f:0x1 u:0x000b00) err(0)
06-14 14:55:38.430  1040  2131 D GraphicBuffer: register, handle(0x7f670514c0) (w:1080 h:1920 s:1088 f:0x1 u:0x000b00)
06-14 14:55:38.450   874   931 D DisplayPowerState: Screen ready
06-14 14:55:38.450   874   931 D DisplayPowerState: setColorFadeLevel: level=0.33804125
06-14 14:55:38.479   874   931 D DisplayPowerState: Screen ready
06-14 14:55:38.480   874   931 D DisplayPowerState: setColorFadeLevel: level=0.21895826
06-14 14:55:38.489  1040  1040 D KeyguardBouncer: setBouncerBackgroud background = android.graphics.drawable.BitmapDrawable@db92e19, mPowerState = normal
06-14 14:55:38.509   874   931 D DisplayPowerState: Screen ready
06-14 14:55:38.509   874   931 D DisplayPowerState: setColorFadeLevel: level=0.11725849
06-14 14:55:38.537   874   931 D DisplayPowerState: Screen ready
06-14 14:55:38.538   874   931 D DisplayPowerState: setColorFadeLevel: level=0.0778361
06-14 14:55:38.566   874   931 D DisplayPowerState: Screen ready
06-14 14:55:38.566   874   931 D DisplayPowerState: setColorFadeLevel: level=0.022103548
06-14 14:55:38.578   874  1891 I libPerfService: perfSetFavorPid - pid:0, 0
06-14 14:55:38.578   874  1891 D DeviceStateService: doCheckState handle=3
06-14 14:55:38.581   874  1891 D DeviceStateService: Native: nativeDoCheckLockState check=0, lock_rtx->enable=0,lock_rtx->lock_state=0,result:0.
06-14 14:55:38.582   874  1592 D DeviceStateService: doCheckState handle=4
06-14 14:55:38.583   874  1592 D DeviceStateService: Native: nativeDoCheckLockState check=0, lock_rtx->enable=0,lock_rtx->lock_state=0,result:0.
06-14 14:55:38.594   874   931 D DisplayPowerState: Screen ready
06-14 14:55:38.594   874   931 D DisplayPowerState: setColorFadeLevel: level=1.3875961E-4
06-14 14:55:38.621   874   931 D DisplayPowerState: Screen ready
06-14 14:55:38.621   874   931 D DisplayPowerState: setColorFadeLevel: level=0.0
06-14 14:55:38.633  1040  1040 D ColorMasking: hideCover, end
06-14 14:55:38.649   874   931 D DisplayPowerState: Requesting new screen state: state=ON, backlight=0
06-14 14:55:38.649   874   931 D DisplayPowerState: Screen not ready
06-14 14:55:38.649   874   993 D lights  : write 0 to /sys/class/leds/lcd-backlight/brightness
06-14 14:55:38.649   874   993 D DisplayPowerState: Updating screen state: state=ON, backlight=0, backlightChanged=true
06-14 14:55:38.649   874   993 D lights  : write_int open fd=300
06-14 14:55:38.649   874   931 D DisplayPowerController: debounceProximitySensor : mProximity:-1,setInteractive:false, mProximityScreenOffBroadcastSend:false
06-14 14:55:38.649   874   931 D DisplayPowerState: setScreenState: state=1
06-14 14:55:38.661   874   931 D SensorService: SensorDevice::activate: ident=0x7f72d4faa0, handle=0x00000002, enabled=0, count=1
06-14 14:55:38.661   874   931 D SensorService: disable index=0
06-14 14:55:38.661   874   931 D SensorService: 	>>> actuating h/w activate handle=2 enabled=0
06-14 14:55:38.661   874   931 I SensorHAL: Dev Active, handle: 2, name: LTR559 Proximity Sensor, enable: 0.
06-14 14:55:38.661   874   931 I SensorHAL: SensorBase::Enable. name: LTR559 Proximity Sensor, enable: 0
06-14 14:55:38.662   874   931 I SensorHAL: HWSensorBase::Enable, handle: 2, name: lsm6ds3_proximity, enable: 0
06-14 14:55:38.663   874   931 D SensorService: ~SensorEventConnection(0x7f72d4faa0)
06-14 14:55:38.663   874   931 D SensorService: 2 active sensors
06-14 14:55:38.663   874   931 D SensorService: removing connection 0x7f72d4faa0 for sensor[0].handle=0x00000001
06-14 14:55:38.663   874   931 D SensorService: removing connection 0x7f72d4faa0 for sensor[1].handle=0x00000007
06-14 14:55:38.663   874   931 D SensorService: SensorDevice::activate: ident=0x7f72d4fb80, handle=0x00000001, enabled=0, count=1
06-14 14:55:38.665   874   931 D DisplayPowerState: setScreenBrightness: brightness=0
06-14 14:55:38.663   874   931 D SensorService: disable index=0
06-14 14:55:38.666   874   931 D DisplayPowerState: Requesting new screen state: state=OFF, backlight=0
06-14 14:55:38.663   874   931 D SensorService: 	>>> actuating h/w activate handle=1 enabled=0
06-14 14:55:38.666   874   931 D DisplayPowerState: Screen not ready
06-14 14:55:38.664   874   931 I SensorHAL: Dev Active, handle: 1, name: LTR559 Light Sensor, enable: 0.
06-14 14:55:38.666   874   993 D DisplayPowerState: Updating screen state: state=OFF, backlight=0, backlightChanged=false
06-14 14:55:38.664   874   931 I SensorHAL: SensorBase::Enable. name: LTR559 Light Sensor, enable: 0
06-14 14:55:38.666   874   931 D DisplayPowerController: debounceProximitySensor : mProximity:-1,setInteractive:false, mProximityScreenOffBroadcastSend:false
06-14 14:55:38.665   874   931 I SensorHAL: HWSensorBase::Enable, handle: 1, name: lsm6ds3_light, enable: 0
06-14 14:55:38.666   874   993 D DisplayManagerService: Update global display state for DisplayDeviceInfo{"内置屏幕": uniqueId="local:0", 1080 x 1920, 57.860004 fps, supportedRefreshRates [57.860004], density 480, 480.0 x 480.0 dpi, appVsyncOff -8000000, presDeadline 26283096, touch INTERNAL, rotation 0, type BUILT_IN, state ON, subtype 0, FLAG_DEFAULT_DISPLAY, FLAG_ROTATES_WITH_CONTENT, FLAG_SECURE, FLAG_SUPPORTS_PROTECTED_BUFFERS}
06-14 14:55:38.665   874   931 D SensorService: ~SensorEventConnection(0x7f72d4fb80)
06-14 14:55:38.667   874   993 D LocalDisplayAdapter: requestDisplayState(OFF, id=0)
06-14 14:55:38.665   874   931 D SensorService: 1 active sensors
06-14 14:55:38.667   874   928 I DisplayManagerService: Display device changed: DisplayDeviceInfo{"内置屏幕": uniqueId="local:0", 1080 x 1920, 57.860004 fps, supportedRefreshRates [57.860004], density 480, 480.0 x 480.0 dpi, appVsyncOff -8000000, presDeadline 26283096, touch INTERNAL, rotation 0, type BUILT_IN, state OFF, subtype 0, FLAG_DEFAULT_DISPLAY, FLAG_ROTATES_WITH_CONTENT, FLAG_SECURE, FLAG_SUPPORTS_PROTECTED_BUFFERS}
06-14 14:55:38.665   874   931 D SensorService: removing connection 0x7f72d4fb80 for sensor[0].handle=0x00000007
06-14 14:55:38.667   874   928 D DisplayManagerService: Delivering display event: displayId=0, event=2
06-14 14:55:38.667   272   272 D SurfaceFlinger: Set power mode=0, type=0 flinger=0x7f7a059000
06-14 14:55:38.668   874   874 V ActivityManager: Display changed displayId=0
06-14 14:55:38.668   272   272 I hwcomposer: [HWC] SetPowerMode(0) Display(0)
06-14 14:55:38.688   272   272 I PerfService: PerfServiceNative_notifyDisplayType:1
06-14 14:55:38.728   874  1830 V ActivityManager: Broadcast: Intent { act=android.intent.action.CLOSE_SYSTEM_DIALOGS flg=0x50000010 (has extras) } ordered=false userid=-1 callerApp=null
06-14 14:55:38.729  1040  1040 V PhoneStatusBar: onReceive: Intent { act=android.intent.action.CLOSE_SYSTEM_DIALOGS flg=0x50000010 (has extras) }
06-14 14:55:38.754   874   982 D AudioService: MzCreateMediaserverWatchdogThread: monitor mediaserver end !!!
06-14 14:55:38.754   874   982 D AudioService: MzCreateMediaserverWatchdogThread: monitor mediaserver start !!!
06-14 14:55:38.755   874 32648 D AudioSystem: +setParameters(): mediaserver_monitor=1 
06-14 14:55:38.755   301  6737 I AudioFlinger: setParameters(): io 0, keyvalue mediaserver_monitor=1, calling pid 874
06-14 14:55:38.756   301  6737 D AudioALSAHardware: +setParameters(): mediaserver_monitor=1
06-14 14:55:38.756   301  6737 W AudioALSAHardware: setParameters(), still have param.size() = 1, remain param = "mediaserver_monitor=1"
06-14 14:55:38.756   301  6737 D AudioALSAHardware: -setParameters(): mediaserver_monitor=1 
06-14 14:55:38.756   301  6737 D bt_audio_a2dp_hw: [A2DP_HW] [adev_set_parameters@1540] out is null , check in stream
06-14 14:55:38.756   301  6737 I str_params: key: 'mediaserver_monitor' value: '1'
06-14 14:55:38.756   301  6737 D usb_audio_hw: adev_set_parameters: kvpairs = mediaserver_monitor=1
06-14 14:55:38.756   874 32648 D AudioSystem: -setParameters(): mediaserver_monitor=1 
06-14 14:55:38.757   301   981 I AudioPolicyManager: setStreamVolumeIndex stream = 7 index = 15 device = 0x400
06-14 14:55:38.773   874   931 D DisplayPowerState: Screen ready
06-14 14:55:38.773   874   931 D DisplayPowerController: debounceProximitySensor : mProximity:-1,setInteractive:false, mProximityScreenOffBroadcastSend:false
06-14 14:55:38.773   874   874 I ActivityManager: onWakefulnessChanged: 0
06-14 14:55:38.850 32424 32424 D BgTest  : uiCount 8
06-14 14:55:39.150 32424 32489 D BgTest  : bgCount 8
06-14 14:55:39.151  1040  1040 W recents.Component: create a new LoadPlan to load thumbnail -- background
06-14 14:55:39.156  1040  1040 W recents.Performance: preload while task Change spend : 6
06-14 14:55:39.263 32355 32419 I System.out: [CDS]EAGAIN in Recvfrom
06-14 14:55:39.263 32355 32419 I System.out: [CDS]read byte is 0
06-14 14:55:39.263 32355 32419 D MLog    : org.eclipse.paho.client.mqttv3.internal.CommsReceiver::run -> 852
06-14 14:55:39.852 32424 32424 D BgTest  : uiCount 9
06-14 14:55:40.191 32424 32489 D BgTest  : bgCount 9
06-14 14:55:40.263 32355 32419 I System.out: [CDS]EAGAIN in Recvfrom
06-14 14:55:40.263 32355 32419 I System.out: [CDS]read byte is 0
06-14 14:55:40.263 32355 32419 D MLog    : org.eclipse.paho.client.mqttv3.internal.CommsReceiver::run -> 852
06-14 14:55:40.852 32424 32424 D BgTest  : uiCount 10
06-14 14:55:41.223 32424 32489 D BgTest  : bgCount 10
06-14 14:55:41.273 32355 32419 I System.out: [CDS]EAGAIN in Recvfrom
06-14 14:55:41.273 32355 32419 I System.out: [CDS]read byte is 0
06-14 14:55:41.273 32355 32419 D MLog    : org.eclipse.paho.client.mqttv3.internal.CommsReceiver::run -> 852
06-14 14:55:41.783  1561  2084 D DataBuryManager: end charging 
06-14 14:55:41.783  1561  2084 D DataBuryManager: currentLevel : 100 currentStatus : 5 currentPlugType : 0
06-14 14:55:41.787  1561  2084 D DataBuryManager: end charging 
06-14 14:55:41.787  1561  2084 D DataBuryManager: currentLevel : 100 currentStatus : 5 currentPlugType : 0
06-14 14:55:41.843  1561  2084 D DataBuryManager: end charging 
06-14 14:55:41.843  1561  2084 D DataBuryManager: currentLevel : 100 currentStatus : 5 currentPlugType : 0
06-14 14:55:41.853 32424 32424 D BgTest  : uiCount 11
06-14 14:55:42.242 32424 32489 D BgTest  : bgCount 11
06-14 14:55:42.273 32355 32419 I System.out: [CDS]EAGAIN in Recvfrom
06-14 14:55:42.273 32355 32419 I System.out: [CDS]read byte is 0
06-14 14:55:42.273 32355 32419 D MLog    : org.eclipse.paho.client.mqttv3.internal.CommsReceiver::run -> 852
06-14 14:55:42.854 32424 32424 D BgTest  : uiCount 12
06-14 14:55:42.872   319   319 I thermal_repeater: oh, queryMdThermalInfo (0)Bad file number
06-14 14:55:42.880   319   319 I thermal_repeater: [recvMdThermalInfo] ret=25, strLen=127,  1, 32767,,, -1, 32767, 2
06-14 14:55:43.118  1835  1958 V SettingsInterface:  from settings cache , name = mz_game_mode , value = null
06-14 14:55:43.178  1835  1974 D RecordState: startCheck recordList = [] currentTime = 12644840
06-14 14:55:43.179  1835  1974 V SettingsInterface:  from settings cache , name = location_providers_allowed , value = default
06-14 14:55:43.179   874  1830 D CSLegacyTypeTracker: getNetworkForType type 0
06-14 14:55:43.179  1835  1974 V SettingsInterface:  from settings cache , name = location_providers_allowed , value = default
06-14 14:55:43.179   874  1830 D CSLegacyTypeTracker: getNetworkForType type 1
06-14 14:55:43.179  1835  1974 D LocationState: startCheck navigatingList = [] currentTime = 12644841
06-14 14:55:43.179   874  1830 D CSLegacyTypeTracker: getNetworkForType type 2
06-14 14:55:43.179   874  1830 D CSLegacyTypeTracker: getNetworkForType type 3
06-14 14:55:43.179   874  1830 D CSLegacyTypeTracker: getNetworkForType type 4
06-14 14:55:43.179   874  1830 D CSLegacyTypeTracker: getNetworkForType type 5
06-14 14:55:43.179   874  1830 D CSLegacyTypeTracker: getNetworkForType type 7
06-14 14:55:43.179   874  1830 D CSLegacyTypeTracker: getNetworkForType type 10
06-14 14:55:43.179   874  1830 D CSLegacyTypeTracker: getNetworkForType type 11
06-14 14:55:43.179   874  1830 D CSLegacyTypeTracker: getNetworkForType type 12
06-14 14:55:43.179   874  1830 D CSLegacyTypeTracker: getNetworkForType type 14
06-14 14:55:43.179   874  1830 D CSLegacyTypeTracker: getNetworkForType type 15
06-14 14:55:43.179   874  1830 D CSLegacyTypeTracker: getNetworkForType type 17
06-14 14:55:43.179   874  1830 D CSLegacyTypeTracker: getNetworkForType type 34
06-14 14:55:43.180   874  1830 D CSLegacyTypeTracker: getNetworkForType type 35
06-14 14:55:43.180   874  1830 D CSLegacyTypeTracker: getNetworkForType type 36
06-14 14:55:43.180   874  1830 D CSLegacyTypeTracker: getNetworkForType type 37
06-14 14:55:43.180   874  1830 D CSLegacyTypeTracker: getNetworkForType type 38
06-14 14:55:43.180   874  1830 D CSLegacyTypeTracker: getNetworkForType type 40
06-14 14:55:43.180   874  1830 D CSLegacyTypeTracker: getNetworkForType type 41
06-14 14:55:43.180   874  1830 D CSLegacyTypeTracker: getNetworkForType type 49
06-14 14:55:43.185  1835  1974 D MultiMediaState: startCheck musicList = [] currentTime = 12644846 isMusicPlaying = true  isPluggedHeadPhone = false isInteractive = false
06-14 14:55:43.185  1835  1974 D MultiMediaState: startCheck  otherList = [com.sodino.postdelay, com.meizu.flyme.launcher, com.meitu.mtsdk, com.android.calendar, com.android.providers.media, com.android.providers.downloads, com.mediatek.mtklogger, com.meizu.safe, com.meizu.battery, com.meizu.flyme.weather, com.meizu.mstore, com.meizu.net.search, com.meizu.privacy, com.meizu.flyme.service.find, com.tencent.mm, com.android.providers.calendar, com.flyme.netadmin, com.mediatek.systemupdate, com.meizu.mzsyncservice, com.mediatek.providers.drm, com.android.email, com.android.defcontainer, com.meizu.media.music, com.android.providers.applications, com.android.providers.userdictionary, com.android.providers.contacts, com.meizu.voiceassistant, com.meizu.account, com.flyme.systemuitools, com.meizu.share, com.meizu.cloud, com.android.providers.telephony, com.android.stk, com.android.phone, com.meizu.alphame, com.mediatek.nlpservice, com.android.incallui, com.waves.maxxservice, com.amap.android.location, com.meizu.experiencedatasync, com.tencent.qqpinyin, com.android.systemui, android, com.android.providers.settings, com.android.server.telecom, com.android.location.fused] currentTime = 12644846 isMusicPlaying = false  isPluggedHeadPhone = false isInteractive = false
06-14 14:55:43.185  1835  1974 D ScreenRecordState: isScreenRecord currentTime = 12644847 mScreenRecordTime = 0 isScreenRecord = false
06-14 14:55:43.185  1835  1974 D RecordState: isRecording currentTime = 12644848 mRecordTime = 0 isRecord = false
06-14 14:55:43.185  1835  1974 D LocationState: isNavigation currentTime = 12644848 mNavigationTime = 0 isNavigation = false
06-14 14:55:43.186  1835  1974 D DownloadState: isDownload currentTime = 12644848 mDownloadTime = 10595501 isDownload = false
06-14 14:55:43.186  1835  1974 D MultiMediaState: isPlayMusic currentTime = 12644848 mPlayMusicTime = 0 isMusic = false
06-14 14:55:43.273 32355 32419 I System.out: [CDS]EAGAIN in Recvfrom
06-14 14:55:43.273 32355 32419 I System.out: [CDS]read byte is 0
06-14 14:55:43.273 32355 32419 D MLog    : org.eclipse.paho.client.mqttv3.internal.CommsReceiver::run -> 852
06-14 14:55:43.282 32424 32489 D BgTest  : bgCount 12
06-14 14:55:43.325  1231  8560 D UsageStats_UsageStatsUploader: DB_CHANGED, current count is 0, stop time alarm.
06-14 14:55:43.327   874  1891 D AlarmManager: manual remove option = PendingIntent{efbc051: PendingIntentRecord{18285cb9 com.meizu.safe broadcastIntent}}
06-14 14:55:43.332  3445  3477 D UsageStats_UsageStatsUploader: DB_CHANGED, current count is 0, stop time alarm.
06-14 14:55:43.333 32152 32326 D UsageStats_UsageStatsUploader: DB_CHANGED, current count is 0, stop time alarm.
06-14 14:55:43.333 13331 13354 D UsageStats_UsageStatsUploader: DB_CHANGED, current count is 0, stop time alarm.
06-14 14:55:43.333 32103 32134 D UsageStats_UsageStatsUploader: DB_CHANGED, current count is 0, stop time alarm.
06-14 14:55:43.339   874  1245 D AlarmManager: manual remove option = PendingIntent{256fc0b6: PendingIntentRecord{1ca25b41 com.meizu.mzsyncservice broadcastIntent}}
06-14 14:55:43.340   874  1828 D AlarmManager: manual remove option = PendingIntent{10b1b7: PendingIntentRecord{20593382 com.meizu.net.search broadcastIntent}}
06-14 14:55:43.341   874  1882 D AlarmManager: manual remove option = PendingIntent{7cb9d24: PendingIntentRecord{21690b75 com.meizu.mstore broadcastIntent}}
06-14 14:55:43.341   874  1882 D AlarmManager: manual remove option = PendingIntent{96b108d: PendingIntentRecord{2efbccac com.flyme.netadmin broadcastIntent}}
06-14 14:55:43.855 32424 32424 D BgTest  : uiCount 13
06-14 14:55:44.401   279   279 E ccci_fsd(1): Failed to read from FS device (-1) !! errno = 4
06-14 14:55:44.403 32424 32489 D BgTest  : bgCount 13
06-14 14:55:44.857 32424 32424 D BgTest  : uiCount 14
06-14 14:55:45.269   874   953 V AlarmManager: Checking for alarms... rtc=1497423345269, elapsed=12646931
06-14 14:55:45.270   874   953 D AlarmManager: set alarm to RTC 2-12661986-14:56:00
06-14 14:55:45.270   874   953 D AlarmManager: set alarm to RTC 3-12661662-14:56:00
06-14 14:55:45.271   874   953 D AlarmManager: sending alarm Alarm{3baf3242 type 0 when 14:55:45 start 14:55:45 end 14:55:45 com.meitu.mtsdk}and operation:MqttService.pingSender.17241a5a-51a1-401d-bc08-4c3708f8458a
06-14 14:55:45.271   874   953 V ActivityManager: Broadcast: Intent { act=MqttService.pingSender.17241a5a-51a1-401d-bc08-4c3708f8458a flg=0x114 (has extras) } ordered=true userid=0 callerApp=null
06-14 14:55:45.273 32355 32355 D AlarmPingSender: Ping 1 times.
06-14 14:55:45.275   874   953 V AlarmManager: sending alarm Alarm{3baf3242 type 0 when 14:55:45 start 14:55:45 end 14:55:45 com.meitu.mtsdk} success
06-14 14:55:45.276 32355 32355 D AlarmPingSender: Check time :1497423345276
06-14 14:55:45.277 32355 32355 D MLog    : org.eclipse.paho.client.mqttv3.internal.ClientState::checkForActivity -> 616 inserts:0 
06-14 14:55:45.278 32355 32355 D MLog    : org.eclipse.paho.client.mqttv3.internal.ClientState::checkForActivity -> 620 inserts:3 10000 1497423335152 1497423335235 
06-14 14:55:45.278 32355 32355 D MLog    : org.eclipse.paho.client.mqttv3.internal.CommsTokenStore::saveToken -> 300 inserts:2 Ping PINGREQ 
06-14 14:55:45.278 32355 32355 D MLog    : org.eclipse.paho.client.mqttv3.internal.CommsTokenStore::saveToken -> 307 inserts:2 Ping org.eclipse.paho.client.mqttv3.MqttToken@8cc7ea4 
06-14 14:55:45.278 32355 32355 D MLog    : org.eclipse.paho.client.mqttv3.internal.ClientState::notifyQueueLock -> 638
06-14 14:55:45.278 32355 32355 D MLog    : org.eclipse.paho.client.mqttv3.internal.ClientState::checkForActivity -> 624 inserts:1 10000 
06-14 14:55:45.279 32355 32420 D MLog    : org.eclipse.paho.client.mqttv3.internal.ClientState::get -> 647
06-14 14:55:45.279 32355 32420 D MLog    : org.eclipse.paho.client.mqttv3.internal.CommsSender::run -> 802 inserts:2 Ping PINGREQ 
06-14 14:55:45.279 32355 32420 D MLog    : org.eclipse.paho.client.mqttv3.internal.ClientState::notifySentBytes -> 643 inserts:1 2 
06-14 14:55:45.279 32355 32420 D MLog    : org.eclipse.paho.client.mqttv3.internal.wire.MqttOutputStream::write -> 500 inserts:1 PINGREQ 
06-14 14:55:45.280 32355 32420 D MLog    : org.eclipse.paho.client.mqttv3.internal.ClientState::notifySent -> 625 inserts:1 Ping 
06-14 14:55:45.280 32355 32420 D MLog    : org.eclipse.paho.client.mqttv3.internal.Token::notifySent -> 403 inserts:1 Ping 
06-14 14:55:45.280 32355 32420 D MLog    : org.eclipse.paho.client.mqttv3.internal.ClientState::notifySent -> 635 inserts:1 1 
06-14 14:55:45.280 32355 32420 D MLog    : org.eclipse.paho.client.mqttv3.internal.ClientState::get -> 644
06-14 14:55:45.280 32355 32355 D AlarmPingSender: Schedule next alarm at 1497423355280
06-14 14:55:45.281   874  1082 V AlarmManager: APP set(PendingIntent{2bf4b253: PendingIntentRecord{7f56fb1 com.meitu.mtsdk broadcastIntent}}) : type=0 triggerAtTime=1497423355280 win=0 tElapsed=12656942 maxElapsed=12656942 interval=0 standalone=true
06-14 14:55:45.282   874  1082 D AlarmManager: set alarm to RTC 2-12656942-14:55:55
06-14 14:55:45.283   874  1824 I libPerfService: perfSetFavorPid - pid:32424, 7ea8
06-14 14:55:45.345 32355 32419 D MLog    : org.eclipse.paho.client.mqttv3.internal.ClientState::notifyReceivedBytes -> 630 inserts:1 1 
06-14 14:55:45.345 32355 32419 D MLog    : org.eclipse.paho.client.mqttv3.internal.wire.MqttInputStream::readMqttWireMessage -> 501 inserts:1 PINGRESP msgId 0 
06-14 14:55:45.345 32355 32419 D MLog    : org.eclipse.paho.client.mqttv3.internal.ClientState::notifyReceivedAck -> 627 inserts:2 0 PINGRESP msgId 0 
06-14 14:55:45.346 32355 32419 D MLog    : org.eclipse.paho.client.mqttv3.internal.Token::markComplete -> 404 inserts:3 Ping PINGRESP msgId 0 [null] 
06-14 14:55:45.346 32355 32419 D MLog    : org.eclipse.paho.client.mqttv3.internal.Token::notifyComplete -> 404 inserts:3 Ping PINGRESP msgId 0 [null] 
06-14 14:55:45.346 32355 32419 D MLog    : org.eclipse.paho.client.mqttv3.internal.ClientState::notifyResult -> 648 inserts:3 Ping PINGRESP msgId 0 [null] 
06-14 14:55:45.346 32355 32419 D MLog    : org.eclipse.paho.client.mqttv3.internal.CommsCallback::asyncOperationComplete -> 715 inserts:1 Ping 
06-14 14:55:45.346 32355 32419 D MLog    : org.eclipse.paho.client.mqttv3.internal.CommsTokenStore::removeToken -> 306 inserts:1 Ping 
06-14 14:55:45.347 32355 32419 D MLog    : org.eclipse.paho.client.mqttv3.internal.ClientState::notifyReceivedAck -> 636 inserts:1 0 
06-14 14:55:45.347 32355 32419 D MLog    : org.eclipse.paho.client.mqttv3.internal.CommsReceiver::run -> 852
06-14 14:55:45.347 32355 32421 D MLog    : org.eclipse.paho.client.mqttv3.internal.CommsCallback::handleActionComplete -> 705 inserts:1 Ping 
06-14 14:55:45.347 32355 32421 D MLog    : org.eclipse.paho.client.mqttv3.internal.ClientState::notifyComplete -> 629 inserts:3 0 org.eclipse.paho.client.mqttv3.MqttToken@8cc7ea4 PINGRESP msgId 0 
06-14 14:55:45.347 32355 32421 D MLog    : org.eclipse.paho.client.mqttv3.internal.Token::notifyComplete -> 404 inserts:3 Ping PINGRESP msgId 0 [null] 
06-14 14:55:45.348 32355 32421 D MLog    : org.eclipse.paho.client.mqttv3.internal.CommsCallback::fireActionEvent -> 716 inserts:1 Ping 
06-14 14:55:45.348 32355 32421 D AlarmPingSender: Success. Release lock(MqttService.client.17241a5a-51a1-401d-bc08-4c3708f8458a):1497423345348
06-14 14:55:45.349 32355 32421 D MLog    : org.eclipse.paho.client.mqttv3.internal.CommsCallback::run -> 706
06-14 14:55:45.349 32355 32421 D MLog    : org.eclipse.paho.client.mqttv3.internal.CommsCallback::run -> 704
06-14 14:55:45.443 32424 32489 D BgTest  : bgCount 14
06-14 14:55:45.859 32424 32424 D BgTest  : uiCount 15
06-14 14:55:46.343 32355 32419 I System.out: [CDS]EAGAIN in Recvfrom
06-14 14:55:46.343 32355 32419 I System.out: [CDS]read byte is 0
06-14 14:55:46.344 32355 32419 D MLog    : org.eclipse.paho.client.mqttv3.internal.CommsReceiver::run -> 852
06-14 14:55:46.483 32424 32489 D BgTest  : bgCount 15
06-14 14:55:54.023   279   279 E ccci_fsd(1): Failed to read from FS device (-1) !! errno = 4
06-14 14:55:54.107 32424 32424 D BgTest  : uiCount 16
06-14 14:55:55.018   279   279 E ccci_fsd(1): Failed to read from FS device (-1) !! errno = 4
06-14 14:55:55.019 32424 32489 D BgTest  : bgCount 16
06-14 14:55:55.280   874   953 V AlarmManager: Checking for alarms... rtc=1497423355279, elapsed=12656942
06-14 14:55:55.280   874   953 D AlarmManager: set alarm to RTC 2-12661986-14:56:00
06-14 14:55:55.281   874   953 D AlarmManager: sending alarm Alarm{4b76790 type 0 when 14:55:55 start 14:55:55 end 14:55:55 com.meitu.mtsdk}and operation:MqttService.pingSender.17241a5a-51a1-401d-bc08-4c3708f8458a
06-14 14:55:55.281   874   953 V ActivityManager: Broadcast: Intent { act=MqttService.pingSender.17241a5a-51a1-401d-bc08-4c3708f8458a flg=0x114 (has extras) } ordered=true userid=0 callerApp=null
