06-14 14:56:23.360   874   922 D ActivityManager: getContentProviderImpl: from caller=android.app.ActivityThread$ApplicationThread@3445ae5b (pid=874, userId=0) to get content provider telephony cpr=ContentProviderRecord{29f1d495 u0 com.android.providers.telephony/.TelephonyProvider}
06-14 14:56:23.360   874   922 D ActivityManager: getContentProviderImpl: updateLruProcessLocked cpr.proc=ProcessRecord{1ec493f4 1860:com.android.phone/1001}
06-14 14:56:23.365 13430 13430 I SystemUpdate/Receiver: onReceive: action = android.net.conn.CONNECTIVITY_CHANGE
06-14 14:56:23.366  3445  3445 V SettingsInterface:  from settings cache , name = meizu_device_name , value = 魅蓝 note 2
06-14 14:56:23.368   874  1830 D CSLegacyTypeTracker: getNetworkForType type 0
06-14 14:56:23.368   874  1830 D CSLegacyTypeTracker: getNetworkForType type 1
06-14 14:56:23.368   874  1830 D CSLegacyTypeTracker: getNetworkForType type 2
06-14 14:56:23.368   874  1830 D CSLegacyTypeTracker: getNetworkForType type 3
06-14 14:56:23.368   874  1830 D CSLegacyTypeTracker: getNetworkForType type 4
06-14 14:56:23.368   874  1830 D CSLegacyTypeTracker: getNetworkForType type 5
06-14 14:56:23.369   874  1830 D CSLegacyTypeTracker: getNetworkForType type 7
06-14 14:56:23.369  1860 13323 V SettingsInterface:  from settings cache , name = multi_sim_voice_call , value = null
06-14 14:56:23.369   874  1830 D CSLegacyTypeTracker: getNetworkForType type 10
06-14 14:56:23.369   874  1830 D CSLegacyTypeTracker: getNetworkForType type 11
06-14 14:56:23.369   874  1830 D CSLegacyTypeTracker: getNetworkForType type 12
06-14 14:56:23.369   874  1830 D CSLegacyTypeTracker: getNetworkForType type 14
06-14 14:56:23.369   874  1830 D CSLegacyTypeTracker: getNetworkForType type 15
06-14 14:56:23.369   874  1830 D CSLegacyTypeTracker: getNetworkForType type 17
06-14 14:56:23.369   874  1830 D CSLegacyTypeTracker: getNetworkForType type 34
06-14 14:56:23.371 13430 13430 I SystemUpdate/Util: get network stype is : STATE_NONE_NETWORK
06-14 14:56:23.369   874  1830 D CSLegacyTypeTracker: getNetworkForType type 35
06-14 14:56:23.369   874  1830 D CSLegacyTypeTracker: getNetworkForType type 36
06-14 14:56:23.369   874  1830 D CSLegacyTypeTracker: getNetworkForType type 37
06-14 14:56:23.369   874  1830 D CSLegacyTypeTracker: getNetworkForType type 38
06-14 14:56:23.369   874  1830 D CSLegacyTypeTracker: getNetworkForType type 40
06-14 14:56:23.369   874  1830 D CSLegacyTypeTracker: getNetworkForType type 41
06-14 14:56:23.369   874  1830 D CSLegacyTypeTracker: getNetworkForType type 49
06-14 14:56:23.376   874   922 E GpsLocationProvider: No APN found to select.
06-14 14:56:23.377   874  1592 D LinkWakenInterception: isInterceptAsUsual, the callerPkg(com.meizu.flyme.weather) and calleePkg are same, return false.
06-14 14:56:23.377   874  1592 D Interception: isInterceptByRule realCallingPid: 13616 isInterceptAsUsual: false isMatch: false, runType===retrieve_service|||callerPkg===com.meizu.flyme.weather|||calleePkg===com.meizu.flyme.weather|||calleeClass===com.meizu.flyme.weather.WidgetProviderService|||processName===com.meizu.flyme.weather|||action===android.net.conn.CONNECTIVITY_CHANGE|||data===*|||extras===Bundle[mParcelledData.dataSize=676]|||interception===false
06-14 14:56:23.379   874   922 D gps_mtk : agps_ril_update_network_state: line = 1008agps_ril_update_network_state  connected=0 type=1 roaming=0 extra=(null)
06-14 14:56:23.379   874   922 D gps_mtk : agps_ril_update_network_state: line = 1009nw_connected =0
06-14 14:56:23.379   874   922 D gps_mtk : mtk_daemon_send: line = 672mtk_daemon_send 250
06-14 14:56:23.379   874   922 D gps_mtk : agps_ril_update_network_availability: line = 1037agps_ril_update_network_availability  avaiable=0 apn=[dummy-apn]
06-14 14:56:23.379   874   922 D gps_mtk : mtk_daemon_send: line = 672mtk_daemon_send 250
06-14 14:56:23.380   314   314 D MNLD    : process: epoll_wait() received 1 events
06-14 14:56:23.380   314   314 D MNLD    : socket_handler: args from hal: 133
06-14 14:56:23.380   314   314 D agps    : [MNL2AGPS] connected=0, type = 1, roaming=0, extra_info=
06-14 14:56:23.380   314   314 D MNLD    : process: socket_handler: ret = 0
06-14 14:56:23.380   314   314 D MNLD    : process: epoll_wait() received 1 events
06-14 14:56:23.380   314   314 D MNLD    : socket_handler: args from hal: 134
06-14 14:56:23.380   311   378 D agps    : [agps][n][AGPS] [MNL] read  update_network_state  connected=0 type=1 roaming=0 extra_info=[]
06-14 14:56:23.380   314   314 D agps    : [MNL2AGPS] avaiable=0, apn=dummy-apn
06-14 14:56:23.380   314   314 D MNLD    : process: socket_handler: ret = 0
06-14 14:56:23.380   311   378 D agps    : [agps][n][AGPS] [MNL] read  update_network_availability  avaiable=0 apn=[dummy-apn]
06-14 14:56:23.384 13616 13616 I Process : Sending signal. PID: 13616 SIG: 9
06-14 14:56:23.385   874   874 V SettingsInterface:  from settings cache , name = sys_free_storage_log_interval , value = null
06-14 14:56:23.385   874   874 V SettingsInterface:  from settings cache , name = disk_free_change_reporting_threshold , value = null
06-14 14:56:23.472   336   336 W ADB_SERVICES: terminating JDWP 32355 connection: Try again
06-14 14:56:23.472   874  1884 I ActivityManager: Process com.meitu.mtsdk (pid 32355) has died
06-14 14:56:23.472   336   336 D ADB_SERVICES: remove pid 32355 to jdwp process list
06-14 14:56:23.472   874  1712 D DisplayManagerService: Display listener for pid 32355 died.
06-14 14:56:23.472   325  8491 D GuiExt  : [GuiExtS] binder of dump tunnel(RB-0xf4be9740) died
06-14 14:56:23.472   874  1884 D ActivityManager: SVC-handleAppDiedLocked: app = ProcessRecord{1fbff4c2 32355:com.meitu.mtsdk/u0a249}, app.pid = 32355
06-14 14:56:23.472   874  1830 I WindowState: WIN DEATH: Window{48b5a1a u0 com.meitu.mtsdk/com.meitu.mtsdk.MainActivity}
06-14 14:56:23.473   272  8099 I SurfaceFlinger: EventThread Client Pid (32355) disconnected by (272)
06-14 14:56:23.473   272  8099 I SurfaceFlinger: EventThread Client Pid (32355) disconnected by (272)
06-14 14:56:23.473   874  1884 W ActivityManager: Scheduling restart of crashed service com.meitu.mtsdk/com.meitu.mkit.mkeepalive.MKeepAliveService in 1000ms
06-14 14:56:23.473   874  1884 D ActivityManager: removeDyingProviderLocked: cpr=ContentProviderRecord{1729b814 u0 com.meitu.mtsdk/com.google.firebase.provider.FirebaseInitProvider} always=false inLaunching=false
06-14 14:56:23.473   874  1884 I Shrinker: Preload Process =com.meitu.mtsdk
06-14 14:56:23.473   874  1884 D ActivityManager: removeDyingProviderLocked: cpr=ContentProviderRecord{651a8bd u0 com.meitu.mtsdk/com.meitu.mkit.mstore.sdk.MStoreProvider} always=false inLaunching=false
06-14 14:56:23.474   874   985 D PerfServiceManager: [PerfService] MESSAGE_USER_ENABLE_TIMEOUT_MS: 10, 1000 
06-14 14:56:23.473   874  1884 D ActivityManager: SVC-mBroadcastQueues: com.android.server.am.BroadcastQueue@3255f377
06-14 14:56:23.474   874   985 I libPerfService: 10: set freq: 1300000
06-14 14:56:23.473   874  1884 D ActivityManager: SVC-mBroadcastQueues: com.android.server.am.BroadcastQueue@23d11be4
06-14 14:56:23.474   874   985 I libPerfService: 10: set: 6
06-14 14:56:23.475   272  8099 I SurfaceFlinger: [SF client] DEL(0x7f7a07f140) for (874:system_server)
06-14 14:56:23.476   874  1891 D DisplayManagerService: Display listener for pid 13616 died.
06-14 14:56:23.476   874   970 D WifiService: Client connection lost with reason: 4
06-14 14:56:23.521 32679 32679 W Zygote  : mz_is_rooted false
06-14 14:56:23.522   874  1884 I ActivityManager: Start proc 32679:com.meitu.mtsdk/u0a249 for restart com.meitu.mtsdk
06-14 14:56:23.524 32679 32679 I art     : Late-enabling -Xcheck:jni
06-14 14:56:23.524   874  1882 I ActivityManager: Process com.meizu.flyme.weather (pid 13616) has died
06-14 14:56:23.524   874  1882 D ActivityManager: SVC-handleAppDiedLocked: app = ProcessRecord{1d41d38f 13616:com.meizu.flyme.weather/u0a79}, app.pid = 13616
06-14 14:56:23.524   874  1882 W ActivityManager: Scheduling restart of crashed service com.meizu.flyme.weather/.WidgetProviderService in 10948ms
06-14 14:56:23.524   874  1882 D ActivityManager: removeDyingProviderLocked: cpr=ContentProviderRecord{115c9eb2 u0 com.meizu.flyme.weather/.common.CityDBProvider} always=false inLaunching=false
06-14 14:56:23.524   874  1882 D ActivityManager: removeDyingProviderLocked: cpr=ContentProviderRecord{c75fe03 u0 com.meizu.flyme.weather/com.moji.mjweather.provider.WeatherProvider} always=false inLaunching=false
06-14 14:56:23.524   874  1882 D ActivityManager: SVC-mBroadcastQueues: com.android.server.am.BroadcastQueue@3255f377
06-14 14:56:23.524   874  1882 D ActivityManager: SVC-mBroadcastQueues: com.android.server.am.BroadcastQueue@23d11be4
06-14 14:56:23.526   874   923 D AutoRunInterception: isInterceptAsUsual, the mode of interception item is: 0 calleePkg: com.gozap.chouti
06-14 14:56:23.526   874   923 W Interception: isInterceptByRule realCallingPid: -1 isInterceptAsUsual: true isMatch: false, runType===broadcast|||callerPkg===*|||calleePkg===com.gozap.chouti|||calleeClass===com.gozap.chouti.service.ConnectionChangeReceiver|||processName===com.gozap.chouti|||action===android.net.conn.CONNECTIVITY_CHANGE|||data===*|||extras===Bundle[{networkInfo=[type: WIFI[], state: DISCONNECTED/DISCONNECTED, reason: (unspecified), extra: <unknown ssid>, roaming: false, failover: false, isAvailable: true, isConnectedToProvisioningNetwork: false], networkType=1, otherNetwork=[type: WIFI[], state: DISCONNECTED/DISCONNECTED, reason: (unspecified), extra: <unknown ssid>, roaming: false, failover: false, isAvailable: true, isConnectedToProvisioningNetwork: false], inetCondition=0, extraInfo=<unknown ssid>, subId=null}]|||interception===false
06-14 14:56:23.532   336   336 D ADB_SERVICES: Adding socket 13 pid 32679 to jdwp process list
06-14 14:56:23.536   874  1082 D AutoRunInterception: isInterceptAsUsual, the mode of interception item is: 0 calleePkg: com.meitu.mtsdk
06-14 14:56:23.536   874  1082 W Interception: isInterceptByRule realCallingPid: 0 isInterceptAsUsual: true isMatch: false, runType===broadcast|||callerPkg===*|||calleePkg===com.meitu.mtsdk|||calleeClass===com.meitu.pushkit.InnerReceiver|||processName===com.meitu.mtsdk|||action===android.net.conn.CONNECTIVITY_CHANGE|||data===*|||extras===Bundle[{networkInfo=[type: WIFI[], state: DISCONNECTED/DISCONNECTED, reason: (unspecified), extra: <unknown ssid>, roaming: false, failover: false, isAvailable: true, isConnectedToProvisioningNetwork: false], networkType=1, otherNetwork=[type: WIFI[], state: DISCONNECTED/DISCONNECTED, reason: (unspecified), extra: <unknown ssid>, roaming: false, failover: false, isAvailable: true, isConnectedToProvisioningNetwork: false], inetCondition=0, extraInfo=<unknown ssid>, subId=null}]|||interception===false
06-14 14:56:23.537   296   778 D SocketClient: SocketClient sendData done: 
06-14 14:56:23.538   296   778 D SocketClient: SocketClient sendData done: 
06-14 14:56:23.538   874   923 D AutoRunInterception: isInterceptAsUsual, the mode of interception item is: 0 calleePkg: com.meitu.mtsdk
06-14 14:56:23.538   296   778 D SocketClient: SocketClient sendData done: 
06-14 14:56:23.538   874   923 W Interception: isInterceptByRule realCallingPid: -1 isInterceptAsUsual: true isMatch: false, runType===broadcast|||callerPkg===*|||calleePkg===com.meitu.mtsdk|||calleeClass===com.meitu.pushkit.mtpush.MTPushInnerReceiver|||processName===com.meitu.mtsdk|||action===android.net.conn.CONNECTIVITY_CHANGE|||data===*|||extras===Bundle[{networkInfo=[type: WIFI[], state: DISCONNECTED/DISCONNECTED, reason: (unspecified), extra: <unknown ssid>, roaming: false, failover: false, isAvailable: true, isConnectedToProvisioningNetwork: false], networkType=1, otherNetwork=[type: WIFI[], state: DISCONNECTED/DISCONNECTED, reason: (unspecified), extra: <unknown ssid>, roaming: false, failover: false, isAvailable: true, isConnectedToProvisioningNetwork: false], inetCondition=0, extraInfo=<unknown ssid>, subId=null}]|||interception===false
06-14 14:56:23.538   296   778 D SocketClient: SocketClient sendData done: 
06-14 14:56:23.539   874   923 D AutoRunInterception: isInterceptAsUsual, the mode of interception item is: 0 calleePkg: com.meitu.mtsdk
06-14 14:56:23.539   874   923 W Interception: isInterceptByRule realCallingPid: -1 isInterceptAsUsual: true isMatch: false, runType===broadcast|||callerPkg===*|||calleePkg===com.meitu.mtsdk|||calleeClass===com.meitu.mkit.mkeepalive.MKeepAliveReceiver|||processName===com.meitu.mtsdk|||action===android.net.conn.CONNECTIVITY_CHANGE|||data===*|||extras===Bundle[{networkInfo=[type: WIFI[], state: DISCONNECTED/DISCONNECTED, reason: (unspecified), extra: <unknown ssid>, roaming: false, failover: false, isAvailable: true, isConnectedToProvisioningNetwork: false], networkType=1, otherNetwork=[type: WIFI[], state: DISCONNECTED/DISCONNECTED, reason: (unspecified), extra: <unknown ssid>, roaming: false, failover: false, isAvailable: true, isConnectedToProvisioningNetwork: false], inetCondition=0, extraInfo=<unknown ssid>, subId=null}]|||interception===false
06-14 14:56:23.541   874  1592 D AlarmManager: manual remove option = PendingIntent{25f5520a: PendingIntentRecord{12a611 com.tencent.mm broadcastIntent}}
06-14 14:56:23.541   874  1592 V AlarmManager: remove(operation) changed bounds; rebatching ALARM_ACTION(4918)
06-14 14:56:23.544   874  1592 D AlarmManager:  alarm = Alarm{262f2a7b type 0 when 14:56:25 start 14:56:25 end 14:56:25 com.meizu.cloud} add to Batch{3728c098 num=1 start=12684298 end=12686298 STANDALONE}
06-14 14:56:23.545   874  1712 D AutoRunInterception: isInterceptAsUsual, the mode of interception item is: 0 calleePkg: com.gozap.chouti
06-14 14:56:23.545   874   899 D CSLegacyTypeTracker: getNetworkForType type 1
06-14 14:56:23.545   874  1712 W Interception: isInterceptByRule realCallingPid: 0 isInterceptAsUsual: true isMatch: false, runType===broadcast|||callerPkg===*|||calleePkg===com.gozap.chouti|||calleeClass===com.xiaomi.push.service.receivers.NetworkStatusReceiver|||processName===com.gozap.chouti|||action===android.net.conn.CONNECTIVITY_CHANGE|||data===*|||extras===Bundle[{networkInfo=[type: WIFI[], state: DISCONNECTED/DISCONNECTED, reason: (unspecified), extra: <unknown ssid>, roaming: false, failover: false, isAvailable: true, isConnectedToProvisioningNetwork: false], networkType=1, inetCondition=0, extraInfo=<unknown ssid>}]|||interception===false
06-14 14:56:23.545 13331 32701 D NetAdmin: WifiConnectedReceiver : networkInfo : [type: WIFI[], state: DISCONNECTED/DISCONNECTED, reason: (unspecified), extra: (none), roaming: false, failover: false, isAvailable: true, isConnectedToProvisioningNetwork: false] NetworkInfo.State : DISCONNECTED
06-14 14:56:23.546   874  1592 D AlarmManager:  alarm = Alarm{349880f1 type 3 when 17:25:30 start 17:25:30 end 17:25:30 android} add to Batch{10233b2d num=1 start=21631909 end=21631909}
06-14 14:56:23.548   874  1592 D AlarmManager:  alarm = Alarm{cd61862 type 0 when 23:00:00 start 23:00:00 end 23:00:00 com.android.settings} add to Batch{30626df3 num=1 start=41701662 end=41701662 STANDALONE}
06-14 14:56:23.549   874  1592 D AlarmManager:  alarm = Alarm{145b0ab0 type 1 when 23:59:59 start 00:00:00 end 00:00:00 com.meizu.flyme.launcher} add to Batch{1c255d29 num=1 start=45301662 end=45301662 STANDALONE}
06-14 14:56:23.550   874  1592 D AlarmManager:  alarm = Alarm{150158ae type 1 when 00:00:00 start 00:00:00 end 00:00:00 android} add to Batch{1c255d29 num=2 start=45301662 end=45301662 STANDALONE}
06-14 14:56:23.551   874  1592 D AlarmManager:  alarm = Alarm{1f2bf64f type 1 when 00:00:00 start 23:59:59 end 00:00:00 com.meizu.safe} add to Batch{1c255d29 num=3 start=45301662 end=45301662 STANDALONE}
06-14 14:56:23.552   874  1592 D AlarmManager:  alarm = Alarm{3ade21dc type 1 when 00:00:00 start 00:00:00 end 00:00:00 com.android.calendar} add to Batch{1c255d29 num=4 start=45301662 end=45301662 STANDALONE}
06-14 14:56:23.553   874  1592 D AlarmManager:  alarm = Alarm{b0da2e5 type 0 when 07:00:00 start 07:00:00 end 07:00:00 com.android.settings} add to Batch{3e8e51ba num=1 start=70501662 end=70501662 STANDALONE}
06-14 14:56:23.560   874  1832 V AlarmManager: APP set(PendingIntent{2f5ba86b: PendingIntentRecord{5197fc8 com.tencent.mm broadcastIntent}}) : type=2 triggerAtTime=14485220 win=-1 tElapsed=14485220 maxElapsed=15835218 interval=0 standalone=false
06-14 14:56:23.562   874  1891 D LinkWakenInterception: isInterceptAsUsual, the callerPkg(com.android.email) and calleePkg are same, return false.
06-14 14:56:23.562   874  1891 D Interception: isInterceptByRule realCallingPid: 13363 isInterceptAsUsual: false isMatch: false, runType===retrieve_service|||callerPkg===com.android.email|||calleePkg===com.android.email|||calleeClass===com.android.email.service.EmailBroadcastProcessorService|||processName===com.android.email|||action===broadcast_receiver|||data===*|||extras===Bundle[mParcelledData.dataSize=792]|||interception===false
06-14 14:56:23.564   874   899 D ActivityManager: getContentProviderImpl: from caller=android.app.ApplicationThreadProxy@2ebfcf86 (pid=32679, userId=0) to get content provider settings cpr=ContentProviderRecord{153e5775 u0 com.android.providers.settings/.SettingsProvider}
06-14 14:56:23.564   874   899 D ActivityManager: getContentProviderImpl: updateLruProcessLocked cpr.proc=ProcessRecord{2de77b41 874:system/1000}
06-14 14:56:23.567   874  1245 D CSLegacyTypeTracker: getNetworkForType type 1
06-14 14:56:23.573 13391 13391 D DRM/ConnectionChangeReceiver: onReceive : CONNECTIVITY_CHANGE received.
06-14 14:56:23.573 13391 13391 D OmaDrmClient: create OmaDrmClient instance
06-14 14:56:23.573 13391 13391 D DrmManagerClient: create DrmManagerClient instance & create event threads.
06-14 14:56:23.574 13391 13391 V DrmManagerClient: create info handler thread.
06-14 14:56:23.576 13391 13391 V DrmManagerClient: create event handler thread.
06-14 14:56:23.578   300   300 D WVMDrmPlugIn: WVMDrmPlugin::onInitialize : 2266
06-14 14:56:23.578   300   300 D WVMDrmPlugIn: WVMDrmPlugin::onSetOnInfoListener : add 2266
06-14 14:56:23.578   300   300 D DrmCtaPlugIn: onInitialize() : uniqueId : 2266
06-14 14:56:23.578   300   300 D DrmCtaPlugIn: encrypt thread has being created
06-14 14:56:23.578   300   300 D DrmCtaPlugIn: decrypt thread has being created
06-14 14:56:23.578   300   300 D DrmCtaPlugIn: onSetOnInfoListener(): uniqueId : 2266
06-14 14:56:23.578   300   300 D DrmCtaPlugIn: onSetOnInfoListener() :  add
06-14 14:56:23.578   300   300 D DrmMtkPlugIn: DrmMtkPlugIn::onInitialize : 2266
06-14 14:56:23.578   300   300 D DrmMtkPlugIn: DrmMtkPlugIn::onSetOnInfoListener : 2266
06-14 14:56:23.579   300  1622 D DrmMtkPlugIn: DrmMtkPlugIn::onAcquireDrmInfo : 2266
06-14 14:56:23.579   300  1622 D DrmMtkPlugIn: DrmMtkPlugIn::onAcquireDrmInfo : execute action checkClock
06-14 14:56:23.579   300  1622 D DrmMtkUtil/SecureTimer: getDRMTime() : secure timer valid.
06-14 14:56:23.579   300  1622 D DrmMtkUtil/SecureTimer: uptime = 12685.240234,idletime = 8491.629883,return value = 12685
06-14 14:56:23.579   300  1622 D DrmMtkUtil/SecureTimer: getDRMTime() : validate with time base [1497410762], ticks base [64], device time [1497423383], device ticks [12685]
06-14 14:56:23.579   300  1622 D DrmMtkUtil/SecureTimer: getDRMTime() : real time [1497423390], offset [7]
06-14 14:56:23.579   300  1622 D DrmMtkPlugIn: DrmMtkPlugIn::onAcquireDrmInfo : check secure timer status valid
06-14 14:56:23.580   300  1622 D DrmMtkPlugIn: DrmMtkPlugIn::onAcquireDrmInfo : result of GET_DRM_INFO operation valid
06-14 14:56:23.580 13391 13391 V DRM/OmaDrmHelper: getStringFromDrmInfo : >valid
06-14 14:56:23.580 13391 13391 D DRM/OmaDrmHelper: checkClock : > valid
06-14 14:56:23.580 13391 13391 D OmaDrmClient: release OmaDrmClient instance
06-14 14:56:23.580 13391 13391 D DrmManagerClient: release event threads.
06-14 14:56:23.580 13391 13391 V DrmManagerClient: quit event handler thread.
06-14 14:56:23.586   874  1891 D AlarmManager: manual remove option = PendingIntent{208a6047: PendingIntentRecord{c47d8ab com.tencent.mm broadcastIntent}}
06-14 14:56:23.580 13391 13391 V DrmManagerClient: quit info handler thread.
06-14 14:56:23.586   874  1891 V AlarmManager: remove(operation) changed bounds; rebatching ALARM_ACTION(4918)
06-14 14:56:23.584   300   606 D WVMDrmPlugIn: WVMDrmPlugin::onTerminate : 2266
06-14 14:56:23.588   296   775 D FrameworkListener: dispatchCommand data = (getaddrinfo long.weixin.qq.com ^ 0 2 1 0 0)
06-14 14:56:23.584   300   606 D DrmCtaPlugIn: onTerminate():uniqueId : 2266
06-14 14:56:23.584   300   606 D DrmMtkPlugIn: DrmMtkPlugIn::onTerminate : 2266
06-14 14:56:23.584 13391 13391 D DRM/ConnectionChangeReceiver: ConnectionChangeReceiver : Secure timer is already valid
06-14 14:56:23.587  4918 32707 D libc-netbsd: [getaddrinfo]: hostname=long.weixin.qq.com; servname=(null); cache_mode=(null), netid=0; mark=0
06-14 14:56:23.587  4918 32707 D libc-netbsd: [getaddrinfo]: ai_addrlen=0; ai_canonname=(null); ai_flags=0; ai_family=2
06-14 14:56:23.589   874  1891 D AlarmManager:  alarm = Alarm{22ad074 type 3 when 17:25:30 start 17:25:30 end 17:25:30 android} add to Batch{2576499d num=1 start=21631909 end=21631909}
06-14 14:56:23.589   296 32708 D libc-netbsd: [getaddrinfo]: hostname=long.weixin.qq.com; servname=(null); cache_mode=local, netid=0; mark=917504
06-14 14:56:23.589   296 32708 D libc-netbsd: [getaddrinfo]: ai_addrlen=0; ai_canonname=(null); ai_flags=0; ai_family=2
06-14 14:56:23.589  1231  1231 D SafeApplication:     ---> need not wait for init_data...
06-14 14:56:23.589  1231  1231 I Patch_480593: start
06-14 14:56:23.590   296 32708 D libc-netbsd: res_queryN name = long.weixin.qq.com, class = 1, type = 1
06-14 14:56:23.591   296 32708 D libc-netbsd: res_queryN name = long.weixin.qq.com., class = 1, type = 1
06-14 14:56:23.598   874  1830 D CSLegacyTypeTracker: getNetworkForType type 0
06-14 14:56:23.592  4918 32707 D libc-netbsd: getaddrinfo: long.weixin.qq.com NO result from proxy 
06-14 14:56:23.598   296   778 D SocketClient: SocketClient sendData done: 
06-14 14:56:23.595   874  1891 D AlarmManager:  alarm = Alarm{a395e12 type 0 when 23:00:00 start 23:00:00 end 23:00:00 com.android.settings} add to Batch{2902b9e3 num=1 start=41701662 end=41701662 STANDALONE}
06-14 14:56:23.598   874  1848 D CSLegacyTypeTracker: getNetworkForType type 1
06-14 14:56:23.595  1231 32709 I Patch_480593:  isNeedOperation=false [needOpt:true | VersionCheck:false]
06-14 14:56:23.595  1231 32709 I Patch_480593: done.
06-14 14:56:23.597  1231  1231 D mylife2 : 收到网络发生变化广播
06-14 14:56:23.597   874  1891 D AlarmManager:  alarm = Alarm{335e7fe0 type 1 when 00:00:00 start 00:00:00 end 00:00:00 com.android.calendar} add to Batch{3172e299 num=1 start=45301662 end=45301662 STANDALONE}
06-14 14:56:23.600   874  1891 D AlarmManager:  alarm = Alarm{2a4b495e type 1 when 00:00:00 start 00:00:00 end 00:00:00 com.meizu.safe} add to Batch{3172e299 num=2 start=45301662 end=45301662 STANDALONE}
06-14 14:56:23.602   874  1891 D AlarmManager:  alarm = Alarm{f1d113f type 1 when 00:00:00 start 00:00:00 end 23:59:59 com.meizu.flyme.launcher} add to Batch{3172e299 num=3 start=45301663 end=45301662 STANDALONE}
06-14 14:56:23.603   874  1891 D AlarmManager:  alarm = Alarm{205bba0c type 1 when 00:00:00 start 00:00:00 end 00:00:00 com.meizu.flyme.input} add to Batch{3172e299 num=4 start=45301663 end=45301662 STANDALONE}
06-14 14:56:23.604 32679 32679 D Proxy   : setHttpRequestCheckHandler
06-14 14:56:23.606   874  1891 D AlarmManager:  alarm = Alarm{2b060f55 type 0 when 07:00:00 start 07:00:00 end 06:59:59 com.android.settings} add to Batch{1afe9d6a num=1 start=70501662 end=70501662 STANDALONE}
06-14 14:56:23.607   874  1891 D AlarmManager: set alarm to RTC 2-12686790-14:56:25
06-14 14:56:23.608  3445  3445 V SettingsInterface:  from settings cache , name = meizu_device_name , value = 魅蓝 note 2
06-14 14:56:23.610 13430 13430 I SystemUpdate/Receiver: onReceive: action = android.net.conn.CONNECTIVITY_CHANGE
06-14 14:56:23.612   874  1162 D CSLegacyTypeTracker: getNetworkForType type 0
06-14 14:56:23.612   874  1162 D CSLegacyTypeTracker: getNetworkForType type 1
06-14 14:56:23.612   874  1162 D CSLegacyTypeTracker: getNetworkForType type 2
06-14 14:56:23.612   874  1162 D CSLegacyTypeTracker: getNetworkForType type 3
06-14 14:56:23.612   874  1162 D CSLegacyTypeTracker: getNetworkForType type 4
06-14 14:56:23.612   874  1162 D CSLegacyTypeTracker: getNetworkForType type 5
06-14 14:56:23.612   874  1162 D CSLegacyTypeTracker: getNetworkForType type 7
06-14 14:56:23.612   874  1162 D CSLegacyTypeTracker: getNetworkForType type 10
06-14 14:56:23.612   874  1162 D CSLegacyTypeTracker: getNetworkForType type 11
06-14 14:56:23.612   874  1162 D CSLegacyTypeTracker: getNetworkForType type 12
06-14 14:56:23.612   874  1162 D CSLegacyTypeTracker: getNetworkForType type 14
06-14 14:56:23.612   874  1162 D CSLegacyTypeTracker: getNetworkForType type 15
06-14 14:56:23.612   874  1162 D CSLegacyTypeTracker: getNetworkForType type 17
06-14 14:56:23.612   874  1162 D CSLegacyTypeTracker: getNetworkForType type 34
06-14 14:56:23.614 13430 13430 I SystemUpdate/Util: get network stype is : STATE_NONE_NETWORK
06-14 14:56:23.612   874  1162 D CSLegacyTypeTracker: getNetworkForType type 35
06-14 14:56:23.612   874  1162 D CSLegacyTypeTracker: getNetworkForType type 36
06-14 14:56:23.612   874  1162 D CSLegacyTypeTracker: getNetworkForType type 37
06-14 14:56:23.612   874  1162 D CSLegacyTypeTracker: getNetworkForType type 38
06-14 14:56:23.615   874  1245 D Interception: isAlwaysAllow the calleePkg: com.meizu.flyme.weather is system application, return true.
06-14 14:56:23.613   874  1162 D CSLegacyTypeTracker: getNetworkForType type 40
06-14 14:56:23.615   874  1245 D Interception: isInterceptByRule realCallingPid: 0 isInterceptAsUsual: false isMatch: false, runType===broadcast|||callerPkg===*|||calleePkg===com.meizu.flyme.weather|||calleeClass===com.meizu.flyme.weather.WeatherWidgetProvider|||processName===com.meizu.flyme.weather|||action===android.net.conn.CONNECTIVITY_CHANGE|||data===*|||extras===Bundle[{networkInfo=[type: WIFI[], state: DISCONNECTED/DISCONNECTED, reason: (unspecified), extra: <unknown ssid>, roaming: false, failover: false, isAvailable: true, isConnectedToProvisioningNetwork: false], networkType=1, inetCondition=0, extraInfo=<unknown ssid>}]|||interception===false
06-14 14:56:23.613   874  1162 D CSLegacyTypeTracker: getNetworkForType type 41
06-14 14:56:23.615   874   985 D PerfServiceManager: [PerfService] MESSAGE_USER_ENABLE_TIMEOUT_MS: 10, 1000 
06-14 14:56:23.613   874  1162 D CSLegacyTypeTracker: getNetworkForType type 49
06-14 14:56:23.633   874 32672 V SettingsInterface:  from settings cache , name = dropbox:data_app_crash , value = null
06-14 14:56:23.634 32679 32679 D FirebaseApp: com.google.firebase.auth.FirebaseAuth is not linked. Skipping initialization.
06-14 14:56:23.636   874 32672 V SettingsInterface:  from settings cache , name = dropbox_age_seconds , value = null
06-14 14:56:23.636   874 32672 V SettingsInterface:  from settings cache , name = dropbox_max_files , value = null
06-14 14:56:23.636   874 32672 V SettingsInterface:  from settings cache , name = dropbox_quota_percent , value = null
06-14 14:56:23.636   874 32672 V SettingsInterface:  from settings cache , name = dropbox_reserve_percent , value = null
06-14 14:56:23.636   874 32672 V SettingsInterface:  from settings cache , name = dropbox_quota_kb , value = null
06-14 14:56:23.644 32679 32679 F FirebaseApp: Firebase API initialization failure.
06-14 14:56:23.644 32679 32679 F FirebaseApp: java.lang.reflect.InvocationTargetException
06-14 14:56:23.644 32679 32679 F FirebaseApp: 	at java.lang.reflect.Method.invoke(Native Method)
06-14 14:56:23.644 32679 32679 F FirebaseApp: 	at java.lang.reflect.Method.invoke(Method.java:372)
06-14 14:56:23.644 32679 32679 F FirebaseApp: 	at com.google.firebase.FirebaseApp.zza(Unknown Source)
06-14 14:56:23.644 32679 32679 F FirebaseApp: 	at com.google.firebase.FirebaseApp.initializeApp(Unknown Source)
06-14 14:56:23.644 32679 32679 F FirebaseApp: 	at com.google.firebase.FirebaseApp.initializeApp(Unknown Source)
06-14 14:56:23.644 32679 32679 F FirebaseApp: 	at com.google.firebase.FirebaseApp.zzbu(Unknown Source)
06-14 14:56:23.644 32679 32679 F FirebaseApp: 	at com.google.firebase.provider.FirebaseInitProvider.onCreate(Unknown Source)
06-14 14:56:23.644 32679 32679 F FirebaseApp: 	at android.content.ContentProvider.attachInfo(ContentProvider.java:1840)
06-14 14:56:23.644 32679 32679 F FirebaseApp: 	at android.content.ContentProvider.attachInfo(ContentProvider.java:1815)
06-14 14:56:23.644 32679 32679 F FirebaseApp: 	at com.google.firebase.provider.FirebaseInitProvider.attachInfo(Unknown Source)
06-14 14:56:23.644 32679 32679 F FirebaseApp: 	at android.app.ActivityThread.installProvider(ActivityThread.java:5555)
06-14 14:56:23.644 32679 32679 F FirebaseApp: 	at android.app.ActivityThread.installContentProviders(ActivityThread.java:5128)
06-14 14:56:23.644 32679 32679 F FirebaseApp: 	at android.app.ActivityThread.handleBindApplication(ActivityThread.java:5053)
06-14 14:56:23.644 32679 32679 F FirebaseApp: 	at android.app.ActivityThread.access$1600(ActivityThread.java:187)
06-14 14:56:23.644 32679 32679 F FirebaseApp: 	at android.app.ActivityThread$H.handleMessage(ActivityThread.java:1645)
06-14 14:56:23.644 32679 32679 F FirebaseApp: 	at android.os.Handler.dispatchMessage(Handler.java:111)
06-14 14:56:23.644 32679 32679 F FirebaseApp: 	at android.os.Looper.loop(Looper.java:194)
06-14 14:56:23.644 32679 32679 F FirebaseApp: 	at android.app.ActivityThread.main(ActivityThread.java:5869)
06-14 14:56:23.644 32679 32679 F FirebaseApp: 	at java.lang.reflect.Method.invoke(Native Method)
06-14 14:56:23.644 32679 32679 F FirebaseApp: 	at java.lang.reflect.Method.invoke(Method.java:372)
06-14 14:56:23.644 32679 32679 F FirebaseApp: 	at com.android.internal.os.ZygoteInit$MethodAndArgsCaller.run(ZygoteInit.java:1020)
06-14 14:56:23.644 32679 32679 F FirebaseApp: 	at com.android.internal.os.ZygoteInit.main(ZygoteInit.java:815)
06-14 14:56:23.644 32679 32679 F FirebaseApp: Caused by: java.lang.IllegalAccessError: Method 'void android.support.v4.content.ContextCompat.<init>()' is inaccessible to class 'com.google.firebase.iid.zzg' (declaration of 'com.google.firebase.iid.zzg' appears in /data/app/com.meitu.mtsdk-2/base.apk)
06-14 14:56:23.644 32679 32679 F FirebaseApp: 	at com.google.firebase.iid.zzg.zzeC(Unknown Source)
06-14 14:56:23.644 32679 32679 F FirebaseApp: 	at com.google.firebase.iid.zzg.<init>(Unknown Source)
06-14 14:56:23.644 32679 32679 F FirebaseApp: 	at com.google.firebase.iid.zzg.<init>(Unknown Source)
06-14 14:56:23.644 32679 32679 F FirebaseApp: 	at com.google.firebase.iid.zzd.zzb(Unknown Source)
06-14 14:56:23.644 32679 32679 F FirebaseApp: 	at com.google.firebase.iid.FirebaseInstanceId.getInstance(Unknown Source)
06-14 14:56:23.644 32679 32679 F FirebaseApp: 	... 22 more
06-14 14:56:23.662 32711 32711 W Zygote  : mz_is_rooted false
06-14 14:56:23.665   874  1245 I ActivityManager: Start proc 32711:com.meizu.flyme.weather/u0a79 for broadcast com.meizu.flyme.weather/.WeatherWidgetProvider
06-14 14:56:23.667   874  1830 V SettingsInterface:  from settings cache , name = dropbox:data_app_wtf , value = null
06-14 14:56:23.668   874  1830 V SettingsInterface:  from settings cache , name = wtf_is_fatal , value = null
06-14 14:56:23.669   874 32724 V SettingsInterface:  from settings cache , name = logcat_for_data_app_wtf , value = null
06-14 14:56:23.669   874 32724 V SettingsInterface:  from settings cache , name = dropbox:data_app_wtf , value = null
06-14 14:56:23.669   874 32724 V SettingsInterface:  from settings cache , name = dropbox:data_app_wtf , value = null
06-14 14:56:23.669   874 32724 V SettingsInterface:  from settings cache , name = dropbox_age_seconds , value = null
06-14 14:56:23.669   874 32724 V SettingsInterface:  from settings cache , name = dropbox_max_files , value = null
06-14 14:56:23.669 32679 32679 D FirebaseApp: com.google.firebase.crash.FirebaseCrash is not linked. Skipping initialization.
06-14 14:56:23.685   874  1848 W ActivityManager: Skip forceProcessStateUpTo() to newState 8
06-14 14:56:23.688 32679 32679 I FA      : App measurement is starting up, version: 9080
06-14 14:56:23.688 32679 32679 I FA      : To enable debug logging run: adb shell setprop log.tag.FA VERBOSE
06-14 14:56:23.688 32679 32679 D FA      : Debug logging enabled
06-14 14:56:23.688 32679 32679 D FA      : AppMeasurement singleton hash: 178279390
06-14 14:56:23.693 32679 32679 D OpenSSLLib: OpensslErr:Module:13(114:155); file:external/openssl/crypto/asn1/asn1_lib.c ;Line:145;Function:ASN1_get_object
06-14 14:56:23.694   874  1884 D ActivityManager: getContentProviderImpl: from caller=android.app.ApplicationThreadProxy@3c5b825b (pid=32711, userId=0) to get content provider settings cpr=ContentProviderRecord{153e5775 u0 com.android.providers.settings/.SettingsProvider}
06-14 14:56:23.694   874  1884 D ActivityManager: getContentProviderImpl: updateLruProcessLocked cpr.proc=ProcessRecord{2de77b41 874:system/1000}
06-14 14:56:23.700 32679 32679 V FA      : Collection enabled
06-14 14:56:23.701 32679 32679 V FA      : App package, google app id: com.meitu.mtsdk, 1:540091086618:android:bd0ba10d2d4bfc8f
06-14 14:56:23.707 32711 32711 D Proxy   : setHttpRequestCheckHandler
06-14 14:56:23.708   874  1832 D AlarmManager: manual remove option = PendingIntent{2106af8: PendingIntentRecord{15654bd1 com.meitu.mtsdk broadcastIntent}}
06-14 14:56:23.713 32679 32679 V FA      : Registered activity lifecycle callback
06-14 14:56:23.714 32679 32679 D FirebaseApp: Initialized class com.google.android.gms.measurement.AppMeasurement.
06-14 14:56:23.714 32679 32679 I FirebaseInitProvider: FirebaseApp initialization successful
06-14 14:56:23.717 32679 32679 D MLog    :  MStoreProvider onCreate--> Context = com.meitu.mtsdk.AppApplication@308e088c
06-14 14:56:23.719 32711 32711 E System  : stat file error, path is /data/app/com.meizu.flyme.weather-1/lib/arm64, exception is android.system.ErrnoException: stat failed: ENOENT (No such file or directory)
06-14 14:56:23.720 32679 32679 D MLog    :  app --> com.meitu.mtsdk.AppApplication@308e088c  pid 32679
06-14 14:56:23.720   874  1884 W ActivityManager: getRunningAppProcesses: caller 10249 does not hold REAL_GET_TASKS; limiting output
06-14 14:56:23.720 32679 32679 D MLog    :  main process id = 32679
06-14 14:56:23.720 32679 32679 D MLog    : fixJsr47Logger...
06-14 14:56:23.721 32679 32734 V FA      : Using local app measurement service
06-14 14:56:23.725   874  1245 D LinkWakenInterception: isInterceptAsUsual, the callerPkg(com.meitu.mtsdk) and calleePkg are same, return false.
06-14 14:56:23.725   874  1245 D Interception: isInterceptByRule realCallingPid: 32679 isInterceptAsUsual: false isMatch: false, runType===retrieve_service|||callerPkg===com.meitu.mtsdk|||calleePkg===com.meitu.mtsdk|||calleeClass===com.google.android.gms.measurement.AppMeasurementService|||processName===com.meitu.mtsdk|||action===com.google.android.gms.measurement.START|||data===*|||extras===*|||interception===false
06-14 14:56:23.725   874  1245 D ActivityManager: bindServiceLocked : uid = 10249, flags = 129, restartDirectly = false, s : ServiceRecord{305d3ea4 u0 com.meitu.mtsdk/com.google.android.gms.measurement.AppMeasurementService}
06-14 14:56:23.727 32711 32711 W linker  : /system/lib64/libfilterUtils.so: unused DT entry: type 0x6ffffffe arg 0x808
06-14 14:56:23.727 32711 32711 W linker  : /system/lib64/libfilterUtils.so: unused DT entry: type 0x6fffffff arg 0x2
06-14 14:56:23.743   874 32724 W AES     : Exception Log handling...
06-14 14:56:23.743   874   874 V ActivityManager: Broadcast: Intent { act=android.intent.action.DROPBOX_ENTRY_ADDED flg=0x10 (has extras) } ordered=false userid=0 callerApp=ProcessRecord{2de77b41 874:system/1000}
06-14 14:56:23.746   874   874 V ActivityManager: Broadcast: Intent { act=android.intent.action.DROPBOX_ENTRY_ADDED flg=0x10 (has extras) } ordered=false userid=0 callerApp=ProcessRecord{2de77b41 874:system/1000}
06-14 14:56:23.747   874 32724 W art     : No such thread for suspend: 0x7f5d9d7524:Error report: com.meitu.mtsdk
06-14 14:56:23.752  1860 13323 V SettingsInterface:  from settings cache , name = multi_sim_voice_call , value = null
06-14 14:56:23.753  1860  1881 V SettingsInterface:  from settings cache , name = multi_sim_voice_call , value = null
06-14 14:56:23.758  1860  2189 D PhoneInterfaceManager: [PhoneIntfMgr] phone.getCellLocation: is null
06-14 14:56:23.758  1860  2189 D GsmCellLocation: fillInNotifierBundle:Bundle[{cid=26447, lac=22831, psc=-1, type=1}]
06-14 14:56:23.758  1860  2189 D PhoneInterfaceManager: [PhoneIntfMgr] phone.getGsmCellLocation:Bundle[{cid=26447, lac=22831, psc=-1, type=1}]
06-14 14:56:23.758  1624  1703 E CellLocation: create GsmCellLocation
06-14 14:56:23.759   874  1824 D LocationManagerService: getLastLocation: Request[POWER_LOW network requested=0 fastest=0 num=1]
06-14 14:56:23.759   874  1824 V SettingsInterface:  from settings cache , name = location_providers_allowed , value = default
06-14 14:56:23.760   874 32724 D AES     : ExceptionLog: notify aed
06-14 14:56:23.760   874 32724 D AES     :     process : com.meitu.mtsdk
06-14 14:56:23.760   874 32724 D AES     :      module : com.meitu.mtsdk v1 (1.3.2)
06-14 14:56:23.760   874 32724 D AES     : 
06-14 14:56:23.760   874 32724 D AES     :       cause : data_app_wtf
06-14 14:56:23.760   874 32724 D AES     :       pid : 32679
06-14 14:56:23.760   874 32724 W AES     : not correct type, but use JE as default
06-14 14:56:23.760   874 32724 D AEE/LIBAEE: shell: raise_exp(4, 32679, -1361051648, com.meitu.mtsdk, 0x0x7f7932e000, 0x0x0)
06-14 14:56:23.760   874 32724 D AEE/LIBAEE: shell: connected with AED OK
06-14 14:56:23.760   299   299 D AEE/AED : $===AEE===AEE===AEE===$
06-14 14:56:23.760   299   299 D AEE/AED : p 0 poll events 1 revents 0
06-14 14:56:23.760   299   299 D AEE/AED : not know revents:0
06-14 14:56:23.760   299   299 D AEE/AED : p 1 poll events 1 revents 1
06-14 14:56:23.760   299   299 D AEE/AED : aed_main_fork_worker: generator 0x7fb301a0c0, worker 0x7fdabf28c0, recv_fd 14
06-14 14:56:23.761   299   299 D AEE/AED : p 2 poll events 1 revents 0
06-14 14:56:23.761   299   299 D AEE/AED : not know revents:0
06-14 14:56:23.761   299   299 D AEE/AED : p 3 poll events 1 revents 0
06-14 14:56:23.761   299   299 D AEE/AED : not know revents:0
06-14 14:56:23.763 32735 32735 D AEE/AED : read success, handling msg (Ind, AE_IND_EXP_RAISED)
06-14 14:56:23.764 32735 32735 I AEE/AED : [OnPurpose Redunant in void preset_info(aed_report_record*, int, int)] pid: 32679, tid: -1361051648, name: UNKNOWN  >>> com.meitu.mtsdk <<<
06-14 14:56:23.764 32735 32735 V AEE/AED : dashboard_record_update() : rec->module = com.meitu.mtsdk 
06-14 14:56:23.764 32735 32735 D AEE/AED : Skip duplicated exception ! 
06-14 14:56:23.764 32735 32735 D AEE/AED : Exception Class: 4 
06-14 14:56:23.764 32735 32735 D AEE/AED : Module: com.meitu.mtsdk 
06-14 14:56:23.764 32735 32735 D AEE/AED : Count: 9 
06-14 14:56:23.764 32735 32735 D AEE/AED : Last exception time: 1497423324 
06-14 14:56:23.764 32735 32735 D AEE/AED :  
06-14 14:56:23.764 32735 32735 V AEE/AED : process session - skipped 
06-14 14:56:23.764   874 32724 D AEE/LIBAEE: shell: got the request (cmd:Ind,AE_IND_LOG_CLOSE)
06-14 14:56:23.764   874 32724 D AEE/LIBAEE: shell: Got session close ind from AED
06-14 14:56:23.766 32711 32711 I Process : Sending signal. PID: 32711 SIG: 9
06-14 14:56:23.767   299   299 D AEE/AED : $===AEE===AEE===AEE===$
06-14 14:56:23.767   299   299 D AEE/AED : p 0 poll events 1 revents 0
06-14 14:56:23.767   299   299 D AEE/AED : not know revents:0
06-14 14:56:23.767   299   299 D AEE/AED : p 1 poll events 1 revents 0
06-14 14:56:23.767   299   299 D AEE/AED : not know revents:0
06-14 14:56:23.767   299   299 D AEE/AED : p 2 poll events 1 revents 0
06-14 14:56:23.767   299   299 D AEE/AED : not know revents:0
06-14 14:56:23.767   299   299 D AEE/AED : p 3 poll events 1 revents 0
06-14 14:56:23.767   299   299 D AEE/AED : not know revents:0
06-14 14:56:23.782 32679 32679 D OpenSSLLib: OpensslErr:Module:13(114:155); file:external/openssl/crypto/asn1/asn1_lib.c ;Line:145;Function:ASN1_get_object
06-14 14:56:23.788  1624  1645 D NativeCrypto: ssl=0x7f7903ca80 NativeCrypto_SSL_interrupt
06-14 14:56:23.788  1624  1645 D NativeCrypto:  sslNotify, appData=0x7f7902ce20 ret=1
06-14 14:56:23.788  1624  1645 D NativeCrypto:  sslNotify, appData=0x7f7902ce20 ret=1
06-14 14:56:23.789  1624  1645 I System.out: [CDS]close[38399]
06-14 14:56:23.789  1624  1645 I NetworkManagementSocketTagger: untagSocket(32)
06-14 14:56:23.790  1624  1645 D NativeCrypto: ssl=0x7f72e42280 NativeCrypto_SSL_interrupt
06-14 14:56:23.790  1624  1645 D NativeCrypto:  sslNotify, appData=0x7f72d184c0 ret=1
06-14 14:56:23.790  1624  1645 D NativeCrypto:  sslNotify, appData=0x7f72d184c0 ret=1
06-14 14:56:23.791  1624  1645 I System.out: [CDS]close[59180]
06-14 14:56:23.791  1624  1645 I NetworkManagementSocketTagger: untagSocket(55)
06-14 14:56:23.792  1624  1645 D NativeCrypto: ssl=0x7f72e43780 NativeCrypto_SSL_interrupt
06-14 14:56:23.792  1624  1645 D NativeCrypto:  sslNotify, appData=0x7f72d181a0 ret=1
06-14 14:56:23.792  1624  1645 D NativeCrypto:  sslNotify, appData=0x7f72d181a0 ret=1
06-14 14:56:23.793  1624  1645 I System.out: [CDS]close[49967]
06-14 14:56:23.793  1624  1645 I NetworkManagementSocketTagger: untagSocket(58)
06-14 14:56:23.794  1624  1645 D NativeCrypto: ssl=0x7f72e44c80 NativeCrypto_SSL_interrupt
06-14 14:56:23.794  1624  1645 D NativeCrypto:  sslNotify, appData=0x7f72d18d80 ret=1
06-14 14:56:23.794  1624  1645 D NativeCrypto:  sslNotify, appData=0x7f72d18d80 ret=1
06-14 14:56:23.795  1624  1645 I System.out: [CDS]close[48826]
06-14 14:56:23.795  1624  1645 I NetworkManagementSocketTagger: untagSocket(61)
06-14 14:56:23.813 32679 32679 D MLog    : fixJsr47Logger...end
06-14 14:56:23.814 32679 32679 D MLog    : Thread:main  AppApplication#initMtSdk()---> pushkit_channel = meitu
06-14 14:56:23.814   874   982 D AudioService: MzCreateMediaserverWatchdogThread: monitor mediaserver end !!!
06-14 14:56:23.814   874   982 D AudioService: MzCreateMediaserverWatchdogThread: monitor mediaserver start !!!
06-14 14:56:23.815  3345  3367 I EventCore: dispatch Event{mName='Network', mData=Data{mKey='', mAvailable=false, mType=NULL, mConnType=1}, mSticky=true, mDelayMillis=500}
06-14 14:56:23.815  2507  2531 I EventCore: dispatch Event{mName='Network', mData=Data{mKey='', mAvailable=false, mType=NULL, mConnType=1}, mSticky=true, mDelayMillis=500}
06-14 14:56:23.815   874 32737 D AudioSystem: +setParameters(): mediaserver_monitor=1 
06-14 14:56:23.815  2507  2531 D MonitorService: check channel state = CLOSED; Data{mKey='', mAvailable=false, mType=NULL, mConnType=1}
06-14 14:56:23.816   301  6737 I AudioFlinger: setParameters(): io 0, keyvalue mediaserver_monitor=1, calling pid 874
06-14 14:56:23.816   301  6737 D AudioALSAHardware: +setParameters(): mediaserver_monitor=1
06-14 14:56:23.816   301  6737 W AudioALSAHardware: setParameters(), still have param.size() = 1, remain param = "mediaserver_monitor=1"
06-14 14:56:23.816   301  6737 D AudioALSAHardware: -setParameters(): mediaserver_monitor=1 
06-14 14:56:23.816   301  6737 D bt_audio_a2dp_hw: [A2DP_HW] [adev_set_parameters@1540] out is null , check in stream
06-14 14:56:23.816   301  6737 I str_params: key: 'mediaserver_monitor' value: '1'
06-14 14:56:23.816   301  6737 D usb_audio_hw: adev_set_parameters: kvpairs = mediaserver_monitor=1
06-14 14:56:23.816   874 32737 D AudioSystem: -setParameters(): mediaserver_monitor=1 
06-14 14:56:23.816  2507  2531 I AlarmService: cancel {action=com.meizu.push.action.Monitor, period=2000, window=500, wakeup=true, set = 1497423383128}
06-14 14:56:23.817   301   981 I AudioPolicyManager: setStreamVolumeIndex stream = 7 index = 15 device = 0x400
06-14 14:56:23.818   874  1848 D AlarmManager: manual remove option = PendingIntent{2905e1d3: PendingIntentRecord{207bf91c com.meizu.cloud broadcastIntent}}
06-14 14:56:23.819   874  1848 V AlarmManager: remove(operation) changed bounds; rebatching com.meizu.push.action.Monitor
06-14 14:56:23.819 32679 32738 D MLog    : Thread:PushKit-Init  MeituPushControl#initSync()--->init appId = 6130246733491559425
06-14 14:56:23.820 32679 32738 D MLog    : Thread:PushKit-Init  MeituPushControl#initSync()---> application = com.meitu.mtsdk.AppApplication@308e088c isDebuggable true
06-14 14:56:23.822 32679 32738 D MLog    : Thread:PushKit-Init  MStoreController#getAuthoritySchema()--->getAuthoritySchema =  com.meitu.mtsdk.mstore
06-14 14:56:23.822   874  1848 D AlarmManager:  alarm = Alarm{2fc2c82f type 3 when 17:25:30 start 17:25:30 end 17:25:30 android} add to Batch{3247be3c num=1 start=21631909 end=21631909}
06-14 14:56:23.824   874  1848 D AlarmManager:  alarm = Alarm{22ea77c5 type 0 when 23:00:00 start 23:00:00 end 23:00:00 com.android.settings} add to Batch{35b1351a num=1 start=41701662 end=41701662 STANDALONE}
06-14 14:56:23.826   874  1848 D AlarmManager:  alarm = Alarm{6bdb84b type 1 when 23:59:59 start 00:00:00 end 00:00:00 com.meizu.flyme.input} add to Batch{1f08228 num=1 start=45301662 end=45301662 STANDALONE}
06-14 14:56:23.827   874  1848 D AlarmManager:  alarm = Alarm{2dffcb41 type 1 when 00:00:00 start 00:00:00 end 00:00:00 com.meizu.flyme.launcher} add to Batch{1f08228 num=2 start=45301662 end=45301662 STANDALONE}
06-14 14:56:23.829   874  1848 D AlarmManager:  alarm = Alarm{3b1d88e6 type 1 when 00:00:00 start 00:00:00 end 00:00:00 com.android.calendar} add to Batch{1f08228 num=3 start=45301662 end=45301662 STANDALONE}
06-14 14:56:23.830   874  1848 D AlarmManager:  alarm = Alarm{332d8e27 type 1 when 00:00:00 start 00:00:00 end 00:00:00 android} add to Batch{1f08228 num=4 start=45301662 end=45301662 STANDALONE}
06-14 14:56:23.832   874   899 D DisplayManagerService: Display listener for pid 32711 died.
06-14 14:56:23.832   874  1712 I ActivityManager: Process com.meizu.flyme.weather (pid 32711) has died
06-14 14:56:23.832   874  1712 D ActivityManager: SVC-handleAppDiedLocked: app = ProcessRecord{3bbcda7d 32711:com.meizu.flyme.weather/u0a79}, app.pid = 32711
06-14 14:56:23.833   874  1848 D AlarmManager:  alarm = Alarm{4df98d4 type 0 when 07:00:00 start 07:00:00 end 06:59:59 com.android.settings} add to Batch{2cdae5c3 num=1 start=70501662 end=70501662 STANDALONE}
06-14 14:56:23.832   874  1712 W ActivityManager: Scheduling restart of crashed service com.meizu.flyme.weather/.WidgetProviderService in 43792ms
06-14 14:56:23.833   874  1712 D ActivityManager: removeDyingProviderLocked: cpr=ContentProviderRecord{33a94d72 u0 com.meizu.flyme.weather/.common.CityDBProvider} always=false inLaunching=false
06-14 14:56:23.833   874  1712 D ActivityManager: removeDyingProviderLocked: cpr=ContentProviderRecord{3076e40 u0 com.meizu.flyme.weather/com.moji.mjweather.provider.WeatherProvider} always=false inLaunching=false
06-14 14:56:23.833   874  1712 D ActivityManager: SVC-mBroadcastQueues: com.android.server.am.BroadcastQueue@3255f377
06-14 14:56:23.833   874  1712 D ActivityManager: SVC-mBroadcastQueues: com.android.server.am.BroadcastQueue@23d11be4
06-14 14:56:23.834   874  1848 D AlarmManager: set alarm to RTC 2-12984871-15:01:23
06-14 14:56:23.834   874   900 V AlarmManager: APP set(PendingIntent{ebacebe: PendingIntentRecord{34d4c7b com.meitu.mtsdk broadcastIntent}}) : type=3 triggerAtTime=12685482 win=-1 tElapsed=12690482 maxElapsed=12780482 interval=120000 standalone=false
06-14 14:56:23.834  2507  2531 I RaceService: onEvent Event{mName='Network', mData=Data{mKey='', mAvailable=false, mType=NULL, mConnType=1}, mSticky=true, mDelayMillis=500}
06-14 14:56:23.835   874   900 D AlarmManager: set alarm to RTC 3-12690482-14:56:28
06-14 14:56:23.835   874   923 D AutoRunInterception: isInterceptAsUsual, the mode of interception item is: 0 calleePkg: com.gozap.chouti
06-14 14:56:23.835   874   923 W Interception: isInterceptByRule realCallingPid: -1 isInterceptAsUsual: true isMatch: false, runType===broadcast|||callerPkg===*|||calleePkg===com.gozap.chouti|||calleeClass===com.gozap.chouti.service.ConnectionChangeReceiver|||processName===com.gozap.chouti|||action===android.net.conn.CONNECTIVITY_CHANGE|||data===*|||extras===Bundle[{networkInfo=[type: WIFI[], state: DISCONNECTED/DISCONNECTED, reason: (unspecified), extra: <unknown ssid>, roaming: false, failover: false, isAvailable: true, isConnectedToProvisioningNetwork: false], networkType=1, inetCondition=0, extraInfo=<unknown ssid>}]|||interception===false
06-14 14:56:23.836 32679 32679 D MLog    : Thread:main  MKeepAliveService#onStartCommand()--->  onStartCommand  pid 32679 com.meitu.mkit.mkeepalive.MKeepAliveService@35f60051
06-14 14:56:23.851 32679 32679 V FA      : Local AppMeasurementService is starting up
06-14 14:56:23.855 32679 32679 D MLog    : Thread:main  InnerReceiver#onReceive()--->CONNECTIVITY_ACTION context -->android.app.ReceiverRestrictedContext@11076889
06-14 14:56:23.855 32679 32738 D MLog    : Thread:PushKit-Init  MeituPushControl#initSync()--->Client Channel Array [5]
06-14 14:56:23.858 32679 32679 V FA      : Bound to IMeasurementService interface
06-14 14:56:23.859 32679 32734 V FA      : Connected to service
06-14 14:56:23.859 32679 32734 V FA      : Processing queued up service tasks: 1
06-14 14:56:23.861 32679 32739 D MLog    : Thread:requestPushChannel   PushHelper#getDeviceToken()---> getDeviceToken  = 012a75675917241a5a51a1401dbc084c3708f8458ada64e7b8456ae11c413953
06-14 14:56:23.861 32679 32739 D MLog    : Thread:requestPushChannel   PushHelper#requestPushChannelImpl()---> requestPushChannelImpl 
