06-14 14:55:30.841 32424 32424 D BgTest  : uiCount 0
06-14 14:55:30.880 32424 32489 D BgTest  : bgCount 0
06-14 14:55:30.953   336   336 W ADB_SERVICES: create_local_service_socket() name=shell:cat /proc/net/xt_qtaguid/stats | grep 10069
06-14 14:55:30.953   336   336 W ADB_SERVICES: service_to_fd() name=shell:cat /proc/net/xt_qtaguid/stats | grep 10069
06-14 14:55:30.953   336   336 W ADB_SERVICES: read_meminfo() mem_free=51212
06-14 14:55:30.953   336   336 W ADB_SERVICES: create_subproc ret_fd=26 pid=32511
06-14 14:55:30.953   336   336 W ADB_SERVICES: LS(30202): bound to 'shell:cat /proc/net/xt_qtaguid/stats | grep 10069' via 26
06-14 14:55:30.954 32511 32511 W ADB_SERVICES: adb: unable to update oom_score_adj
06-14 14:55:30.966   336   336 D ADB_SERVICES:  closing because is_eof=1 r=-1 s->fde.force_eof=0
06-14 14:55:30.966   336   336 W ADB_SERVICES: entered. LS(30202) fd=26
06-14 14:55:30.974   336   336 W ADB_SERVICES: create_local_service_socket() name=shell:cat /proc/net/xt_qtaguid/stats | grep 10069
06-14 14:55:30.974   336   336 W ADB_SERVICES: service_to_fd() name=shell:cat /proc/net/xt_qtaguid/stats | grep 10069
06-14 14:55:30.974   336   336 W ADB_SERVICES: read_meminfo() mem_free=50996
06-14 14:55:30.974   336   336 W ADB_SERVICES: create_subproc ret_fd=26 pid=32514
06-14 14:55:30.974   336   336 W ADB_SERVICES: LS(30203): bound to 'shell:cat /proc/net/xt_qtaguid/stats | grep 10069' via 26
06-14 14:55:30.975 32514 32514 W ADB_SERVICES: adb: unable to update oom_score_adj
06-14 14:55:30.988   336   336 D ADB_SERVICES:  closing because is_eof=1 r=-1 s->fde.force_eof=0
06-14 14:55:30.988   336   336 W ADB_SERVICES: entered. LS(30203) fd=26
06-14 14:55:31.080   336   336 W ADB_SERVICES: create_local_service_socket() name=shell:cat /proc/32424/stat
06-14 14:55:31.080   336   336 W ADB_SERVICES: service_to_fd() name=shell:cat /proc/32424/stat
06-14 14:55:31.080   336   336 W ADB_SERVICES: read_meminfo() mem_free=53228
06-14 14:55:31.081   336   336 W ADB_SERVICES: create_subproc ret_fd=26 pid=32517
06-14 14:55:31.081   336   336 W ADB_SERVICES: LS(30204): bound to 'shell:cat /proc/32424/stat' via 26
06-14 14:55:31.081 32517 32517 W ADB_SERVICES: adb: unable to update oom_score_adj
06-14 14:55:31.087   336   336 D ADB_SERVICES:  closing because is_eof=1 r=-1 s->fde.force_eof=0
06-14 14:55:31.087   336   336 W ADB_SERVICES: entered. LS(30204) fd=26
06-14 14:55:31.100   336   336 W ADB_SERVICES: create_local_service_socket() name=shell:cat /proc/32424/stat
06-14 14:55:31.100   336   336 W ADB_SERVICES: service_to_fd() name=shell:cat /proc/32424/stat
06-14 14:55:31.100   336   336 W ADB_SERVICES: read_meminfo() mem_free=53476
06-14 14:55:31.101   336   336 W ADB_SERVICES: create_subproc ret_fd=26 pid=32518
06-14 14:55:31.101   336   336 W ADB_SERVICES: LS(30205): bound to 'shell:cat /proc/32424/stat' via 26
06-14 14:55:31.101 32518 32518 W ADB_SERVICES: adb: unable to update oom_score_adj
06-14 14:55:31.105   336   336 D ADB_SERVICES:  closing because is_eof=1 r=-1 s->fde.force_eof=0
06-14 14:55:31.105   336   336 W ADB_SERVICES: entered. LS(30205) fd=26
06-14 14:55:31.113 32355 32419 I System.out: [CDS]EAGAIN in Recvfrom
06-14 14:55:31.113 32355 32419 I System.out: [CDS]read byte is 0
06-14 14:55:31.113 32355 32419 D MLog    : org.eclipse.paho.client.mqttv3.internal.CommsReceiver::run -> 852
06-14 14:55:31.119   336   336 W ADB_SERVICES: create_local_service_socket() name=shell:cat /proc/stat
06-14 14:55:31.119   336   336 W ADB_SERVICES: service_to_fd() name=shell:cat /proc/stat
06-14 14:55:31.120   336   336 W ADB_SERVICES: read_meminfo() mem_free=53460
06-14 14:55:31.120   336   336 W ADB_SERVICES: create_subproc ret_fd=26 pid=32519
06-14 14:55:31.120   336   336 W ADB_SERVICES: LS(30206): bound to 'shell:cat /proc/stat' via 26
06-14 14:55:31.120 32519 32519 W ADB_SERVICES: adb: unable to update oom_score_adj
06-14 14:55:31.125   336   336 D ADB_SERVICES:  closing because is_eof=1 r=1 s->fde.force_eof=0
06-14 14:55:31.125   336   336 W ADB_SERVICES: entered. LS(30206) fd=26
06-14 14:55:31.137   336   336 W ADB_SERVICES: create_local_service_socket() name=shell:cat /proc/stat
06-14 14:55:31.137   336   336 W ADB_SERVICES: service_to_fd() name=shell:cat /proc/stat
06-14 14:55:31.137   336   336 W ADB_SERVICES: read_meminfo() mem_free=53228
06-14 14:55:31.137   336   336 W ADB_SERVICES: create_subproc ret_fd=26 pid=32520
06-14 14:55:31.137   336   336 W ADB_SERVICES: LS(30207): bound to 'shell:cat /proc/stat' via 26
06-14 14:55:31.138 32520 32520 W ADB_SERVICES: adb: unable to update oom_score_adj
06-14 14:55:31.142   336   336 D ADB_SERVICES:  closing because is_eof=1 r=1 s->fde.force_eof=0
06-14 14:55:31.142   336   336 W ADB_SERVICES: entered. LS(30207) fd=26
06-14 14:55:31.494   336   336 W ADB_SERVICES: create_local_service_socket() name=shell:cat /proc/net/xt_qtaguid/stats | grep 10069
06-14 14:55:31.494   336   336 W ADB_SERVICES: service_to_fd() name=shell:cat /proc/net/xt_qtaguid/stats | grep 10069
06-14 14:55:31.495   336   336 W ADB_SERVICES: read_meminfo() mem_free=53556
06-14 14:55:31.495   336   336 W ADB_SERVICES: create_subproc ret_fd=26 pid=32521
06-14 14:55:31.495   336   336 W ADB_SERVICES: LS(30208): bound to 'shell:cat /proc/net/xt_qtaguid/stats | grep 10069' via 26
06-14 14:55:31.496 32521 32521 W ADB_SERVICES: adb: unable to update oom_score_adj
06-14 14:55:31.508   336   336 D ADB_SERVICES:  closing because is_eof=1 r=-1 s->fde.force_eof=0
06-14 14:55:31.508   336   336 W ADB_SERVICES: entered. LS(30208) fd=26
06-14 14:55:31.513   336   336 W ADB_SERVICES: create_local_service_socket() name=shell:cat /proc/net/xt_qtaguid/stats | grep 10069
06-14 14:55:31.513   336   336 W ADB_SERVICES: service_to_fd() name=shell:cat /proc/net/xt_qtaguid/stats | grep 10069
06-14 14:55:31.514   336   336 W ADB_SERVICES: read_meminfo() mem_free=53260
06-14 14:55:31.514   336   336 W ADB_SERVICES: create_subproc ret_fd=26 pid=32524
06-14 14:55:31.514   336   336 W ADB_SERVICES: LS(30209): bound to 'shell:cat /proc/net/xt_qtaguid/stats | grep 10069' via 26
06-14 14:55:31.514 32524 32524 W ADB_SERVICES: adb: unable to update oom_score_adj
06-14 14:55:31.527   336   336 D ADB_SERVICES:  closing because is_eof=1 r=-1 s->fde.force_eof=0
06-14 14:55:31.527   336   336 W ADB_SERVICES: entered. LS(30209) fd=26
06-14 14:55:31.636  1040  1040 D NetworkController.WifiSignalController: setActivity: wifiActivity= 0
06-14 14:55:31.636  1040  1040 D NetworkController.WifiSignalController: isDirty : false
06-14 14:55:31.636  1040  1040 D NetworkController.WifiSignalController: Change in state from: connected=true,enabled=true,level=4,inetCondition=1,iconGroup=IconGroup(Wi-Fi Icons),activityIn=true,activityOut=false,rssi=-53,networkType=null,lastModified=06-14 02:55:30,ssid="sodino"enabling=falsedisabling=falseconnecting=false
06-14 14:55:31.636  1040  1040 D NetworkController.WifiSignalController: 	to: connected=true,enabled=true,level=4,inetCondition=1,iconGroup=IconGroup(Wi-Fi Icons),activityIn=false,activityOut=false,rssi=-53,networkType=null,lastModified=06-14 02:55:30,ssid="sodino"enabling=falsedisabling=falseconnecting=false
06-14 14:55:31.637  1040  1040 D NetworkController.WifiSignalController: Wifi notifyListeners: level= 4, wifiActivity= 0
06-14 14:55:31.637  1040  1040 D SignalClusterView: setWifiIndicators, visible=true, strengthIcon=2130839040, contentDescription=WLAN信号满格。
06-14 14:55:31.637  1040  1040 D NetworkController.WifiSignalController: Wifi notifyListeners: level= 4, wifiActivity= 0
06-14 14:55:31.637  1040  1040 D SignalClusterView: setWifiIndicators, visible=true, strengthIcon=2130839040, contentDescription=WLAN信号满格。
06-14 14:55:31.637  1040  1040 D NetworkController.WifiSignalController: Wifi notifyListeners: level= 4, wifiActivity= 0
06-14 14:55:31.637  1040  1040 D SignalClusterView: setWifiIndicators, visible=true, strengthIcon=2130839040, contentDescription=WLAN信号满格。
06-14 14:55:31.637  1040  1040 D NetworkController.WifiSignalController: Wifi notifyListeners: level= 4, wifiActivity= 0
06-14 14:55:31.637  1040  1040 D SignalClusterView: setWifiIndicators, visible=true, strengthIcon=2130839040, contentDescription=WLAN信号满格。
06-14 14:55:31.637  1040  1040 D ConnectionRateView: DataConnection: new=true,old=true
06-14 14:55:31.637  1040  1040 D ConnectionRateView: DataConnection: new=true,old=true
06-14 14:55:31.640   874   985 D PerfServiceManager: [PerfService] MESSAGE_TIMER_TOUCH_BOOST_DURATION 
06-14 14:55:31.640   874   985 I libPerfService: 7: set: 4
06-14 14:55:31.640   874   985 I libPerfService: 7: set freq: 1235000
06-14 14:55:31.664   336   336 W ADB_SERVICES: create_local_service_socket() name=shell:cat /proc/32424/stat
06-14 14:55:31.664   336   336 W ADB_SERVICES: service_to_fd() name=shell:cat /proc/32424/stat
06-14 14:55:31.664   336   336 W ADB_SERVICES: read_meminfo() mem_free=53088
06-14 14:55:31.664   336   336 W ADB_SERVICES: create_subproc ret_fd=26 pid=32527
06-14 14:55:31.664   336   336 W ADB_SERVICES: LS(30210): bound to 'shell:cat /proc/32424/stat' via 26
06-14 14:55:31.665 32527 32527 W ADB_SERVICES: adb: unable to update oom_score_adj
06-14 14:55:31.669   336   336 D ADB_SERVICES:  closing because is_eof=1 r=-1 s->fde.force_eof=0
06-14 14:55:31.669   336   336 W ADB_SERVICES: entered. LS(30210) fd=26
06-14 14:55:31.675   272   272 I SurfaceFlinger: [Built-in Screen (type:0)] fps:6.595427,dur:1819.44,max:984.35,min:16.79
06-14 14:55:31.681   336   336 W ADB_SERVICES: create_local_service_socket() name=shell:cat /proc/32424/stat
06-14 14:55:31.681   336   336 W ADB_SERVICES: service_to_fd() name=shell:cat /proc/32424/stat
06-14 14:55:31.681   336   336 W ADB_SERVICES: read_meminfo() mem_free=53212
06-14 14:55:31.682   336   336 W ADB_SERVICES: create_subproc ret_fd=26 pid=32528
06-14 14:55:31.682   336   336 W ADB_SERVICES: LS(30211): bound to 'shell:cat /proc/32424/stat' via 26
06-14 14:55:31.682 32528 32528 W ADB_SERVICES: adb: unable to update oom_score_adj
06-14 14:55:31.687   336   336 D ADB_SERVICES:  closing because is_eof=1 r=-1 s->fde.force_eof=0
06-14 14:55:31.687   336   336 W ADB_SERVICES: entered. LS(30211) fd=26
06-14 14:55:31.719   336   336 W ADB_SERVICES: create_local_service_socket() name=shell:cat /proc/stat
06-14 14:55:31.719   336   336 W ADB_SERVICES: service_to_fd() name=shell:cat /proc/stat
06-14 14:55:31.719   336   336 W ADB_SERVICES: read_meminfo() mem_free=53336
06-14 14:55:31.720   336   336 W ADB_SERVICES: create_subproc ret_fd=26 pid=32529
06-14 14:55:31.720   336   336 W ADB_SERVICES: LS(30212): bound to 'shell:cat /proc/stat' via 26
06-14 14:55:31.720 32529 32529 W ADB_SERVICES: adb: unable to update oom_score_adj
06-14 14:55:31.720   336   336 W ADB_SERVICES: create_local_service_socket() name=shell:cat /proc/stat
06-14 14:55:31.721   336   336 W ADB_SERVICES: service_to_fd() name=shell:cat /proc/stat
06-14 14:55:31.721   336   336 W ADB_SERVICES: read_meminfo() mem_free=53336
06-14 14:55:31.721   336   336 W ADB_SERVICES: create_subproc ret_fd=27 pid=32530
06-14 14:55:31.721   336   336 W ADB_SERVICES: LS(30213): bound to 'shell:cat /proc/stat' via 27
06-14 14:55:31.722 32530 32530 W ADB_SERVICES: adb: unable to update oom_score_adj
06-14 14:55:31.725   336   336 D ADB_SERVICES:  closing because is_eof=1 r=1 s->fde.force_eof=0
06-14 14:55:31.725   336   336 W ADB_SERVICES: entered. LS(30212) fd=26
06-14 14:55:31.726   336   336 D ADB_SERVICES:  closing because is_eof=1 r=-1 s->fde.force_eof=0
06-14 14:55:31.726   336   336 W ADB_SERVICES: entered. LS(30213) fd=27
06-14 14:55:31.762   874   985 D PerfServiceManager: [PerfService] MESSAGE_TIMER_SCN_USER_BASE:76 
06-14 14:55:31.762   874   985 I libPerfService: 12: set: 1
06-14 14:55:31.762   874   985 I libPerfService: 12: set freq: 0
06-14 14:55:31.762   874   985 I libPerfService: 12: set gpu level: 0
06-14 14:55:31.834   874   968 D WifiHW  : enter -->wifi_send_command cmd=IFNAME=wlan0 SIGNAL_POLL
06-14 14:55:31.834  1428  1428 D wpa_supplicant: wlan0: Control interface command 'SIGNAL_POLL'
06-14 14:55:31.843 32424 32424 D BgTest  : uiCount 1
06-14 14:55:31.856   874   968 D WifiHW  : leave --> reply=RSSI=-52
06-14 14:55:31.856   874   968 D WifiHW  : LINKSPEED=65
06-14 14:55:31.856   874   968 D WifiHW  : NOISE=9999
06-14 14:55:31.856   874   968 D WifiHW  : FREQUENCY=2462
06-14 14:55:31.856   874   968 D WifiHW  : 
06-14 14:55:31.857   874   968 D WifiStateMachine: mLastSignalLevel:3, newSignalLevel:3
06-14 14:55:31.920 32424 32489 D BgTest  : bgCount 1
06-14 14:55:32.034   336   336 W ADB_SERVICES: create_local_service_socket() name=shell:cat /proc/net/xt_qtaguid/stats | grep 10069
06-14 14:55:32.034   336   336 W ADB_SERVICES: service_to_fd() name=shell:cat /proc/net/xt_qtaguid/stats | grep 10069
06-14 14:55:32.035   336   336 W ADB_SERVICES: read_meminfo() mem_free=53584
06-14 14:55:32.036   336   336 W ADB_SERVICES: create_subproc ret_fd=26 pid=32531
06-14 14:55:32.036   336   336 W ADB_SERVICES: LS(30214): bound to 'shell:cat /proc/net/xt_qtaguid/stats | grep 10069' via 26
06-14 14:55:32.037 32531 32531 W ADB_SERVICES: adb: unable to update oom_score_adj
06-14 14:55:32.052   336   336 W ADB_SERVICES: create_local_service_socket() name=shell:cat /proc/net/xt_qtaguid/stats | grep 10069
06-14 14:55:32.052   336   336 W ADB_SERVICES: service_to_fd() name=shell:cat /proc/net/xt_qtaguid/stats | grep 10069
06-14 14:55:32.058   336   336 W ADB_SERVICES: read_meminfo() mem_free=53600
06-14 14:55:32.060   336   336 W ADB_SERVICES: create_subproc ret_fd=27 pid=32534
06-14 14:55:32.061   336   336 W ADB_SERVICES: LS(30215): bound to 'shell:cat /proc/net/xt_qtaguid/stats | grep 10069' via 27
06-14 14:55:32.072 32534 32534 W ADB_SERVICES: adb: unable to update oom_score_adj
06-14 14:55:32.086   336   336 D ADB_SERVICES:  closing because is_eof=1 r=-1 s->fde.force_eof=0
06-14 14:55:32.087   336   336 W ADB_SERVICES: entered. LS(30214) fd=26
06-14 14:55:32.100   336   336 D ADB_SERVICES:  closing because is_eof=1 r=-1 s->fde.force_eof=0
06-14 14:55:32.100   336   336 W ADB_SERVICES: entered. LS(30215) fd=27
06-14 14:55:32.113 32355 32419 I System.out: [CDS]EAGAIN in Recvfrom
06-14 14:55:32.114 32355 32419 I System.out: [CDS]read byte is 0
06-14 14:55:32.115 32355 32419 D MLog    : org.eclipse.paho.client.mqttv3.internal.CommsReceiver::run -> 852
06-14 14:55:32.259   336   336 W ADB_SERVICES: create_local_service_socket() name=shell:cat /proc/32424/stat
06-14 14:55:32.259   336   336 W ADB_SERVICES: service_to_fd() name=shell:cat /proc/32424/stat
06-14 14:55:32.259   336   336 W ADB_SERVICES: read_meminfo() mem_free=54692
06-14 14:55:32.261   336   336 W ADB_SERVICES: create_subproc ret_fd=26 pid=32537
06-14 14:55:32.261   336   336 W ADB_SERVICES: LS(30216): bound to 'shell:cat /proc/32424/stat' via 26
06-14 14:55:32.265   336   336 W ADB_SERVICES: create_local_service_socket() name=shell:cat /proc/32424/stat
06-14 14:55:32.265   336   336 W ADB_SERVICES: service_to_fd() name=shell:cat /proc/32424/stat
06-14 14:55:32.266   336   336 W ADB_SERVICES: read_meminfo() mem_free=54692
06-14 14:55:32.269   336   336 W ADB_SERVICES: create_subproc ret_fd=27 pid=32538
06-14 14:55:32.270   336   336 W ADB_SERVICES: LS(30217): bound to 'shell:cat /proc/32424/stat' via 27
06-14 14:55:32.273 32537 32537 W ADB_SERVICES: adb: unable to update oom_score_adj
06-14 14:55:32.277 32538 32538 W ADB_SERVICES: adb: unable to update oom_score_adj
06-14 14:55:32.291   336   336 D ADB_SERVICES:  closing because is_eof=1 r=-1 s->fde.force_eof=0
06-14 14:55:32.291   336   336 W ADB_SERVICES: entered. LS(30217) fd=27
06-14 14:55:32.294   336   336 D ADB_SERVICES:  closing because is_eof=1 r=-1 s->fde.force_eof=0
06-14 14:55:32.294   336   336 W ADB_SERVICES: entered. LS(30216) fd=26
06-14 14:55:32.309   336   336 W ADB_SERVICES: create_local_service_socket() name=shell:cat /proc/stat
06-14 14:55:32.309   336   336 W ADB_SERVICES: service_to_fd() name=shell:cat /proc/stat
06-14 14:55:32.310   336   336 W ADB_SERVICES: read_meminfo() mem_free=54624
06-14 14:55:32.310   336   336 W ADB_SERVICES: create_subproc ret_fd=26 pid=32539
06-14 14:55:32.310   336   336 W ADB_SERVICES: LS(30218): bound to 'shell:cat /proc/stat' via 26
06-14 14:55:32.312 32539 32539 W ADB_SERVICES: adb: unable to update oom_score_adj
06-14 14:55:32.318   336   336 D ADB_SERVICES:  closing because is_eof=1 r=-1 s->fde.force_eof=0
06-14 14:55:32.318   336   336 W ADB_SERVICES: entered. LS(30218) fd=26
06-14 14:55:32.324   336   336 W ADB_SERVICES: create_local_service_socket() name=shell:cat /proc/stat
06-14 14:55:32.324   336   336 W ADB_SERVICES: service_to_fd() name=shell:cat /proc/stat
06-14 14:55:32.324   336   336 W ADB_SERVICES: read_meminfo() mem_free=54676
06-14 14:55:32.325   336   336 W ADB_SERVICES: create_subproc ret_fd=26 pid=32540
06-14 14:55:32.325   336   336 W ADB_SERVICES: LS(30219): bound to 'shell:cat /proc/stat' via 26
06-14 14:55:32.327 32540 32540 W ADB_SERVICES: adb: unable to update oom_score_adj
06-14 14:55:32.336   336   336 D ADB_SERVICES:  closing because is_eof=1 r=-1 s->fde.force_eof=0
06-14 14:55:32.336   336   336 W ADB_SERVICES: entered. LS(30219) fd=26
06-14 14:55:32.541  1860  1860 V SettingsInterface:  from settings cache , name = multi_sim_voice_call , value = null
06-14 14:55:32.548  1860  1860 V SettingsInterface:  from settings cache , name = multi_sim_voice_call , value = null
06-14 14:55:32.557  1860  1860 V SettingsInterface:  from settings cache , name = multi_sim_voice_call , value = null
06-14 14:55:32.563  1860  1860 V SettingsInterface:  from settings cache , name = multi_sim_voice_call , value = null
06-14 14:55:32.565  1860  1860 V SettingsInterface:  from settings cache , name = multi_sim_voice_call , value = null
06-14 14:55:32.568  1860  1860 V SettingsInterface:  from settings cache , name = multi_sim_voice_call , value = null
06-14 14:55:32.571   874  1162 V ActivityManager: Broadcast sticky: Intent { act=android.intent.action.SIG_STR flg=0x20000010 (has extras) } ordered=false userid=-1 callerApp=ProcessRecord{2de77b41 874:system/1000}
06-14 14:55:32.608   336   336 W ADB_SERVICES: create_local_service_socket() name=shell:cat /proc/net/xt_qtaguid/stats | grep 10069
06-14 14:55:32.608   336   336 W ADB_SERVICES: service_to_fd() name=shell:cat /proc/net/xt_qtaguid/stats | grep 10069
06-14 14:55:32.609   336   336 W ADB_SERVICES: read_meminfo() mem_free=54656
06-14 14:55:32.610   336   336 W ADB_SERVICES: create_subproc ret_fd=26 pid=32541
06-14 14:55:32.610   336   336 W ADB_SERVICES: LS(30220): bound to 'shell:cat /proc/net/xt_qtaguid/stats | grep 10069' via 26
06-14 14:55:32.615 32541 32541 W ADB_SERVICES: adb: unable to update oom_score_adj
06-14 14:55:32.630   336   336 W ADB_SERVICES: create_local_service_socket() name=shell:cat /proc/net/xt_qtaguid/stats | grep 10069
06-14 14:55:32.630   336   336 W ADB_SERVICES: service_to_fd() name=shell:cat /proc/net/xt_qtaguid/stats | grep 10069
06-14 14:55:32.631   336   336 W ADB_SERVICES: read_meminfo() mem_free=54396
06-14 14:55:32.631   336   336 W ADB_SERVICES: create_subproc ret_fd=27 pid=32544
06-14 14:55:32.631   336   336 W ADB_SERVICES: LS(30221): bound to 'shell:cat /proc/net/xt_qtaguid/stats | grep 10069' via 27
06-14 14:55:32.635 32544 32544 W ADB_SERVICES: adb: unable to update oom_score_adj
06-14 14:55:32.646   336   336 D ADB_SERVICES:  closing because is_eof=1 r=-1 s->fde.force_eof=0
06-14 14:55:32.646   336   336 W ADB_SERVICES: entered. LS(30220) fd=26
06-14 14:55:32.659   336   336 D ADB_SERVICES:  closing because is_eof=1 r=-1 s->fde.force_eof=0
06-14 14:55:32.659   336   336 W ADB_SERVICES: entered. LS(30221) fd=27
06-14 14:55:32.833   319   319 I thermal_repeater: oh, queryMdThermalInfo (0)Bad file number
06-14 14:55:32.833   874   985 D PerfServiceManager: [PerfService] MESSAGE_TIMER_TOUCH_BOOST_DURATION 
06-14 14:55:32.833   874   985 I libPerfService: 7: set: 1
06-14 14:55:32.834   874   985 I libPerfService: 7: set freq: 0
06-14 14:55:32.843 32424 32424 D BgTest  : uiCount 2
06-14 14:55:32.847   319   319 I thermal_repeater: [recvMdThermalInfo] ret=25, strLen=127,  1, 32767,,, -1, 32767, 2
06-14 14:55:32.850   336   336 W ADB_SERVICES: create_local_service_socket() name=shell:cat /proc/32424/stat
06-14 14:55:32.850   336   336 W ADB_SERVICES: service_to_fd() name=shell:cat /proc/32424/stat
06-14 14:55:32.851   336   336 W ADB_SERVICES: read_meminfo() mem_free=54676
06-14 14:55:32.854   336   336 W ADB_SERVICES: create_subproc ret_fd=26 pid=32547
06-14 14:55:32.855   336   336 W ADB_SERVICES: LS(30222): bound to 'shell:cat /proc/32424/stat' via 26
06-14 14:55:32.858 32547 32547 W ADB_SERVICES: adb: unable to update oom_score_adj
06-14 14:55:32.866   336   336 W ADB_SERVICES: create_local_service_socket() name=shell:cat /proc/32424/stat
06-14 14:55:32.866   336   336 W ADB_SERVICES: service_to_fd() name=shell:cat /proc/32424/stat
06-14 14:55:32.867   336   336 W ADB_SERVICES: read_meminfo() mem_free=54640
06-14 14:55:32.867   336   336 W ADB_SERVICES: create_subproc ret_fd=27 pid=32548
06-14 14:55:32.867   336   336 W ADB_SERVICES: LS(30223): bound to 'shell:cat /proc/32424/stat' via 27
06-14 14:55:32.874 32548 32548 W ADB_SERVICES: adb: unable to update oom_score_adj
06-14 14:55:32.886   336   336 D ADB_SERVICES:  closing because is_eof=1 r=-1 s->fde.force_eof=0
06-14 14:55:32.886   336   336 W ADB_SERVICES: entered. LS(30222) fd=26
06-14 14:55:32.889   336   336 D ADB_SERVICES:  closing because is_eof=1 r=-1 s->fde.force_eof=0
06-14 14:55:32.889   336   336 W ADB_SERVICES: entered. LS(30223) fd=27
06-14 14:55:32.894   336   336 W ADB_SERVICES: create_local_service_socket() name=shell:cat /proc/stat
06-14 14:55:32.894   336   336 W ADB_SERVICES: service_to_fd() name=shell:cat /proc/stat
06-14 14:55:32.894   336   336 W ADB_SERVICES: read_meminfo() mem_free=54624
06-14 14:55:32.894   336   336 W ADB_SERVICES: create_subproc ret_fd=26 pid=32549
06-14 14:55:32.894   336   336 W ADB_SERVICES: LS(30224): bound to 'shell:cat /proc/stat' via 26
06-14 14:55:32.896 32549 32549 W ADB_SERVICES: adb: unable to update oom_score_adj
06-14 14:55:32.902   336   336 D ADB_SERVICES:  closing because is_eof=1 r=-1 s->fde.force_eof=0
06-14 14:55:32.903   336   336 W ADB_SERVICES: entered. LS(30224) fd=26
06-14 14:55:32.907   336   336 W ADB_SERVICES: create_local_service_socket() name=shell:cat /proc/stat
06-14 14:55:32.907   336   336 W ADB_SERVICES: service_to_fd() name=shell:cat /proc/stat
06-14 14:55:32.907   336   336 W ADB_SERVICES: read_meminfo() mem_free=54624
06-14 14:55:32.908   336   336 W ADB_SERVICES: create_subproc ret_fd=26 pid=32550
06-14 14:55:32.908   336   336 W ADB_SERVICES: LS(30225): bound to 'shell:cat /proc/stat' via 26
06-14 14:55:32.909 32550 32550 W ADB_SERVICES: adb: unable to update oom_score_adj
06-14 14:55:32.916   336   336 D ADB_SERVICES:  closing because is_eof=1 r=-1 s->fde.force_eof=0
06-14 14:55:32.916   336   336 W ADB_SERVICES: entered. LS(30225) fd=26
06-14 14:55:32.960 32424 32489 D BgTest  : bgCount 2
06-14 14:55:33.091   272   272 I SurfaceFlinger: [Built-in Screen (type:0)] fps:0.705878,dur:1416.68,max:1416.68,min:1416.68
06-14 14:55:33.113 32355 32419 I System.out: [CDS]EAGAIN in Recvfrom
06-14 14:55:33.115 32355 32419 I System.out: [CDS]read byte is 0
06-14 14:55:33.117 32355 32419 D MLog    : org.eclipse.paho.client.mqttv3.internal.CommsReceiver::run -> 852
06-14 14:55:33.170   336   336 W ADB_SERVICES: create_local_service_socket() name=shell:cat /proc/net/xt_qtaguid/stats | grep 10069
06-14 14:55:33.170   336   336 W ADB_SERVICES: service_to_fd() name=shell:cat /proc/net/xt_qtaguid/stats | grep 10069
06-14 14:55:33.171   336   336 W ADB_SERVICES: read_meminfo() mem_free=54724
06-14 14:55:33.172   336   336 W ADB_SERVICES: create_subproc ret_fd=26 pid=32551
06-14 14:55:33.172   336   336 W ADB_SERVICES: LS(30226): bound to 'shell:cat /proc/net/xt_qtaguid/stats | grep 10069' via 26
06-14 14:55:33.177 32551 32551 W ADB_SERVICES: adb: unable to update oom_score_adj
06-14 14:55:33.179   336   336 W ADB_SERVICES: create_local_service_socket() name=shell:cat /proc/net/xt_qtaguid/stats | grep 10069
06-14 14:55:33.179   336   336 W ADB_SERVICES: service_to_fd() name=shell:cat /proc/net/xt_qtaguid/stats | grep 10069
06-14 14:55:33.180   336   336 W ADB_SERVICES: read_meminfo() mem_free=54724
06-14 14:55:33.181   336   336 W ADB_SERVICES: create_subproc ret_fd=27 pid=32552
06-14 14:55:33.181   336   336 W ADB_SERVICES: LS(30227): bound to 'shell:cat /proc/net/xt_qtaguid/stats | grep 10069' via 27
06-14 14:55:33.189 32552 32552 W ADB_SERVICES: adb: unable to update oom_score_adj
06-14 14:55:33.226   336   336 D ADB_SERVICES:  closing because is_eof=1 r=-1 s->fde.force_eof=0
06-14 14:55:33.226   336   336 W ADB_SERVICES: entered. LS(30227) fd=27
06-14 14:55:33.231   336   336 D ADB_SERVICES:  closing because is_eof=1 r=-1 s->fde.force_eof=0
06-14 14:55:33.231   336   336 W ADB_SERVICES: entered. LS(30226) fd=26
06-14 14:55:33.441   336   336 W ADB_SERVICES: create_local_service_socket() name=shell:cat /proc/32424/stat
06-14 14:55:33.442   336   336 W ADB_SERVICES: service_to_fd() name=shell:cat /proc/32424/stat
06-14 14:55:33.444   336   336 W ADB_SERVICES: read_meminfo() mem_free=54600
06-14 14:55:33.446   336   336 W ADB_SERVICES: create_subproc ret_fd=26 pid=32557
06-14 14:55:33.446   336   336 W ADB_SERVICES: LS(30228): bound to 'shell:cat /proc/32424/stat' via 26
06-14 14:55:33.449 32557 32557 W ADB_SERVICES: adb: unable to update oom_score_adj
06-14 14:55:33.454   336   336 W ADB_SERVICES: create_local_service_socket() name=shell:cat /proc/32424/stat
06-14 14:55:33.454   336   336 W ADB_SERVICES: service_to_fd() name=shell:cat /proc/32424/stat
06-14 14:55:33.454   336   336 W ADB_SERVICES: read_meminfo() mem_free=54548
06-14 14:55:33.456   336   336 W ADB_SERVICES: create_subproc ret_fd=27 pid=32558
06-14 14:55:33.456   336   336 W ADB_SERVICES: LS(30229): bound to 'shell:cat /proc/32424/stat' via 27
06-14 14:55:33.465 32558 32558 W ADB_SERVICES: adb: unable to update oom_score_adj
06-14 14:55:33.473   336   336 D ADB_SERVICES:  closing because is_eof=1 r=-1 s->fde.force_eof=0
06-14 14:55:33.473   336   336 W ADB_SERVICES: entered. LS(30228) fd=26
06-14 14:55:33.475   336   336 D ADB_SERVICES:  closing because is_eof=1 r=-1 s->fde.force_eof=0
06-14 14:55:33.475   336   336 W ADB_SERVICES: entered. LS(30229) fd=27
06-14 14:55:33.491   336   336 W ADB_SERVICES: create_local_service_socket() name=shell:cat /proc/stat
06-14 14:55:33.491   336   336 W ADB_SERVICES: service_to_fd() name=shell:cat /proc/stat
06-14 14:55:33.491   336   336 W ADB_SERVICES: read_meminfo() mem_free=54680
06-14 14:55:33.492   336   336 W ADB_SERVICES: create_subproc ret_fd=26 pid=32559
06-14 14:55:33.492   336   336 W ADB_SERVICES: LS(30230): bound to 'shell:cat /proc/stat' via 26
06-14 14:55:33.493   336   336 W ADB_SERVICES: create_local_service_socket() name=shell:cat /proc/stat
06-14 14:55:33.493   336   336 W ADB_SERVICES: service_to_fd() name=shell:cat /proc/stat
06-14 14:55:33.494   336   336 W ADB_SERVICES: read_meminfo() mem_free=54680
06-14 14:55:33.494   336   336 W ADB_SERVICES: create_subproc ret_fd=27 pid=32560
06-14 14:55:33.494   336   336 W ADB_SERVICES: LS(30231): bound to 'shell:cat /proc/stat' via 27
06-14 14:55:33.496 32560 32560 W ADB_SERVICES: adb: unable to update oom_score_adj
06-14 14:55:33.497 32559 32559 W ADB_SERVICES: adb: unable to update oom_score_adj
06-14 14:55:33.509   336   336 D ADB_SERVICES:  closing because is_eof=1 r=-1 s->fde.force_eof=0
06-14 14:55:33.509   336   336 W ADB_SERVICES: entered. LS(30231) fd=27
06-14 14:55:33.513   336   336 D ADB_SERVICES:  closing because is_eof=1 r=-1 s->fde.force_eof=0
06-14 14:55:33.513   336   336 W ADB_SERVICES: entered. LS(30230) fd=26
06-14 14:55:33.720  1231  8560 D UsageStats_UsageStatsUploader: DB_CHANGED, current count is 0, stop time alarm.
06-14 14:55:33.725   874  1848 D AlarmManager: manual remove option = PendingIntent{1140bcb8: PendingIntentRecord{18285cb9 com.meizu.safe broadcastIntent}}
06-14 14:55:33.726  1885  2026 D UsageStats_UsageStatsUploader: DB_CHANGED, start time alarm, current count: 2
06-14 14:55:33.729   874  1082 D AlarmManager: manual remove option = PendingIntent{609a91: PendingIntentRecord{22e02b7b com.meizu.flyme.launcher broadcastIntent}}
06-14 14:55:33.730   874  1830 V AlarmManager: APP set(PendingIntent{35602df6: PendingIntentRecord{22e02b7b com.meizu.flyme.launcher broadcastIntent}}) : type=1 triggerAtTime=1497425133728 win=-1 tElapsed=14435390 maxElapsed=15785388 interval=0 standalone=false
06-14 14:55:33.746 32152 32326 D UsageStats_UsageStatsUploader: DB_CHANGED, current count is 0, stop time alarm.
06-14 14:55:33.749   874  1162 D AlarmManager: manual remove option = PendingIntent{a38b5f7: PendingIntentRecord{21690b75 com.meizu.mstore broadcastIntent}}
06-14 14:55:33.753 32103 32134 D UsageStats_UsageStatsUploader: DB_CHANGED, current count is 0, stop time alarm.
06-14 14:55:33.753   336   336 W ADB_SERVICES: create_local_service_socket() name=shell:cat /proc/net/xt_qtaguid/stats | grep 10069
06-14 14:55:33.753   336   336 W ADB_SERVICES: service_to_fd() name=shell:cat /proc/net/xt_qtaguid/stats | grep 10069
06-14 14:55:33.754   336   336 W ADB_SERVICES: read_meminfo() mem_free=54708
06-14 14:55:33.754   336   336 W ADB_SERVICES: create_subproc ret_fd=26 pid=32561
06-14 14:55:33.754   336   336 W ADB_SERVICES: LS(30232): bound to 'shell:cat /proc/net/xt_qtaguid/stats | grep 10069' via 26
06-14 14:55:33.756 13331 13354 D UsageStats_UsageStatsUploader: DB_CHANGED, current count is 0, stop time alarm.
06-14 14:55:33.757 32561 32561 W ADB_SERVICES: adb: unable to update oom_score_adj
06-14 14:55:33.770   336   336 W ADB_SERVICES: create_local_service_socket() name=shell:cat /proc/net/xt_qtaguid/stats | grep 10069
06-14 14:55:33.770   336   336 W ADB_SERVICES: service_to_fd() name=shell:cat /proc/net/xt_qtaguid/stats | grep 10069
06-14 14:55:33.770   336   336 W ADB_SERVICES: read_meminfo() mem_free=54412
06-14 14:55:33.770   336   336 W ADB_SERVICES: create_subproc ret_fd=27 pid=32564
06-14 14:55:33.770   336   336 W ADB_SERVICES: LS(30233): bound to 'shell:cat /proc/net/xt_qtaguid/stats | grep 10069' via 27
06-14 14:55:33.774 32564 32564 W ADB_SERVICES: adb: unable to update oom_score_adj
06-14 14:55:33.782   336   336 D ADB_SERVICES:  closing because is_eof=1 r=-1 s->fde.force_eof=0
06-14 14:55:33.782   336   336 W ADB_SERVICES: entered. LS(30232) fd=26
06-14 14:55:33.795   336   336 D ADB_SERVICES:  closing because is_eof=1 r=-1 s->fde.force_eof=0
06-14 14:55:33.795   336   336 W ADB_SERVICES: entered. LS(30233) fd=27
06-14 14:55:33.800  3445  3477 D UsageStats_UsageStatsUploader: DB_CHANGED, current count is 0, stop time alarm.
06-14 14:55:33.806   874  1824 D AlarmManager: manual remove option = PendingIntent{15a0ec64: PendingIntentRecord{2efbccac com.flyme.netadmin broadcastIntent}}
06-14 14:55:33.807   874  1832 D AlarmManager: manual remove option = PendingIntent{36e34ecd: PendingIntentRecord{20593382 com.meizu.net.search broadcastIntent}}
06-14 14:55:33.808   874  1245 D AlarmManager: manual remove option = PendingIntent{c38ba93: PendingIntentRecord{1ca25b41 com.meizu.mzsyncservice broadcastIntent}}
06-14 14:55:33.844 32424 32424 D BgTest  : uiCount 3
06-14 14:55:33.985 32424 32489 D BgTest  : bgCount 3
06-14 14:55:34.034   336   336 W ADB_SERVICES: create_local_service_socket() name=shell:cat /proc/32424/stat
06-14 14:55:34.034   336   336 W ADB_SERVICES: service_to_fd() name=shell:cat /proc/32424/stat
06-14 14:55:34.034   336   336 W ADB_SERVICES: read_meminfo() mem_free=55080
06-14 14:55:34.036   336   336 W ADB_SERVICES: create_subproc ret_fd=26 pid=32567
06-14 14:55:34.036   336   336 W ADB_SERVICES: LS(30234): bound to 'shell:cat /proc/32424/stat' via 26
06-14 14:55:34.037 32567 32567 W ADB_SERVICES: adb: unable to update oom_score_adj
06-14 14:55:34.037   336   336 W ADB_SERVICES: create_local_service_socket() name=shell:cat /proc/32424/stat
06-14 14:55:34.037   336   336 W ADB_SERVICES: service_to_fd() name=shell:cat /proc/32424/stat
06-14 14:55:34.037   336   336 W ADB_SERVICES: read_meminfo() mem_free=54816
06-14 14:55:34.039   336   336 W ADB_SERVICES: create_subproc ret_fd=27 pid=32568
06-14 14:55:34.039   336   336 W ADB_SERVICES: LS(30235): bound to 'shell:cat /proc/32424/stat' via 27
06-14 14:55:34.040 32568 32568 W ADB_SERVICES: adb: unable to update oom_score_adj
06-14 14:55:34.051   336   336 D ADB_SERVICES:  closing because is_eof=1 r=-1 s->fde.force_eof=0
06-14 14:55:34.051   336   336 W ADB_SERVICES: entered. LS(30234) fd=26
06-14 14:55:34.054   336   336 D ADB_SERVICES:  closing because is_eof=1 r=-1 s->fde.force_eof=0
06-14 14:55:34.054   336   336 W ADB_SERVICES: entered. LS(30235) fd=27
06-14 14:55:34.074   336   336 W ADB_SERVICES: create_local_service_socket() name=shell:cat /proc/stat
06-14 14:55:34.074   336   336 W ADB_SERVICES: service_to_fd() name=shell:cat /proc/stat
06-14 14:55:34.075   336   336 W ADB_SERVICES: read_meminfo() mem_free=54676
06-14 14:55:34.076   336   336 W ADB_SERVICES: create_subproc ret_fd=26 pid=32569
06-14 14:55:34.077   336   336 W ADB_SERVICES: LS(30236): bound to 'shell:cat /proc/stat' via 26
06-14 14:55:34.077 32569 32569 W ADB_SERVICES: adb: unable to update oom_score_adj
06-14 14:55:34.080   336   336 W ADB_SERVICES: create_local_service_socket() name=shell:cat /proc/stat
06-14 14:55:34.081   336   336 W ADB_SERVICES: service_to_fd() name=shell:cat /proc/stat
06-14 14:55:34.081   336   336 W ADB_SERVICES: read_meminfo() mem_free=54536
06-14 14:55:34.083   336   336 W ADB_SERVICES: create_subproc ret_fd=27 pid=32570
06-14 14:55:34.083   336   336 W ADB_SERVICES: LS(30237): bound to 'shell:cat /proc/stat' via 27
06-14 14:55:34.083 32570 32570 W ADB_SERVICES: adb: unable to update oom_score_adj
06-14 14:55:34.094   336   336 D ADB_SERVICES:  closing because is_eof=1 r=-1 s->fde.force_eof=0
06-14 14:55:34.094   336   336 W ADB_SERVICES: entered. LS(30236) fd=26
06-14 14:55:34.098   336   336 D ADB_SERVICES:  closing because is_eof=1 r=-1 s->fde.force_eof=0
06-14 14:55:34.098   336   336 W ADB_SERVICES: entered. LS(30237) fd=27
06-14 14:55:34.113 32355 32419 I System.out: [CDS]EAGAIN in Recvfrom
06-14 14:55:34.113 32355 32419 I System.out: [CDS]read byte is 0
06-14 14:55:34.113 32355 32419 D MLog    : org.eclipse.paho.client.mqttv3.internal.CommsReceiver::run -> 852
06-14 14:55:34.296   336   336 W ADB_SERVICES: create_local_service_socket() name=shell:cat /proc/net/xt_qtaguid/stats | grep 10069
06-14 14:55:34.296   336   336 W ADB_SERVICES: service_to_fd() name=shell:cat /proc/net/xt_qtaguid/stats | grep 10069
06-14 14:55:34.297   336   336 W ADB_SERVICES: read_meminfo() mem_free=54272
06-14 14:55:34.298   336   336 W ADB_SERVICES: create_subproc ret_fd=26 pid=32571
06-14 14:55:34.299   336   336 W ADB_SERVICES: LS(30238): bound to 'shell:cat /proc/net/xt_qtaguid/stats | grep 10069' via 26
06-14 14:55:34.299 32571 32571 W ADB_SERVICES: adb: unable to update oom_score_adj
06-14 14:55:34.310   336   336 W ADB_SERVICES: create_local_service_socket() name=shell:cat /proc/net/xt_qtaguid/stats | grep 10069
06-14 14:55:34.310   336   336 W ADB_SERVICES: service_to_fd() name=shell:cat /proc/net/xt_qtaguid/stats | grep 10069
06-14 14:55:34.311   336   336 W ADB_SERVICES: read_meminfo() mem_free=54396
06-14 14:55:34.313   336   336 W ADB_SERVICES: create_subproc ret_fd=27 pid=32573
06-14 14:55:34.313   336   336 W ADB_SERVICES: LS(30239): bound to 'shell:cat /proc/net/xt_qtaguid/stats | grep 10069' via 27
06-14 14:55:34.314 32573 32573 W ADB_SERVICES: adb: unable to update oom_score_adj
06-14 14:55:34.332   336   336 D ADB_SERVICES:  closing because is_eof=1 r=-1 s->fde.force_eof=0
06-14 14:55:34.332   336   336 W ADB_SERVICES: entered. LS(30238) fd=26
06-14 14:55:34.342   336   336 D ADB_SERVICES:  closing because is_eof=1 r=-1 s->fde.force_eof=0
06-14 14:55:34.342   336   336 W ADB_SERVICES: entered. LS(30239) fd=27
06-14 14:55:34.613   336   336 W ADB_SERVICES: create_local_service_socket() name=shell:cat /proc/32424/stat
06-14 14:55:34.613   336   336 W ADB_SERVICES: service_to_fd() name=shell:cat /proc/32424/stat
06-14 14:55:34.614   336   336 W ADB_SERVICES: read_meminfo() mem_free=55800
06-14 14:55:34.615   336   336 W ADB_SERVICES: create_subproc ret_fd=26 pid=32577
06-14 14:55:34.615   336   336 W ADB_SERVICES: LS(30240): bound to 'shell:cat /proc/32424/stat' via 26
06-14 14:55:34.620 32577 32577 W ADB_SERVICES: adb: unable to update oom_score_adj
06-14 14:55:34.626   336   336 W ADB_SERVICES: create_local_service_socket() name=shell:cat /proc/32424/stat
06-14 14:55:34.626   336   336 W ADB_SERVICES: service_to_fd() name=shell:cat /proc/32424/stat
06-14 14:55:34.626   336   336 W ADB_SERVICES: read_meminfo() mem_free=55800
06-14 14:55:34.630   336   336 W ADB_SERVICES: create_subproc ret_fd=27 pid=32578
06-14 14:55:34.630   336   336 W ADB_SERVICES: LS(30241): bound to 'shell:cat /proc/32424/stat' via 27
06-14 14:55:34.637 32578 32578 W ADB_SERVICES: adb: unable to update oom_score_adj
06-14 14:55:34.641   336   336 D ADB_SERVICES:  closing because is_eof=1 r=-1 s->fde.force_eof=0
06-14 14:55:34.641   336   336 W ADB_SERVICES: entered. LS(30240) fd=26
06-14 14:55:34.645   336   336 D ADB_SERVICES:  closing because is_eof=1 r=1 s->fde.force_eof=0
06-14 14:55:34.645   336   336 W ADB_SERVICES: entered. LS(30241) fd=27
06-14 14:55:34.653   336   336 W ADB_SERVICES: create_local_service_socket() name=shell:cat /proc/stat
06-14 14:55:34.653   336   336 W ADB_SERVICES: service_to_fd() name=shell:cat /proc/stat
06-14 14:55:34.653   336   336 W ADB_SERVICES: read_meminfo() mem_free=55396
06-14 14:55:34.654   336   336 W ADB_SERVICES: create_subproc ret_fd=26 pid=32579
06-14 14:55:34.654   336   336 W ADB_SERVICES: LS(30242): bound to 'shell:cat /proc/stat' via 26
06-14 14:55:34.655 32579 32579 W ADB_SERVICES: adb: unable to update oom_score_adj
06-14 14:55:34.662   336   336 D ADB_SERVICES:  closing because is_eof=1 r=-1 s->fde.force_eof=0
06-14 14:55:34.662   336   336 W ADB_SERVICES: entered. LS(30242) fd=26
06-14 14:55:34.668   336   336 W ADB_SERVICES: create_local_service_socket() name=shell:cat /proc/stat
06-14 14:55:34.668   336   336 W ADB_SERVICES: service_to_fd() name=shell:cat /proc/stat
06-14 14:55:34.668   336   336 W ADB_SERVICES: read_meminfo() mem_free=55396
06-14 14:55:34.668   336   336 W ADB_SERVICES: create_subproc ret_fd=26 pid=32580
06-14 14:55:34.668   336   336 W ADB_SERVICES: LS(30243): bound to 'shell:cat /proc/stat' via 26
06-14 14:55:34.670 32580 32580 W ADB_SERVICES: adb: unable to update oom_score_adj
06-14 14:55:34.677   336   336 D ADB_SERVICES:  closing because is_eof=1 r=-1 s->fde.force_eof=0
06-14 14:55:34.677   336   336 W ADB_SERVICES: entered. LS(30243) fd=26
06-14 14:55:34.846 32424 32424 D BgTest  : uiCount 4
06-14 14:55:34.865   874   968 D WifiHW  : enter -->wifi_send_command cmd=IFNAME=wlan0 SIGNAL_POLL
06-14 14:55:34.866   336   336 W ADB_SERVICES: create_local_service_socket() name=shell:cat /proc/net/xt_qtaguid/stats | grep 10069
06-14 14:55:34.866   336   336 W ADB_SERVICES: service_to_fd() name=shell:cat /proc/net/xt_qtaguid/stats | grep 10069
06-14 14:55:34.867   336   336 W ADB_SERVICES: read_meminfo() mem_free=55396
06-14 14:55:34.868   336   336 W ADB_SERVICES: create_subproc ret_fd=26 pid=32581
06-14 14:55:34.868   336   336 W ADB_SERVICES: LS(30244): bound to 'shell:cat /proc/net/xt_qtaguid/stats | grep 10069' via 26
06-14 14:55:34.873  1428  1428 D wpa_supplicant: wlan0: Control interface command 'SIGNAL_POLL'
06-14 14:55:34.880   336   336 W ADB_SERVICES: create_local_service_socket() name=shell:cat /proc/net/xt_qtaguid/stats | grep 10069
06-14 14:55:34.881   336   336 W ADB_SERVICES: service_to_fd() name=shell:cat /proc/net/xt_qtaguid/stats | grep 10069
06-14 14:55:34.882   336   336 W ADB_SERVICES: read_meminfo() mem_free=55396
06-14 14:55:34.883   336   336 W ADB_SERVICES: create_subproc ret_fd=27 pid=32582
06-14 14:55:34.884   336   336 W ADB_SERVICES: LS(30245): bound to 'shell:cat /proc/net/xt_qtaguid/stats | grep 10069' via 27
06-14 14:55:34.884 32581 32581 W ADB_SERVICES: adb: unable to update oom_score_adj
06-14 14:55:34.889 32582 32582 W ADB_SERVICES: adb: unable to update oom_score_adj
06-14 14:55:34.895   874   968 D WifiHW  : leave --> reply=RSSI=-52
06-14 14:55:34.895   874   968 D WifiHW  : LINKSPEED=65
06-14 14:55:34.895   874   968 D WifiHW  : NOISE=9999
06-14 14:55:34.895   874   968 D WifiHW  : FREQUENCY=2462
06-14 14:55:34.895   874   968 D WifiHW  : 
06-14 14:55:34.895   874   968 D WifiStateMachine: mLastSignalLevel:3, newSignalLevel:3
06-14 14:55:34.917   336   336 D ADB_SERVICES:  closing because is_eof=1 r=-1 s->fde.force_eof=0
06-14 14:55:34.917   336   336 W ADB_SERVICES: entered. LS(30244) fd=26
06-14 14:55:34.923   336   336 D ADB_SERVICES:  closing because is_eof=1 r=-1 s->fde.force_eof=0
06-14 14:55:34.923   336   336 W ADB_SERVICES: entered. LS(30245) fd=27
06-14 14:55:35.023 32424 32489 D BgTest  : bgCount 4
06-14 14:55:35.113   874   953 V AlarmManager: Checking for alarms... rtc=1497423335113, elapsed=12636775
06-14 14:55:35.114   874   953 D AlarmManager: set alarm to RTC 2-12661986-14:56:00
06-14 14:55:35.116   874   953 D AlarmManager: sending alarm Alarm{1db26ad0 type 0 when 14:55:35 start 14:55:35 end 14:55:35 com.meitu.mtsdk}and operation:MqttService.pingSender.17241a5a-51a1-401d-bc08-4c3708f8458a
06-14 14:55:35.117   874   953 V ActivityManager: Broadcast: Intent { act=MqttService.pingSender.17241a5a-51a1-401d-bc08-4c3708f8458a flg=0x114 (has extras) } ordered=true userid=0 callerApp=null
06-14 14:55:35.128   874   953 V AlarmManager: sending alarm Alarm{1db26ad0 type 0 when 14:55:35 start 14:55:35 end 14:55:35 com.meitu.mtsdk} success
06-14 14:55:35.132 32355 32355 D AlarmPingSender: Ping 1 times.
06-14 14:55:35.134 32355 32419 I System.out: [CDS]EAGAIN in Recvfrom
06-14 14:55:35.136 32355 32419 I System.out: [CDS]read byte is 0
06-14 14:55:35.140 32355 32355 D AlarmPingSender: Check time :1497423335139
06-14 14:55:35.142 32355 32419 D MLog    : org.eclipse.paho.client.mqttv3.internal.CommsReceiver::run -> 852
06-14 14:55:35.145 32355 32355 D MLog    : org.eclipse.paho.client.mqttv3.internal.ClientState::checkForActivity -> 616 inserts:0 
06-14 14:55:35.146 32355 32355 D MLog    : org.eclipse.paho.client.mqttv3.internal.ClientState::checkForActivity -> 620 inserts:3 10000 1497423325031 1497423325110 
06-14 14:55:35.147 32355 32355 D MLog    : org.eclipse.paho.client.mqttv3.internal.CommsTokenStore::saveToken -> 300 inserts:2 Ping PINGREQ 
06-14 14:55:35.148 32355 32355 D MLog    : org.eclipse.paho.client.mqttv3.internal.CommsTokenStore::saveToken -> 307 inserts:2 Ping org.eclipse.paho.client.mqttv3.MqttToken@29ea2937 
06-14 14:55:35.148 32355 32355 D MLog    : org.eclipse.paho.client.mqttv3.internal.ClientState::notifyQueueLock -> 638
06-14 14:55:35.149 32355 32420 D MLog    : org.eclipse.paho.client.mqttv3.internal.ClientState::get -> 647
06-14 14:55:35.150 32355 32420 D MLog    : org.eclipse.paho.client.mqttv3.internal.CommsSender::run -> 802 inserts:2 Ping PINGREQ 
06-14 14:55:35.150 32355 32420 D MLog    : org.eclipse.paho.client.mqttv3.internal.ClientState::notifySentBytes -> 643 inserts:1 2 
06-14 14:55:35.151 32355 32420 D MLog    : org.eclipse.paho.client.mqttv3.internal.wire.MqttOutputStream::write -> 500 inserts:1 PINGREQ 
06-14 14:55:35.152 32355 32420 D MLog    : org.eclipse.paho.client.mqttv3.internal.ClientState::notifySent -> 625 inserts:1 Ping 
06-14 14:55:35.153 32355 32420 D MLog    : org.eclipse.paho.client.mqttv3.internal.Token::notifySent -> 403 inserts:1 Ping 
06-14 14:55:35.193 32355 32420 D MLog    : org.eclipse.paho.client.mqttv3.internal.ClientState::notifySent -> 635 inserts:1 1 
06-14 14:55:35.195 32355 32420 D MLog    : org.eclipse.paho.client.mqttv3.internal.ClientState::get -> 644
06-14 14:55:35.196   336   336 W ADB_SERVICES: create_local_service_socket() name=shell:cat /proc/32424/stat
06-14 14:55:35.196   336   336 W ADB_SERVICES: service_to_fd() name=shell:cat /proc/32424/stat
06-14 14:55:35.196   336   336 W ADB_SERVICES: read_meminfo() mem_free=55412
06-14 14:55:35.200   336   336 W ADB_SERVICES: create_subproc ret_fd=26 pid=32587
06-14 14:55:35.200   336   336 W ADB_SERVICES: LS(30246): bound to 'shell:cat /proc/32424/stat' via 26
06-14 14:55:35.204 32587 32587 W ADB_SERVICES: adb: unable to update oom_score_adj
06-14 14:55:35.209   336   336 W ADB_SERVICES: create_local_service_socket() name=shell:cat /proc/32424/stat
06-14 14:55:35.209   336   336 W ADB_SERVICES: service_to_fd() name=shell:cat /proc/32424/stat
06-14 14:55:35.209   336   336 W ADB_SERVICES: read_meminfo() mem_free=55288
06-14 14:55:35.211   336   336 W ADB_SERVICES: create_subproc ret_fd=27 pid=32588
06-14 14:55:35.211   336   336 W ADB_SERVICES: LS(30247): bound to 'shell:cat /proc/32424/stat' via 27
06-14 14:55:35.220 32588 32588 W ADB_SERVICES: adb: unable to update oom_score_adj
06-14 14:55:35.229   336   336 D ADB_SERVICES:  closing because is_eof=1 r=1 s->fde.force_eof=0
06-14 14:55:35.229   336   336 W ADB_SERVICES: entered. LS(30246) fd=26
06-14 14:55:35.232   336   336 D ADB_SERVICES:  closing because is_eof=1 r=1 s->fde.force_eof=0
06-14 14:55:35.232   336   336 W ADB_SERVICES: entered. LS(30247) fd=27
06-14 14:55:35.234 32355 32419 D MLog    : org.eclipse.paho.client.mqttv3.internal.ClientState::notifyReceivedBytes -> 630 inserts:1 1 
06-14 14:55:35.235 32355 32419 D MLog    : org.eclipse.paho.client.mqttv3.internal.wire.MqttInputStream::readMqttWireMessage -> 501 inserts:1 PINGRESP msgId 0 
06-14 14:55:35.236 32355 32419 D MLog    : org.eclipse.paho.client.mqttv3.internal.ClientState::notifyReceivedAck -> 627 inserts:2 0 PINGRESP msgId 0 
06-14 14:55:35.236 32355 32419 D MLog    : org.eclipse.paho.client.mqttv3.internal.Token::markComplete -> 404 inserts:3 Ping PINGRESP msgId 0 [null] 
06-14 14:55:35.237 32355 32419 D MLog    : org.eclipse.paho.client.mqttv3.internal.Token::notifyComplete -> 404 inserts:3 Ping PINGRESP msgId 0 [null] 
06-14 14:55:35.237 32355 32419 D MLog    : org.eclipse.paho.client.mqttv3.internal.ClientState::notifyResult -> 648 inserts:3 Ping PINGRESP msgId 0 [null] 
06-14 14:55:35.237 32355 32419 D MLog    : org.eclipse.paho.client.mqttv3.internal.CommsCallback::asyncOperationComplete -> 715 inserts:1 Ping 
06-14 14:55:35.238 32355 32419 D MLog    : org.eclipse.paho.client.mqttv3.internal.CommsTokenStore::removeToken -> 306 inserts:1 Ping 
06-14 14:55:35.239 32355 32419 D MLog    : org.eclipse.paho.client.mqttv3.internal.ClientState::notifyReceivedAck -> 636 inserts:1 0 
06-14 14:55:35.239 32355 32421 D MLog    : org.eclipse.paho.client.mqttv3.internal.CommsCallback::handleActionComplete -> 705 inserts:1 Ping 
06-14 14:55:35.240 32355 32421 D MLog    : org.eclipse.paho.client.mqttv3.internal.ClientState::notifyComplete -> 629 inserts:3 0 org.eclipse.paho.client.mqttv3.MqttToken@29ea2937 PINGRESP msgId 0 
06-14 14:55:35.241 32355 32421 D MLog    : org.eclipse.paho.client.mqttv3.internal.Token::notifyComplete -> 404 inserts:3 Ping PINGRESP msgId 0 [null] 
06-14 14:55:35.241 32355 32421 D MLog    : org.eclipse.paho.client.mqttv3.internal.CommsCallback::fireActionEvent -> 716 inserts:1 Ping 
06-14 14:55:35.242 32355 32421 D AlarmPingSender: Success. Release lock(MqttService.client.17241a5a-51a1-401d-bc08-4c3708f8458a):1497423335242
06-14 14:55:35.244   336   336 W ADB_SERVICES: create_local_service_socket() name=shell:cat /proc/stat
06-14 14:55:35.244   336   336 W ADB_SERVICES: service_to_fd() name=shell:cat /proc/stat
06-14 14:55:35.244   336   336 W ADB_SERVICES: read_meminfo() mem_free=55288
06-14 14:55:35.244   336   336 W ADB_SERVICES: create_subproc ret_fd=26 pid=32589
06-14 14:55:35.244   336   336 W ADB_SERVICES: LS(30248): bound to 'shell:cat /proc/stat' via 26
06-14 14:55:35.246 32355 32421 D MLog    : org.eclipse.paho.client.mqttv3.internal.CommsCallback::run -> 706
06-14 14:55:35.247 32589 32589 W ADB_SERVICES: adb: unable to update oom_score_adj
06-14 14:55:35.248   336   336 W ADB_SERVICES: create_local_service_socket() name=shell:cat /proc/stat
06-14 14:55:35.248   336   336 W ADB_SERVICES: service_to_fd() name=shell:cat /proc/stat
06-14 14:55:35.248   336   336 W ADB_SERVICES: read_meminfo() mem_free=55288
06-14 14:55:35.248   336   336 W ADB_SERVICES: create_subproc ret_fd=27 pid=32590
06-14 14:55:35.248   336   336 W ADB_SERVICES: LS(30249): bound to 'shell:cat /proc/stat' via 27
06-14 14:55:35.253 32590 32590 W ADB_SERVICES: adb: unable to update oom_score_adj
06-14 14:55:35.257 32355 32421 D MLog    : org.eclipse.paho.client.mqttv3.internal.CommsCallback::run -> 704
06-14 14:55:35.263   336   336 D ADB_SERVICES:  closing because is_eof=1 r=1 s->fde.force_eof=0
06-14 14:55:35.264   336   336 W ADB_SERVICES: entered. LS(30248) fd=26
06-14 14:55:35.265 32355 32419 D MLog    : org.eclipse.paho.client.mqttv3.internal.CommsReceiver::run -> 852
06-14 14:55:35.267   336   336 D ADB_SERVICES:  closing because is_eof=1 r=-1 s->fde.force_eof=0
06-14 14:55:35.267   336   336 W ADB_SERVICES: entered. LS(30249) fd=27
06-14 14:55:35.269 32355 32355 D MLog    : org.eclipse.paho.client.mqttv3.internal.ClientState::checkForActivity -> 624 inserts:1 10000 
06-14 14:55:35.269 32355 32355 D AlarmPingSender: Schedule next alarm at 1497423345269
06-14 14:55:35.270   874  1891 V AlarmManager: APP set(PendingIntent{2e630ac9: PendingIntentRecord{7f56fb1 com.meitu.mtsdk broadcastIntent}}) : type=0 triggerAtTime=1497423345269 win=0 tElapsed=12646931 maxElapsed=12646931 interval=0 standalone=true
06-14 14:55:35.271   874  1891 D AlarmManager: set alarm to RTC 2-12646931-14:55:45
06-14 14:55:35.272   874  1082 I libPerfService: perfSetFavorPid - pid:32424, 7ea8
